2026-08-18 06:36:24 1787034984.228388 [tornettools] [INFO] Logging system initialized! Logging events to stdout and to '/tmp/sim-results/plots/tornettools.plot.2026-08-18.06.36.24.log'
2026-08-18 06:36:24 1787034984.228527 [tornettools] [INFO] Seeded standard and numpy PRNGs with seed=1737993646
2026-08-18 06:36:24 1787034984.228596 [tornettools] [INFO] The argument namespace is: Namespace(do_version=False, quiet=0, seed=1737993646, command='plot', tornet_collection_path=['/tmp/sim-results', '/__w/benchmark/benchmark/results/tor/2026-08-13-T05-27-18', '/__w/benchmark/benchmark/results/tor/2026-08-15-T04-37-06', '/__w/benchmark/benchmark/results/tor/2024-01-01-T02-18-28'], tor_metrics_path=None, prefix='/tmp/sim-results/plots', labels=['2026-08-18-T04-26-02 (Nightly benchmark)', '2026-08-13-T05-27-18 (Nightly benchmark)', '2026-08-15-T04-37-06 (Weekly benchmark)', '2024-01-01-T02-18-28 (v3.1.0)'], colors=None, plot_all=False, plot_pngs=True, func=<function plot at 0x152d9cb53880>, formatter_class=<class '__main__.CustomHelpFormatter'>)
2026-08-18 06:36:24 1787034984.230241 [tornettools] [INFO] The platform is: Linux-6.12.86+deb13-amd64-x86_64-with-glibc2.36
2026-08-18 06:36:24 1787034984.230334 [tornettools] [INFO] System info: uname_result(system='Linux', node='6b46a3723b29', release='6.12.86+deb13-amd64', version='#1 SMP PREEMPT_DYNAMIC Debian 6.12.86-1 (2026-05-08)', machine='x86_64')
2026-08-18 06:36:24 1787034984.507229 [tornettools] [INFO] generated new fontManager
2026-08-18 06:36:25 1787034985.417822 [tornettools] [INFO] Plotting simulation results now
2026-08-18 06:36:25 1787034985.418195 [tornettools] [INFO] Plotting tornet comparisons
2026-08-18 06:36:25 1787034985.418265 [tornettools] [INFO] Loading tornet resource usage data
2026-08-18 06:36:25 1787034985.418437 [tornettools] [INFO] Searching for files containing resource_usage.json in directory tree at /tmp/sim-results
2026-08-18 06:36:25 1787034985.418771 [tornettools] [INFO] Found /tmp/sim-results/tornet-0.15-1/tornet.plot.data/resource_usage.json
2026-08-18 06:36:25 1787034985.597852 [tornettools] [INFO] Found 1 total files
2026-08-18 06:36:25 1787034985.598488 [tornettools] [INFO] Searching for files containing resource_usage.json in directory tree at /__w/benchmark/benchmark/results/tor/2026-08-13-T05-27-18
2026-08-18 06:36:25 1787034985.598679 [tornettools] [INFO] Found /__w/benchmark/benchmark/results/tor/2026-08-13-T05-27-18/tornet-0.15-1/tornet.plot.data/resource_usage.json
2026-08-18 06:36:25 1787034985.598723 [tornettools] [INFO] Found 1 total files
2026-08-18 06:36:25 1787034985.599184 [tornettools] [INFO] Searching for files containing resource_usage.json in directory tree at /__w/benchmark/benchmark/results/tor/2026-08-15-T04-37-06
2026-08-18 06:36:25 1787034985.599304 [tornettools] [INFO] Found /__w/benchmark/benchmark/results/tor/2026-08-15-T04-37-06/tornet-0.15-2/tornet.plot.data/resource_usage.json
2026-08-18 06:36:25 1787034985.599384 [tornettools] [INFO] Found /__w/benchmark/benchmark/results/tor/2026-08-15-T04-37-06/tornet-0.15-3/tornet.plot.data/resource_usage.json
2026-08-18 06:36:25 1787034985.599490 [tornettools] [INFO] Found /__w/benchmark/benchmark/results/tor/2026-08-15-T04-37-06/tornet-0.15-1/tornet.plot.data/resource_usage.json
2026-08-18 06:36:25 1787034985.599527 [tornettools] [INFO] Found 3 total files
2026-08-18 06:36:25 1787034985.600862 [tornettools] [INFO] Searching for files containing resource_usage.json in directory tree at /__w/benchmark/benchmark/results/tor/2024-01-01-T02-18-28
2026-08-18 06:36:25 1787034985.601008 [tornettools] [INFO] Found /__w/benchmark/benchmark/results/tor/2024-01-01-T02-18-28/tornet-0.15-2/tornet.plot.data/resource_usage.json
2026-08-18 06:36:25 1787034985.601083 [tornettools] [INFO] Found /__w/benchmark/benchmark/results/tor/2024-01-01-T02-18-28/tornet-0.15-3/tornet.plot.data/resource_usage.json
2026-08-18 06:36:25 1787034985.601207 [tornettools] [INFO] Found /__w/benchmark/benchmark/results/tor/2024-01-01-T02-18-28/tornet-0.15-4/tornet.plot.data/resource_usage.json
2026-08-18 06:36:25 1787034985.601286 [tornettools] [INFO] Found /__w/benchmark/benchmark/results/tor/2024-01-01-T02-18-28/tornet-0.15-1/tornet.plot.data/resource_usage.json
2026-08-18 06:36:25 1787034985.601368 [tornettools] [INFO] Found /__w/benchmark/benchmark/results/tor/2024-01-01-T02-18-28/tornet-0.15-5/tornet.plot.data/resource_usage.json
2026-08-18 06:36:25 1787034985.601404 [tornettools] [INFO] Found 5 total files
2026-08-18 06:36:26 1787034986.905369 [tornettools] [INFO] Loading Tor metrics data
2026-08-18 06:36:26 1787034986.905528 [tornettools] [INFO] Loading tornet relay goodput data
2026-08-18 06:36:26 1787034986.905582 [tornettools] [INFO] Searching for files containing relay_goodput.json in directory tree at /tmp/sim-results
2026-08-18 06:36:26 1787034986.905949 [tornettools] [INFO] Found /tmp/sim-results/tornet-0.15-1/tornet.plot.data/relay_goodput.json
2026-08-18 06:36:27 1787034987.085049 [tornettools] [INFO] Found 1 total files
2026-08-18 06:36:27 1787034987.085455 [tornettools] [INFO] Searching for files containing relay_goodput.json in directory tree at /__w/benchmark/benchmark/results/tor/2026-08-13-T05-27-18
2026-08-18 06:36:27 1787034987.085641 [tornettools] [INFO] Found /__w/benchmark/benchmark/results/tor/2026-08-13-T05-27-18/tornet-0.15-1/tornet.plot.data/relay_goodput.json
2026-08-18 06:36:27 1787034987.085682 [tornettools] [INFO] Found 1 total files
2026-08-18 06:36:27 1787034987.085908 [tornettools] [INFO] Searching for files containing relay_goodput.json in directory tree at /__w/benchmark/benchmark/results/tor/2026-08-15-T04-37-06
2026-08-18 06:36:27 1787034987.086015 [tornettools] [INFO] Found /__w/benchmark/benchmark/results/tor/2026-08-15-T04-37-06/tornet-0.15-2/tornet.plot.data/relay_goodput.json
2026-08-18 06:36:27 1787034987.086092 [tornettools] [INFO] Found /__w/benchmark/benchmark/results/tor/2026-08-15-T04-37-06/tornet-0.15-3/tornet.plot.data/relay_goodput.json
2026-08-18 06:36:27 1787034987.086197 [tornettools] [INFO] Found /__w/benchmark/benchmark/results/tor/2026-08-15-T04-37-06/tornet-0.15-1/tornet.plot.data/relay_goodput.json
2026-08-18 06:36:27 1787034987.086230 [tornettools] [INFO] Found 3 total files
2026-08-18 06:36:27 1787034987.086731 [tornettools] [INFO] Searching for files containing relay_goodput.json in directory tree at /__w/benchmark/benchmark/results/tor/2024-01-01-T02-18-28
2026-08-18 06:36:27 1787034987.086852 [tornettools] [INFO] Found /__w/benchmark/benchmark/results/tor/2024-01-01-T02-18-28/tornet-0.15-2/tornet.plot.data/relay_goodput.json
2026-08-18 06:36:27 1787034987.086927 [tornettools] [INFO] Found /__w/benchmark/benchmark/results/tor/2024-01-01-T02-18-28/tornet-0.15-3/tornet.plot.data/relay_goodput.json
2026-08-18 06:36:27 1787034987.087036 [tornettools] [INFO] Found /__w/benchmark/benchmark/results/tor/2024-01-01-T02-18-28/tornet-0.15-4/tornet.plot.data/relay_goodput.json
2026-08-18 06:36:27 1787034987.087107 [tornettools] [INFO] Found /__w/benchmark/benchmark/results/tor/2024-01-01-T02-18-28/tornet-0.15-1/tornet.plot.data/relay_goodput.json
2026-08-18 06:36:27 1787034987.087176 [tornettools] [INFO] Found /__w/benchmark/benchmark/results/tor/2024-01-01-T02-18-28/tornet-0.15-5/tornet.plot.data/relay_goodput.json
2026-08-18 06:36:27 1787034987.087209 [tornettools] [INFO] Found 5 total files
2026-08-18 06:36:27 1787034987.088610 [tornettools] [INFO] Searching for files containing simulation_info.json in directory tree at /tmp/sim-results
2026-08-18 06:36:27 1787034987.088964 [tornettools] [INFO] Found /tmp/sim-results/tornet-0.15-1/tornet.plot.data/simulation_info.json
2026-08-18 06:36:27 1787034987.253161 [tornettools] [INFO] Found 1 total files
2026-08-18 06:36:27 1787034987.253352 [tornettools] [INFO] Searching for files containing simulation_info.json in directory tree at /__w/benchmark/benchmark/results/tor/2026-08-13-T05-27-18
2026-08-18 06:36:27 1787034987.253479 [tornettools] [INFO] Found /__w/benchmark/benchmark/results/tor/2026-08-13-T05-27-18/tornet-0.15-1/tornet.plot.data/simulation_info.json
2026-08-18 06:36:27 1787034987.253513 [tornettools] [INFO] Found 1 total files
2026-08-18 06:36:27 1787034987.253586 [tornettools] [INFO] Searching for files containing simulation_info.json in directory tree at /__w/benchmark/benchmark/results/tor/2026-08-15-T04-37-06
2026-08-18 06:36:27 1787034987.253665 [tornettools] [INFO] Found /__w/benchmark/benchmark/results/tor/2026-08-15-T04-37-06/tornet-0.15-2/tornet.plot.data/simulation_info.json
2026-08-18 06:36:27 1787034987.253727 [tornettools] [INFO] Found /__w/benchmark/benchmark/results/tor/2026-08-15-T04-37-06/tornet-0.15-3/tornet.plot.data/simulation_info.json
2026-08-18 06:36:27 1787034987.253816 [tornettools] [INFO] Found /__w/benchmark/benchmark/results/tor/2026-08-15-T04-37-06/tornet-0.15-1/tornet.plot.data/simulation_info.json
2026-08-18 06:36:27 1787034987.253851 [tornettools] [INFO] Found 3 total files
2026-08-18 06:36:27 1787034987.253953 [tornettools] [INFO] Searching for files containing simulation_info.json in directory tree at /__w/benchmark/benchmark/results/tor/2024-01-01-T02-18-28
2026-08-18 06:36:27 1787034987.254035 [tornettools] [INFO] Found /__w/benchmark/benchmark/results/tor/2024-01-01-T02-18-28/tornet-0.15-2/tornet.plot.data/simulation_info.json
2026-08-18 06:36:27 1787034987.254095 [tornettools] [INFO] Found /__w/benchmark/benchmark/results/tor/2024-01-01-T02-18-28/tornet-0.15-3/tornet.plot.data/simulation_info.json
2026-08-18 06:36:27 1787034987.254186 [tornettools] [INFO] Found /__w/benchmark/benchmark/results/tor/2024-01-01-T02-18-28/tornet-0.15-4/tornet.plot.data/simulation_info.json
2026-08-18 06:36:27 1787034987.254244 [tornettools] [INFO] Found /__w/benchmark/benchmark/results/tor/2024-01-01-T02-18-28/tornet-0.15-1/tornet.plot.data/simulation_info.json
2026-08-18 06:36:27 1787034987.254303 [tornettools] [INFO] Found /__w/benchmark/benchmark/results/tor/2024-01-01-T02-18-28/tornet-0.15-5/tornet.plot.data/simulation_info.json
2026-08-18 06:36:27 1787034987.254334 [tornettools] [INFO] Found 5 total files
2026-08-18 06:36:27 1787034987.254476 [tornettools] [INFO] Found simulated network scale 0.15
2026-08-18 06:36:27 1787034987.254516 [tornettools] [INFO] Plotting relay goodput
