2026-08-19 06:38:06 1787121486.793200 [tornettools] [INFO] Logging system initialized! Logging events to stdout and to '/tmp/sim-results/plots/tornettools.plot.2026-08-19.06.38.06.log'
2026-08-19 06:38:06 1787121486.793382 [tornettools] [INFO] Seeded standard and numpy PRNGs with seed=166929918
2026-08-19 06:38:06 1787121486.793462 [tornettools] [INFO] The argument namespace is: Namespace(do_version=False, quiet=0, seed=166929918, command='plot', tornet_collection_path=['/tmp/sim-results', '/__w/benchmark/benchmark/results/tor/2026-08-18-T04-26-02', '/__w/benchmark/benchmark/results/tor/2026-08-15-T04-37-06', '/__w/benchmark/benchmark/results/tor/2024-01-01-T02-18-28'], tor_metrics_path=None, prefix='/tmp/sim-results/plots', labels=['2026-08-19-T04-28-26 (Nightly benchmark)', '2026-08-18-T04-26-02 (Nightly benchmark)', '2026-08-15-T04-37-06 (Weekly benchmark)', '2024-01-01-T02-18-28 (v3.1.0)'], colors=None, plot_all=False, plot_pngs=True, func=<function plot at 0x14cdba1d7880>, formatter_class=<class '__main__.CustomHelpFormatter'>)
2026-08-19 06:38:06 1787121486.795501 [tornettools] [INFO] The platform is: Linux-6.12.86+deb13-amd64-x86_64-with-glibc2.36
2026-08-19 06:38:06 1787121486.795602 [tornettools] [INFO] System info: uname_result(system='Linux', node='912bb8675d32', release='6.12.86+deb13-amd64', version='#1 SMP PREEMPT_DYNAMIC Debian 6.12.86-1 (2026-05-08)', machine='x86_64')
2026-08-19 06:38:07 1787121487.068122 [tornettools] [INFO] generated new fontManager
2026-08-19 06:38:08 1787121488.002514 [tornettools] [INFO] Plotting simulation results now
2026-08-19 06:38:08 1787121488.002992 [tornettools] [INFO] Plotting tornet comparisons
2026-08-19 06:38:08 1787121488.003073 [tornettools] [INFO] Loading tornet resource usage data
2026-08-19 06:38:08 1787121488.003124 [tornettools] [INFO] Searching for files containing resource_usage.json in directory tree at /tmp/sim-results
2026-08-19 06:38:08 1787121488.003476 [tornettools] [INFO] Found /tmp/sim-results/tornet-0.15-1/tornet.plot.data/resource_usage.json
2026-08-19 06:38:08 1787121488.176839 [tornettools] [INFO] Found 1 total files
2026-08-19 06:38:08 1787121488.177482 [tornettools] [INFO] Searching for files containing resource_usage.json in directory tree at /__w/benchmark/benchmark/results/tor/2026-08-18-T04-26-02
2026-08-19 06:38:08 1787121488.177694 [tornettools] [INFO] Found /__w/benchmark/benchmark/results/tor/2026-08-18-T04-26-02/tornet-0.15-1/tornet.plot.data/resource_usage.json
2026-08-19 06:38:08 1787121488.177743 [tornettools] [INFO] Found 1 total files
2026-08-19 06:38:08 1787121488.178259 [tornettools] [INFO] Searching for files containing resource_usage.json in directory tree at /__w/benchmark/benchmark/results/tor/2026-08-15-T04-37-06
2026-08-19 06:38:08 1787121488.178393 [tornettools] [INFO] Found /__w/benchmark/benchmark/results/tor/2026-08-15-T04-37-06/tornet-0.15-2/tornet.plot.data/resource_usage.json
2026-08-19 06:38:08 1787121488.178476 [tornettools] [INFO] Found /__w/benchmark/benchmark/results/tor/2026-08-15-T04-37-06/tornet-0.15-3/tornet.plot.data/resource_usage.json
2026-08-19 06:38:08 1787121488.178581 [tornettools] [INFO] Found /__w/benchmark/benchmark/results/tor/2026-08-15-T04-37-06/tornet-0.15-1/tornet.plot.data/resource_usage.json
2026-08-19 06:38:08 1787121488.178618 [tornettools] [INFO] Found 3 total files
2026-08-19 06:38:08 1787121488.180019 [tornettools] [INFO] Searching for files containing resource_usage.json in directory tree at /__w/benchmark/benchmark/results/tor/2024-01-01-T02-18-28
2026-08-19 06:38:08 1787121488.180176 [tornettools] [INFO] Found /__w/benchmark/benchmark/results/tor/2024-01-01-T02-18-28/tornet-0.15-2/tornet.plot.data/resource_usage.json
2026-08-19 06:38:08 1787121488.180268 [tornettools] [INFO] Found /__w/benchmark/benchmark/results/tor/2024-01-01-T02-18-28/tornet-0.15-3/tornet.plot.data/resource_usage.json
2026-08-19 06:38:08 1787121488.180379 [tornettools] [INFO] Found /__w/benchmark/benchmark/results/tor/2024-01-01-T02-18-28/tornet-0.15-4/tornet.plot.data/resource_usage.json
2026-08-19 06:38:08 1787121488.180452 [tornettools] [INFO] Found /__w/benchmark/benchmark/results/tor/2024-01-01-T02-18-28/tornet-0.15-1/tornet.plot.data/resource_usage.json
2026-08-19 06:38:08 1787121488.180561 [tornettools] [INFO] Found /__w/benchmark/benchmark/results/tor/2024-01-01-T02-18-28/tornet-0.15-5/tornet.plot.data/resource_usage.json
2026-08-19 06:38:08 1787121488.180601 [tornettools] [INFO] Found 5 total files
2026-08-19 06:38:09 1787121489.472441 [tornettools] [INFO] Loading Tor metrics data
2026-08-19 06:38:09 1787121489.472586 [tornettools] [INFO] Loading tornet relay goodput data
2026-08-19 06:38:09 1787121489.472629 [tornettools] [INFO] Searching for files containing relay_goodput.json in directory tree at /tmp/sim-results
2026-08-19 06:38:09 1787121489.472987 [tornettools] [INFO] Found /tmp/sim-results/tornet-0.15-1/tornet.plot.data/relay_goodput.json
2026-08-19 06:38:09 1787121489.644305 [tornettools] [INFO] Found 1 total files
2026-08-19 06:38:09 1787121489.644660 [tornettools] [INFO] Searching for files containing relay_goodput.json in directory tree at /__w/benchmark/benchmark/results/tor/2026-08-18-T04-26-02
2026-08-19 06:38:09 1787121489.644839 [tornettools] [INFO] Found /__w/benchmark/benchmark/results/tor/2026-08-18-T04-26-02/tornet-0.15-1/tornet.plot.data/relay_goodput.json
2026-08-19 06:38:09 1787121489.644881 [tornettools] [INFO] Found 1 total files
2026-08-19 06:38:09 1787121489.645080 [tornettools] [INFO] Searching for files containing relay_goodput.json in directory tree at /__w/benchmark/benchmark/results/tor/2026-08-15-T04-37-06
2026-08-19 06:38:09 1787121489.645207 [tornettools] [INFO] Found /__w/benchmark/benchmark/results/tor/2026-08-15-T04-37-06/tornet-0.15-2/tornet.plot.data/relay_goodput.json
2026-08-19 06:38:09 1787121489.645308 [tornettools] [INFO] Found /__w/benchmark/benchmark/results/tor/2026-08-15-T04-37-06/tornet-0.15-3/tornet.plot.data/relay_goodput.json
2026-08-19 06:38:09 1787121489.645414 [tornettools] [INFO] Found /__w/benchmark/benchmark/results/tor/2026-08-15-T04-37-06/tornet-0.15-1/tornet.plot.data/relay_goodput.json
2026-08-19 06:38:09 1787121489.645447 [tornettools] [INFO] Found 3 total files
2026-08-19 06:38:09 1787121489.646036 [tornettools] [INFO] Searching for files containing relay_goodput.json in directory tree at /__w/benchmark/benchmark/results/tor/2024-01-01-T02-18-28
2026-08-19 06:38:09 1787121489.646186 [tornettools] [INFO] Found /__w/benchmark/benchmark/results/tor/2024-01-01-T02-18-28/tornet-0.15-2/tornet.plot.data/relay_goodput.json
2026-08-19 06:38:09 1787121489.646267 [tornettools] [INFO] Found /__w/benchmark/benchmark/results/tor/2024-01-01-T02-18-28/tornet-0.15-3/tornet.plot.data/relay_goodput.json
2026-08-19 06:38:09 1787121489.646380 [tornettools] [INFO] Found /__w/benchmark/benchmark/results/tor/2024-01-01-T02-18-28/tornet-0.15-4/tornet.plot.data/relay_goodput.json
2026-08-19 06:38:09 1787121489.646448 [tornettools] [INFO] Found /__w/benchmark/benchmark/results/tor/2024-01-01-T02-18-28/tornet-0.15-1/tornet.plot.data/relay_goodput.json
2026-08-19 06:38:09 1787121489.646529 [tornettools] [INFO] Found /__w/benchmark/benchmark/results/tor/2024-01-01-T02-18-28/tornet-0.15-5/tornet.plot.data/relay_goodput.json
2026-08-19 06:38:09 1787121489.646576 [tornettools] [INFO] Found 5 total files
2026-08-19 06:38:09 1787121489.647906 [tornettools] [INFO] Searching for files containing simulation_info.json in directory tree at /tmp/sim-results
2026-08-19 06:38:09 1787121489.648242 [tornettools] [INFO] Found /tmp/sim-results/tornet-0.15-1/tornet.plot.data/simulation_info.json
2026-08-19 06:38:09 1787121489.792683 [tornettools] [INFO] Found 1 total files
2026-08-19 06:38:09 1787121489.792793 [tornettools] [INFO] Searching for files containing simulation_info.json in directory tree at /__w/benchmark/benchmark/results/tor/2026-08-18-T04-26-02
2026-08-19 06:38:09 1787121489.792907 [tornettools] [INFO] Found /__w/benchmark/benchmark/results/tor/2026-08-18-T04-26-02/tornet-0.15-1/tornet.plot.data/simulation_info.json
2026-08-19 06:38:09 1787121489.792941 [tornettools] [INFO] Found 1 total files
2026-08-19 06:38:09 1787121489.793009 [tornettools] [INFO] Searching for files containing simulation_info.json in directory tree at /__w/benchmark/benchmark/results/tor/2026-08-15-T04-37-06
2026-08-19 06:38:09 1787121489.793087 [tornettools] [INFO] Found /__w/benchmark/benchmark/results/tor/2026-08-15-T04-37-06/tornet-0.15-2/tornet.plot.data/simulation_info.json
2026-08-19 06:38:09 1787121489.793167 [tornettools] [INFO] Found /__w/benchmark/benchmark/results/tor/2026-08-15-T04-37-06/tornet-0.15-3/tornet.plot.data/simulation_info.json
2026-08-19 06:38:09 1787121489.793798 [tornettools] [INFO] Found /__w/benchmark/benchmark/results/tor/2026-08-15-T04-37-06/tornet-0.15-1/tornet.plot.data/simulation_info.json
2026-08-19 06:38:09 1787121489.793857 [tornettools] [INFO] Found 3 total files
2026-08-19 06:38:09 1787121489.794002 [tornettools] [INFO] Searching for files containing simulation_info.json in directory tree at /__w/benchmark/benchmark/results/tor/2024-01-01-T02-18-28
2026-08-19 06:38:09 1787121489.794095 [tornettools] [INFO] Found /__w/benchmark/benchmark/results/tor/2024-01-01-T02-18-28/tornet-0.15-2/tornet.plot.data/simulation_info.json
2026-08-19 06:38:09 1787121489.794166 [tornettools] [INFO] Found /__w/benchmark/benchmark/results/tor/2024-01-01-T02-18-28/tornet-0.15-3/tornet.plot.data/simulation_info.json
2026-08-19 06:38:09 1787121489.794270 [tornettools] [INFO] Found /__w/benchmark/benchmark/results/tor/2024-01-01-T02-18-28/tornet-0.15-4/tornet.plot.data/simulation_info.json
2026-08-19 06:38:09 1787121489.794332 [tornettools] [INFO] Found /__w/benchmark/benchmark/results/tor/2024-01-01-T02-18-28/tornet-0.15-1/tornet.plot.data/simulation_info.json
2026-08-19 06:38:09 1787121489.794400 [tornettools] [INFO] Found /__w/benchmark/benchmark/results/tor/2024-01-01-T02-18-28/tornet-0.15-5/tornet.plot.data/simulation_info.json
2026-08-19 06:38:09 1787121489.794438 [tornettools] [INFO] Found 5 total files
2026-08-19 06:38:09 1787121489.794614 [tornettools] [INFO] Found simulated network scale 0.15
2026-08-19 06:38:09 1787121489.794656 [tornettools] [INFO] Plotting relay goodput
