2026-09-24 11:03:50 1790247830.340989 [tornettools] [INFO] Logging system initialized! Logging events to stdout and to '/tmp/sim-results/plots/tornettools.plot.2026-09-24.11.03.50.log'
2026-09-24 11:03:50 1790247830.341159 [tornettools] [INFO] Seeded standard and numpy PRNGs with seed=1269389645
2026-09-24 11:03:50 1790247830.341260 [tornettools] [INFO] The argument namespace is: Namespace(do_version=False, quiet=0, seed=1269389645, command='plot', tornet_collection_path=['/tmp/sim-results', '/__w/benchmark/benchmark/results/tor/2026-09-23-T08-57-21', '/__w/benchmark/benchmark/results/tor/2026-09-19-T08-42-45', '/__w/benchmark/benchmark/results/tor/2024-01-01-T02-18-28'], tor_metrics_path=None, prefix='/tmp/sim-results/plots', labels=['2026-09-24-T08-52-54 (Nightly benchmark)', '2026-09-23-T08-57-21 (Nightly benchmark)', '2026-09-19-T08-42-45 (Weekly benchmark)', '2024-01-01-T02-18-28 (v3.1.0)'], colors=None, plot_all=False, plot_pngs=True, func=<function plot at 0x1537c12bf880>, formatter_class=<class '__main__.CustomHelpFormatter'>)
2026-09-24 11:03:50 1790247830.343272 [tornettools] [INFO] The platform is: Linux-6.12.86+deb13-amd64-x86_64-with-glibc2.36
2026-09-24 11:03:50 1790247830.343375 [tornettools] [INFO] System info: uname_result(system='Linux', node='2b14d7240bfe', release='6.12.86+deb13-amd64', version='#1 SMP PREEMPT_DYNAMIC Debian 6.12.86-1 (2026-05-08)', machine='x86_64')
2026-09-24 11:03:50 1790247830.620935 [tornettools] [INFO] generated new fontManager
2026-09-24 11:03:51 1790247831.523971 [tornettools] [INFO] Plotting simulation results now
2026-09-24 11:03:51 1790247831.524339 [tornettools] [INFO] Plotting tornet comparisons
2026-09-24 11:03:51 1790247831.524410 [tornettools] [INFO] Loading tornet resource usage data
2026-09-24 11:03:51 1790247831.524453 [tornettools] [INFO] Searching for files containing resource_usage.json in directory tree at /tmp/sim-results
2026-09-24 11:03:51 1790247831.524754 [tornettools] [INFO] Found /tmp/sim-results/tornet-0.15-1/tornet.plot.data/resource_usage.json
2026-09-24 11:03:51 1790247831.697422 [tornettools] [INFO] Found 1 total files
2026-09-24 11:03:51 1790247831.698006 [tornettools] [INFO] Searching for files containing resource_usage.json in directory tree at /__w/benchmark/benchmark/results/tor/2026-09-23-T08-57-21
2026-09-24 11:03:51 1790247831.698182 [tornettools] [INFO] Found /__w/benchmark/benchmark/results/tor/2026-09-23-T08-57-21/tornet-0.15-1/tornet.plot.data/resource_usage.json
2026-09-24 11:03:51 1790247831.698227 [tornettools] [INFO] Found 1 total files
2026-09-24 11:03:51 1790247831.698678 [tornettools] [INFO] Searching for files containing resource_usage.json in directory tree at /__w/benchmark/benchmark/results/tor/2026-09-19-T08-42-45
2026-09-24 11:03:51 1790247831.698789 [tornettools] [INFO] Found /__w/benchmark/benchmark/results/tor/2026-09-19-T08-42-45/tornet-0.15-2/tornet.plot.data/resource_usage.json
2026-09-24 11:03:51 1790247831.698865 [tornettools] [INFO] Found /__w/benchmark/benchmark/results/tor/2026-09-19-T08-42-45/tornet-0.15-3/tornet.plot.data/resource_usage.json
2026-09-24 11:03:51 1790247831.698967 [tornettools] [INFO] Found /__w/benchmark/benchmark/results/tor/2026-09-19-T08-42-45/tornet-0.15-1/tornet.plot.data/resource_usage.json
2026-09-24 11:03:51 1790247831.699005 [tornettools] [INFO] Found 3 total files
2026-09-24 11:03:51 1790247831.700306 [tornettools] [INFO] Searching for files containing resource_usage.json in directory tree at /__w/benchmark/benchmark/results/tor/2024-01-01-T02-18-28
2026-09-24 11:03:51 1790247831.700449 [tornettools] [INFO] Found /__w/benchmark/benchmark/results/tor/2024-01-01-T02-18-28/tornet-0.15-2/tornet.plot.data/resource_usage.json
2026-09-24 11:03:51 1790247831.700531 [tornettools] [INFO] Found /__w/benchmark/benchmark/results/tor/2024-01-01-T02-18-28/tornet-0.15-3/tornet.plot.data/resource_usage.json
2026-09-24 11:03:51 1790247831.700644 [tornettools] [INFO] Found /__w/benchmark/benchmark/results/tor/2024-01-01-T02-18-28/tornet-0.15-4/tornet.plot.data/resource_usage.json
2026-09-24 11:03:51 1790247831.700714 [tornettools] [INFO] Found /__w/benchmark/benchmark/results/tor/2024-01-01-T02-18-28/tornet-0.15-1/tornet.plot.data/resource_usage.json
2026-09-24 11:03:51 1790247831.700797 [tornettools] [INFO] Found /__w/benchmark/benchmark/results/tor/2024-01-01-T02-18-28/tornet-0.15-5/tornet.plot.data/resource_usage.json
2026-09-24 11:03:51 1790247831.700835 [tornettools] [INFO] Found 5 total files
2026-09-24 11:03:53 1790247833.015848 [tornettools] [INFO] Loading Tor metrics data
2026-09-24 11:03:53 1790247833.015999 [tornettools] [INFO] Loading tornet relay goodput data
2026-09-24 11:03:53 1790247833.016051 [tornettools] [INFO] Searching for files containing relay_goodput.json in directory tree at /tmp/sim-results
2026-09-24 11:03:53 1790247833.016395 [tornettools] [INFO] Found /tmp/sim-results/tornet-0.15-1/tornet.plot.data/relay_goodput.json
2026-09-24 11:03:53 1790247833.186567 [tornettools] [INFO] Found 1 total files
2026-09-24 11:03:53 1790247833.186950 [tornettools] [INFO] Searching for files containing relay_goodput.json in directory tree at /__w/benchmark/benchmark/results/tor/2026-09-23-T08-57-21
2026-09-24 11:03:53 1790247833.187124 [tornettools] [INFO] Found /__w/benchmark/benchmark/results/tor/2026-09-23-T08-57-21/tornet-0.15-1/tornet.plot.data/relay_goodput.json
2026-09-24 11:03:53 1790247833.187166 [tornettools] [INFO] Found 1 total files
2026-09-24 11:03:53 1790247833.187368 [tornettools] [INFO] Searching for files containing relay_goodput.json in directory tree at /__w/benchmark/benchmark/results/tor/2026-09-19-T08-42-45
2026-09-24 11:03:53 1790247833.187471 [tornettools] [INFO] Found /__w/benchmark/benchmark/results/tor/2026-09-19-T08-42-45/tornet-0.15-2/tornet.plot.data/relay_goodput.json
2026-09-24 11:03:53 1790247833.187547 [tornettools] [INFO] Found /__w/benchmark/benchmark/results/tor/2026-09-19-T08-42-45/tornet-0.15-3/tornet.plot.data/relay_goodput.json
2026-09-24 11:03:53 1790247833.187650 [tornettools] [INFO] Found /__w/benchmark/benchmark/results/tor/2026-09-19-T08-42-45/tornet-0.15-1/tornet.plot.data/relay_goodput.json
2026-09-24 11:03:53 1790247833.187683 [tornettools] [INFO] Found 3 total files
2026-09-24 11:03:53 1790247833.188179 [tornettools] [INFO] Searching for files containing relay_goodput.json in directory tree at /__w/benchmark/benchmark/results/tor/2024-01-01-T02-18-28
2026-09-24 11:03:53 1790247833.188295 [tornettools] [INFO] Found /__w/benchmark/benchmark/results/tor/2024-01-01-T02-18-28/tornet-0.15-2/tornet.plot.data/relay_goodput.json
2026-09-24 11:03:53 1790247833.188369 [tornettools] [INFO] Found /__w/benchmark/benchmark/results/tor/2024-01-01-T02-18-28/tornet-0.15-3/tornet.plot.data/relay_goodput.json
2026-09-24 11:03:53 1790247833.188477 [tornettools] [INFO] Found /__w/benchmark/benchmark/results/tor/2024-01-01-T02-18-28/tornet-0.15-4/tornet.plot.data/relay_goodput.json
2026-09-24 11:03:53 1790247833.188545 [tornettools] [INFO] Found /__w/benchmark/benchmark/results/tor/2024-01-01-T02-18-28/tornet-0.15-1/tornet.plot.data/relay_goodput.json
2026-09-24 11:03:53 1790247833.188612 [tornettools] [INFO] Found /__w/benchmark/benchmark/results/tor/2024-01-01-T02-18-28/tornet-0.15-5/tornet.plot.data/relay_goodput.json
2026-09-24 11:03:53 1790247833.188645 [tornettools] [INFO] Found 5 total files
2026-09-24 11:03:53 1790247833.189997 [tornettools] [INFO] Searching for files containing simulation_info.json in directory tree at /tmp/sim-results
2026-09-24 11:03:53 1790247833.190340 [tornettools] [INFO] Found /tmp/sim-results/tornet-0.15-1/tornet.plot.data/simulation_info.json
2026-09-24 11:03:53 1790247833.359319 [tornettools] [INFO] Found 1 total files
2026-09-24 11:03:53 1790247833.359582 [tornettools] [INFO] Searching for files containing simulation_info.json in directory tree at /__w/benchmark/benchmark/results/tor/2026-09-23-T08-57-21
2026-09-24 11:03:53 1790247833.359739 [tornettools] [INFO] Found /__w/benchmark/benchmark/results/tor/2026-09-23-T08-57-21/tornet-0.15-1/tornet.plot.data/simulation_info.json
2026-09-24 11:03:53 1790247833.359780 [tornettools] [INFO] Found 1 total files
2026-09-24 11:03:53 1790247833.359862 [tornettools] [INFO] Searching for files containing simulation_info.json in directory tree at /__w/benchmark/benchmark/results/tor/2026-09-19-T08-42-45
2026-09-24 11:03:53 1790247833.359955 [tornettools] [INFO] Found /__w/benchmark/benchmark/results/tor/2026-09-19-T08-42-45/tornet-0.15-2/tornet.plot.data/simulation_info.json
2026-09-24 11:03:53 1790247833.360025 [tornettools] [INFO] Found /__w/benchmark/benchmark/results/tor/2026-09-19-T08-42-45/tornet-0.15-3/tornet.plot.data/simulation_info.json
2026-09-24 11:03:53 1790247833.360131 [tornettools] [INFO] Found /__w/benchmark/benchmark/results/tor/2026-09-19-T08-42-45/tornet-0.15-1/tornet.plot.data/simulation_info.json
2026-09-24 11:03:53 1790247833.360171 [tornettools] [INFO] Found 3 total files
2026-09-24 11:03:53 1790247833.360279 [tornettools] [INFO] Searching for files containing simulation_info.json in directory tree at /__w/benchmark/benchmark/results/tor/2024-01-01-T02-18-28
2026-09-24 11:03:53 1790247833.360377 [tornettools] [INFO] Found /__w/benchmark/benchmark/results/tor/2024-01-01-T02-18-28/tornet-0.15-2/tornet.plot.data/simulation_info.json
2026-09-24 11:03:53 1790247833.360447 [tornettools] [INFO] Found /__w/benchmark/benchmark/results/tor/2024-01-01-T02-18-28/tornet-0.15-3/tornet.plot.data/simulation_info.json
2026-09-24 11:03:53 1790247833.360551 [tornettools] [INFO] Found /__w/benchmark/benchmark/results/tor/2024-01-01-T02-18-28/tornet-0.15-4/tornet.plot.data/simulation_info.json
2026-09-24 11:03:53 1790247833.360619 [tornettools] [INFO] Found /__w/benchmark/benchmark/results/tor/2024-01-01-T02-18-28/tornet-0.15-1/tornet.plot.data/simulation_info.json
2026-09-24 11:03:53 1790247833.360685 [tornettools] [INFO] Found /__w/benchmark/benchmark/results/tor/2024-01-01-T02-18-28/tornet-0.15-5/tornet.plot.data/simulation_info.json
2026-09-24 11:03:53 1790247833.360719 [tornettools] [INFO] Found 5 total files
2026-09-24 11:03:53 1790247833.360872 [tornettools] [INFO] Found simulated network scale 0.15
2026-09-24 11:03:53 1790247833.360918 [tornettools] [INFO] Plotting relay goodput
