2026-09-04 10:32:42 1788517962.125707 [tornettools] [INFO] Logging system initialized! Logging events to stdout and to '/tmp/sim-results/plots/tornettools.plot.2026-09-04.10.32.42.log'
2026-09-04 10:32:42 1788517962.125890 [tornettools] [INFO] Seeded standard and numpy PRNGs with seed=1169115209
2026-09-04 10:32:42 1788517962.125972 [tornettools] [INFO] The argument namespace is: Namespace(do_version=False, quiet=0, seed=1169115209, command='plot', tornet_collection_path=['/tmp/sim-results', '/__w/benchmark/benchmark/results/tor/2026-09-03-T08-25-00', '/__w/benchmark/benchmark/results/tor/2026-08-29-T10-57-34', '/__w/benchmark/benchmark/results/tor/2024-01-01-T02-18-28'], tor_metrics_path=None, prefix='/tmp/sim-results/plots', labels=['2026-09-04-T08-20-31 (Nightly benchmark)', '2026-09-03-T08-25-00 (Nightly benchmark)', '2026-08-29-T10-57-34 (Weekly benchmark)', '2024-01-01-T02-18-28 (v3.1.0)'], colors=None, plot_all=False, plot_pngs=True, func=<function plot at 0x14978f303880>, formatter_class=<class '__main__.CustomHelpFormatter'>)
2026-09-04 10:32:42 1788517962.128022 [tornettools] [INFO] The platform is: Linux-6.12.86+deb13-amd64-x86_64-with-glibc2.36
2026-09-04 10:32:42 1788517962.128133 [tornettools] [INFO] System info: uname_result(system='Linux', node='7cadc3e02ec4', release='6.12.86+deb13-amd64', version='#1 SMP PREEMPT_DYNAMIC Debian 6.12.86-1 (2026-05-08)', machine='x86_64')
2026-09-04 10:32:42 1788517962.408159 [tornettools] [INFO] generated new fontManager
2026-09-04 10:32:43 1788517963.319295 [tornettools] [INFO] Plotting simulation results now
2026-09-04 10:32:43 1788517963.319672 [tornettools] [INFO] Plotting tornet comparisons
2026-09-04 10:32:43 1788517963.319745 [tornettools] [INFO] Loading tornet resource usage data
2026-09-04 10:32:43 1788517963.319790 [tornettools] [INFO] Searching for files containing resource_usage.json in directory tree at /tmp/sim-results
2026-09-04 10:32:43 1788517963.320102 [tornettools] [INFO] Found /tmp/sim-results/tornet-0.15-1/tornet.plot.data/resource_usage.json
2026-09-04 10:32:43 1788517963.493793 [tornettools] [INFO] Found 1 total files
2026-09-04 10:32:43 1788517963.494422 [tornettools] [INFO] Searching for files containing resource_usage.json in directory tree at /__w/benchmark/benchmark/results/tor/2026-09-03-T08-25-00
2026-09-04 10:32:43 1788517963.494611 [tornettools] [INFO] Found /__w/benchmark/benchmark/results/tor/2026-09-03-T08-25-00/tornet-0.15-1/tornet.plot.data/resource_usage.json
2026-09-04 10:32:43 1788517963.494659 [tornettools] [INFO] Found 1 total files
2026-09-04 10:32:43 1788517963.495127 [tornettools] [INFO] Searching for files containing resource_usage.json in directory tree at /__w/benchmark/benchmark/results/tor/2026-08-29-T10-57-34
2026-09-04 10:32:43 1788517963.495248 [tornettools] [INFO] Found /__w/benchmark/benchmark/results/tor/2026-08-29-T10-57-34/tornet-0.15-2/tornet.plot.data/resource_usage.json
2026-09-04 10:32:43 1788517963.495328 [tornettools] [INFO] Found /__w/benchmark/benchmark/results/tor/2026-08-29-T10-57-34/tornet-0.15-3/tornet.plot.data/resource_usage.json
2026-09-04 10:32:43 1788517963.495441 [tornettools] [INFO] Found /__w/benchmark/benchmark/results/tor/2026-08-29-T10-57-34/tornet-0.15-1/tornet.plot.data/resource_usage.json
2026-09-04 10:32:43 1788517963.495479 [tornettools] [INFO] Found 3 total files
2026-09-04 10:32:43 1788517963.496807 [tornettools] [INFO] Searching for files containing resource_usage.json in directory tree at /__w/benchmark/benchmark/results/tor/2024-01-01-T02-18-28
2026-09-04 10:32:43 1788517963.496958 [tornettools] [INFO] Found /__w/benchmark/benchmark/results/tor/2024-01-01-T02-18-28/tornet-0.15-2/tornet.plot.data/resource_usage.json
2026-09-04 10:32:43 1788517963.497034 [tornettools] [INFO] Found /__w/benchmark/benchmark/results/tor/2024-01-01-T02-18-28/tornet-0.15-3/tornet.plot.data/resource_usage.json
2026-09-04 10:32:43 1788517963.497166 [tornettools] [INFO] Found /__w/benchmark/benchmark/results/tor/2024-01-01-T02-18-28/tornet-0.15-4/tornet.plot.data/resource_usage.json
2026-09-04 10:32:43 1788517963.497243 [tornettools] [INFO] Found /__w/benchmark/benchmark/results/tor/2024-01-01-T02-18-28/tornet-0.15-1/tornet.plot.data/resource_usage.json
2026-09-04 10:32:43 1788517963.497328 [tornettools] [INFO] Found /__w/benchmark/benchmark/results/tor/2024-01-01-T02-18-28/tornet-0.15-5/tornet.plot.data/resource_usage.json
2026-09-04 10:32:43 1788517963.497363 [tornettools] [INFO] Found 5 total files
2026-09-04 10:32:44 1788517964.946101 [tornettools] [INFO] Loading Tor metrics data
2026-09-04 10:32:44 1788517964.946217 [tornettools] [INFO] Loading tornet relay goodput data
2026-09-04 10:32:44 1788517964.946261 [tornettools] [INFO] Searching for files containing relay_goodput.json in directory tree at /tmp/sim-results
2026-09-04 10:32:44 1788517964.946542 [tornettools] [INFO] Found /tmp/sim-results/tornet-0.15-1/tornet.plot.data/relay_goodput.json
2026-09-04 10:32:45 1788517965.084043 [tornettools] [INFO] Found 1 total files
2026-09-04 10:32:45 1788517965.084391 [tornettools] [INFO] Searching for files containing relay_goodput.json in directory tree at /__w/benchmark/benchmark/results/tor/2026-09-03-T08-25-00
2026-09-04 10:32:45 1788517965.084532 [tornettools] [INFO] Found /__w/benchmark/benchmark/results/tor/2026-09-03-T08-25-00/tornet-0.15-1/tornet.plot.data/relay_goodput.json
2026-09-04 10:32:45 1788517965.084566 [tornettools] [INFO] Found 1 total files
2026-09-04 10:32:45 1788517965.084729 [tornettools] [INFO] Searching for files containing relay_goodput.json in directory tree at /__w/benchmark/benchmark/results/tor/2026-08-29-T10-57-34
2026-09-04 10:32:45 1788517965.084816 [tornettools] [INFO] Found /__w/benchmark/benchmark/results/tor/2026-08-29-T10-57-34/tornet-0.15-2/tornet.plot.data/relay_goodput.json
2026-09-04 10:32:45 1788517965.084880 [tornettools] [INFO] Found /__w/benchmark/benchmark/results/tor/2026-08-29-T10-57-34/tornet-0.15-3/tornet.plot.data/relay_goodput.json
2026-09-04 10:32:45 1788517965.084965 [tornettools] [INFO] Found /__w/benchmark/benchmark/results/tor/2026-08-29-T10-57-34/tornet-0.15-1/tornet.plot.data/relay_goodput.json
2026-09-04 10:32:45 1788517965.084994 [tornettools] [INFO] Found 3 total files
2026-09-04 10:32:45 1788517965.085400 [tornettools] [INFO] Searching for files containing relay_goodput.json in directory tree at /__w/benchmark/benchmark/results/tor/2024-01-01-T02-18-28
2026-09-04 10:32:45 1788517965.085500 [tornettools] [INFO] Found /__w/benchmark/benchmark/results/tor/2024-01-01-T02-18-28/tornet-0.15-2/tornet.plot.data/relay_goodput.json
2026-09-04 10:32:45 1788517965.085567 [tornettools] [INFO] Found /__w/benchmark/benchmark/results/tor/2024-01-01-T02-18-28/tornet-0.15-3/tornet.plot.data/relay_goodput.json
2026-09-04 10:32:45 1788517965.085657 [tornettools] [INFO] Found /__w/benchmark/benchmark/results/tor/2024-01-01-T02-18-28/tornet-0.15-4/tornet.plot.data/relay_goodput.json
2026-09-04 10:32:45 1788517965.085714 [tornettools] [INFO] Found /__w/benchmark/benchmark/results/tor/2024-01-01-T02-18-28/tornet-0.15-1/tornet.plot.data/relay_goodput.json
2026-09-04 10:32:45 1788517965.085771 [tornettools] [INFO] Found /__w/benchmark/benchmark/results/tor/2024-01-01-T02-18-28/tornet-0.15-5/tornet.plot.data/relay_goodput.json
2026-09-04 10:32:45 1788517965.085798 [tornettools] [INFO] Found 5 total files
2026-09-04 10:32:45 1788517965.086821 [tornettools] [INFO] Searching for files containing simulation_info.json in directory tree at /tmp/sim-results
2026-09-04 10:32:45 1788517965.087101 [tornettools] [INFO] Found /tmp/sim-results/tornet-0.15-1/tornet.plot.data/simulation_info.json
2026-09-04 10:32:45 1788517965.221782 [tornettools] [INFO] Found 1 total files
2026-09-04 10:32:45 1788517965.221891 [tornettools] [INFO] Searching for files containing simulation_info.json in directory tree at /__w/benchmark/benchmark/results/tor/2026-09-03-T08-25-00
2026-09-04 10:32:45 1788517965.222003 [tornettools] [INFO] Found /__w/benchmark/benchmark/results/tor/2026-09-03-T08-25-00/tornet-0.15-1/tornet.plot.data/simulation_info.json
2026-09-04 10:32:45 1788517965.222036 [tornettools] [INFO] Found 1 total files
2026-09-04 10:32:45 1788517965.222100 [tornettools] [INFO] Searching for files containing simulation_info.json in directory tree at /__w/benchmark/benchmark/results/tor/2026-08-29-T10-57-34
2026-09-04 10:32:45 1788517965.222177 [tornettools] [INFO] Found /__w/benchmark/benchmark/results/tor/2026-08-29-T10-57-34/tornet-0.15-2/tornet.plot.data/simulation_info.json
2026-09-04 10:32:45 1788517965.222237 [tornettools] [INFO] Found /__w/benchmark/benchmark/results/tor/2026-08-29-T10-57-34/tornet-0.15-3/tornet.plot.data/simulation_info.json
2026-09-04 10:32:45 1788517965.222327 [tornettools] [INFO] Found /__w/benchmark/benchmark/results/tor/2026-08-29-T10-57-34/tornet-0.15-1/tornet.plot.data/simulation_info.json
2026-09-04 10:32:45 1788517965.222361 [tornettools] [INFO] Found 3 total files
2026-09-04 10:32:45 1788517965.222458 [tornettools] [INFO] Searching for files containing simulation_info.json in directory tree at /__w/benchmark/benchmark/results/tor/2024-01-01-T02-18-28
2026-09-04 10:32:45 1788517965.222536 [tornettools] [INFO] Found /__w/benchmark/benchmark/results/tor/2024-01-01-T02-18-28/tornet-0.15-2/tornet.plot.data/simulation_info.json
2026-09-04 10:32:45 1788517965.222596 [tornettools] [INFO] Found /__w/benchmark/benchmark/results/tor/2024-01-01-T02-18-28/tornet-0.15-3/tornet.plot.data/simulation_info.json
2026-09-04 10:32:45 1788517965.222684 [tornettools] [INFO] Found /__w/benchmark/benchmark/results/tor/2024-01-01-T02-18-28/tornet-0.15-4/tornet.plot.data/simulation_info.json
2026-09-04 10:32:45 1788517965.222743 [tornettools] [INFO] Found /__w/benchmark/benchmark/results/tor/2024-01-01-T02-18-28/tornet-0.15-1/tornet.plot.data/simulation_info.json
2026-09-04 10:32:45 1788517965.222801 [tornettools] [INFO] Found /__w/benchmark/benchmark/results/tor/2024-01-01-T02-18-28/tornet-0.15-5/tornet.plot.data/simulation_info.json
2026-09-04 10:32:45 1788517965.222833 [tornettools] [INFO] Found 5 total files
2026-09-04 10:32:45 1788517965.222962 [tornettools] [INFO] Found simulated network scale 0.15
2026-09-04 10:32:45 1788517965.223001 [tornettools] [INFO] Plotting relay goodput
