2026-08-04 08:29:24 1785832164.868060 [tornettools] [INFO] Logging system initialized! Logging events to stdout and to '/tmp/sim-results/plots/tornettools.plot.2026-08-04.08.29.24.log'
2026-08-04 08:29:24 1785832164.868235 [tornettools] [INFO] Seeded standard and numpy PRNGs with seed=773185149
2026-08-04 08:29:24 1785832164.868313 [tornettools] [INFO] The argument namespace is: Namespace(do_version=False, quiet=0, seed=773185149, command='plot', tornet_collection_path=['/tmp/sim-results', '/__w/benchmark/benchmark/results/tor/2026-07-31-T06-37-00', '/__w/benchmark/benchmark/results/tor/2026-08-01-T06-35-14', '/__w/benchmark/benchmark/results/tor/2024-01-01-T02-18-28'], tor_metrics_path=None, prefix='/tmp/sim-results/plots', labels=['2026-08-04-T06-19-57 (Nightly benchmark)', '2026-07-31-T06-37-00 (Nightly benchmark)', '2026-08-01-T06-35-14 (Weekly benchmark)', '2024-01-01-T02-18-28 (v3.1.0)'], colors=None, plot_all=False, plot_pngs=True, func=<function plot at 0x1521d8053880>, formatter_class=<class '__main__.CustomHelpFormatter'>)
2026-08-04 08:29:24 1785832164.870389 [tornettools] [INFO] The platform is: Linux-6.12.86+deb13-amd64-x86_64-with-glibc2.36
2026-08-04 08:29:24 1785832164.870500 [tornettools] [INFO] System info: uname_result(system='Linux', node='87394a54a1c7', release='6.12.86+deb13-amd64', version='#1 SMP PREEMPT_DYNAMIC Debian 6.12.86-1 (2026-05-08)', machine='x86_64')
2026-08-04 08:29:25 1785832165.150542 [tornettools] [INFO] generated new fontManager
2026-08-04 08:29:26 1785832166.058512 [tornettools] [INFO] Plotting simulation results now
2026-08-04 08:29:26 1785832166.058887 [tornettools] [INFO] Plotting tornet comparisons
2026-08-04 08:29:26 1785832166.058956 [tornettools] [INFO] Loading tornet resource usage data
2026-08-04 08:29:26 1785832166.059000 [tornettools] [INFO] Searching for files containing resource_usage.json in directory tree at /tmp/sim-results
2026-08-04 08:29:26 1785832166.059303 [tornettools] [INFO] Found /tmp/sim-results/tornet-0.15-1/tornet.plot.data/resource_usage.json
2026-08-04 08:29:26 1785832166.236896 [tornettools] [INFO] Found 1 total files
2026-08-04 08:29:26 1785832166.237505 [tornettools] [INFO] Searching for files containing resource_usage.json in directory tree at /__w/benchmark/benchmark/results/tor/2026-07-31-T06-37-00
2026-08-04 08:29:26 1785832166.237695 [tornettools] [INFO] Found /__w/benchmark/benchmark/results/tor/2026-07-31-T06-37-00/tornet-0.15-1/tornet.plot.data/resource_usage.json
2026-08-04 08:29:26 1785832166.237741 [tornettools] [INFO] Found 1 total files
2026-08-04 08:29:26 1785832166.238194 [tornettools] [INFO] Searching for files containing resource_usage.json in directory tree at /__w/benchmark/benchmark/results/tor/2026-08-01-T06-35-14
2026-08-04 08:29:26 1785832166.238307 [tornettools] [INFO] Found /__w/benchmark/benchmark/results/tor/2026-08-01-T06-35-14/tornet-0.15-2/tornet.plot.data/resource_usage.json
2026-08-04 08:29:26 1785832166.238386 [tornettools] [INFO] Found /__w/benchmark/benchmark/results/tor/2026-08-01-T06-35-14/tornet-0.15-3/tornet.plot.data/resource_usage.json
2026-08-04 08:29:26 1785832166.238494 [tornettools] [INFO] Found /__w/benchmark/benchmark/results/tor/2026-08-01-T06-35-14/tornet-0.15-1/tornet.plot.data/resource_usage.json
2026-08-04 08:29:26 1785832166.238531 [tornettools] [INFO] Found 3 total files
2026-08-04 08:29:26 1785832166.239860 [tornettools] [INFO] Searching for files containing resource_usage.json in directory tree at /__w/benchmark/benchmark/results/tor/2024-01-01-T02-18-28
2026-08-04 08:29:26 1785832166.240011 [tornettools] [INFO] Found /__w/benchmark/benchmark/results/tor/2024-01-01-T02-18-28/tornet-0.15-2/tornet.plot.data/resource_usage.json
2026-08-04 08:29:26 1785832166.240096 [tornettools] [INFO] Found /__w/benchmark/benchmark/results/tor/2024-01-01-T02-18-28/tornet-0.15-3/tornet.plot.data/resource_usage.json
2026-08-04 08:29:26 1785832166.240214 [tornettools] [INFO] Found /__w/benchmark/benchmark/results/tor/2024-01-01-T02-18-28/tornet-0.15-4/tornet.plot.data/resource_usage.json
2026-08-04 08:29:26 1785832166.240285 [tornettools] [INFO] Found /__w/benchmark/benchmark/results/tor/2024-01-01-T02-18-28/tornet-0.15-1/tornet.plot.data/resource_usage.json
2026-08-04 08:29:26 1785832166.240367 [tornettools] [INFO] Found /__w/benchmark/benchmark/results/tor/2024-01-01-T02-18-28/tornet-0.15-5/tornet.plot.data/resource_usage.json
2026-08-04 08:29:26 1785832166.240403 [tornettools] [INFO] Found 5 total files
2026-08-04 08:29:27 1785832167.837225 [tornettools] [INFO] Loading Tor metrics data
2026-08-04 08:29:27 1785832167.837434 [tornettools] [INFO] Loading tornet relay goodput data
2026-08-04 08:29:27 1785832167.837490 [tornettools] [INFO] Searching for files containing relay_goodput.json in directory tree at /tmp/sim-results
2026-08-04 08:29:27 1785832167.837894 [tornettools] [INFO] Found /tmp/sim-results/tornet-0.15-1/tornet.plot.data/relay_goodput.json
2026-08-04 08:29:28 1785832168.013675 [tornettools] [INFO] Found 1 total files
2026-08-04 08:29:28 1785832168.014078 [tornettools] [INFO] Searching for files containing relay_goodput.json in directory tree at /__w/benchmark/benchmark/results/tor/2026-07-31-T06-37-00
2026-08-04 08:29:28 1785832168.014261 [tornettools] [INFO] Found /__w/benchmark/benchmark/results/tor/2026-07-31-T06-37-00/tornet-0.15-1/tornet.plot.data/relay_goodput.json
2026-08-04 08:29:28 1785832168.014302 [tornettools] [INFO] Found 1 total files
2026-08-04 08:29:28 1785832168.014509 [tornettools] [INFO] Searching for files containing relay_goodput.json in directory tree at /__w/benchmark/benchmark/results/tor/2026-08-01-T06-35-14
2026-08-04 08:29:28 1785832168.014617 [tornettools] [INFO] Found /__w/benchmark/benchmark/results/tor/2026-08-01-T06-35-14/tornet-0.15-2/tornet.plot.data/relay_goodput.json
2026-08-04 08:29:28 1785832168.014696 [tornettools] [INFO] Found /__w/benchmark/benchmark/results/tor/2026-08-01-T06-35-14/tornet-0.15-3/tornet.plot.data/relay_goodput.json
2026-08-04 08:29:28 1785832168.014802 [tornettools] [INFO] Found /__w/benchmark/benchmark/results/tor/2026-08-01-T06-35-14/tornet-0.15-1/tornet.plot.data/relay_goodput.json
2026-08-04 08:29:28 1785832168.014835 [tornettools] [INFO] Found 3 total files
2026-08-04 08:29:28 1785832168.015353 [tornettools] [INFO] Searching for files containing relay_goodput.json in directory tree at /__w/benchmark/benchmark/results/tor/2024-01-01-T02-18-28
2026-08-04 08:29:28 1785832168.015477 [tornettools] [INFO] Found /__w/benchmark/benchmark/results/tor/2024-01-01-T02-18-28/tornet-0.15-2/tornet.plot.data/relay_goodput.json
2026-08-04 08:29:28 1785832168.015554 [tornettools] [INFO] Found /__w/benchmark/benchmark/results/tor/2024-01-01-T02-18-28/tornet-0.15-3/tornet.plot.data/relay_goodput.json
2026-08-04 08:29:28 1785832168.015662 [tornettools] [INFO] Found /__w/benchmark/benchmark/results/tor/2024-01-01-T02-18-28/tornet-0.15-4/tornet.plot.data/relay_goodput.json
2026-08-04 08:29:28 1785832168.015730 [tornettools] [INFO] Found /__w/benchmark/benchmark/results/tor/2024-01-01-T02-18-28/tornet-0.15-1/tornet.plot.data/relay_goodput.json
2026-08-04 08:29:28 1785832168.015800 [tornettools] [INFO] Found /__w/benchmark/benchmark/results/tor/2024-01-01-T02-18-28/tornet-0.15-5/tornet.plot.data/relay_goodput.json
2026-08-04 08:29:28 1785832168.015834 [tornettools] [INFO] Found 5 total files
2026-08-04 08:29:28 1785832168.017207 [tornettools] [INFO] Searching for files containing simulation_info.json in directory tree at /tmp/sim-results
2026-08-04 08:29:28 1785832168.017550 [tornettools] [INFO] Found /tmp/sim-results/tornet-0.15-1/tornet.plot.data/simulation_info.json
2026-08-04 08:29:28 1785832168.192975 [tornettools] [INFO] Found 1 total files
2026-08-04 08:29:28 1785832168.193144 [tornettools] [INFO] Searching for files containing simulation_info.json in directory tree at /__w/benchmark/benchmark/results/tor/2026-07-31-T06-37-00
2026-08-04 08:29:28 1785832168.193309 [tornettools] [INFO] Found /__w/benchmark/benchmark/results/tor/2026-07-31-T06-37-00/tornet-0.15-1/tornet.plot.data/simulation_info.json
2026-08-04 08:29:28 1785832168.193350 [tornettools] [INFO] Found 1 total files
2026-08-04 08:29:28 1785832168.193437 [tornettools] [INFO] Searching for files containing simulation_info.json in directory tree at /__w/benchmark/benchmark/results/tor/2026-08-01-T06-35-14
2026-08-04 08:29:28 1785832168.193531 [tornettools] [INFO] Found /__w/benchmark/benchmark/results/tor/2026-08-01-T06-35-14/tornet-0.15-2/tornet.plot.data/simulation_info.json
2026-08-04 08:29:28 1785832168.193605 [tornettools] [INFO] Found /__w/benchmark/benchmark/results/tor/2026-08-01-T06-35-14/tornet-0.15-3/tornet.plot.data/simulation_info.json
2026-08-04 08:29:28 1785832168.193708 [tornettools] [INFO] Found /__w/benchmark/benchmark/results/tor/2026-08-01-T06-35-14/tornet-0.15-1/tornet.plot.data/simulation_info.json
2026-08-04 08:29:28 1785832168.193749 [tornettools] [INFO] Found 3 total files
2026-08-04 08:29:28 1785832168.193869 [tornettools] [INFO] Searching for files containing simulation_info.json in directory tree at /__w/benchmark/benchmark/results/tor/2024-01-01-T02-18-28
2026-08-04 08:29:28 1785832168.193962 [tornettools] [INFO] Found /__w/benchmark/benchmark/results/tor/2024-01-01-T02-18-28/tornet-0.15-2/tornet.plot.data/simulation_info.json
2026-08-04 08:29:28 1785832168.194033 [tornettools] [INFO] Found /__w/benchmark/benchmark/results/tor/2024-01-01-T02-18-28/tornet-0.15-3/tornet.plot.data/simulation_info.json
2026-08-04 08:29:28 1785832168.194138 [tornettools] [INFO] Found /__w/benchmark/benchmark/results/tor/2024-01-01-T02-18-28/tornet-0.15-4/tornet.plot.data/simulation_info.json
2026-08-04 08:29:28 1785832168.194207 [tornettools] [INFO] Found /__w/benchmark/benchmark/results/tor/2024-01-01-T02-18-28/tornet-0.15-1/tornet.plot.data/simulation_info.json
2026-08-04 08:29:28 1785832168.194276 [tornettools] [INFO] Found /__w/benchmark/benchmark/results/tor/2024-01-01-T02-18-28/tornet-0.15-5/tornet.plot.data/simulation_info.json
2026-08-04 08:29:28 1785832168.194311 [tornettools] [INFO] Found 5 total files
2026-08-04 08:29:28 1785832168.194499 [tornettools] [INFO] Found simulated network scale 0.15
2026-08-04 08:29:28 1785832168.194550 [tornettools] [INFO] Plotting relay goodput
