2026-09-09 10:41:51 1788950511.399877 [tornettools] [INFO] Logging system initialized! Logging events to stdout and to '/tmp/sim-results/plots/tornettools.plot.2026-09-09.10.41.51.log'
2026-09-09 10:41:51 1788950511.400050 [tornettools] [INFO] Seeded standard and numpy PRNGs with seed=844298078
2026-09-09 10:41:51 1788950511.400128 [tornettools] [INFO] The argument namespace is: Namespace(do_version=False, quiet=0, seed=844298078, command='plot', tornet_collection_path=['/tmp/sim-results', '/__w/benchmark/benchmark/results/tor/2026-09-08-T08-27-00', '/__w/benchmark/benchmark/results/tor/2026-09-05-T08-15-11', '/__w/benchmark/benchmark/results/tor/2024-01-01-T02-18-28'], tor_metrics_path=None, prefix='/tmp/sim-results/plots', labels=['2026-09-09-T08-29-37 (Nightly benchmark)', '2026-09-08-T08-27-00 (Nightly benchmark)', '2026-09-05-T08-15-11 (Weekly benchmark)', '2024-01-01-T02-18-28 (v3.1.0)'], colors=None, plot_all=False, plot_pngs=True, func=<function plot at 0x145fa5823880>, formatter_class=<class '__main__.CustomHelpFormatter'>)
2026-09-09 10:41:51 1788950511.402224 [tornettools] [INFO] The platform is: Linux-6.12.86+deb13-amd64-x86_64-with-glibc2.36
2026-09-09 10:41:51 1788950511.402334 [tornettools] [INFO] System info: uname_result(system='Linux', node='a772fa796652', release='6.12.86+deb13-amd64', version='#1 SMP PREEMPT_DYNAMIC Debian 6.12.86-1 (2026-05-08)', machine='x86_64')
2026-09-09 10:41:51 1788950511.677109 [tornettools] [INFO] generated new fontManager
2026-09-09 10:41:52 1788950512.607374 [tornettools] [INFO] Plotting simulation results now
2026-09-09 10:41:52 1788950512.607858 [tornettools] [INFO] Plotting tornet comparisons
2026-09-09 10:41:52 1788950512.607938 [tornettools] [INFO] Loading tornet resource usage data
2026-09-09 10:41:52 1788950512.607986 [tornettools] [INFO] Searching for files containing resource_usage.json in directory tree at /tmp/sim-results
2026-09-09 10:41:52 1788950512.608306 [tornettools] [INFO] Found /tmp/sim-results/tornet-0.15-1/tornet.plot.data/resource_usage.json
2026-09-09 10:41:52 1788950512.780705 [tornettools] [INFO] Found 1 total files
2026-09-09 10:41:52 1788950512.781335 [tornettools] [INFO] Searching for files containing resource_usage.json in directory tree at /__w/benchmark/benchmark/results/tor/2026-09-08-T08-27-00
2026-09-09 10:41:52 1788950512.781522 [tornettools] [INFO] Found /__w/benchmark/benchmark/results/tor/2026-09-08-T08-27-00/tornet-0.15-1/tornet.plot.data/resource_usage.json
2026-09-09 10:41:52 1788950512.781569 [tornettools] [INFO] Found 1 total files
2026-09-09 10:41:52 1788950512.782028 [tornettools] [INFO] Searching for files containing resource_usage.json in directory tree at /__w/benchmark/benchmark/results/tor/2026-09-05-T08-15-11
2026-09-09 10:41:52 1788950512.782150 [tornettools] [INFO] Found /__w/benchmark/benchmark/results/tor/2026-09-05-T08-15-11/tornet-0.15-2/tornet.plot.data/resource_usage.json
2026-09-09 10:41:52 1788950512.782233 [tornettools] [INFO] Found /__w/benchmark/benchmark/results/tor/2026-09-05-T08-15-11/tornet-0.15-3/tornet.plot.data/resource_usage.json
2026-09-09 10:41:52 1788950512.782350 [tornettools] [INFO] Found /__w/benchmark/benchmark/results/tor/2026-09-05-T08-15-11/tornet-0.15-1/tornet.plot.data/resource_usage.json
2026-09-09 10:41:52 1788950512.782389 [tornettools] [INFO] Found 3 total files
2026-09-09 10:41:52 1788950512.784001 [tornettools] [INFO] Searching for files containing resource_usage.json in directory tree at /__w/benchmark/benchmark/results/tor/2024-01-01-T02-18-28
2026-09-09 10:41:52 1788950512.784152 [tornettools] [INFO] Found /__w/benchmark/benchmark/results/tor/2024-01-01-T02-18-28/tornet-0.15-2/tornet.plot.data/resource_usage.json
2026-09-09 10:41:52 1788950512.784230 [tornettools] [INFO] Found /__w/benchmark/benchmark/results/tor/2024-01-01-T02-18-28/tornet-0.15-3/tornet.plot.data/resource_usage.json
2026-09-09 10:41:52 1788950512.784346 [tornettools] [INFO] Found /__w/benchmark/benchmark/results/tor/2024-01-01-T02-18-28/tornet-0.15-4/tornet.plot.data/resource_usage.json
2026-09-09 10:41:52 1788950512.784416 [tornettools] [INFO] Found /__w/benchmark/benchmark/results/tor/2024-01-01-T02-18-28/tornet-0.15-1/tornet.plot.data/resource_usage.json
2026-09-09 10:41:52 1788950512.784498 [tornettools] [INFO] Found /__w/benchmark/benchmark/results/tor/2024-01-01-T02-18-28/tornet-0.15-5/tornet.plot.data/resource_usage.json
2026-09-09 10:41:52 1788950512.784534 [tornettools] [INFO] Found 5 total files
2026-09-09 10:41:54 1788950514.260820 [tornettools] [INFO] Loading Tor metrics data
2026-09-09 10:41:54 1788950514.260924 [tornettools] [INFO] Loading tornet relay goodput data
2026-09-09 10:41:54 1788950514.260958 [tornettools] [INFO] Searching for files containing relay_goodput.json in directory tree at /tmp/sim-results
2026-09-09 10:41:54 1788950514.261242 [tornettools] [INFO] Found /tmp/sim-results/tornet-0.15-1/tornet.plot.data/relay_goodput.json
2026-09-09 10:41:54 1788950514.395823 [tornettools] [INFO] Found 1 total files
2026-09-09 10:41:54 1788950514.396084 [tornettools] [INFO] Searching for files containing relay_goodput.json in directory tree at /__w/benchmark/benchmark/results/tor/2026-09-08-T08-27-00
2026-09-09 10:41:54 1788950514.396217 [tornettools] [INFO] Found /__w/benchmark/benchmark/results/tor/2026-09-08-T08-27-00/tornet-0.15-1/tornet.plot.data/relay_goodput.json
2026-09-09 10:41:54 1788950514.396251 [tornettools] [INFO] Found 1 total files
2026-09-09 10:41:54 1788950514.396411 [tornettools] [INFO] Searching for files containing relay_goodput.json in directory tree at /__w/benchmark/benchmark/results/tor/2026-09-05-T08-15-11
2026-09-09 10:41:54 1788950514.396496 [tornettools] [INFO] Found /__w/benchmark/benchmark/results/tor/2026-09-05-T08-15-11/tornet-0.15-2/tornet.plot.data/relay_goodput.json
2026-09-09 10:41:54 1788950514.396561 [tornettools] [INFO] Found /__w/benchmark/benchmark/results/tor/2026-09-05-T08-15-11/tornet-0.15-3/tornet.plot.data/relay_goodput.json
2026-09-09 10:41:54 1788950514.396645 [tornettools] [INFO] Found /__w/benchmark/benchmark/results/tor/2026-09-05-T08-15-11/tornet-0.15-1/tornet.plot.data/relay_goodput.json
2026-09-09 10:41:54 1788950514.396672 [tornettools] [INFO] Found 3 total files
2026-09-09 10:41:54 1788950514.397075 [tornettools] [INFO] Searching for files containing relay_goodput.json in directory tree at /__w/benchmark/benchmark/results/tor/2024-01-01-T02-18-28
2026-09-09 10:41:54 1788950514.397168 [tornettools] [INFO] Found /__w/benchmark/benchmark/results/tor/2024-01-01-T02-18-28/tornet-0.15-2/tornet.plot.data/relay_goodput.json
2026-09-09 10:41:54 1788950514.397237 [tornettools] [INFO] Found /__w/benchmark/benchmark/results/tor/2024-01-01-T02-18-28/tornet-0.15-3/tornet.plot.data/relay_goodput.json
2026-09-09 10:41:54 1788950514.397325 [tornettools] [INFO] Found /__w/benchmark/benchmark/results/tor/2024-01-01-T02-18-28/tornet-0.15-4/tornet.plot.data/relay_goodput.json
2026-09-09 10:41:54 1788950514.397383 [tornettools] [INFO] Found /__w/benchmark/benchmark/results/tor/2024-01-01-T02-18-28/tornet-0.15-1/tornet.plot.data/relay_goodput.json
2026-09-09 10:41:54 1788950514.397439 [tornettools] [INFO] Found /__w/benchmark/benchmark/results/tor/2024-01-01-T02-18-28/tornet-0.15-5/tornet.plot.data/relay_goodput.json
2026-09-09 10:41:54 1788950514.397467 [tornettools] [INFO] Found 5 total files
2026-09-09 10:41:54 1788950514.398440 [tornettools] [INFO] Searching for files containing simulation_info.json in directory tree at /tmp/sim-results
2026-09-09 10:41:54 1788950514.398673 [tornettools] [INFO] Found /tmp/sim-results/tornet-0.15-1/tornet.plot.data/simulation_info.json
2026-09-09 10:41:54 1788950514.532795 [tornettools] [INFO] Found 1 total files
2026-09-09 10:41:54 1788950514.533072 [tornettools] [INFO] Searching for files containing simulation_info.json in directory tree at /__w/benchmark/benchmark/results/tor/2026-09-08-T08-27-00
2026-09-09 10:41:54 1788950514.533210 [tornettools] [INFO] Found /__w/benchmark/benchmark/results/tor/2026-09-08-T08-27-00/tornet-0.15-1/tornet.plot.data/simulation_info.json
2026-09-09 10:41:54 1788950514.533245 [tornettools] [INFO] Found 1 total files
2026-09-09 10:41:54 1788950514.533314 [tornettools] [INFO] Searching for files containing simulation_info.json in directory tree at /__w/benchmark/benchmark/results/tor/2026-09-05-T08-15-11
2026-09-09 10:41:54 1788950514.533392 [tornettools] [INFO] Found /__w/benchmark/benchmark/results/tor/2026-09-05-T08-15-11/tornet-0.15-2/tornet.plot.data/simulation_info.json
2026-09-09 10:41:54 1788950514.533453 [tornettools] [INFO] Found /__w/benchmark/benchmark/results/tor/2026-09-05-T08-15-11/tornet-0.15-3/tornet.plot.data/simulation_info.json
2026-09-09 10:41:54 1788950514.533540 [tornettools] [INFO] Found /__w/benchmark/benchmark/results/tor/2026-09-05-T08-15-11/tornet-0.15-1/tornet.plot.data/simulation_info.json
2026-09-09 10:41:54 1788950514.533574 [tornettools] [INFO] Found 3 total files
2026-09-09 10:41:54 1788950514.533675 [tornettools] [INFO] Searching for files containing simulation_info.json in directory tree at /__w/benchmark/benchmark/results/tor/2024-01-01-T02-18-28
2026-09-09 10:41:54 1788950514.533754 [tornettools] [INFO] Found /__w/benchmark/benchmark/results/tor/2024-01-01-T02-18-28/tornet-0.15-2/tornet.plot.data/simulation_info.json
2026-09-09 10:41:54 1788950514.533813 [tornettools] [INFO] Found /__w/benchmark/benchmark/results/tor/2024-01-01-T02-18-28/tornet-0.15-3/tornet.plot.data/simulation_info.json
2026-09-09 10:41:54 1788950514.533902 [tornettools] [INFO] Found /__w/benchmark/benchmark/results/tor/2024-01-01-T02-18-28/tornet-0.15-4/tornet.plot.data/simulation_info.json
2026-09-09 10:41:54 1788950514.533960 [tornettools] [INFO] Found /__w/benchmark/benchmark/results/tor/2024-01-01-T02-18-28/tornet-0.15-1/tornet.plot.data/simulation_info.json
2026-09-09 10:41:54 1788950514.534017 [tornettools] [INFO] Found /__w/benchmark/benchmark/results/tor/2024-01-01-T02-18-28/tornet-0.15-5/tornet.plot.data/simulation_info.json
2026-09-09 10:41:54 1788950514.534049 [tornettools] [INFO] Found 5 total files
2026-09-09 10:41:54 1788950514.534194 [tornettools] [INFO] Found simulated network scale 0.15
2026-09-09 10:41:54 1788950514.534236 [tornettools] [INFO] Plotting relay goodput
