2026-09-11 10:37:30 1789123050.289898 [tornettools] [INFO] Logging system initialized! Logging events to stdout and to '/tmp/sim-results/plots/tornettools.plot.2026-09-11.10.37.30.log'
2026-09-11 10:37:30 1789123050.290076 [tornettools] [INFO] Seeded standard and numpy PRNGs with seed=2048483710
2026-09-11 10:37:30 1789123050.290151 [tornettools] [INFO] The argument namespace is: Namespace(do_version=False, quiet=0, seed=2048483710, command='plot', tornet_collection_path=['/tmp/sim-results', '/__w/benchmark/benchmark/results/tor/2026-09-10-T08-31-46', '/__w/benchmark/benchmark/results/tor/2026-09-05-T08-15-11', '/__w/benchmark/benchmark/results/tor/2024-01-01-T02-18-28'], tor_metrics_path=None, prefix='/tmp/sim-results/plots', labels=['2026-09-11-T08-26-06 (Nightly benchmark)', '2026-09-10-T08-31-46 (Nightly benchmark)', '2026-09-05-T08-15-11 (Weekly benchmark)', '2024-01-01-T02-18-28 (v3.1.0)'], colors=None, plot_all=False, plot_pngs=True, func=<function plot at 0x15512bc53880>, formatter_class=<class '__main__.CustomHelpFormatter'>)
2026-09-11 10:37:30 1789123050.292287 [tornettools] [INFO] The platform is: Linux-6.12.86+deb13-amd64-x86_64-with-glibc2.36
2026-09-11 10:37:30 1789123050.292393 [tornettools] [INFO] System info: uname_result(system='Linux', node='2a04ef10e895', release='6.12.86+deb13-amd64', version='#1 SMP PREEMPT_DYNAMIC Debian 6.12.86-1 (2026-05-08)', machine='x86_64')
2026-09-11 10:37:30 1789123050.572906 [tornettools] [INFO] generated new fontManager
2026-09-11 10:37:31 1789123051.477375 [tornettools] [INFO] Plotting simulation results now
2026-09-11 10:37:31 1789123051.477743 [tornettools] [INFO] Plotting tornet comparisons
2026-09-11 10:37:31 1789123051.477809 [tornettools] [INFO] Loading tornet resource usage data
2026-09-11 10:37:31 1789123051.477852 [tornettools] [INFO] Searching for files containing resource_usage.json in directory tree at /tmp/sim-results
2026-09-11 10:37:31 1789123051.478164 [tornettools] [INFO] Found /tmp/sim-results/tornet-0.15-1/tornet.plot.data/resource_usage.json
2026-09-11 10:37:31 1789123051.653859 [tornettools] [INFO] Found 1 total files
2026-09-11 10:37:31 1789123051.654456 [tornettools] [INFO] Searching for files containing resource_usage.json in directory tree at /__w/benchmark/benchmark/results/tor/2026-09-10-T08-31-46
2026-09-11 10:37:31 1789123051.654635 [tornettools] [INFO] Found /__w/benchmark/benchmark/results/tor/2026-09-10-T08-31-46/tornet-0.15-1/tornet.plot.data/resource_usage.json
2026-09-11 10:37:31 1789123051.654679 [tornettools] [INFO] Found 1 total files
2026-09-11 10:37:31 1789123051.655128 [tornettools] [INFO] Searching for files containing resource_usage.json in directory tree at /__w/benchmark/benchmark/results/tor/2026-09-05-T08-15-11
2026-09-11 10:37:31 1789123051.655251 [tornettools] [INFO] Found /__w/benchmark/benchmark/results/tor/2026-09-05-T08-15-11/tornet-0.15-2/tornet.plot.data/resource_usage.json
2026-09-11 10:37:31 1789123051.655332 [tornettools] [INFO] Found /__w/benchmark/benchmark/results/tor/2026-09-05-T08-15-11/tornet-0.15-3/tornet.plot.data/resource_usage.json
2026-09-11 10:37:31 1789123051.655449 [tornettools] [INFO] Found /__w/benchmark/benchmark/results/tor/2026-09-05-T08-15-11/tornet-0.15-1/tornet.plot.data/resource_usage.json
2026-09-11 10:37:31 1789123051.655487 [tornettools] [INFO] Found 3 total files
2026-09-11 10:37:31 1789123051.656795 [tornettools] [INFO] Searching for files containing resource_usage.json in directory tree at /__w/benchmark/benchmark/results/tor/2024-01-01-T02-18-28
2026-09-11 10:37:31 1789123051.656945 [tornettools] [INFO] Found /__w/benchmark/benchmark/results/tor/2024-01-01-T02-18-28/tornet-0.15-2/tornet.plot.data/resource_usage.json
2026-09-11 10:37:31 1789123051.657028 [tornettools] [INFO] Found /__w/benchmark/benchmark/results/tor/2024-01-01-T02-18-28/tornet-0.15-3/tornet.plot.data/resource_usage.json
2026-09-11 10:37:31 1789123051.657159 [tornettools] [INFO] Found /__w/benchmark/benchmark/results/tor/2024-01-01-T02-18-28/tornet-0.15-4/tornet.plot.data/resource_usage.json
2026-09-11 10:37:31 1789123051.657239 [tornettools] [INFO] Found /__w/benchmark/benchmark/results/tor/2024-01-01-T02-18-28/tornet-0.15-1/tornet.plot.data/resource_usage.json
2026-09-11 10:37:31 1789123051.657327 [tornettools] [INFO] Found /__w/benchmark/benchmark/results/tor/2024-01-01-T02-18-28/tornet-0.15-5/tornet.plot.data/resource_usage.json
2026-09-11 10:37:31 1789123051.657362 [tornettools] [INFO] Found 5 total files
2026-09-11 10:37:33 1789123053.180996 [tornettools] [INFO] Loading Tor metrics data
2026-09-11 10:37:33 1789123053.181158 [tornettools] [INFO] Loading tornet relay goodput data
2026-09-11 10:37:33 1789123053.181205 [tornettools] [INFO] Searching for files containing relay_goodput.json in directory tree at /tmp/sim-results
2026-09-11 10:37:33 1789123053.181519 [tornettools] [INFO] Found /tmp/sim-results/tornet-0.15-1/tornet.plot.data/relay_goodput.json
2026-09-11 10:37:33 1789123053.315921 [tornettools] [INFO] Found 1 total files
2026-09-11 10:37:33 1789123053.316204 [tornettools] [INFO] Searching for files containing relay_goodput.json in directory tree at /__w/benchmark/benchmark/results/tor/2026-09-10-T08-31-46
2026-09-11 10:37:33 1789123053.316337 [tornettools] [INFO] Found /__w/benchmark/benchmark/results/tor/2026-09-10-T08-31-46/tornet-0.15-1/tornet.plot.data/relay_goodput.json
2026-09-11 10:37:33 1789123053.316370 [tornettools] [INFO] Found 1 total files
2026-09-11 10:37:33 1789123053.316524 [tornettools] [INFO] Searching for files containing relay_goodput.json in directory tree at /__w/benchmark/benchmark/results/tor/2026-09-05-T08-15-11
2026-09-11 10:37:33 1789123053.316610 [tornettools] [INFO] Found /__w/benchmark/benchmark/results/tor/2026-09-05-T08-15-11/tornet-0.15-2/tornet.plot.data/relay_goodput.json
2026-09-11 10:37:33 1789123053.316675 [tornettools] [INFO] Found /__w/benchmark/benchmark/results/tor/2026-09-05-T08-15-11/tornet-0.15-3/tornet.plot.data/relay_goodput.json
2026-09-11 10:37:33 1789123053.316762 [tornettools] [INFO] Found /__w/benchmark/benchmark/results/tor/2026-09-05-T08-15-11/tornet-0.15-1/tornet.plot.data/relay_goodput.json
2026-09-11 10:37:33 1789123053.316790 [tornettools] [INFO] Found 3 total files
2026-09-11 10:37:33 1789123053.317193 [tornettools] [INFO] Searching for files containing relay_goodput.json in directory tree at /__w/benchmark/benchmark/results/tor/2024-01-01-T02-18-28
2026-09-11 10:37:33 1789123053.317290 [tornettools] [INFO] Found /__w/benchmark/benchmark/results/tor/2024-01-01-T02-18-28/tornet-0.15-2/tornet.plot.data/relay_goodput.json
2026-09-11 10:37:33 1789123053.317360 [tornettools] [INFO] Found /__w/benchmark/benchmark/results/tor/2024-01-01-T02-18-28/tornet-0.15-3/tornet.plot.data/relay_goodput.json
2026-09-11 10:37:33 1789123053.317453 [tornettools] [INFO] Found /__w/benchmark/benchmark/results/tor/2024-01-01-T02-18-28/tornet-0.15-4/tornet.plot.data/relay_goodput.json
2026-09-11 10:37:33 1789123053.317511 [tornettools] [INFO] Found /__w/benchmark/benchmark/results/tor/2024-01-01-T02-18-28/tornet-0.15-1/tornet.plot.data/relay_goodput.json
2026-09-11 10:37:33 1789123053.317568 [tornettools] [INFO] Found /__w/benchmark/benchmark/results/tor/2024-01-01-T02-18-28/tornet-0.15-5/tornet.plot.data/relay_goodput.json
2026-09-11 10:37:33 1789123053.317596 [tornettools] [INFO] Found 5 total files
2026-09-11 10:37:33 1789123053.318606 [tornettools] [INFO] Searching for files containing simulation_info.json in directory tree at /tmp/sim-results
2026-09-11 10:37:33 1789123053.318844 [tornettools] [INFO] Found /tmp/sim-results/tornet-0.15-1/tornet.plot.data/simulation_info.json
2026-09-11 10:37:33 1789123053.451047 [tornettools] [INFO] Found 1 total files
2026-09-11 10:37:33 1789123053.451153 [tornettools] [INFO] Searching for files containing simulation_info.json in directory tree at /__w/benchmark/benchmark/results/tor/2026-09-10-T08-31-46
2026-09-11 10:37:33 1789123053.451263 [tornettools] [INFO] Found /__w/benchmark/benchmark/results/tor/2026-09-10-T08-31-46/tornet-0.15-1/tornet.plot.data/simulation_info.json
2026-09-11 10:37:33 1789123053.451297 [tornettools] [INFO] Found 1 total files
2026-09-11 10:37:33 1789123053.451361 [tornettools] [INFO] Searching for files containing simulation_info.json in directory tree at /__w/benchmark/benchmark/results/tor/2026-09-05-T08-15-11
2026-09-11 10:37:33 1789123053.451440 [tornettools] [INFO] Found /__w/benchmark/benchmark/results/tor/2026-09-05-T08-15-11/tornet-0.15-2/tornet.plot.data/simulation_info.json
2026-09-11 10:37:33 1789123053.451501 [tornettools] [INFO] Found /__w/benchmark/benchmark/results/tor/2026-09-05-T08-15-11/tornet-0.15-3/tornet.plot.data/simulation_info.json
2026-09-11 10:37:33 1789123053.451584 [tornettools] [INFO] Found /__w/benchmark/benchmark/results/tor/2026-09-05-T08-15-11/tornet-0.15-1/tornet.plot.data/simulation_info.json
2026-09-11 10:37:33 1789123053.451617 [tornettools] [INFO] Found 3 total files
2026-09-11 10:37:33 1789123053.451713 [tornettools] [INFO] Searching for files containing simulation_info.json in directory tree at /__w/benchmark/benchmark/results/tor/2024-01-01-T02-18-28
2026-09-11 10:37:33 1789123053.451795 [tornettools] [INFO] Found /__w/benchmark/benchmark/results/tor/2024-01-01-T02-18-28/tornet-0.15-2/tornet.plot.data/simulation_info.json
2026-09-11 10:37:33 1789123053.451857 [tornettools] [INFO] Found /__w/benchmark/benchmark/results/tor/2024-01-01-T02-18-28/tornet-0.15-3/tornet.plot.data/simulation_info.json
2026-09-11 10:37:33 1789123053.451951 [tornettools] [INFO] Found /__w/benchmark/benchmark/results/tor/2024-01-01-T02-18-28/tornet-0.15-4/tornet.plot.data/simulation_info.json
2026-09-11 10:37:33 1789123053.452009 [tornettools] [INFO] Found /__w/benchmark/benchmark/results/tor/2024-01-01-T02-18-28/tornet-0.15-1/tornet.plot.data/simulation_info.json
2026-09-11 10:37:33 1789123053.452067 [tornettools] [INFO] Found /__w/benchmark/benchmark/results/tor/2024-01-01-T02-18-28/tornet-0.15-5/tornet.plot.data/simulation_info.json
2026-09-11 10:37:33 1789123053.452098 [tornettools] [INFO] Found 5 total files
2026-09-11 10:37:33 1789123053.452227 [tornettools] [INFO] Found simulated network scale 0.15
2026-09-11 10:37:33 1789123053.452266 [tornettools] [INFO] Plotting relay goodput
