2026-08-26 06:41:16 1787726476.703506 [tornettools] [INFO] Logging system initialized! Logging events to stdout and to '/tmp/sim-results/plots/tornettools.plot.2026-08-26.06.41.16.log'
2026-08-26 06:41:16 1787726476.703675 [tornettools] [INFO] Seeded standard and numpy PRNGs with seed=1700707730
2026-08-26 06:41:16 1787726476.703750 [tornettools] [INFO] The argument namespace is: Namespace(do_version=False, quiet=0, seed=1700707730, command='plot', tornet_collection_path=['/tmp/sim-results', '/__w/benchmark/benchmark/results/tor/2026-08-25-T04-30-10', '/__w/benchmark/benchmark/results/tor/2026-08-22-T04-38-59', '/__w/benchmark/benchmark/results/tor/2024-01-01-T02-18-28'], tor_metrics_path=None, prefix='/tmp/sim-results/plots', labels=['2026-08-26-T04-31-09 (Nightly benchmark)', '2026-08-25-T04-30-10 (Nightly benchmark)', '2026-08-22-T04-38-59 (Weekly benchmark)', '2024-01-01-T02-18-28 (v3.1.0)'], colors=None, plot_all=False, plot_pngs=True, func=<function plot at 0x15389520b880>, formatter_class=<class '__main__.CustomHelpFormatter'>)
2026-08-26 06:41:16 1787726476.705773 [tornettools] [INFO] The platform is: Linux-6.12.86+deb13-amd64-x86_64-with-glibc2.36
2026-08-26 06:41:16 1787726476.705882 [tornettools] [INFO] System info: uname_result(system='Linux', node='e0a88b39f8e1', release='6.12.86+deb13-amd64', version='#1 SMP PREEMPT_DYNAMIC Debian 6.12.86-1 (2026-05-08)', machine='x86_64')
2026-08-26 06:41:16 1787726476.984998 [tornettools] [INFO] generated new fontManager
2026-08-26 06:41:17 1787726477.883717 [tornettools] [INFO] Plotting simulation results now
2026-08-26 06:41:17 1787726477.884074 [tornettools] [INFO] Plotting tornet comparisons
2026-08-26 06:41:17 1787726477.884142 [tornettools] [INFO] Loading tornet resource usage data
2026-08-26 06:41:17 1787726477.884186 [tornettools] [INFO] Searching for files containing resource_usage.json in directory tree at /tmp/sim-results
2026-08-26 06:41:17 1787726477.884489 [tornettools] [INFO] Found /tmp/sim-results/tornet-0.15-1/tornet.plot.data/resource_usage.json
2026-08-26 06:41:18 1787726478.063437 [tornettools] [INFO] Found 1 total files
2026-08-26 06:41:18 1787726478.064035 [tornettools] [INFO] Searching for files containing resource_usage.json in directory tree at /__w/benchmark/benchmark/results/tor/2026-08-25-T04-30-10
2026-08-26 06:41:18 1787726478.064219 [tornettools] [INFO] Found /__w/benchmark/benchmark/results/tor/2026-08-25-T04-30-10/tornet-0.15-1/tornet.plot.data/resource_usage.json
2026-08-26 06:41:18 1787726478.064264 [tornettools] [INFO] Found 1 total files
2026-08-26 06:41:18 1787726478.064707 [tornettools] [INFO] Searching for files containing resource_usage.json in directory tree at /__w/benchmark/benchmark/results/tor/2026-08-22-T04-38-59
2026-08-26 06:41:18 1787726478.064819 [tornettools] [INFO] Found /__w/benchmark/benchmark/results/tor/2026-08-22-T04-38-59/tornet-0.15-2/tornet.plot.data/resource_usage.json
2026-08-26 06:41:18 1787726478.064897 [tornettools] [INFO] Found /__w/benchmark/benchmark/results/tor/2026-08-22-T04-38-59/tornet-0.15-3/tornet.plot.data/resource_usage.json
2026-08-26 06:41:18 1787726478.065001 [tornettools] [INFO] Found /__w/benchmark/benchmark/results/tor/2026-08-22-T04-38-59/tornet-0.15-1/tornet.plot.data/resource_usage.json
2026-08-26 06:41:18 1787726478.065036 [tornettools] [INFO] Found 3 total files
2026-08-26 06:41:18 1787726478.066528 [tornettools] [INFO] Searching for files containing resource_usage.json in directory tree at /__w/benchmark/benchmark/results/tor/2024-01-01-T02-18-28
2026-08-26 06:41:18 1787726478.066686 [tornettools] [INFO] Found /__w/benchmark/benchmark/results/tor/2024-01-01-T02-18-28/tornet-0.15-2/tornet.plot.data/resource_usage.json
2026-08-26 06:41:18 1787726478.066766 [tornettools] [INFO] Found /__w/benchmark/benchmark/results/tor/2024-01-01-T02-18-28/tornet-0.15-3/tornet.plot.data/resource_usage.json
2026-08-26 06:41:18 1787726478.066879 [tornettools] [INFO] Found /__w/benchmark/benchmark/results/tor/2024-01-01-T02-18-28/tornet-0.15-4/tornet.plot.data/resource_usage.json
2026-08-26 06:41:18 1787726478.066950 [tornettools] [INFO] Found /__w/benchmark/benchmark/results/tor/2024-01-01-T02-18-28/tornet-0.15-1/tornet.plot.data/resource_usage.json
2026-08-26 06:41:18 1787726478.067033 [tornettools] [INFO] Found /__w/benchmark/benchmark/results/tor/2024-01-01-T02-18-28/tornet-0.15-5/tornet.plot.data/resource_usage.json
2026-08-26 06:41:18 1787726478.067069 [tornettools] [INFO] Found 5 total files
2026-08-26 06:41:19 1787726479.564891 [tornettools] [INFO] Loading Tor metrics data
2026-08-26 06:41:19 1787726479.565014 [tornettools] [INFO] Loading tornet relay goodput data
2026-08-26 06:41:19 1787726479.565063 [tornettools] [INFO] Searching for files containing relay_goodput.json in directory tree at /tmp/sim-results
2026-08-26 06:41:19 1787726479.565372 [tornettools] [INFO] Found /tmp/sim-results/tornet-0.15-1/tornet.plot.data/relay_goodput.json
2026-08-26 06:41:19 1787726479.709582 [tornettools] [INFO] Found 1 total files
2026-08-26 06:41:19 1787726479.709915 [tornettools] [INFO] Searching for files containing relay_goodput.json in directory tree at /__w/benchmark/benchmark/results/tor/2026-08-25-T04-30-10
2026-08-26 06:41:19 1787726479.710058 [tornettools] [INFO] Found /__w/benchmark/benchmark/results/tor/2026-08-25-T04-30-10/tornet-0.15-1/tornet.plot.data/relay_goodput.json
2026-08-26 06:41:19 1787726479.710092 [tornettools] [INFO] Found 1 total files
2026-08-26 06:41:19 1787726479.710248 [tornettools] [INFO] Searching for files containing relay_goodput.json in directory tree at /__w/benchmark/benchmark/results/tor/2026-08-22-T04-38-59
2026-08-26 06:41:19 1787726479.710332 [tornettools] [INFO] Found /__w/benchmark/benchmark/results/tor/2026-08-22-T04-38-59/tornet-0.15-2/tornet.plot.data/relay_goodput.json
2026-08-26 06:41:19 1787726479.710395 [tornettools] [INFO] Found /__w/benchmark/benchmark/results/tor/2026-08-22-T04-38-59/tornet-0.15-3/tornet.plot.data/relay_goodput.json
2026-08-26 06:41:19 1787726479.710478 [tornettools] [INFO] Found /__w/benchmark/benchmark/results/tor/2026-08-22-T04-38-59/tornet-0.15-1/tornet.plot.data/relay_goodput.json
2026-08-26 06:41:19 1787726479.710505 [tornettools] [INFO] Found 3 total files
2026-08-26 06:41:19 1787726479.710899 [tornettools] [INFO] Searching for files containing relay_goodput.json in directory tree at /__w/benchmark/benchmark/results/tor/2024-01-01-T02-18-28
2026-08-26 06:41:19 1787726479.710989 [tornettools] [INFO] Found /__w/benchmark/benchmark/results/tor/2024-01-01-T02-18-28/tornet-0.15-2/tornet.plot.data/relay_goodput.json
2026-08-26 06:41:19 1787726479.711051 [tornettools] [INFO] Found /__w/benchmark/benchmark/results/tor/2024-01-01-T02-18-28/tornet-0.15-3/tornet.plot.data/relay_goodput.json
2026-08-26 06:41:19 1787726479.711140 [tornettools] [INFO] Found /__w/benchmark/benchmark/results/tor/2024-01-01-T02-18-28/tornet-0.15-4/tornet.plot.data/relay_goodput.json
2026-08-26 06:41:19 1787726479.711196 [tornettools] [INFO] Found /__w/benchmark/benchmark/results/tor/2024-01-01-T02-18-28/tornet-0.15-1/tornet.plot.data/relay_goodput.json
2026-08-26 06:41:19 1787726479.711251 [tornettools] [INFO] Found /__w/benchmark/benchmark/results/tor/2024-01-01-T02-18-28/tornet-0.15-5/tornet.plot.data/relay_goodput.json
2026-08-26 06:41:19 1787726479.711279 [tornettools] [INFO] Found 5 total files
2026-08-26 06:41:19 1787726479.712273 [tornettools] [INFO] Searching for files containing simulation_info.json in directory tree at /tmp/sim-results
2026-08-26 06:41:19 1787726479.712548 [tornettools] [INFO] Found /tmp/sim-results/tornet-0.15-1/tornet.plot.data/simulation_info.json
2026-08-26 06:41:19 1787726479.849944 [tornettools] [INFO] Found 1 total files
2026-08-26 06:41:19 1787726479.850054 [tornettools] [INFO] Searching for files containing simulation_info.json in directory tree at /__w/benchmark/benchmark/results/tor/2026-08-25-T04-30-10
2026-08-26 06:41:19 1787726479.850163 [tornettools] [INFO] Found /__w/benchmark/benchmark/results/tor/2026-08-25-T04-30-10/tornet-0.15-1/tornet.plot.data/simulation_info.json
2026-08-26 06:41:19 1787726479.850196 [tornettools] [INFO] Found 1 total files
2026-08-26 06:41:19 1787726479.850261 [tornettools] [INFO] Searching for files containing simulation_info.json in directory tree at /__w/benchmark/benchmark/results/tor/2026-08-22-T04-38-59
2026-08-26 06:41:19 1787726479.850338 [tornettools] [INFO] Found /__w/benchmark/benchmark/results/tor/2026-08-22-T04-38-59/tornet-0.15-2/tornet.plot.data/simulation_info.json
2026-08-26 06:41:19 1787726479.850398 [tornettools] [INFO] Found /__w/benchmark/benchmark/results/tor/2026-08-22-T04-38-59/tornet-0.15-3/tornet.plot.data/simulation_info.json
2026-08-26 06:41:19 1787726479.850481 [tornettools] [INFO] Found /__w/benchmark/benchmark/results/tor/2026-08-22-T04-38-59/tornet-0.15-1/tornet.plot.data/simulation_info.json
2026-08-26 06:41:19 1787726479.850517 [tornettools] [INFO] Found 3 total files
2026-08-26 06:41:19 1787726479.850613 [tornettools] [INFO] Searching for files containing simulation_info.json in directory tree at /__w/benchmark/benchmark/results/tor/2024-01-01-T02-18-28
2026-08-26 06:41:19 1787726479.850691 [tornettools] [INFO] Found /__w/benchmark/benchmark/results/tor/2024-01-01-T02-18-28/tornet-0.15-2/tornet.plot.data/simulation_info.json
2026-08-26 06:41:19 1787726479.850751 [tornettools] [INFO] Found /__w/benchmark/benchmark/results/tor/2024-01-01-T02-18-28/tornet-0.15-3/tornet.plot.data/simulation_info.json
2026-08-26 06:41:19 1787726479.850837 [tornettools] [INFO] Found /__w/benchmark/benchmark/results/tor/2024-01-01-T02-18-28/tornet-0.15-4/tornet.plot.data/simulation_info.json
2026-08-26 06:41:19 1787726479.850893 [tornettools] [INFO] Found /__w/benchmark/benchmark/results/tor/2024-01-01-T02-18-28/tornet-0.15-1/tornet.plot.data/simulation_info.json
2026-08-26 06:41:19 1787726479.850949 [tornettools] [INFO] Found /__w/benchmark/benchmark/results/tor/2024-01-01-T02-18-28/tornet-0.15-5/tornet.plot.data/simulation_info.json
2026-08-26 06:41:19 1787726479.850979 [tornettools] [INFO] Found 5 total files
2026-08-26 06:41:19 1787726479.851121 [tornettools] [INFO] Found simulated network scale 0.15
2026-08-26 06:41:19 1787726479.851161 [tornettools] [INFO] Plotting relay goodput
