2026-09-12 14:50:51 1789224651.237692 [tornettools] [INFO] Logging system initialized! Logging events to stdout and to '/tmp/sim-results/plots/tornettools.plot.2026-09-12.14.50.51.log'
2026-09-12 14:50:51 1789224651.237840 [tornettools] [INFO] Seeded standard and numpy PRNGs with seed=214559074
2026-09-12 14:50:51 1789224651.237912 [tornettools] [INFO] The argument namespace is: Namespace(do_version=False, quiet=0, seed=214559074, command='plot', tornet_collection_path=['/tmp/sim-results', '/__w/benchmark/benchmark/results/tor/2026-09-11-T08-26-06', '/__w/benchmark/benchmark/results/tor/2026-09-05-T08-15-11', '/__w/benchmark/benchmark/results/tor/2024-01-01-T02-18-28'], tor_metrics_path=None, prefix='/tmp/sim-results/plots', labels=['2026-09-12-T08-32-31 (Weekly benchmark)', '2026-09-11-T08-26-06 (Nightly benchmark)', '2026-09-05-T08-15-11 (Weekly benchmark)', '2024-01-01-T02-18-28 (v3.1.0)'], colors=None, plot_all=False, plot_pngs=True, func=<function plot at 0x14e278b53880>, formatter_class=<class '__main__.CustomHelpFormatter'>)
2026-09-12 14:50:51 1789224651.239686 [tornettools] [INFO] The platform is: Linux-6.12.86+deb13-amd64-x86_64-with-glibc2.36
2026-09-12 14:50:51 1789224651.239780 [tornettools] [INFO] System info: uname_result(system='Linux', node='ba9f9d8038fa', release='6.12.86+deb13-amd64', version='#1 SMP PREEMPT_DYNAMIC Debian 6.12.86-1 (2026-05-08)', machine='x86_64')
2026-09-12 14:50:51 1789224651.515041 [tornettools] [INFO] generated new fontManager
2026-09-12 14:50:52 1789224652.420360 [tornettools] [INFO] Plotting simulation results now
2026-09-12 14:50:52 1789224652.420723 [tornettools] [INFO] Plotting tornet comparisons
2026-09-12 14:50:52 1789224652.420792 [tornettools] [INFO] Loading tornet resource usage data
2026-09-12 14:50:52 1789224652.420835 [tornettools] [INFO] Searching for files containing resource_usage.json in directory tree at /tmp/sim-results
2026-09-12 14:50:52 1789224652.421134 [tornettools] [INFO] Found /tmp/sim-results/tornet-0.15-2/tornet.plot.data/resource_usage.json
2026-09-12 14:50:52 1789224652.593833 [tornettools] [INFO] Found /tmp/sim-results/tornet-0.15-3/tornet.plot.data/resource_usage.json
2026-09-12 14:50:52 1789224652.768197 [tornettools] [INFO] Found /tmp/sim-results/tornet-0.15-1/tornet.plot.data/resource_usage.json
2026-09-12 14:50:52 1789224652.940727 [tornettools] [INFO] Found 3 total files
2026-09-12 14:50:52 1789224652.942198 [tornettools] [INFO] Searching for files containing resource_usage.json in directory tree at /__w/benchmark/benchmark/results/tor/2026-09-11-T08-26-06
2026-09-12 14:50:52 1789224652.942415 [tornettools] [INFO] Found /__w/benchmark/benchmark/results/tor/2026-09-11-T08-26-06/tornet-0.15-1/tornet.plot.data/resource_usage.json
2026-09-12 14:50:52 1789224652.942461 [tornettools] [INFO] Found 1 total files
2026-09-12 14:50:52 1789224652.942971 [tornettools] [INFO] Searching for files containing resource_usage.json in directory tree at /__w/benchmark/benchmark/results/tor/2026-09-05-T08-15-11
2026-09-12 14:50:52 1789224652.943098 [tornettools] [INFO] Found /__w/benchmark/benchmark/results/tor/2026-09-05-T08-15-11/tornet-0.15-2/tornet.plot.data/resource_usage.json
2026-09-12 14:50:52 1789224652.943179 [tornettools] [INFO] Found /__w/benchmark/benchmark/results/tor/2026-09-05-T08-15-11/tornet-0.15-3/tornet.plot.data/resource_usage.json
2026-09-12 14:50:52 1789224652.943281 [tornettools] [INFO] Found /__w/benchmark/benchmark/results/tor/2026-09-05-T08-15-11/tornet-0.15-1/tornet.plot.data/resource_usage.json
2026-09-12 14:50:52 1789224652.943317 [tornettools] [INFO] Found 3 total files
2026-09-12 14:50:52 1789224652.944688 [tornettools] [INFO] Searching for files containing resource_usage.json in directory tree at /__w/benchmark/benchmark/results/tor/2024-01-01-T02-18-28
2026-09-12 14:50:52 1789224652.944843 [tornettools] [INFO] Found /__w/benchmark/benchmark/results/tor/2024-01-01-T02-18-28/tornet-0.15-2/tornet.plot.data/resource_usage.json
2026-09-12 14:50:52 1789224652.944921 [tornettools] [INFO] Found /__w/benchmark/benchmark/results/tor/2024-01-01-T02-18-28/tornet-0.15-3/tornet.plot.data/resource_usage.json
2026-09-12 14:50:52 1789224652.945046 [tornettools] [INFO] Found /__w/benchmark/benchmark/results/tor/2024-01-01-T02-18-28/tornet-0.15-4/tornet.plot.data/resource_usage.json
2026-09-12 14:50:52 1789224652.945117 [tornettools] [INFO] Found /__w/benchmark/benchmark/results/tor/2024-01-01-T02-18-28/tornet-0.15-1/tornet.plot.data/resource_usage.json
2026-09-12 14:50:52 1789224652.945214 [tornettools] [INFO] Found /__w/benchmark/benchmark/results/tor/2024-01-01-T02-18-28/tornet-0.15-5/tornet.plot.data/resource_usage.json
2026-09-12 14:50:52 1789224652.945255 [tornettools] [INFO] Found 5 total files
2026-09-12 14:50:54 1789224654.680865 [tornettools] [INFO] Loading Tor metrics data
2026-09-12 14:50:54 1789224654.680991 [tornettools] [INFO] Loading tornet relay goodput data
2026-09-12 14:50:54 1789224654.681033 [tornettools] [INFO] Searching for files containing relay_goodput.json in directory tree at /tmp/sim-results
2026-09-12 14:50:54 1789224654.681345 [tornettools] [INFO] Found /tmp/sim-results/tornet-0.15-2/tornet.plot.data/relay_goodput.json
2026-09-12 14:50:54 1789224654.814198 [tornettools] [INFO] Found /tmp/sim-results/tornet-0.15-3/tornet.plot.data/relay_goodput.json
2026-09-12 14:50:54 1789224654.946794 [tornettools] [INFO] Found /tmp/sim-results/tornet-0.15-1/tornet.plot.data/relay_goodput.json
2026-09-12 14:50:55 1789224655.080295 [tornettools] [INFO] Found 3 total files
2026-09-12 14:50:55 1789224655.080813 [tornettools] [INFO] Searching for files containing relay_goodput.json in directory tree at /__w/benchmark/benchmark/results/tor/2026-09-11-T08-26-06
2026-09-12 14:50:55 1789224655.080958 [tornettools] [INFO] Found /__w/benchmark/benchmark/results/tor/2026-09-11-T08-26-06/tornet-0.15-1/tornet.plot.data/relay_goodput.json
2026-09-12 14:50:55 1789224655.080992 [tornettools] [INFO] Found 1 total files
2026-09-12 14:50:55 1789224655.081156 [tornettools] [INFO] Searching for files containing relay_goodput.json in directory tree at /__w/benchmark/benchmark/results/tor/2026-09-05-T08-15-11
2026-09-12 14:50:55 1789224655.081261 [tornettools] [INFO] Found /__w/benchmark/benchmark/results/tor/2026-09-05-T08-15-11/tornet-0.15-2/tornet.plot.data/relay_goodput.json
2026-09-12 14:50:55 1789224655.081348 [tornettools] [INFO] Found /__w/benchmark/benchmark/results/tor/2026-09-05-T08-15-11/tornet-0.15-3/tornet.plot.data/relay_goodput.json
2026-09-12 14:50:55 1789224655.081444 [tornettools] [INFO] Found /__w/benchmark/benchmark/results/tor/2026-09-05-T08-15-11/tornet-0.15-1/tornet.plot.data/relay_goodput.json
2026-09-12 14:50:55 1789224655.081474 [tornettools] [INFO] Found 3 total files
2026-09-12 14:50:55 1789224655.081934 [tornettools] [INFO] Searching for files containing relay_goodput.json in directory tree at /__w/benchmark/benchmark/results/tor/2024-01-01-T02-18-28
2026-09-12 14:50:55 1789224655.082031 [tornettools] [INFO] Found /__w/benchmark/benchmark/results/tor/2024-01-01-T02-18-28/tornet-0.15-2/tornet.plot.data/relay_goodput.json
2026-09-12 14:50:55 1789224655.082095 [tornettools] [INFO] Found /__w/benchmark/benchmark/results/tor/2024-01-01-T02-18-28/tornet-0.15-3/tornet.plot.data/relay_goodput.json
2026-09-12 14:50:55 1789224655.082187 [tornettools] [INFO] Found /__w/benchmark/benchmark/results/tor/2024-01-01-T02-18-28/tornet-0.15-4/tornet.plot.data/relay_goodput.json
2026-09-12 14:50:55 1789224655.082246 [tornettools] [INFO] Found /__w/benchmark/benchmark/results/tor/2024-01-01-T02-18-28/tornet-0.15-1/tornet.plot.data/relay_goodput.json
2026-09-12 14:50:55 1789224655.082304 [tornettools] [INFO] Found /__w/benchmark/benchmark/results/tor/2024-01-01-T02-18-28/tornet-0.15-5/tornet.plot.data/relay_goodput.json
2026-09-12 14:50:55 1789224655.082332 [tornettools] [INFO] Found 5 total files
2026-09-12 14:50:55 1789224655.083407 [tornettools] [INFO] Searching for files containing simulation_info.json in directory tree at /tmp/sim-results
2026-09-12 14:50:55 1789224655.083649 [tornettools] [INFO] Found /tmp/sim-results/tornet-0.15-2/tornet.plot.data/simulation_info.json
2026-09-12 14:50:55 1789224655.216363 [tornettools] [INFO] Found /tmp/sim-results/tornet-0.15-3/tornet.plot.data/simulation_info.json
2026-09-12 14:50:55 1789224655.347869 [tornettools] [INFO] Found /tmp/sim-results/tornet-0.15-1/tornet.plot.data/simulation_info.json
2026-09-12 14:50:55 1789224655.482207 [tornettools] [INFO] Found 3 total files
2026-09-12 14:50:55 1789224655.482593 [tornettools] [INFO] Searching for files containing simulation_info.json in directory tree at /__w/benchmark/benchmark/results/tor/2026-09-11-T08-26-06
2026-09-12 14:50:55 1789224655.482774 [tornettools] [INFO] Found /__w/benchmark/benchmark/results/tor/2026-09-11-T08-26-06/tornet-0.15-1/tornet.plot.data/simulation_info.json
2026-09-12 14:50:55 1789224655.482812 [tornettools] [INFO] Found 1 total files
2026-09-12 14:50:55 1789224655.482906 [tornettools] [INFO] Searching for files containing simulation_info.json in directory tree at /__w/benchmark/benchmark/results/tor/2026-09-05-T08-15-11
2026-09-12 14:50:55 1789224655.483004 [tornettools] [INFO] Found /__w/benchmark/benchmark/results/tor/2026-09-05-T08-15-11/tornet-0.15-2/tornet.plot.data/simulation_info.json
2026-09-12 14:50:55 1789224655.483083 [tornettools] [INFO] Found /__w/benchmark/benchmark/results/tor/2026-09-05-T08-15-11/tornet-0.15-3/tornet.plot.data/simulation_info.json
2026-09-12 14:50:55 1789224655.483187 [tornettools] [INFO] Found /__w/benchmark/benchmark/results/tor/2026-09-05-T08-15-11/tornet-0.15-1/tornet.plot.data/simulation_info.json
2026-09-12 14:50:55 1789224655.483222 [tornettools] [INFO] Found 3 total files
2026-09-12 14:50:55 1789224655.483363 [tornettools] [INFO] Searching for files containing simulation_info.json in directory tree at /__w/benchmark/benchmark/results/tor/2024-01-01-T02-18-28
2026-09-12 14:50:55 1789224655.483456 [tornettools] [INFO] Found /__w/benchmark/benchmark/results/tor/2024-01-01-T02-18-28/tornet-0.15-2/tornet.plot.data/simulation_info.json
2026-09-12 14:50:55 1789224655.483540 [tornettools] [INFO] Found /__w/benchmark/benchmark/results/tor/2024-01-01-T02-18-28/tornet-0.15-3/tornet.plot.data/simulation_info.json
2026-09-12 14:50:55 1789224655.483653 [tornettools] [INFO] Found /__w/benchmark/benchmark/results/tor/2024-01-01-T02-18-28/tornet-0.15-4/tornet.plot.data/simulation_info.json
2026-09-12 14:50:55 1789224655.483728 [tornettools] [INFO] Found /__w/benchmark/benchmark/results/tor/2024-01-01-T02-18-28/tornet-0.15-1/tornet.plot.data/simulation_info.json
2026-09-12 14:50:55 1789224655.483802 [tornettools] [INFO] Found /__w/benchmark/benchmark/results/tor/2024-01-01-T02-18-28/tornet-0.15-5/tornet.plot.data/simulation_info.json
2026-09-12 14:50:55 1789224655.483835 [tornettools] [INFO] Found 5 total files
2026-09-12 14:50:55 1789224655.484092 [tornettools] [INFO] Found simulated network scale 0.15
2026-09-12 14:50:55 1789224655.484148 [tornettools] [INFO] Plotting relay goodput
