2026-09-17 11:11:59 1789643519.672652 [tornettools] [INFO] Logging system initialized! Logging events to stdout and to '/tmp/sim-results/plots/tornettools.plot.2026-09-17.11.11.59.log'
2026-09-17 11:11:59 1789643519.672828 [tornettools] [INFO] Seeded standard and numpy PRNGs with seed=2001984564
2026-09-17 11:11:59 1789643519.672905 [tornettools] [INFO] The argument namespace is: Namespace(do_version=False, quiet=0, seed=2001984564, command='plot', tornet_collection_path=['/tmp/sim-results', '/__w/benchmark/benchmark/results/tor/2026-09-16-T08-57-14', '/__w/benchmark/benchmark/results/tor/2026-09-12-T08-32-31', '/__w/benchmark/benchmark/results/tor/2024-01-01-T02-18-28'], tor_metrics_path=None, prefix='/tmp/sim-results/plots', labels=['2026-09-17-T09-02-50 (Nightly benchmark)', '2026-09-16-T08-57-14 (Nightly benchmark)', '2026-09-12-T08-32-31 (Weekly benchmark)', '2024-01-01-T02-18-28 (v3.1.0)'], colors=None, plot_all=False, plot_pngs=True, func=<function plot at 0x1548ec1df880>, formatter_class=<class '__main__.CustomHelpFormatter'>)
2026-09-17 11:11:59 1789643519.675003 [tornettools] [INFO] The platform is: Linux-6.12.86+deb13-amd64-x86_64-with-glibc2.36
2026-09-17 11:11:59 1789643519.675112 [tornettools] [INFO] System info: uname_result(system='Linux', node='f55e6bd92372', release='6.12.86+deb13-amd64', version='#1 SMP PREEMPT_DYNAMIC Debian 6.12.86-1 (2026-05-08)', machine='x86_64')
2026-09-17 11:11:59 1789643519.953698 [tornettools] [INFO] generated new fontManager
2026-09-17 11:12:00 1789643520.854554 [tornettools] [INFO] Plotting simulation results now
2026-09-17 11:12:00 1789643520.854931 [tornettools] [INFO] Plotting tornet comparisons
2026-09-17 11:12:00 1789643520.855000 [tornettools] [INFO] Loading tornet resource usage data
2026-09-17 11:12:00 1789643520.855043 [tornettools] [INFO] Searching for files containing resource_usage.json in directory tree at /tmp/sim-results
2026-09-17 11:12:00 1789643520.855353 [tornettools] [INFO] Found /tmp/sim-results/tornet-0.15-1/tornet.plot.data/resource_usage.json
2026-09-17 11:12:01 1789643521.033350 [tornettools] [INFO] Found 1 total files
2026-09-17 11:12:01 1789643521.033941 [tornettools] [INFO] Searching for files containing resource_usage.json in directory tree at /__w/benchmark/benchmark/results/tor/2026-09-16-T08-57-14
2026-09-17 11:12:01 1789643521.034118 [tornettools] [INFO] Found /__w/benchmark/benchmark/results/tor/2026-09-16-T08-57-14/tornet-0.15-1/tornet.plot.data/resource_usage.json
2026-09-17 11:12:01 1789643521.034163 [tornettools] [INFO] Found 1 total files
2026-09-17 11:12:01 1789643521.034614 [tornettools] [INFO] Searching for files containing resource_usage.json in directory tree at /__w/benchmark/benchmark/results/tor/2026-09-12-T08-32-31
2026-09-17 11:12:01 1789643521.034736 [tornettools] [INFO] Found /__w/benchmark/benchmark/results/tor/2026-09-12-T08-32-31/tornet-0.15-2/tornet.plot.data/resource_usage.json
2026-09-17 11:12:01 1789643521.034827 [tornettools] [INFO] Found /__w/benchmark/benchmark/results/tor/2026-09-12-T08-32-31/tornet-0.15-3/tornet.plot.data/resource_usage.json
2026-09-17 11:12:01 1789643521.034933 [tornettools] [INFO] Found /__w/benchmark/benchmark/results/tor/2026-09-12-T08-32-31/tornet-0.15-1/tornet.plot.data/resource_usage.json
2026-09-17 11:12:01 1789643521.034970 [tornettools] [INFO] Found 3 total files
2026-09-17 11:12:01 1789643521.036590 [tornettools] [INFO] Searching for files containing resource_usage.json in directory tree at /__w/benchmark/benchmark/results/tor/2024-01-01-T02-18-28
2026-09-17 11:12:01 1789643521.036750 [tornettools] [INFO] Found /__w/benchmark/benchmark/results/tor/2024-01-01-T02-18-28/tornet-0.15-2/tornet.plot.data/resource_usage.json
2026-09-17 11:12:01 1789643521.036830 [tornettools] [INFO] Found /__w/benchmark/benchmark/results/tor/2024-01-01-T02-18-28/tornet-0.15-3/tornet.plot.data/resource_usage.json
2026-09-17 11:12:01 1789643521.036942 [tornettools] [INFO] Found /__w/benchmark/benchmark/results/tor/2024-01-01-T02-18-28/tornet-0.15-4/tornet.plot.data/resource_usage.json
2026-09-17 11:12:01 1789643521.037013 [tornettools] [INFO] Found /__w/benchmark/benchmark/results/tor/2024-01-01-T02-18-28/tornet-0.15-1/tornet.plot.data/resource_usage.json
2026-09-17 11:12:01 1789643521.037098 [tornettools] [INFO] Found /__w/benchmark/benchmark/results/tor/2024-01-01-T02-18-28/tornet-0.15-5/tornet.plot.data/resource_usage.json
2026-09-17 11:12:01 1789643521.037132 [tornettools] [INFO] Found 5 total files
2026-09-17 11:12:02 1789643522.523808 [tornettools] [INFO] Loading Tor metrics data
2026-09-17 11:12:02 1789643522.523916 [tornettools] [INFO] Loading tornet relay goodput data
2026-09-17 11:12:02 1789643522.523964 [tornettools] [INFO] Searching for files containing relay_goodput.json in directory tree at /tmp/sim-results
2026-09-17 11:12:02 1789643522.524241 [tornettools] [INFO] Found /tmp/sim-results/tornet-0.15-1/tornet.plot.data/relay_goodput.json
2026-09-17 11:12:02 1789643522.660532 [tornettools] [INFO] Found 1 total files
2026-09-17 11:12:02 1789643522.660872 [tornettools] [INFO] Searching for files containing relay_goodput.json in directory tree at /__w/benchmark/benchmark/results/tor/2026-09-16-T08-57-14
2026-09-17 11:12:02 1789643522.661008 [tornettools] [INFO] Found /__w/benchmark/benchmark/results/tor/2026-09-16-T08-57-14/tornet-0.15-1/tornet.plot.data/relay_goodput.json
2026-09-17 11:12:02 1789643522.661042 [tornettools] [INFO] Found 1 total files
2026-09-17 11:12:02 1789643522.661210 [tornettools] [INFO] Searching for files containing relay_goodput.json in directory tree at /__w/benchmark/benchmark/results/tor/2026-09-12-T08-32-31
2026-09-17 11:12:02 1789643522.661297 [tornettools] [INFO] Found /__w/benchmark/benchmark/results/tor/2026-09-12-T08-32-31/tornet-0.15-2/tornet.plot.data/relay_goodput.json
2026-09-17 11:12:02 1789643522.661361 [tornettools] [INFO] Found /__w/benchmark/benchmark/results/tor/2026-09-12-T08-32-31/tornet-0.15-3/tornet.plot.data/relay_goodput.json
2026-09-17 11:12:02 1789643522.661443 [tornettools] [INFO] Found /__w/benchmark/benchmark/results/tor/2026-09-12-T08-32-31/tornet-0.15-1/tornet.plot.data/relay_goodput.json
2026-09-17 11:12:02 1789643522.661470 [tornettools] [INFO] Found 3 total files
2026-09-17 11:12:02 1789643522.661875 [tornettools] [INFO] Searching for files containing relay_goodput.json in directory tree at /__w/benchmark/benchmark/results/tor/2024-01-01-T02-18-28
2026-09-17 11:12:02 1789643522.661970 [tornettools] [INFO] Found /__w/benchmark/benchmark/results/tor/2024-01-01-T02-18-28/tornet-0.15-2/tornet.plot.data/relay_goodput.json
2026-09-17 11:12:02 1789643522.662034 [tornettools] [INFO] Found /__w/benchmark/benchmark/results/tor/2024-01-01-T02-18-28/tornet-0.15-3/tornet.plot.data/relay_goodput.json
2026-09-17 11:12:02 1789643522.662125 [tornettools] [INFO] Found /__w/benchmark/benchmark/results/tor/2024-01-01-T02-18-28/tornet-0.15-4/tornet.plot.data/relay_goodput.json
2026-09-17 11:12:02 1789643522.662182 [tornettools] [INFO] Found /__w/benchmark/benchmark/results/tor/2024-01-01-T02-18-28/tornet-0.15-1/tornet.plot.data/relay_goodput.json
2026-09-17 11:12:02 1789643522.662239 [tornettools] [INFO] Found /__w/benchmark/benchmark/results/tor/2024-01-01-T02-18-28/tornet-0.15-5/tornet.plot.data/relay_goodput.json
2026-09-17 11:12:02 1789643522.662265 [tornettools] [INFO] Found 5 total files
2026-09-17 11:12:02 1789643522.663283 [tornettools] [INFO] Searching for files containing simulation_info.json in directory tree at /tmp/sim-results
2026-09-17 11:12:02 1789643522.663561 [tornettools] [INFO] Found /tmp/sim-results/tornet-0.15-1/tornet.plot.data/simulation_info.json
2026-09-17 11:12:02 1789643522.797977 [tornettools] [INFO] Found 1 total files
2026-09-17 11:12:02 1789643522.798088 [tornettools] [INFO] Searching for files containing simulation_info.json in directory tree at /__w/benchmark/benchmark/results/tor/2026-09-16-T08-57-14
2026-09-17 11:12:02 1789643522.798198 [tornettools] [INFO] Found /__w/benchmark/benchmark/results/tor/2026-09-16-T08-57-14/tornet-0.15-1/tornet.plot.data/simulation_info.json
2026-09-17 11:12:02 1789643522.798231 [tornettools] [INFO] Found 1 total files
2026-09-17 11:12:02 1789643522.798296 [tornettools] [INFO] Searching for files containing simulation_info.json in directory tree at /__w/benchmark/benchmark/results/tor/2026-09-12-T08-32-31
2026-09-17 11:12:02 1789643522.798372 [tornettools] [INFO] Found /__w/benchmark/benchmark/results/tor/2026-09-12-T08-32-31/tornet-0.15-2/tornet.plot.data/simulation_info.json
2026-09-17 11:12:02 1789643522.798431 [tornettools] [INFO] Found /__w/benchmark/benchmark/results/tor/2026-09-12-T08-32-31/tornet-0.15-3/tornet.plot.data/simulation_info.json
2026-09-17 11:12:02 1789643522.798517 [tornettools] [INFO] Found /__w/benchmark/benchmark/results/tor/2026-09-12-T08-32-31/tornet-0.15-1/tornet.plot.data/simulation_info.json
2026-09-17 11:12:02 1789643522.798552 [tornettools] [INFO] Found 3 total files
2026-09-17 11:12:02 1789643522.798652 [tornettools] [INFO] Searching for files containing simulation_info.json in directory tree at /__w/benchmark/benchmark/results/tor/2024-01-01-T02-18-28
2026-09-17 11:12:02 1789643522.798731 [tornettools] [INFO] Found /__w/benchmark/benchmark/results/tor/2024-01-01-T02-18-28/tornet-0.15-2/tornet.plot.data/simulation_info.json
2026-09-17 11:12:02 1789643522.798792 [tornettools] [INFO] Found /__w/benchmark/benchmark/results/tor/2024-01-01-T02-18-28/tornet-0.15-3/tornet.plot.data/simulation_info.json
2026-09-17 11:12:02 1789643522.798881 [tornettools] [INFO] Found /__w/benchmark/benchmark/results/tor/2024-01-01-T02-18-28/tornet-0.15-4/tornet.plot.data/simulation_info.json
2026-09-17 11:12:02 1789643522.798937 [tornettools] [INFO] Found /__w/benchmark/benchmark/results/tor/2024-01-01-T02-18-28/tornet-0.15-1/tornet.plot.data/simulation_info.json
2026-09-17 11:12:02 1789643522.798993 [tornettools] [INFO] Found /__w/benchmark/benchmark/results/tor/2024-01-01-T02-18-28/tornet-0.15-5/tornet.plot.data/simulation_info.json
2026-09-17 11:12:02 1789643522.799025 [tornettools] [INFO] Found 5 total files
2026-09-17 11:12:02 1789643522.799165 [tornettools] [INFO] Found simulated network scale 0.15
2026-09-17 11:12:02 1789643522.799204 [tornettools] [INFO] Plotting relay goodput
