2026-09-18 10:48:15 1789728495.709682 [tornettools] [INFO] Logging system initialized! Logging events to stdout and to '/tmp/sim-results/plots/tornettools.plot.2026-09-18.10.48.15.log'
2026-09-18 10:48:15 1789728495.709850 [tornettools] [INFO] Seeded standard and numpy PRNGs with seed=147656408
2026-09-18 10:48:15 1789728495.709924 [tornettools] [INFO] The argument namespace is: Namespace(do_version=False, quiet=0, seed=147656408, command='plot', tornet_collection_path=['/tmp/sim-results', '/__w/benchmark/benchmark/results/tor/2026-09-17-T09-02-50', '/__w/benchmark/benchmark/results/tor/2026-09-12-T08-32-31', '/__w/benchmark/benchmark/results/tor/2024-01-01-T02-18-28'], tor_metrics_path=None, prefix='/tmp/sim-results/plots', labels=['2026-09-18-T08-37-16 (Nightly benchmark)', '2026-09-17-T09-02-50 (Nightly benchmark)', '2026-09-12-T08-32-31 (Weekly benchmark)', '2024-01-01-T02-18-28 (v3.1.0)'], colors=None, plot_all=False, plot_pngs=True, func=<function plot at 0x14733a41b880>, formatter_class=<class '__main__.CustomHelpFormatter'>)
2026-09-18 10:48:15 1789728495.711931 [tornettools] [INFO] The platform is: Linux-6.12.86+deb13-amd64-x86_64-with-glibc2.36
2026-09-18 10:48:15 1789728495.712033 [tornettools] [INFO] System info: uname_result(system='Linux', node='50f20f5f951e', release='6.12.86+deb13-amd64', version='#1 SMP PREEMPT_DYNAMIC Debian 6.12.86-1 (2026-05-08)', machine='x86_64')
2026-09-18 10:48:15 1789728495.986935 [tornettools] [INFO] generated new fontManager
2026-09-18 10:48:16 1789728496.891352 [tornettools] [INFO] Plotting simulation results now
2026-09-18 10:48:16 1789728496.891713 [tornettools] [INFO] Plotting tornet comparisons
2026-09-18 10:48:16 1789728496.891778 [tornettools] [INFO] Loading tornet resource usage data
2026-09-18 10:48:16 1789728496.891822 [tornettools] [INFO] Searching for files containing resource_usage.json in directory tree at /tmp/sim-results
2026-09-18 10:48:16 1789728496.892139 [tornettools] [INFO] Found /tmp/sim-results/tornet-0.15-1/tornet.plot.data/resource_usage.json
2026-09-18 10:48:17 1789728497.065618 [tornettools] [INFO] Found 1 total files
2026-09-18 10:48:17 1789728497.066218 [tornettools] [INFO] Searching for files containing resource_usage.json in directory tree at /__w/benchmark/benchmark/results/tor/2026-09-17-T09-02-50
2026-09-18 10:48:17 1789728497.066403 [tornettools] [INFO] Found /__w/benchmark/benchmark/results/tor/2026-09-17-T09-02-50/tornet-0.15-1/tornet.plot.data/resource_usage.json
2026-09-18 10:48:17 1789728497.066448 [tornettools] [INFO] Found 1 total files
2026-09-18 10:48:17 1789728497.066886 [tornettools] [INFO] Searching for files containing resource_usage.json in directory tree at /__w/benchmark/benchmark/results/tor/2026-09-12-T08-32-31
2026-09-18 10:48:17 1789728497.066994 [tornettools] [INFO] Found /__w/benchmark/benchmark/results/tor/2026-09-12-T08-32-31/tornet-0.15-2/tornet.plot.data/resource_usage.json
2026-09-18 10:48:17 1789728497.067072 [tornettools] [INFO] Found /__w/benchmark/benchmark/results/tor/2026-09-12-T08-32-31/tornet-0.15-3/tornet.plot.data/resource_usage.json
2026-09-18 10:48:17 1789728497.067174 [tornettools] [INFO] Found /__w/benchmark/benchmark/results/tor/2026-09-12-T08-32-31/tornet-0.15-1/tornet.plot.data/resource_usage.json
2026-09-18 10:48:17 1789728497.067210 [tornettools] [INFO] Found 3 total files
2026-09-18 10:48:17 1789728497.068502 [tornettools] [INFO] Searching for files containing resource_usage.json in directory tree at /__w/benchmark/benchmark/results/tor/2024-01-01-T02-18-28
2026-09-18 10:48:17 1789728497.068646 [tornettools] [INFO] Found /__w/benchmark/benchmark/results/tor/2024-01-01-T02-18-28/tornet-0.15-2/tornet.plot.data/resource_usage.json
2026-09-18 10:48:17 1789728497.068721 [tornettools] [INFO] Found /__w/benchmark/benchmark/results/tor/2024-01-01-T02-18-28/tornet-0.15-3/tornet.plot.data/resource_usage.json
2026-09-18 10:48:17 1789728497.068830 [tornettools] [INFO] Found /__w/benchmark/benchmark/results/tor/2024-01-01-T02-18-28/tornet-0.15-4/tornet.plot.data/resource_usage.json
2026-09-18 10:48:17 1789728497.068897 [tornettools] [INFO] Found /__w/benchmark/benchmark/results/tor/2024-01-01-T02-18-28/tornet-0.15-1/tornet.plot.data/resource_usage.json
2026-09-18 10:48:17 1789728497.068982 [tornettools] [INFO] Found /__w/benchmark/benchmark/results/tor/2024-01-01-T02-18-28/tornet-0.15-5/tornet.plot.data/resource_usage.json
2026-09-18 10:48:17 1789728497.069018 [tornettools] [INFO] Found 5 total files
2026-09-18 10:48:18 1789728498.574095 [tornettools] [INFO] Loading Tor metrics data
2026-09-18 10:48:18 1789728498.574243 [tornettools] [INFO] Loading tornet relay goodput data
2026-09-18 10:48:18 1789728498.574295 [tornettools] [INFO] Searching for files containing relay_goodput.json in directory tree at /tmp/sim-results
2026-09-18 10:48:18 1789728498.574642 [tornettools] [INFO] Found /tmp/sim-results/tornet-0.15-1/tornet.plot.data/relay_goodput.json
2026-09-18 10:48:18 1789728498.732282 [tornettools] [INFO] Found 1 total files
2026-09-18 10:48:18 1789728498.732651 [tornettools] [INFO] Searching for files containing relay_goodput.json in directory tree at /__w/benchmark/benchmark/results/tor/2026-09-17-T09-02-50
2026-09-18 10:48:18 1789728498.732802 [tornettools] [INFO] Found /__w/benchmark/benchmark/results/tor/2026-09-17-T09-02-50/tornet-0.15-1/tornet.plot.data/relay_goodput.json
2026-09-18 10:48:18 1789728498.732836 [tornettools] [INFO] Found 1 total files
2026-09-18 10:48:18 1789728498.732997 [tornettools] [INFO] Searching for files containing relay_goodput.json in directory tree at /__w/benchmark/benchmark/results/tor/2026-09-12-T08-32-31
2026-09-18 10:48:18 1789728498.733083 [tornettools] [INFO] Found /__w/benchmark/benchmark/results/tor/2026-09-12-T08-32-31/tornet-0.15-2/tornet.plot.data/relay_goodput.json
2026-09-18 10:48:18 1789728498.733147 [tornettools] [INFO] Found /__w/benchmark/benchmark/results/tor/2026-09-12-T08-32-31/tornet-0.15-3/tornet.plot.data/relay_goodput.json
2026-09-18 10:48:18 1789728498.733694 [tornettools] [INFO] Found /__w/benchmark/benchmark/results/tor/2026-09-12-T08-32-31/tornet-0.15-1/tornet.plot.data/relay_goodput.json
2026-09-18 10:48:18 1789728498.733749 [tornettools] [INFO] Found 3 total files
2026-09-18 10:48:18 1789728498.734173 [tornettools] [INFO] Searching for files containing relay_goodput.json in directory tree at /__w/benchmark/benchmark/results/tor/2024-01-01-T02-18-28
2026-09-18 10:48:18 1789728498.734271 [tornettools] [INFO] Found /__w/benchmark/benchmark/results/tor/2024-01-01-T02-18-28/tornet-0.15-2/tornet.plot.data/relay_goodput.json
2026-09-18 10:48:18 1789728498.734335 [tornettools] [INFO] Found /__w/benchmark/benchmark/results/tor/2024-01-01-T02-18-28/tornet-0.15-3/tornet.plot.data/relay_goodput.json
2026-09-18 10:48:18 1789728498.734427 [tornettools] [INFO] Found /__w/benchmark/benchmark/results/tor/2024-01-01-T02-18-28/tornet-0.15-4/tornet.plot.data/relay_goodput.json
2026-09-18 10:48:18 1789728498.734487 [tornettools] [INFO] Found /__w/benchmark/benchmark/results/tor/2024-01-01-T02-18-28/tornet-0.15-1/tornet.plot.data/relay_goodput.json
2026-09-18 10:48:18 1789728498.734546 [tornettools] [INFO] Found /__w/benchmark/benchmark/results/tor/2024-01-01-T02-18-28/tornet-0.15-5/tornet.plot.data/relay_goodput.json
2026-09-18 10:48:18 1789728498.734573 [tornettools] [INFO] Found 5 total files
2026-09-18 10:48:18 1789728498.735628 [tornettools] [INFO] Searching for files containing simulation_info.json in directory tree at /tmp/sim-results
2026-09-18 10:48:18 1789728498.735922 [tornettools] [INFO] Found /tmp/sim-results/tornet-0.15-1/tornet.plot.data/simulation_info.json
2026-09-18 10:48:18 1789728498.867720 [tornettools] [INFO] Found 1 total files
2026-09-18 10:48:18 1789728498.867820 [tornettools] [INFO] Searching for files containing simulation_info.json in directory tree at /__w/benchmark/benchmark/results/tor/2026-09-17-T09-02-50
2026-09-18 10:48:18 1789728498.867931 [tornettools] [INFO] Found /__w/benchmark/benchmark/results/tor/2026-09-17-T09-02-50/tornet-0.15-1/tornet.plot.data/simulation_info.json
2026-09-18 10:48:18 1789728498.867963 [tornettools] [INFO] Found 1 total files
2026-09-18 10:48:18 1789728498.868027 [tornettools] [INFO] Searching for files containing simulation_info.json in directory tree at /__w/benchmark/benchmark/results/tor/2026-09-12-T08-32-31
2026-09-18 10:48:18 1789728498.868099 [tornettools] [INFO] Found /__w/benchmark/benchmark/results/tor/2026-09-12-T08-32-31/tornet-0.15-2/tornet.plot.data/simulation_info.json
2026-09-18 10:48:18 1789728498.868158 [tornettools] [INFO] Found /__w/benchmark/benchmark/results/tor/2026-09-12-T08-32-31/tornet-0.15-3/tornet.plot.data/simulation_info.json
2026-09-18 10:48:18 1789728498.868239 [tornettools] [INFO] Found /__w/benchmark/benchmark/results/tor/2026-09-12-T08-32-31/tornet-0.15-1/tornet.plot.data/simulation_info.json
2026-09-18 10:48:18 1789728498.868276 [tornettools] [INFO] Found 3 total files
2026-09-18 10:48:18 1789728498.868366 [tornettools] [INFO] Searching for files containing simulation_info.json in directory tree at /__w/benchmark/benchmark/results/tor/2024-01-01-T02-18-28
2026-09-18 10:48:18 1789728498.868442 [tornettools] [INFO] Found /__w/benchmark/benchmark/results/tor/2024-01-01-T02-18-28/tornet-0.15-2/tornet.plot.data/simulation_info.json
2026-09-18 10:48:18 1789728498.868502 [tornettools] [INFO] Found /__w/benchmark/benchmark/results/tor/2024-01-01-T02-18-28/tornet-0.15-3/tornet.plot.data/simulation_info.json
2026-09-18 10:48:18 1789728498.868591 [tornettools] [INFO] Found /__w/benchmark/benchmark/results/tor/2024-01-01-T02-18-28/tornet-0.15-4/tornet.plot.data/simulation_info.json
2026-09-18 10:48:18 1789728498.868648 [tornettools] [INFO] Found /__w/benchmark/benchmark/results/tor/2024-01-01-T02-18-28/tornet-0.15-1/tornet.plot.data/simulation_info.json
2026-09-18 10:48:18 1789728498.868704 [tornettools] [INFO] Found /__w/benchmark/benchmark/results/tor/2024-01-01-T02-18-28/tornet-0.15-5/tornet.plot.data/simulation_info.json
2026-09-18 10:48:18 1789728498.868734 [tornettools] [INFO] Found 5 total files
2026-09-18 10:48:18 1789728498.868863 [tornettools] [INFO] Found simulated network scale 0.15
2026-09-18 10:48:18 1789728498.868900 [tornettools] [INFO] Plotting relay goodput
