2026-10-03 16:02:32 1791043352.287412 [tornettools] [INFO] Logging system initialized! Logging events to stdout and to '/tmp/sim-results/plots/tornettools.plot.2026-10-03.16.02.32.log'
2026-10-03 16:02:32 1791043352.287608 [tornettools] [INFO] Seeded standard and numpy PRNGs with seed=1276313656
2026-10-03 16:02:32 1791043352.287701 [tornettools] [INFO] The argument namespace is: Namespace(do_version=False, quiet=0, seed=1276313656, command='plot', tornet_collection_path=['/tmp/sim-results', '/__w/benchmark/benchmark/results/tor/2026-10-02-T10-11-03', '/__w/benchmark/benchmark/results/tor/2026-09-26-T09-15-46', '/__w/benchmark/benchmark/results/tor/2024-01-01-T02-18-28'], tor_metrics_path=None, prefix='/tmp/sim-results/plots', labels=['2026-10-03-T09-46-13 (Weekly benchmark)', '2026-10-02-T10-11-03 (Nightly benchmark)', '2026-09-26-T09-15-46 (Weekly benchmark)', '2024-01-01-T02-18-28 (v3.1.0)'], colors=None, plot_all=False, plot_pngs=True, func=<function plot at 0x150b02a13880>, formatter_class=<class '__main__.CustomHelpFormatter'>)
2026-10-03 16:02:32 1791043352.289802 [tornettools] [INFO] The platform is: Linux-6.12.86+deb13-amd64-x86_64-with-glibc2.36
2026-10-03 16:02:32 1791043352.289929 [tornettools] [INFO] System info: uname_result(system='Linux', node='699ac0d48153', release='6.12.86+deb13-amd64', version='#1 SMP PREEMPT_DYNAMIC Debian 6.12.86-1 (2026-05-08)', machine='x86_64')
2026-10-03 16:02:32 1791043352.572444 [tornettools] [INFO] generated new fontManager
2026-10-03 16:02:33 1791043353.477869 [tornettools] [INFO] Plotting simulation results now
2026-10-03 16:02:33 1791043353.478285 [tornettools] [INFO] Plotting tornet comparisons
2026-10-03 16:02:33 1791043353.478376 [tornettools] [INFO] Loading tornet resource usage data
2026-10-03 16:02:33 1791043353.478430 [tornettools] [INFO] Searching for files containing resource_usage.json in directory tree at /tmp/sim-results
2026-10-03 16:02:33 1791043353.478743 [tornettools] [INFO] Found /tmp/sim-results/tornet-0.15-2/tornet.plot.data/resource_usage.json
2026-10-03 16:02:33 1791043353.660066 [tornettools] [INFO] Found /tmp/sim-results/tornet-0.15-3/tornet.plot.data/resource_usage.json
2026-10-03 16:02:33 1791043353.840613 [tornettools] [INFO] Found /tmp/sim-results/tornet-0.15-1/tornet.plot.data/resource_usage.json
2026-10-03 16:02:34 1791043354.020557 [tornettools] [INFO] Found 3 total files
2026-10-03 16:02:34 1791043354.022023 [tornettools] [INFO] Searching for files containing resource_usage.json in directory tree at /__w/benchmark/benchmark/results/tor/2026-10-02-T10-11-03
2026-10-03 16:02:34 1791043354.022247 [tornettools] [INFO] Found /__w/benchmark/benchmark/results/tor/2026-10-02-T10-11-03/tornet-0.15-1/tornet.plot.data/resource_usage.json
2026-10-03 16:02:34 1791043354.022307 [tornettools] [INFO] Found 1 total files
2026-10-03 16:02:34 1791043354.022822 [tornettools] [INFO] Searching for files containing resource_usage.json in directory tree at /__w/benchmark/benchmark/results/tor/2026-09-26-T09-15-46
2026-10-03 16:02:34 1791043354.022971 [tornettools] [INFO] Found /__w/benchmark/benchmark/results/tor/2026-09-26-T09-15-46/tornet-0.15-2/tornet.plot.data/resource_usage.json
2026-10-03 16:02:34 1791043354.023067 [tornettools] [INFO] Found /__w/benchmark/benchmark/results/tor/2026-09-26-T09-15-46/tornet-0.15-3/tornet.plot.data/resource_usage.json
2026-10-03 16:02:34 1791043354.023191 [tornettools] [INFO] Found /__w/benchmark/benchmark/results/tor/2026-09-26-T09-15-46/tornet-0.15-1/tornet.plot.data/resource_usage.json
2026-10-03 16:02:34 1791043354.023239 [tornettools] [INFO] Found 3 total files
2026-10-03 16:02:34 1791043354.024612 [tornettools] [INFO] Searching for files containing resource_usage.json in directory tree at /__w/benchmark/benchmark/results/tor/2024-01-01-T02-18-28
2026-10-03 16:02:34 1791043354.024782 [tornettools] [INFO] Found /__w/benchmark/benchmark/results/tor/2024-01-01-T02-18-28/tornet-0.15-2/tornet.plot.data/resource_usage.json
2026-10-03 16:02:34 1791043354.024876 [tornettools] [INFO] Found /__w/benchmark/benchmark/results/tor/2024-01-01-T02-18-28/tornet-0.15-3/tornet.plot.data/resource_usage.json
2026-10-03 16:02:34 1791043354.025021 [tornettools] [INFO] Found /__w/benchmark/benchmark/results/tor/2024-01-01-T02-18-28/tornet-0.15-4/tornet.plot.data/resource_usage.json
2026-10-03 16:02:34 1791043354.025109 [tornettools] [INFO] Found /__w/benchmark/benchmark/results/tor/2024-01-01-T02-18-28/tornet-0.15-1/tornet.plot.data/resource_usage.json
2026-10-03 16:02:34 1791043354.025189 [tornettools] [INFO] Found /__w/benchmark/benchmark/results/tor/2024-01-01-T02-18-28/tornet-0.15-5/tornet.plot.data/resource_usage.json
2026-10-03 16:02:34 1791043354.025250 [tornettools] [INFO] Found 5 total files
2026-10-03 16:02:35 1791043355.781513 [tornettools] [INFO] Loading Tor metrics data
2026-10-03 16:02:35 1791043355.781641 [tornettools] [INFO] Loading tornet relay goodput data
2026-10-03 16:02:35 1791043355.781682 [tornettools] [INFO] Searching for files containing relay_goodput.json in directory tree at /tmp/sim-results
2026-10-03 16:02:35 1791043355.781964 [tornettools] [INFO] Found /tmp/sim-results/tornet-0.15-2/tornet.plot.data/relay_goodput.json
2026-10-03 16:02:35 1791043355.921352 [tornettools] [INFO] Found /tmp/sim-results/tornet-0.15-3/tornet.plot.data/relay_goodput.json
2026-10-03 16:02:36 1791043356.060021 [tornettools] [INFO] Found /tmp/sim-results/tornet-0.15-1/tornet.plot.data/relay_goodput.json
2026-10-03 16:02:36 1791043356.198534 [tornettools] [INFO] Found 3 total files
2026-10-03 16:02:36 1791043356.199059 [tornettools] [INFO] Searching for files containing relay_goodput.json in directory tree at /__w/benchmark/benchmark/results/tor/2026-10-02-T10-11-03
2026-10-03 16:02:36 1791043356.199197 [tornettools] [INFO] Found /__w/benchmark/benchmark/results/tor/2026-10-02-T10-11-03/tornet-0.15-1/tornet.plot.data/relay_goodput.json
2026-10-03 16:02:36 1791043356.199229 [tornettools] [INFO] Found 1 total files
2026-10-03 16:02:36 1791043356.199385 [tornettools] [INFO] Searching for files containing relay_goodput.json in directory tree at /__w/benchmark/benchmark/results/tor/2026-09-26-T09-15-46
2026-10-03 16:02:36 1791043356.199469 [tornettools] [INFO] Found /__w/benchmark/benchmark/results/tor/2026-09-26-T09-15-46/tornet-0.15-2/tornet.plot.data/relay_goodput.json
2026-10-03 16:02:36 1791043356.199531 [tornettools] [INFO] Found /__w/benchmark/benchmark/results/tor/2026-09-26-T09-15-46/tornet-0.15-3/tornet.plot.data/relay_goodput.json
2026-10-03 16:02:36 1791043356.199615 [tornettools] [INFO] Found /__w/benchmark/benchmark/results/tor/2026-09-26-T09-15-46/tornet-0.15-1/tornet.plot.data/relay_goodput.json
2026-10-03 16:02:36 1791043356.199642 [tornettools] [INFO] Found 3 total files
2026-10-03 16:02:36 1791043356.200081 [tornettools] [INFO] Searching for files containing relay_goodput.json in directory tree at /__w/benchmark/benchmark/results/tor/2024-01-01-T02-18-28
2026-10-03 16:02:36 1791043356.200177 [tornettools] [INFO] Found /__w/benchmark/benchmark/results/tor/2024-01-01-T02-18-28/tornet-0.15-2/tornet.plot.data/relay_goodput.json
2026-10-03 16:02:36 1791043356.200243 [tornettools] [INFO] Found /__w/benchmark/benchmark/results/tor/2024-01-01-T02-18-28/tornet-0.15-3/tornet.plot.data/relay_goodput.json
2026-10-03 16:02:36 1791043356.200334 [tornettools] [INFO] Found /__w/benchmark/benchmark/results/tor/2024-01-01-T02-18-28/tornet-0.15-4/tornet.plot.data/relay_goodput.json
2026-10-03 16:02:36 1791043356.200393 [tornettools] [INFO] Found /__w/benchmark/benchmark/results/tor/2024-01-01-T02-18-28/tornet-0.15-1/tornet.plot.data/relay_goodput.json
2026-10-03 16:02:36 1791043356.200451 [tornettools] [INFO] Found /__w/benchmark/benchmark/results/tor/2024-01-01-T02-18-28/tornet-0.15-5/tornet.plot.data/relay_goodput.json
2026-10-03 16:02:36 1791043356.200478 [tornettools] [INFO] Found 5 total files
2026-10-03 16:02:36 1791043356.201530 [tornettools] [INFO] Searching for files containing simulation_info.json in directory tree at /tmp/sim-results
2026-10-03 16:02:36 1791043356.201764 [tornettools] [INFO] Found /tmp/sim-results/tornet-0.15-2/tornet.plot.data/simulation_info.json
2026-10-03 16:02:36 1791043356.340603 [tornettools] [INFO] Found /tmp/sim-results/tornet-0.15-3/tornet.plot.data/simulation_info.json
2026-10-03 16:02:36 1791043356.479488 [tornettools] [INFO] Found /tmp/sim-results/tornet-0.15-1/tornet.plot.data/simulation_info.json
2026-10-03 16:02:36 1791043356.617101 [tornettools] [INFO] Found 3 total files
2026-10-03 16:02:36 1791043356.617363 [tornettools] [INFO] Searching for files containing simulation_info.json in directory tree at /__w/benchmark/benchmark/results/tor/2026-10-02-T10-11-03
2026-10-03 16:02:36 1791043356.617512 [tornettools] [INFO] Found /__w/benchmark/benchmark/results/tor/2026-10-02-T10-11-03/tornet-0.15-1/tornet.plot.data/simulation_info.json
2026-10-03 16:02:36 1791043356.617546 [tornettools] [INFO] Found 1 total files
2026-10-03 16:02:36 1791043356.617610 [tornettools] [INFO] Searching for files containing simulation_info.json in directory tree at /__w/benchmark/benchmark/results/tor/2026-09-26-T09-15-46
2026-10-03 16:02:36 1791043356.617688 [tornettools] [INFO] Found /__w/benchmark/benchmark/results/tor/2026-09-26-T09-15-46/tornet-0.15-2/tornet.plot.data/simulation_info.json
2026-10-03 16:02:36 1791043356.617750 [tornettools] [INFO] Found /__w/benchmark/benchmark/results/tor/2026-09-26-T09-15-46/tornet-0.15-3/tornet.plot.data/simulation_info.json
2026-10-03 16:02:36 1791043356.617833 [tornettools] [INFO] Found /__w/benchmark/benchmark/results/tor/2026-09-26-T09-15-46/tornet-0.15-1/tornet.plot.data/simulation_info.json
2026-10-03 16:02:36 1791043356.617863 [tornettools] [INFO] Found 3 total files
2026-10-03 16:02:36 1791043356.617967 [tornettools] [INFO] Searching for files containing simulation_info.json in directory tree at /__w/benchmark/benchmark/results/tor/2024-01-01-T02-18-28
2026-10-03 16:02:36 1791043356.618044 [tornettools] [INFO] Found /__w/benchmark/benchmark/results/tor/2024-01-01-T02-18-28/tornet-0.15-2/tornet.plot.data/simulation_info.json
2026-10-03 16:02:36 1791043356.618102 [tornettools] [INFO] Found /__w/benchmark/benchmark/results/tor/2024-01-01-T02-18-28/tornet-0.15-3/tornet.plot.data/simulation_info.json
2026-10-03 16:02:36 1791043356.618192 [tornettools] [INFO] Found /__w/benchmark/benchmark/results/tor/2024-01-01-T02-18-28/tornet-0.15-4/tornet.plot.data/simulation_info.json
2026-10-03 16:02:36 1791043356.618248 [tornettools] [INFO] Found /__w/benchmark/benchmark/results/tor/2024-01-01-T02-18-28/tornet-0.15-1/tornet.plot.data/simulation_info.json
2026-10-03 16:02:36 1791043356.618304 [tornettools] [INFO] Found /__w/benchmark/benchmark/results/tor/2024-01-01-T02-18-28/tornet-0.15-5/tornet.plot.data/simulation_info.json
2026-10-03 16:02:36 1791043356.618331 [tornettools] [INFO] Found 5 total files
2026-10-03 16:02:36 1791043356.618484 [tornettools] [INFO] Found simulated network scale 0.15
2026-10-03 16:02:36 1791043356.618527 [tornettools] [INFO] Plotting relay goodput
