2026-09-25 11:24:01 1790335441.911533 [tornettools] [INFO] Logging system initialized! Logging events to stdout and to '/tmp/sim-results/plots/tornettools.plot.2026-09-25.11.24.01.log'
2026-09-25 11:24:01 1790335441.911723 [tornettools] [INFO] Seeded standard and numpy PRNGs with seed=313003845
2026-09-25 11:24:01 1790335441.911804 [tornettools] [INFO] The argument namespace is: Namespace(do_version=False, quiet=0, seed=313003845, command='plot', tornet_collection_path=['/tmp/sim-results', '/__w/benchmark/benchmark/results/tor/2026-09-24-T08-52-54', '/__w/benchmark/benchmark/results/tor/2026-09-19-T08-42-45', '/__w/benchmark/benchmark/results/tor/2024-01-01-T02-18-28'], tor_metrics_path=None, prefix='/tmp/sim-results/plots', labels=['2026-09-25-T09-13-38 (Nightly benchmark)', '2026-09-24-T08-52-54 (Nightly benchmark)', '2026-09-19-T08-42-45 (Weekly benchmark)', '2024-01-01-T02-18-28 (v3.1.0)'], colors=None, plot_all=False, plot_pngs=True, func=<function plot at 0x145e1d54b880>, formatter_class=<class '__main__.CustomHelpFormatter'>)
2026-09-25 11:24:01 1790335441.913959 [tornettools] [INFO] The platform is: Linux-6.12.86+deb13-amd64-x86_64-with-glibc2.36
2026-09-25 11:24:01 1790335441.914076 [tornettools] [INFO] System info: uname_result(system='Linux', node='12a2340cbe56', release='6.12.86+deb13-amd64', version='#1 SMP PREEMPT_DYNAMIC Debian 6.12.86-1 (2026-05-08)', machine='x86_64')
2026-09-25 11:24:02 1790335442.198009 [tornettools] [INFO] generated new fontManager
2026-09-25 11:24:03 1790335443.123999 [tornettools] [INFO] Plotting simulation results now
2026-09-25 11:24:03 1790335443.124423 [tornettools] [INFO] Plotting tornet comparisons
2026-09-25 11:24:03 1790335443.124498 [tornettools] [INFO] Loading tornet resource usage data
2026-09-25 11:24:03 1790335443.124543 [tornettools] [INFO] Searching for files containing resource_usage.json in directory tree at /tmp/sim-results
2026-09-25 11:24:03 1790335443.124859 [tornettools] [INFO] Found /tmp/sim-results/tornet-0.15-1/tornet.plot.data/resource_usage.json
2026-09-25 11:24:03 1790335443.296982 [tornettools] [INFO] Found 1 total files
2026-09-25 11:24:03 1790335443.297628 [tornettools] [INFO] Searching for files containing resource_usage.json in directory tree at /__w/benchmark/benchmark/results/tor/2026-09-24-T08-52-54
2026-09-25 11:24:03 1790335443.297820 [tornettools] [INFO] Found /__w/benchmark/benchmark/results/tor/2026-09-24-T08-52-54/tornet-0.15-1/tornet.plot.data/resource_usage.json
2026-09-25 11:24:03 1790335443.297865 [tornettools] [INFO] Found 1 total files
2026-09-25 11:24:03 1790335443.298335 [tornettools] [INFO] Searching for files containing resource_usage.json in directory tree at /__w/benchmark/benchmark/results/tor/2026-09-19-T08-42-45
2026-09-25 11:24:03 1790335443.298452 [tornettools] [INFO] Found /__w/benchmark/benchmark/results/tor/2026-09-19-T08-42-45/tornet-0.15-2/tornet.plot.data/resource_usage.json
2026-09-25 11:24:03 1790335443.298534 [tornettools] [INFO] Found /__w/benchmark/benchmark/results/tor/2026-09-19-T08-42-45/tornet-0.15-3/tornet.plot.data/resource_usage.json
2026-09-25 11:24:03 1790335443.298637 [tornettools] [INFO] Found /__w/benchmark/benchmark/results/tor/2026-09-19-T08-42-45/tornet-0.15-1/tornet.plot.data/resource_usage.json
2026-09-25 11:24:03 1790335443.298673 [tornettools] [INFO] Found 3 total files
2026-09-25 11:24:03 1790335443.300042 [tornettools] [INFO] Searching for files containing resource_usage.json in directory tree at /__w/benchmark/benchmark/results/tor/2024-01-01-T02-18-28
2026-09-25 11:24:03 1790335443.300202 [tornettools] [INFO] Found /__w/benchmark/benchmark/results/tor/2024-01-01-T02-18-28/tornet-0.15-2/tornet.plot.data/resource_usage.json
2026-09-25 11:24:03 1790335443.300281 [tornettools] [INFO] Found /__w/benchmark/benchmark/results/tor/2024-01-01-T02-18-28/tornet-0.15-3/tornet.plot.data/resource_usage.json
2026-09-25 11:24:03 1790335443.300394 [tornettools] [INFO] Found /__w/benchmark/benchmark/results/tor/2024-01-01-T02-18-28/tornet-0.15-4/tornet.plot.data/resource_usage.json
2026-09-25 11:24:03 1790335443.300469 [tornettools] [INFO] Found /__w/benchmark/benchmark/results/tor/2024-01-01-T02-18-28/tornet-0.15-1/tornet.plot.data/resource_usage.json
2026-09-25 11:24:03 1790335443.300558 [tornettools] [INFO] Found /__w/benchmark/benchmark/results/tor/2024-01-01-T02-18-28/tornet-0.15-5/tornet.plot.data/resource_usage.json
2026-09-25 11:24:03 1790335443.300594 [tornettools] [INFO] Found 5 total files
2026-09-25 11:24:04 1790335444.607369 [tornettools] [INFO] Loading Tor metrics data
2026-09-25 11:24:04 1790335444.607484 [tornettools] [INFO] Loading tornet relay goodput data
2026-09-25 11:24:04 1790335444.607526 [tornettools] [INFO] Searching for files containing relay_goodput.json in directory tree at /tmp/sim-results
2026-09-25 11:24:04 1790335444.607800 [tornettools] [INFO] Found /tmp/sim-results/tornet-0.15-1/tornet.plot.data/relay_goodput.json
2026-09-25 11:24:04 1790335444.739040 [tornettools] [INFO] Found 1 total files
2026-09-25 11:24:04 1790335444.739330 [tornettools] [INFO] Searching for files containing relay_goodput.json in directory tree at /__w/benchmark/benchmark/results/tor/2026-09-24-T08-52-54
2026-09-25 11:24:04 1790335444.739465 [tornettools] [INFO] Found /__w/benchmark/benchmark/results/tor/2026-09-24-T08-52-54/tornet-0.15-1/tornet.plot.data/relay_goodput.json
2026-09-25 11:24:04 1790335444.739500 [tornettools] [INFO] Found 1 total files
2026-09-25 11:24:04 1790335444.739670 [tornettools] [INFO] Searching for files containing relay_goodput.json in directory tree at /__w/benchmark/benchmark/results/tor/2026-09-19-T08-42-45
2026-09-25 11:24:04 1790335444.739758 [tornettools] [INFO] Found /__w/benchmark/benchmark/results/tor/2026-09-19-T08-42-45/tornet-0.15-2/tornet.plot.data/relay_goodput.json
2026-09-25 11:24:04 1790335444.739824 [tornettools] [INFO] Found /__w/benchmark/benchmark/results/tor/2026-09-19-T08-42-45/tornet-0.15-3/tornet.plot.data/relay_goodput.json
2026-09-25 11:24:04 1790335444.739912 [tornettools] [INFO] Found /__w/benchmark/benchmark/results/tor/2026-09-19-T08-42-45/tornet-0.15-1/tornet.plot.data/relay_goodput.json
2026-09-25 11:24:04 1790335444.739941 [tornettools] [INFO] Found 3 total files
2026-09-25 11:24:04 1790335444.740364 [tornettools] [INFO] Searching for files containing relay_goodput.json in directory tree at /__w/benchmark/benchmark/results/tor/2024-01-01-T02-18-28
2026-09-25 11:24:04 1790335444.740462 [tornettools] [INFO] Found /__w/benchmark/benchmark/results/tor/2024-01-01-T02-18-28/tornet-0.15-2/tornet.plot.data/relay_goodput.json
2026-09-25 11:24:04 1790335444.740529 [tornettools] [INFO] Found /__w/benchmark/benchmark/results/tor/2024-01-01-T02-18-28/tornet-0.15-3/tornet.plot.data/relay_goodput.json
2026-09-25 11:24:04 1790335444.740626 [tornettools] [INFO] Found /__w/benchmark/benchmark/results/tor/2024-01-01-T02-18-28/tornet-0.15-4/tornet.plot.data/relay_goodput.json
2026-09-25 11:24:04 1790335444.740688 [tornettools] [INFO] Found /__w/benchmark/benchmark/results/tor/2024-01-01-T02-18-28/tornet-0.15-1/tornet.plot.data/relay_goodput.json
2026-09-25 11:24:04 1790335444.740749 [tornettools] [INFO] Found /__w/benchmark/benchmark/results/tor/2024-01-01-T02-18-28/tornet-0.15-5/tornet.plot.data/relay_goodput.json
2026-09-25 11:24:04 1790335444.740778 [tornettools] [INFO] Found 5 total files
2026-09-25 11:24:04 1790335444.741845 [tornettools] [INFO] Searching for files containing simulation_info.json in directory tree at /tmp/sim-results
2026-09-25 11:24:04 1790335444.742102 [tornettools] [INFO] Found /tmp/sim-results/tornet-0.15-1/tornet.plot.data/simulation_info.json
2026-09-25 11:24:04 1790335444.873747 [tornettools] [INFO] Found 1 total files
2026-09-25 11:24:04 1790335444.873930 [tornettools] [INFO] Searching for files containing simulation_info.json in directory tree at /__w/benchmark/benchmark/results/tor/2026-09-24-T08-52-54
2026-09-25 11:24:04 1790335444.874049 [tornettools] [INFO] Found /__w/benchmark/benchmark/results/tor/2026-09-24-T08-52-54/tornet-0.15-1/tornet.plot.data/simulation_info.json
2026-09-25 11:24:04 1790335444.874083 [tornettools] [INFO] Found 1 total files
2026-09-25 11:24:04 1790335444.874151 [tornettools] [INFO] Searching for files containing simulation_info.json in directory tree at /__w/benchmark/benchmark/results/tor/2026-09-19-T08-42-45
2026-09-25 11:24:04 1790335444.874230 [tornettools] [INFO] Found /__w/benchmark/benchmark/results/tor/2026-09-19-T08-42-45/tornet-0.15-2/tornet.plot.data/simulation_info.json
2026-09-25 11:24:04 1790335444.874291 [tornettools] [INFO] Found /__w/benchmark/benchmark/results/tor/2026-09-19-T08-42-45/tornet-0.15-3/tornet.plot.data/simulation_info.json
2026-09-25 11:24:04 1790335444.874378 [tornettools] [INFO] Found /__w/benchmark/benchmark/results/tor/2026-09-19-T08-42-45/tornet-0.15-1/tornet.plot.data/simulation_info.json
2026-09-25 11:24:04 1790335444.874411 [tornettools] [INFO] Found 3 total files
2026-09-25 11:24:04 1790335444.874514 [tornettools] [INFO] Searching for files containing simulation_info.json in directory tree at /__w/benchmark/benchmark/results/tor/2024-01-01-T02-18-28
2026-09-25 11:24:04 1790335444.874596 [tornettools] [INFO] Found /__w/benchmark/benchmark/results/tor/2024-01-01-T02-18-28/tornet-0.15-2/tornet.plot.data/simulation_info.json
2026-09-25 11:24:04 1790335444.874657 [tornettools] [INFO] Found /__w/benchmark/benchmark/results/tor/2024-01-01-T02-18-28/tornet-0.15-3/tornet.plot.data/simulation_info.json
2026-09-25 11:24:04 1790335444.874747 [tornettools] [INFO] Found /__w/benchmark/benchmark/results/tor/2024-01-01-T02-18-28/tornet-0.15-4/tornet.plot.data/simulation_info.json
2026-09-25 11:24:04 1790335444.874806 [tornettools] [INFO] Found /__w/benchmark/benchmark/results/tor/2024-01-01-T02-18-28/tornet-0.15-1/tornet.plot.data/simulation_info.json
2026-09-25 11:24:04 1790335444.874866 [tornettools] [INFO] Found /__w/benchmark/benchmark/results/tor/2024-01-01-T02-18-28/tornet-0.15-5/tornet.plot.data/simulation_info.json
2026-09-25 11:24:04 1790335444.874897 [tornettools] [INFO] Found 5 total files
2026-09-25 11:24:04 1790335444.875041 [tornettools] [INFO] Found simulated network scale 0.15
2026-09-25 11:24:04 1790335444.875081 [tornettools] [INFO] Plotting relay goodput
