2026-09-08 10:38:51 1788863931.095234 [tornettools] [INFO] Logging system initialized! Logging events to stdout and to '/tmp/sim-results/plots/tornettools.plot.2026-09-08.10.38.51.log'
2026-09-08 10:38:51 1788863931.095379 [tornettools] [INFO] Seeded standard and numpy PRNGs with seed=435880414
2026-09-08 10:38:51 1788863931.095452 [tornettools] [INFO] The argument namespace is: Namespace(do_version=False, quiet=0, seed=435880414, command='plot', tornet_collection_path=['/tmp/sim-results', '/__w/benchmark/benchmark/results/tor/2026-09-04-T08-20-31', '/__w/benchmark/benchmark/results/tor/2026-09-05-T08-15-11', '/__w/benchmark/benchmark/results/tor/2024-01-01-T02-18-28'], tor_metrics_path=None, prefix='/tmp/sim-results/plots', labels=['2026-09-08-T08-27-00 (Nightly benchmark)', '2026-09-04-T08-20-31 (Nightly benchmark)', '2026-09-05-T08-15-11 (Weekly benchmark)', '2024-01-01-T02-18-28 (v3.1.0)'], colors=None, plot_all=False, plot_pngs=True, func=<function plot at 0x149c04d53880>, formatter_class=<class '__main__.CustomHelpFormatter'>)
2026-09-08 10:38:51 1788863931.097141 [tornettools] [INFO] The platform is: Linux-6.12.86+deb13-amd64-x86_64-with-glibc2.36
2026-09-08 10:38:51 1788863931.097239 [tornettools] [INFO] System info: uname_result(system='Linux', node='a405db45e724', release='6.12.86+deb13-amd64', version='#1 SMP PREEMPT_DYNAMIC Debian 6.12.86-1 (2026-05-08)', machine='x86_64')
2026-09-08 10:38:51 1788863931.368007 [tornettools] [INFO] generated new fontManager
2026-09-08 10:38:52 1788863932.263103 [tornettools] [INFO] Plotting simulation results now
2026-09-08 10:38:52 1788863932.263472 [tornettools] [INFO] Plotting tornet comparisons
2026-09-08 10:38:52 1788863932.263542 [tornettools] [INFO] Loading tornet resource usage data
2026-09-08 10:38:52 1788863932.263587 [tornettools] [INFO] Searching for files containing resource_usage.json in directory tree at /tmp/sim-results
2026-09-08 10:38:52 1788863932.263892 [tornettools] [INFO] Found /tmp/sim-results/tornet-0.15-1/tornet.plot.data/resource_usage.json
2026-09-08 10:38:52 1788863932.434310 [tornettools] [INFO] Found 1 total files
2026-09-08 10:38:52 1788863932.434903 [tornettools] [INFO] Searching for files containing resource_usage.json in directory tree at /__w/benchmark/benchmark/results/tor/2026-09-04-T08-20-31
2026-09-08 10:38:52 1788863932.435079 [tornettools] [INFO] Found /__w/benchmark/benchmark/results/tor/2026-09-04-T08-20-31/tornet-0.15-1/tornet.plot.data/resource_usage.json
2026-09-08 10:38:52 1788863932.435122 [tornettools] [INFO] Found 1 total files
2026-09-08 10:38:52 1788863932.435585 [tornettools] [INFO] Searching for files containing resource_usage.json in directory tree at /__w/benchmark/benchmark/results/tor/2026-09-05-T08-15-11
2026-09-08 10:38:52 1788863932.435702 [tornettools] [INFO] Found /__w/benchmark/benchmark/results/tor/2026-09-05-T08-15-11/tornet-0.15-2/tornet.plot.data/resource_usage.json
2026-09-08 10:38:52 1788863932.435783 [tornettools] [INFO] Found /__w/benchmark/benchmark/results/tor/2026-09-05-T08-15-11/tornet-0.15-3/tornet.plot.data/resource_usage.json
2026-09-08 10:38:52 1788863932.435892 [tornettools] [INFO] Found /__w/benchmark/benchmark/results/tor/2026-09-05-T08-15-11/tornet-0.15-1/tornet.plot.data/resource_usage.json
2026-09-08 10:38:52 1788863932.435930 [tornettools] [INFO] Found 3 total files
2026-09-08 10:38:52 1788863932.437565 [tornettools] [INFO] Searching for files containing resource_usage.json in directory tree at /__w/benchmark/benchmark/results/tor/2024-01-01-T02-18-28
2026-09-08 10:38:52 1788863932.437725 [tornettools] [INFO] Found /__w/benchmark/benchmark/results/tor/2024-01-01-T02-18-28/tornet-0.15-2/tornet.plot.data/resource_usage.json
2026-09-08 10:38:52 1788863932.437804 [tornettools] [INFO] Found /__w/benchmark/benchmark/results/tor/2024-01-01-T02-18-28/tornet-0.15-3/tornet.plot.data/resource_usage.json
2026-09-08 10:38:52 1788863932.437921 [tornettools] [INFO] Found /__w/benchmark/benchmark/results/tor/2024-01-01-T02-18-28/tornet-0.15-4/tornet.plot.data/resource_usage.json
2026-09-08 10:38:52 1788863932.437990 [tornettools] [INFO] Found /__w/benchmark/benchmark/results/tor/2024-01-01-T02-18-28/tornet-0.15-1/tornet.plot.data/resource_usage.json
2026-09-08 10:38:52 1788863932.438071 [tornettools] [INFO] Found /__w/benchmark/benchmark/results/tor/2024-01-01-T02-18-28/tornet-0.15-5/tornet.plot.data/resource_usage.json
2026-09-08 10:38:52 1788863932.438106 [tornettools] [INFO] Found 5 total files
2026-09-08 10:38:53 1788863933.888447 [tornettools] [INFO] Loading Tor metrics data
2026-09-08 10:38:53 1788863933.888550 [tornettools] [INFO] Loading tornet relay goodput data
2026-09-08 10:38:53 1788863933.888595 [tornettools] [INFO] Searching for files containing relay_goodput.json in directory tree at /tmp/sim-results
2026-09-08 10:38:53 1788863933.888860 [tornettools] [INFO] Found /tmp/sim-results/tornet-0.15-1/tornet.plot.data/relay_goodput.json
2026-09-08 10:38:54 1788863934.022529 [tornettools] [INFO] Found 1 total files
2026-09-08 10:38:54 1788863934.022857 [tornettools] [INFO] Searching for files containing relay_goodput.json in directory tree at /__w/benchmark/benchmark/results/tor/2026-09-04-T08-20-31
2026-09-08 10:38:54 1788863934.022994 [tornettools] [INFO] Found /__w/benchmark/benchmark/results/tor/2026-09-04-T08-20-31/tornet-0.15-1/tornet.plot.data/relay_goodput.json
2026-09-08 10:38:54 1788863934.023028 [tornettools] [INFO] Found 1 total files
2026-09-08 10:38:54 1788863934.023190 [tornettools] [INFO] Searching for files containing relay_goodput.json in directory tree at /__w/benchmark/benchmark/results/tor/2026-09-05-T08-15-11
2026-09-08 10:38:54 1788863934.023273 [tornettools] [INFO] Found /__w/benchmark/benchmark/results/tor/2026-09-05-T08-15-11/tornet-0.15-2/tornet.plot.data/relay_goodput.json
2026-09-08 10:38:54 1788863934.023337 [tornettools] [INFO] Found /__w/benchmark/benchmark/results/tor/2026-09-05-T08-15-11/tornet-0.15-3/tornet.plot.data/relay_goodput.json
2026-09-08 10:38:54 1788863934.023422 [tornettools] [INFO] Found /__w/benchmark/benchmark/results/tor/2026-09-05-T08-15-11/tornet-0.15-1/tornet.plot.data/relay_goodput.json
2026-09-08 10:38:54 1788863934.023451 [tornettools] [INFO] Found 3 total files
2026-09-08 10:38:54 1788863934.023843 [tornettools] [INFO] Searching for files containing relay_goodput.json in directory tree at /__w/benchmark/benchmark/results/tor/2024-01-01-T02-18-28
2026-09-08 10:38:54 1788863934.023935 [tornettools] [INFO] Found /__w/benchmark/benchmark/results/tor/2024-01-01-T02-18-28/tornet-0.15-2/tornet.plot.data/relay_goodput.json
2026-09-08 10:38:54 1788863934.024002 [tornettools] [INFO] Found /__w/benchmark/benchmark/results/tor/2024-01-01-T02-18-28/tornet-0.15-3/tornet.plot.data/relay_goodput.json
2026-09-08 10:38:54 1788863934.024092 [tornettools] [INFO] Found /__w/benchmark/benchmark/results/tor/2024-01-01-T02-18-28/tornet-0.15-4/tornet.plot.data/relay_goodput.json
2026-09-08 10:38:54 1788863934.024149 [tornettools] [INFO] Found /__w/benchmark/benchmark/results/tor/2024-01-01-T02-18-28/tornet-0.15-1/tornet.plot.data/relay_goodput.json
2026-09-08 10:38:54 1788863934.024206 [tornettools] [INFO] Found /__w/benchmark/benchmark/results/tor/2024-01-01-T02-18-28/tornet-0.15-5/tornet.plot.data/relay_goodput.json
2026-09-08 10:38:54 1788863934.024233 [tornettools] [INFO] Found 5 total files
2026-09-08 10:38:54 1788863934.025261 [tornettools] [INFO] Searching for files containing simulation_info.json in directory tree at /tmp/sim-results
2026-09-08 10:38:54 1788863934.025539 [tornettools] [INFO] Found /tmp/sim-results/tornet-0.15-1/tornet.plot.data/simulation_info.json
2026-09-08 10:38:54 1788863934.157765 [tornettools] [INFO] Found 1 total files
2026-09-08 10:38:54 1788863934.157875 [tornettools] [INFO] Searching for files containing simulation_info.json in directory tree at /__w/benchmark/benchmark/results/tor/2026-09-04-T08-20-31
2026-09-08 10:38:54 1788863934.157987 [tornettools] [INFO] Found /__w/benchmark/benchmark/results/tor/2026-09-04-T08-20-31/tornet-0.15-1/tornet.plot.data/simulation_info.json
2026-09-08 10:38:54 1788863934.158020 [tornettools] [INFO] Found 1 total files
2026-09-08 10:38:54 1788863934.158085 [tornettools] [INFO] Searching for files containing simulation_info.json in directory tree at /__w/benchmark/benchmark/results/tor/2026-09-05-T08-15-11
2026-09-08 10:38:54 1788863934.158161 [tornettools] [INFO] Found /__w/benchmark/benchmark/results/tor/2026-09-05-T08-15-11/tornet-0.15-2/tornet.plot.data/simulation_info.json
2026-09-08 10:38:54 1788863934.158223 [tornettools] [INFO] Found /__w/benchmark/benchmark/results/tor/2026-09-05-T08-15-11/tornet-0.15-3/tornet.plot.data/simulation_info.json
2026-09-08 10:38:54 1788863934.158312 [tornettools] [INFO] Found /__w/benchmark/benchmark/results/tor/2026-09-05-T08-15-11/tornet-0.15-1/tornet.plot.data/simulation_info.json
2026-09-08 10:38:54 1788863934.158347 [tornettools] [INFO] Found 3 total files
2026-09-08 10:38:54 1788863934.158446 [tornettools] [INFO] Searching for files containing simulation_info.json in directory tree at /__w/benchmark/benchmark/results/tor/2024-01-01-T02-18-28
2026-09-08 10:38:54 1788863934.158523 [tornettools] [INFO] Found /__w/benchmark/benchmark/results/tor/2024-01-01-T02-18-28/tornet-0.15-2/tornet.plot.data/simulation_info.json
2026-09-08 10:38:54 1788863934.158582 [tornettools] [INFO] Found /__w/benchmark/benchmark/results/tor/2024-01-01-T02-18-28/tornet-0.15-3/tornet.plot.data/simulation_info.json
2026-09-08 10:38:54 1788863934.158668 [tornettools] [INFO] Found /__w/benchmark/benchmark/results/tor/2024-01-01-T02-18-28/tornet-0.15-4/tornet.plot.data/simulation_info.json
2026-09-08 10:38:54 1788863934.158726 [tornettools] [INFO] Found /__w/benchmark/benchmark/results/tor/2024-01-01-T02-18-28/tornet-0.15-1/tornet.plot.data/simulation_info.json
2026-09-08 10:38:54 1788863934.158782 [tornettools] [INFO] Found /__w/benchmark/benchmark/results/tor/2024-01-01-T02-18-28/tornet-0.15-5/tornet.plot.data/simulation_info.json
2026-09-08 10:38:54 1788863934.158812 [tornettools] [INFO] Found 5 total files
2026-09-08 10:38:54 1788863934.158952 [tornettools] [INFO] Found simulated network scale 0.15
2026-09-08 10:38:54 1788863934.158991 [tornettools] [INFO] Plotting relay goodput
