2026-08-07 07:37:18 1786088238.851579 [tornettools] [INFO] Logging system initialized! Logging events to stdout and to '/tmp/sim-results/plots/tornettools.plot.2026-08-07.07.37.18.log'
2026-08-07 07:37:18 1786088238.851763 [tornettools] [INFO] Seeded standard and numpy PRNGs with seed=1911334009
2026-08-07 07:37:18 1786088238.851843 [tornettools] [INFO] The argument namespace is: Namespace(do_version=False, quiet=0, seed=1911334009, command='plot', tornet_collection_path=['/tmp/sim-results', '/__w/benchmark/benchmark/results/tor/2026-08-06-T06-22-26', '/__w/benchmark/benchmark/results/tor/2026-08-01-T06-35-14', '/__w/benchmark/benchmark/results/tor/2024-01-01-T02-18-28'], tor_metrics_path=None, prefix='/tmp/sim-results/plots', labels=['2026-08-07-T05-27-29 (Nightly benchmark)', '2026-08-06-T06-22-26 (Nightly benchmark)', '2026-08-01-T06-35-14 (Weekly benchmark)', '2024-01-01-T02-18-28 (v3.1.0)'], colors=None, plot_all=False, plot_pngs=True, func=<function plot at 0x1553a56ff880>, formatter_class=<class '__main__.CustomHelpFormatter'>)
2026-08-07 07:37:18 1786088238.853933 [tornettools] [INFO] The platform is: Linux-6.12.86+deb13-amd64-x86_64-with-glibc2.36
2026-08-07 07:37:18 1786088238.854042 [tornettools] [INFO] System info: uname_result(system='Linux', node='efc9df8cf0ed', release='6.12.86+deb13-amd64', version='#1 SMP PREEMPT_DYNAMIC Debian 6.12.86-1 (2026-05-08)', machine='x86_64')
2026-08-07 07:37:19 1786088239.130044 [tornettools] [INFO] generated new fontManager
2026-08-07 07:37:20 1786088240.035554 [tornettools] [INFO] Plotting simulation results now
2026-08-07 07:37:20 1786088240.035944 [tornettools] [INFO] Plotting tornet comparisons
2026-08-07 07:37:20 1786088240.036008 [tornettools] [INFO] Loading tornet resource usage data
2026-08-07 07:37:20 1786088240.036053 [tornettools] [INFO] Searching for files containing resource_usage.json in directory tree at /tmp/sim-results
2026-08-07 07:37:20 1786088240.036348 [tornettools] [INFO] Found /tmp/sim-results/tornet-0.15-1/tornet.plot.data/resource_usage.json
2026-08-07 07:37:20 1786088240.207530 [tornettools] [INFO] Found 1 total files
2026-08-07 07:37:20 1786088240.208131 [tornettools] [INFO] Searching for files containing resource_usage.json in directory tree at /__w/benchmark/benchmark/results/tor/2026-08-06-T06-22-26
2026-08-07 07:37:20 1786088240.208311 [tornettools] [INFO] Found /__w/benchmark/benchmark/results/tor/2026-08-06-T06-22-26/tornet-0.15-1/tornet.plot.data/resource_usage.json
2026-08-07 07:37:20 1786088240.208356 [tornettools] [INFO] Found 1 total files
2026-08-07 07:37:20 1786088240.208804 [tornettools] [INFO] Searching for files containing resource_usage.json in directory tree at /__w/benchmark/benchmark/results/tor/2026-08-01-T06-35-14
2026-08-07 07:37:20 1786088240.208918 [tornettools] [INFO] Found /__w/benchmark/benchmark/results/tor/2026-08-01-T06-35-14/tornet-0.15-2/tornet.plot.data/resource_usage.json
2026-08-07 07:37:20 1786088240.209000 [tornettools] [INFO] Found /__w/benchmark/benchmark/results/tor/2026-08-01-T06-35-14/tornet-0.15-3/tornet.plot.data/resource_usage.json
2026-08-07 07:37:20 1786088240.209107 [tornettools] [INFO] Found /__w/benchmark/benchmark/results/tor/2026-08-01-T06-35-14/tornet-0.15-1/tornet.plot.data/resource_usage.json
2026-08-07 07:37:20 1786088240.209143 [tornettools] [INFO] Found 3 total files
2026-08-07 07:37:20 1786088240.210474 [tornettools] [INFO] Searching for files containing resource_usage.json in directory tree at /__w/benchmark/benchmark/results/tor/2024-01-01-T02-18-28
2026-08-07 07:37:20 1786088240.210620 [tornettools] [INFO] Found /__w/benchmark/benchmark/results/tor/2024-01-01-T02-18-28/tornet-0.15-2/tornet.plot.data/resource_usage.json
2026-08-07 07:37:20 1786088240.210694 [tornettools] [INFO] Found /__w/benchmark/benchmark/results/tor/2024-01-01-T02-18-28/tornet-0.15-3/tornet.plot.data/resource_usage.json
2026-08-07 07:37:20 1786088240.210802 [tornettools] [INFO] Found /__w/benchmark/benchmark/results/tor/2024-01-01-T02-18-28/tornet-0.15-4/tornet.plot.data/resource_usage.json
2026-08-07 07:37:20 1786088240.210876 [tornettools] [INFO] Found /__w/benchmark/benchmark/results/tor/2024-01-01-T02-18-28/tornet-0.15-1/tornet.plot.data/resource_usage.json
2026-08-07 07:37:20 1786088240.210958 [tornettools] [INFO] Found /__w/benchmark/benchmark/results/tor/2024-01-01-T02-18-28/tornet-0.15-5/tornet.plot.data/resource_usage.json
2026-08-07 07:37:20 1786088240.210993 [tornettools] [INFO] Found 5 total files
2026-08-07 07:37:21 1786088241.777322 [tornettools] [INFO] Loading Tor metrics data
2026-08-07 07:37:21 1786088241.777524 [tornettools] [INFO] Loading tornet relay goodput data
2026-08-07 07:37:21 1786088241.777580 [tornettools] [INFO] Searching for files containing relay_goodput.json in directory tree at /tmp/sim-results
2026-08-07 07:37:21 1786088241.777993 [tornettools] [INFO] Found /tmp/sim-results/tornet-0.15-1/tornet.plot.data/relay_goodput.json
2026-08-07 07:37:21 1786088241.923317 [tornettools] [INFO] Found 1 total files
2026-08-07 07:37:21 1786088241.923615 [tornettools] [INFO] Searching for files containing relay_goodput.json in directory tree at /__w/benchmark/benchmark/results/tor/2026-08-06-T06-22-26
2026-08-07 07:37:21 1786088241.923751 [tornettools] [INFO] Found /__w/benchmark/benchmark/results/tor/2026-08-06-T06-22-26/tornet-0.15-1/tornet.plot.data/relay_goodput.json
2026-08-07 07:37:21 1786088241.923784 [tornettools] [INFO] Found 1 total files
2026-08-07 07:37:21 1786088241.923947 [tornettools] [INFO] Searching for files containing relay_goodput.json in directory tree at /__w/benchmark/benchmark/results/tor/2026-08-01-T06-35-14
2026-08-07 07:37:21 1786088241.924032 [tornettools] [INFO] Found /__w/benchmark/benchmark/results/tor/2026-08-01-T06-35-14/tornet-0.15-2/tornet.plot.data/relay_goodput.json
2026-08-07 07:37:21 1786088241.924096 [tornettools] [INFO] Found /__w/benchmark/benchmark/results/tor/2026-08-01-T06-35-14/tornet-0.15-3/tornet.plot.data/relay_goodput.json
2026-08-07 07:37:21 1786088241.924182 [tornettools] [INFO] Found /__w/benchmark/benchmark/results/tor/2026-08-01-T06-35-14/tornet-0.15-1/tornet.plot.data/relay_goodput.json
2026-08-07 07:37:21 1786088241.924210 [tornettools] [INFO] Found 3 total files
2026-08-07 07:37:21 1786088241.924604 [tornettools] [INFO] Searching for files containing relay_goodput.json in directory tree at /__w/benchmark/benchmark/results/tor/2024-01-01-T02-18-28
2026-08-07 07:37:21 1786088241.924697 [tornettools] [INFO] Found /__w/benchmark/benchmark/results/tor/2024-01-01-T02-18-28/tornet-0.15-2/tornet.plot.data/relay_goodput.json
2026-08-07 07:37:21 1786088241.924758 [tornettools] [INFO] Found /__w/benchmark/benchmark/results/tor/2024-01-01-T02-18-28/tornet-0.15-3/tornet.plot.data/relay_goodput.json
2026-08-07 07:37:21 1786088241.924850 [tornettools] [INFO] Found /__w/benchmark/benchmark/results/tor/2024-01-01-T02-18-28/tornet-0.15-4/tornet.plot.data/relay_goodput.json
2026-08-07 07:37:21 1786088241.924907 [tornettools] [INFO] Found /__w/benchmark/benchmark/results/tor/2024-01-01-T02-18-28/tornet-0.15-1/tornet.plot.data/relay_goodput.json
2026-08-07 07:37:21 1786088241.924963 [tornettools] [INFO] Found /__w/benchmark/benchmark/results/tor/2024-01-01-T02-18-28/tornet-0.15-5/tornet.plot.data/relay_goodput.json
2026-08-07 07:37:21 1786088241.924990 [tornettools] [INFO] Found 5 total files
2026-08-07 07:37:21 1786088241.925988 [tornettools] [INFO] Searching for files containing simulation_info.json in directory tree at /tmp/sim-results
2026-08-07 07:37:21 1786088241.926230 [tornettools] [INFO] Found /tmp/sim-results/tornet-0.15-1/tornet.plot.data/simulation_info.json
2026-08-07 07:37:22 1786088242.057883 [tornettools] [INFO] Found 1 total files
2026-08-07 07:37:22 1786088242.057993 [tornettools] [INFO] Searching for files containing simulation_info.json in directory tree at /__w/benchmark/benchmark/results/tor/2026-08-06-T06-22-26
2026-08-07 07:37:22 1786088242.058104 [tornettools] [INFO] Found /__w/benchmark/benchmark/results/tor/2026-08-06-T06-22-26/tornet-0.15-1/tornet.plot.data/simulation_info.json
2026-08-07 07:37:22 1786088242.058137 [tornettools] [INFO] Found 1 total files
2026-08-07 07:37:22 1786088242.058198 [tornettools] [INFO] Searching for files containing simulation_info.json in directory tree at /__w/benchmark/benchmark/results/tor/2026-08-01-T06-35-14
2026-08-07 07:37:22 1786088242.058272 [tornettools] [INFO] Found /__w/benchmark/benchmark/results/tor/2026-08-01-T06-35-14/tornet-0.15-2/tornet.plot.data/simulation_info.json
2026-08-07 07:37:22 1786088242.058331 [tornettools] [INFO] Found /__w/benchmark/benchmark/results/tor/2026-08-01-T06-35-14/tornet-0.15-3/tornet.plot.data/simulation_info.json
2026-08-07 07:37:22 1786088242.058414 [tornettools] [INFO] Found /__w/benchmark/benchmark/results/tor/2026-08-01-T06-35-14/tornet-0.15-1/tornet.plot.data/simulation_info.json
2026-08-07 07:37:22 1786088242.058445 [tornettools] [INFO] Found 3 total files
2026-08-07 07:37:22 1786088242.058532 [tornettools] [INFO] Searching for files containing simulation_info.json in directory tree at /__w/benchmark/benchmark/results/tor/2024-01-01-T02-18-28
2026-08-07 07:37:22 1786088242.058607 [tornettools] [INFO] Found /__w/benchmark/benchmark/results/tor/2024-01-01-T02-18-28/tornet-0.15-2/tornet.plot.data/simulation_info.json
2026-08-07 07:37:22 1786088242.058666 [tornettools] [INFO] Found /__w/benchmark/benchmark/results/tor/2024-01-01-T02-18-28/tornet-0.15-3/tornet.plot.data/simulation_info.json
2026-08-07 07:37:22 1786088242.058754 [tornettools] [INFO] Found /__w/benchmark/benchmark/results/tor/2024-01-01-T02-18-28/tornet-0.15-4/tornet.plot.data/simulation_info.json
2026-08-07 07:37:22 1786088242.058813 [tornettools] [INFO] Found /__w/benchmark/benchmark/results/tor/2024-01-01-T02-18-28/tornet-0.15-1/tornet.plot.data/simulation_info.json
2026-08-07 07:37:22 1786088242.058869 [tornettools] [INFO] Found /__w/benchmark/benchmark/results/tor/2024-01-01-T02-18-28/tornet-0.15-5/tornet.plot.data/simulation_info.json
2026-08-07 07:37:22 1786088242.058899 [tornettools] [INFO] Found 5 total files
2026-08-07 07:37:22 1786088242.059029 [tornettools] [INFO] Found simulated network scale 0.15
2026-08-07 07:37:22 1786088242.059068 [tornettools] [INFO] Plotting relay goodput
