2026-08-11 07:08:57 1786432137.999399 [tornettools] [INFO] Logging system initialized! Logging events to stdout and to '/tmp/sim-results/plots/tornettools.plot.2026-08-11.07.08.57.log'
2026-08-11 07:08:57 1786432137.999590 [tornettools] [INFO] Seeded standard and numpy PRNGs with seed=1712528403
2026-08-11 07:08:57 1786432137.999667 [tornettools] [INFO] The argument namespace is: Namespace(do_version=False, quiet=0, seed=1712528403, command='plot', tornet_collection_path=['/tmp/sim-results', '/__w/benchmark/benchmark/results/tor/2026-08-07-T05-27-29', '/__w/benchmark/benchmark/results/tor/2026-08-08-T05-03-44', '/__w/benchmark/benchmark/results/tor/2024-01-01-T02-18-28'], tor_metrics_path=None, prefix='/tmp/sim-results/plots', labels=['2026-08-11-T04-58-46 (Nightly benchmark)', '2026-08-07-T05-27-29 (Nightly benchmark)', '2026-08-08-T05-03-44 (Weekly benchmark)', '2024-01-01-T02-18-28 (v3.1.0)'], colors=None, plot_all=False, plot_pngs=True, func=<function plot at 0x14ceb8f53880>, formatter_class=<class '__main__.CustomHelpFormatter'>)
2026-08-11 07:08:58 1786432138.002477 [tornettools] [INFO] The platform is: Linux-6.12.86+deb13-amd64-x86_64-with-glibc2.36
2026-08-11 07:08:58 1786432138.002599 [tornettools] [INFO] System info: uname_result(system='Linux', node='2a08db0f2df4', release='6.12.86+deb13-amd64', version='#1 SMP PREEMPT_DYNAMIC Debian 6.12.86-1 (2026-05-08)', machine='x86_64')
2026-08-11 07:08:58 1786432138.278424 [tornettools] [INFO] generated new fontManager
2026-08-11 07:08:59 1786432139.189235 [tornettools] [INFO] Plotting simulation results now
2026-08-11 07:08:59 1786432139.189835 [tornettools] [INFO] Plotting tornet comparisons
2026-08-11 07:08:59 1786432139.189935 [tornettools] [INFO] Loading tornet resource usage data
2026-08-11 07:08:59 1786432139.189988 [tornettools] [INFO] Searching for files containing resource_usage.json in directory tree at /tmp/sim-results
2026-08-11 07:08:59 1786432139.190506 [tornettools] [INFO] Found /tmp/sim-results/tornet-0.15-1/tornet.plot.data/resource_usage.json
2026-08-11 07:08:59 1786432139.361480 [tornettools] [INFO] Found 1 total files
2026-08-11 07:08:59 1786432139.362160 [tornettools] [INFO] Searching for files containing resource_usage.json in directory tree at /__w/benchmark/benchmark/results/tor/2026-08-07-T05-27-29
2026-08-11 07:08:59 1786432139.362354 [tornettools] [INFO] Found /__w/benchmark/benchmark/results/tor/2026-08-07-T05-27-29/tornet-0.15-1/tornet.plot.data/resource_usage.json
2026-08-11 07:08:59 1786432139.362401 [tornettools] [INFO] Found 1 total files
2026-08-11 07:08:59 1786432139.362863 [tornettools] [INFO] Searching for files containing resource_usage.json in directory tree at /__w/benchmark/benchmark/results/tor/2026-08-08-T05-03-44
2026-08-11 07:08:59 1786432139.362978 [tornettools] [INFO] Found /__w/benchmark/benchmark/results/tor/2026-08-08-T05-03-44/tornet-0.15-2/tornet.plot.data/resource_usage.json
2026-08-11 07:08:59 1786432139.363056 [tornettools] [INFO] Found /__w/benchmark/benchmark/results/tor/2026-08-08-T05-03-44/tornet-0.15-3/tornet.plot.data/resource_usage.json
2026-08-11 07:08:59 1786432139.363158 [tornettools] [INFO] Found /__w/benchmark/benchmark/results/tor/2026-08-08-T05-03-44/tornet-0.15-1/tornet.plot.data/resource_usage.json
2026-08-11 07:08:59 1786432139.363195 [tornettools] [INFO] Found 3 total files
2026-08-11 07:08:59 1786432139.364527 [tornettools] [INFO] Searching for files containing resource_usage.json in directory tree at /__w/benchmark/benchmark/results/tor/2024-01-01-T02-18-28
2026-08-11 07:08:59 1786432139.364676 [tornettools] [INFO] Found /__w/benchmark/benchmark/results/tor/2024-01-01-T02-18-28/tornet-0.15-2/tornet.plot.data/resource_usage.json
2026-08-11 07:08:59 1786432139.364753 [tornettools] [INFO] Found /__w/benchmark/benchmark/results/tor/2024-01-01-T02-18-28/tornet-0.15-3/tornet.plot.data/resource_usage.json
2026-08-11 07:08:59 1786432139.364865 [tornettools] [INFO] Found /__w/benchmark/benchmark/results/tor/2024-01-01-T02-18-28/tornet-0.15-4/tornet.plot.data/resource_usage.json
2026-08-11 07:08:59 1786432139.364932 [tornettools] [INFO] Found /__w/benchmark/benchmark/results/tor/2024-01-01-T02-18-28/tornet-0.15-1/tornet.plot.data/resource_usage.json
2026-08-11 07:08:59 1786432139.365014 [tornettools] [INFO] Found /__w/benchmark/benchmark/results/tor/2024-01-01-T02-18-28/tornet-0.15-5/tornet.plot.data/resource_usage.json
2026-08-11 07:08:59 1786432139.365049 [tornettools] [INFO] Found 5 total files
2026-08-11 07:09:00 1786432140.923462 [tornettools] [INFO] Loading Tor metrics data
2026-08-11 07:09:00 1786432140.923697 [tornettools] [INFO] Loading tornet relay goodput data
2026-08-11 07:09:00 1786432140.923737 [tornettools] [INFO] Searching for files containing relay_goodput.json in directory tree at /tmp/sim-results
2026-08-11 07:09:00 1786432140.924184 [tornettools] [INFO] Found /tmp/sim-results/tornet-0.15-1/tornet.plot.data/relay_goodput.json
2026-08-11 07:09:01 1786432141.061083 [tornettools] [INFO] Found 1 total files
2026-08-11 07:09:01 1786432141.061368 [tornettools] [INFO] Searching for files containing relay_goodput.json in directory tree at /__w/benchmark/benchmark/results/tor/2026-08-07-T05-27-29
2026-08-11 07:09:01 1786432141.061511 [tornettools] [INFO] Found /__w/benchmark/benchmark/results/tor/2026-08-07-T05-27-29/tornet-0.15-1/tornet.plot.data/relay_goodput.json
2026-08-11 07:09:01 1786432141.061545 [tornettools] [INFO] Found 1 total files
2026-08-11 07:09:01 1786432141.061708 [tornettools] [INFO] Searching for files containing relay_goodput.json in directory tree at /__w/benchmark/benchmark/results/tor/2026-08-08-T05-03-44
2026-08-11 07:09:01 1786432141.061793 [tornettools] [INFO] Found /__w/benchmark/benchmark/results/tor/2026-08-08-T05-03-44/tornet-0.15-2/tornet.plot.data/relay_goodput.json
2026-08-11 07:09:01 1786432141.061857 [tornettools] [INFO] Found /__w/benchmark/benchmark/results/tor/2026-08-08-T05-03-44/tornet-0.15-3/tornet.plot.data/relay_goodput.json
2026-08-11 07:09:01 1786432141.061943 [tornettools] [INFO] Found /__w/benchmark/benchmark/results/tor/2026-08-08-T05-03-44/tornet-0.15-1/tornet.plot.data/relay_goodput.json
2026-08-11 07:09:01 1786432141.061970 [tornettools] [INFO] Found 3 total files
2026-08-11 07:09:01 1786432141.062359 [tornettools] [INFO] Searching for files containing relay_goodput.json in directory tree at /__w/benchmark/benchmark/results/tor/2024-01-01-T02-18-28
2026-08-11 07:09:01 1786432141.062454 [tornettools] [INFO] Found /__w/benchmark/benchmark/results/tor/2024-01-01-T02-18-28/tornet-0.15-2/tornet.plot.data/relay_goodput.json
2026-08-11 07:09:01 1786432141.062516 [tornettools] [INFO] Found /__w/benchmark/benchmark/results/tor/2024-01-01-T02-18-28/tornet-0.15-3/tornet.plot.data/relay_goodput.json
2026-08-11 07:09:01 1786432141.062606 [tornettools] [INFO] Found /__w/benchmark/benchmark/results/tor/2024-01-01-T02-18-28/tornet-0.15-4/tornet.plot.data/relay_goodput.json
2026-08-11 07:09:01 1786432141.062664 [tornettools] [INFO] Found /__w/benchmark/benchmark/results/tor/2024-01-01-T02-18-28/tornet-0.15-1/tornet.plot.data/relay_goodput.json
2026-08-11 07:09:01 1786432141.062719 [tornettools] [INFO] Found /__w/benchmark/benchmark/results/tor/2024-01-01-T02-18-28/tornet-0.15-5/tornet.plot.data/relay_goodput.json
2026-08-11 07:09:01 1786432141.062747 [tornettools] [INFO] Found 5 total files
2026-08-11 07:09:01 1786432141.063718 [tornettools] [INFO] Searching for files containing simulation_info.json in directory tree at /tmp/sim-results
2026-08-11 07:09:01 1786432141.063951 [tornettools] [INFO] Found /tmp/sim-results/tornet-0.15-1/tornet.plot.data/simulation_info.json
2026-08-11 07:09:01 1786432141.197449 [tornettools] [INFO] Found 1 total files
2026-08-11 07:09:01 1786432141.197558 [tornettools] [INFO] Searching for files containing simulation_info.json in directory tree at /__w/benchmark/benchmark/results/tor/2026-08-07-T05-27-29
2026-08-11 07:09:01 1786432141.197671 [tornettools] [INFO] Found /__w/benchmark/benchmark/results/tor/2026-08-07-T05-27-29/tornet-0.15-1/tornet.plot.data/simulation_info.json
2026-08-11 07:09:01 1786432141.197704 [tornettools] [INFO] Found 1 total files
2026-08-11 07:09:01 1786432141.197769 [tornettools] [INFO] Searching for files containing simulation_info.json in directory tree at /__w/benchmark/benchmark/results/tor/2026-08-08-T05-03-44
2026-08-11 07:09:01 1786432141.197848 [tornettools] [INFO] Found /__w/benchmark/benchmark/results/tor/2026-08-08-T05-03-44/tornet-0.15-2/tornet.plot.data/simulation_info.json
2026-08-11 07:09:01 1786432141.197910 [tornettools] [INFO] Found /__w/benchmark/benchmark/results/tor/2026-08-08-T05-03-44/tornet-0.15-3/tornet.plot.data/simulation_info.json
2026-08-11 07:09:01 1786432141.197993 [tornettools] [INFO] Found /__w/benchmark/benchmark/results/tor/2026-08-08-T05-03-44/tornet-0.15-1/tornet.plot.data/simulation_info.json
2026-08-11 07:09:01 1786432141.198025 [tornettools] [INFO] Found 3 total files
2026-08-11 07:09:01 1786432141.198120 [tornettools] [INFO] Searching for files containing simulation_info.json in directory tree at /__w/benchmark/benchmark/results/tor/2024-01-01-T02-18-28
2026-08-11 07:09:01 1786432141.198197 [tornettools] [INFO] Found /__w/benchmark/benchmark/results/tor/2024-01-01-T02-18-28/tornet-0.15-2/tornet.plot.data/simulation_info.json
2026-08-11 07:09:01 1786432141.198256 [tornettools] [INFO] Found /__w/benchmark/benchmark/results/tor/2024-01-01-T02-18-28/tornet-0.15-3/tornet.plot.data/simulation_info.json
2026-08-11 07:09:01 1786432141.198344 [tornettools] [INFO] Found /__w/benchmark/benchmark/results/tor/2024-01-01-T02-18-28/tornet-0.15-4/tornet.plot.data/simulation_info.json
2026-08-11 07:09:01 1786432141.198400 [tornettools] [INFO] Found /__w/benchmark/benchmark/results/tor/2024-01-01-T02-18-28/tornet-0.15-1/tornet.plot.data/simulation_info.json
2026-08-11 07:09:01 1786432141.198456 [tornettools] [INFO] Found /__w/benchmark/benchmark/results/tor/2024-01-01-T02-18-28/tornet-0.15-5/tornet.plot.data/simulation_info.json
2026-08-11 07:09:01 1786432141.198486 [tornettools] [INFO] Found 5 total files
2026-08-11 07:09:01 1786432141.198630 [tornettools] [INFO] Found simulated network scale 0.15
2026-08-11 07:09:01 1786432141.198667 [tornettools] [INFO] Plotting relay goodput
