2026-09-29 12:25:15 1790684715.362723 [tornettools] [INFO] Logging system initialized! Logging events to stdout and to '/tmp/sim-results/plots/tornettools.plot.2026-09-29.12.25.15.log'
2026-09-29 12:25:15 1790684715.362892 [tornettools] [INFO] Seeded standard and numpy PRNGs with seed=1491059463
2026-09-29 12:25:15 1790684715.362968 [tornettools] [INFO] The argument namespace is: Namespace(do_version=False, quiet=0, seed=1491059463, command='plot', tornet_collection_path=['/tmp/sim-results', '/__w/benchmark/benchmark/results/tor/2026-09-25-T09-13-38', '/__w/benchmark/benchmark/results/tor/2026-09-26-T09-15-46', '/__w/benchmark/benchmark/results/tor/2024-01-01-T02-18-28'], tor_metrics_path=None, prefix='/tmp/sim-results/plots', labels=['2026-09-29-T10-16-01 (Nightly benchmark)', '2026-09-25-T09-13-38 (Nightly benchmark)', '2026-09-26-T09-15-46 (Weekly benchmark)', '2024-01-01-T02-18-28 (v3.1.0)'], colors=None, plot_all=False, plot_pngs=True, func=<function plot at 0x1491f444f880>, formatter_class=<class '__main__.CustomHelpFormatter'>)
2026-09-29 12:25:15 1790684715.365032 [tornettools] [INFO] The platform is: Linux-6.12.86+deb13-amd64-x86_64-with-glibc2.36
2026-09-29 12:25:15 1790684715.365133 [tornettools] [INFO] System info: uname_result(system='Linux', node='b049395622dc', release='6.12.86+deb13-amd64', version='#1 SMP PREEMPT_DYNAMIC Debian 6.12.86-1 (2026-05-08)', machine='x86_64')
2026-09-29 12:25:15 1790684715.640863 [tornettools] [INFO] generated new fontManager
2026-09-29 12:25:16 1790684716.540615 [tornettools] [INFO] Plotting simulation results now
2026-09-29 12:25:16 1790684716.540990 [tornettools] [INFO] Plotting tornet comparisons
2026-09-29 12:25:16 1790684716.541063 [tornettools] [INFO] Loading tornet resource usage data
2026-09-29 12:25:16 1790684716.541106 [tornettools] [INFO] Searching for files containing resource_usage.json in directory tree at /tmp/sim-results
2026-09-29 12:25:16 1790684716.541427 [tornettools] [INFO] Found /tmp/sim-results/tornet-0.15-1/tornet.plot.data/resource_usage.json
2026-09-29 12:25:16 1790684716.719372 [tornettools] [INFO] Found 1 total files
2026-09-29 12:25:16 1790684716.719980 [tornettools] [INFO] Searching for files containing resource_usage.json in directory tree at /__w/benchmark/benchmark/results/tor/2026-09-25-T09-13-38
2026-09-29 12:25:16 1790684716.720164 [tornettools] [INFO] Found /__w/benchmark/benchmark/results/tor/2026-09-25-T09-13-38/tornet-0.15-1/tornet.plot.data/resource_usage.json
2026-09-29 12:25:16 1790684716.720209 [tornettools] [INFO] Found 1 total files
2026-09-29 12:25:16 1790684716.720670 [tornettools] [INFO] Searching for files containing resource_usage.json in directory tree at /__w/benchmark/benchmark/results/tor/2026-09-26-T09-15-46
2026-09-29 12:25:16 1790684716.720788 [tornettools] [INFO] Found /__w/benchmark/benchmark/results/tor/2026-09-26-T09-15-46/tornet-0.15-2/tornet.plot.data/resource_usage.json
2026-09-29 12:25:16 1790684716.720870 [tornettools] [INFO] Found /__w/benchmark/benchmark/results/tor/2026-09-26-T09-15-46/tornet-0.15-3/tornet.plot.data/resource_usage.json
2026-09-29 12:25:16 1790684716.720973 [tornettools] [INFO] Found /__w/benchmark/benchmark/results/tor/2026-09-26-T09-15-46/tornet-0.15-1/tornet.plot.data/resource_usage.json
2026-09-29 12:25:16 1790684716.721010 [tornettools] [INFO] Found 3 total files
2026-09-29 12:25:16 1790684716.722734 [tornettools] [INFO] Searching for files containing resource_usage.json in directory tree at /__w/benchmark/benchmark/results/tor/2024-01-01-T02-18-28
2026-09-29 12:25:16 1790684716.722897 [tornettools] [INFO] Found /__w/benchmark/benchmark/results/tor/2024-01-01-T02-18-28/tornet-0.15-2/tornet.plot.data/resource_usage.json
2026-09-29 12:25:16 1790684716.722979 [tornettools] [INFO] Found /__w/benchmark/benchmark/results/tor/2024-01-01-T02-18-28/tornet-0.15-3/tornet.plot.data/resource_usage.json
2026-09-29 12:25:16 1790684716.723091 [tornettools] [INFO] Found /__w/benchmark/benchmark/results/tor/2024-01-01-T02-18-28/tornet-0.15-4/tornet.plot.data/resource_usage.json
2026-09-29 12:25:16 1790684716.723167 [tornettools] [INFO] Found /__w/benchmark/benchmark/results/tor/2024-01-01-T02-18-28/tornet-0.15-1/tornet.plot.data/resource_usage.json
2026-09-29 12:25:16 1790684716.723262 [tornettools] [INFO] Found /__w/benchmark/benchmark/results/tor/2024-01-01-T02-18-28/tornet-0.15-5/tornet.plot.data/resource_usage.json
2026-09-29 12:25:16 1790684716.723297 [tornettools] [INFO] Found 5 total files
2026-09-29 12:25:18 1790684718.251749 [tornettools] [INFO] Loading Tor metrics data
2026-09-29 12:25:18 1790684718.251899 [tornettools] [INFO] Loading tornet relay goodput data
2026-09-29 12:25:18 1790684718.251945 [tornettools] [INFO] Searching for files containing relay_goodput.json in directory tree at /tmp/sim-results
2026-09-29 12:25:18 1790684718.252259 [tornettools] [INFO] Found /tmp/sim-results/tornet-0.15-1/tornet.plot.data/relay_goodput.json
2026-09-29 12:25:18 1790684718.389772 [tornettools] [INFO] Found 1 total files
2026-09-29 12:25:18 1790684718.390048 [tornettools] [INFO] Searching for files containing relay_goodput.json in directory tree at /__w/benchmark/benchmark/results/tor/2026-09-25-T09-13-38
2026-09-29 12:25:18 1790684718.390181 [tornettools] [INFO] Found /__w/benchmark/benchmark/results/tor/2026-09-25-T09-13-38/tornet-0.15-1/tornet.plot.data/relay_goodput.json
2026-09-29 12:25:18 1790684718.390214 [tornettools] [INFO] Found 1 total files
2026-09-29 12:25:18 1790684718.390377 [tornettools] [INFO] Searching for files containing relay_goodput.json in directory tree at /__w/benchmark/benchmark/results/tor/2026-09-26-T09-15-46
2026-09-29 12:25:18 1790684718.390463 [tornettools] [INFO] Found /__w/benchmark/benchmark/results/tor/2026-09-26-T09-15-46/tornet-0.15-2/tornet.plot.data/relay_goodput.json
2026-09-29 12:25:18 1790684718.390529 [tornettools] [INFO] Found /__w/benchmark/benchmark/results/tor/2026-09-26-T09-15-46/tornet-0.15-3/tornet.plot.data/relay_goodput.json
2026-09-29 12:25:18 1790684718.390615 [tornettools] [INFO] Found /__w/benchmark/benchmark/results/tor/2026-09-26-T09-15-46/tornet-0.15-1/tornet.plot.data/relay_goodput.json
2026-09-29 12:25:18 1790684718.390642 [tornettools] [INFO] Found 3 total files
2026-09-29 12:25:18 1790684718.391045 [tornettools] [INFO] Searching for files containing relay_goodput.json in directory tree at /__w/benchmark/benchmark/results/tor/2024-01-01-T02-18-28
2026-09-29 12:25:18 1790684718.391138 [tornettools] [INFO] Found /__w/benchmark/benchmark/results/tor/2024-01-01-T02-18-28/tornet-0.15-2/tornet.plot.data/relay_goodput.json
2026-09-29 12:25:18 1790684718.391199 [tornettools] [INFO] Found /__w/benchmark/benchmark/results/tor/2024-01-01-T02-18-28/tornet-0.15-3/tornet.plot.data/relay_goodput.json
2026-09-29 12:25:18 1790684718.391290 [tornettools] [INFO] Found /__w/benchmark/benchmark/results/tor/2024-01-01-T02-18-28/tornet-0.15-4/tornet.plot.data/relay_goodput.json
2026-09-29 12:25:18 1790684718.391347 [tornettools] [INFO] Found /__w/benchmark/benchmark/results/tor/2024-01-01-T02-18-28/tornet-0.15-1/tornet.plot.data/relay_goodput.json
2026-09-29 12:25:18 1790684718.391403 [tornettools] [INFO] Found /__w/benchmark/benchmark/results/tor/2024-01-01-T02-18-28/tornet-0.15-5/tornet.plot.data/relay_goodput.json
2026-09-29 12:25:18 1790684718.391431 [tornettools] [INFO] Found 5 total files
2026-09-29 12:25:18 1790684718.392442 [tornettools] [INFO] Searching for files containing simulation_info.json in directory tree at /tmp/sim-results
2026-09-29 12:25:18 1790684718.392681 [tornettools] [INFO] Found /tmp/sim-results/tornet-0.15-1/tornet.plot.data/simulation_info.json
2026-09-29 12:25:18 1790684718.528752 [tornettools] [INFO] Found 1 total files
2026-09-29 12:25:18 1790684718.528862 [tornettools] [INFO] Searching for files containing simulation_info.json in directory tree at /__w/benchmark/benchmark/results/tor/2026-09-25-T09-13-38
2026-09-29 12:25:18 1790684718.528975 [tornettools] [INFO] Found /__w/benchmark/benchmark/results/tor/2026-09-25-T09-13-38/tornet-0.15-1/tornet.plot.data/simulation_info.json
2026-09-29 12:25:18 1790684718.529009 [tornettools] [INFO] Found 1 total files
2026-09-29 12:25:18 1790684718.529074 [tornettools] [INFO] Searching for files containing simulation_info.json in directory tree at /__w/benchmark/benchmark/results/tor/2026-09-26-T09-15-46
2026-09-29 12:25:18 1790684718.529151 [tornettools] [INFO] Found /__w/benchmark/benchmark/results/tor/2026-09-26-T09-15-46/tornet-0.15-2/tornet.plot.data/simulation_info.json
2026-09-29 12:25:18 1790684718.529211 [tornettools] [INFO] Found /__w/benchmark/benchmark/results/tor/2026-09-26-T09-15-46/tornet-0.15-3/tornet.plot.data/simulation_info.json
2026-09-29 12:25:18 1790684718.529304 [tornettools] [INFO] Found /__w/benchmark/benchmark/results/tor/2026-09-26-T09-15-46/tornet-0.15-1/tornet.plot.data/simulation_info.json
2026-09-29 12:25:18 1790684718.529338 [tornettools] [INFO] Found 3 total files
2026-09-29 12:25:18 1790684718.529443 [tornettools] [INFO] Searching for files containing simulation_info.json in directory tree at /__w/benchmark/benchmark/results/tor/2024-01-01-T02-18-28
2026-09-29 12:25:18 1790684718.529522 [tornettools] [INFO] Found /__w/benchmark/benchmark/results/tor/2024-01-01-T02-18-28/tornet-0.15-2/tornet.plot.data/simulation_info.json
2026-09-29 12:25:18 1790684718.529582 [tornettools] [INFO] Found /__w/benchmark/benchmark/results/tor/2024-01-01-T02-18-28/tornet-0.15-3/tornet.plot.data/simulation_info.json
2026-09-29 12:25:18 1790684718.529670 [tornettools] [INFO] Found /__w/benchmark/benchmark/results/tor/2024-01-01-T02-18-28/tornet-0.15-4/tornet.plot.data/simulation_info.json
2026-09-29 12:25:18 1790684718.529727 [tornettools] [INFO] Found /__w/benchmark/benchmark/results/tor/2024-01-01-T02-18-28/tornet-0.15-1/tornet.plot.data/simulation_info.json
2026-09-29 12:25:18 1790684718.529784 [tornettools] [INFO] Found /__w/benchmark/benchmark/results/tor/2024-01-01-T02-18-28/tornet-0.15-5/tornet.plot.data/simulation_info.json
2026-09-29 12:25:18 1790684718.529814 [tornettools] [INFO] Found 5 total files
2026-09-29 12:25:18 1790684718.529952 [tornettools] [INFO] Found simulated network scale 0.15
2026-09-29 12:25:18 1790684718.529992 [tornettools] [INFO] Plotting relay goodput
