2026-08-15 10:53:03 1786791183.477505 [tornettools] [INFO] Logging system initialized! Logging events to stdout and to '/tmp/sim-results/plots/tornettools.plot.2026-08-15.10.53.03.log'
2026-08-15 10:53:03 1786791183.477682 [tornettools] [INFO] Seeded standard and numpy PRNGs with seed=1977889417
2026-08-15 10:53:03 1786791183.477759 [tornettools] [INFO] The argument namespace is: Namespace(do_version=False, quiet=0, seed=1977889417, command='plot', tornet_collection_path=['/tmp/sim-results', '/__w/benchmark/benchmark/results/tor/2026-08-13-T05-27-18', '/__w/benchmark/benchmark/results/tor/2026-08-08-T05-03-44', '/__w/benchmark/benchmark/results/tor/2024-01-01-T02-18-28'], tor_metrics_path=None, prefix='/tmp/sim-results/plots', labels=['2026-08-15-T04-37-06 (Weekly benchmark)', '2026-08-13-T05-27-18 (Nightly benchmark)', '2026-08-08-T05-03-44 (Weekly benchmark)', '2024-01-01-T02-18-28 (v3.1.0)'], colors=None, plot_all=False, plot_pngs=True, func=<function plot at 0x146aad907880>, formatter_class=<class '__main__.CustomHelpFormatter'>)
2026-08-15 10:53:03 1786791183.480854 [tornettools] [INFO] The platform is: Linux-6.12.86+deb13-amd64-x86_64-with-glibc2.36
2026-08-15 10:53:03 1786791183.480966 [tornettools] [INFO] System info: uname_result(system='Linux', node='a62d3ee227b6', release='6.12.86+deb13-amd64', version='#1 SMP PREEMPT_DYNAMIC Debian 6.12.86-1 (2026-05-08)', machine='x86_64')
2026-08-15 10:53:03 1786791183.762117 [tornettools] [INFO] generated new fontManager
2026-08-15 10:53:04 1786791184.674520 [tornettools] [INFO] Plotting simulation results now
2026-08-15 10:53:04 1786791184.675007 [tornettools] [INFO] Plotting tornet comparisons
2026-08-15 10:53:04 1786791184.675091 [tornettools] [INFO] Loading tornet resource usage data
2026-08-15 10:53:04 1786791184.675141 [tornettools] [INFO] Searching for files containing resource_usage.json in directory tree at /tmp/sim-results
2026-08-15 10:53:04 1786791184.675457 [tornettools] [INFO] Found /tmp/sim-results/tornet-0.15-2/tornet.plot.data/resource_usage.json
2026-08-15 10:53:04 1786791184.851762 [tornettools] [INFO] Found /tmp/sim-results/tornet-0.15-3/tornet.plot.data/resource_usage.json
2026-08-15 10:53:05 1786791185.023798 [tornettools] [INFO] Found /tmp/sim-results/tornet-0.15-1/tornet.plot.data/resource_usage.json
2026-08-15 10:53:05 1786791185.195113 [tornettools] [INFO] Found 3 total files
2026-08-15 10:53:05 1786791185.196895 [tornettools] [INFO] Searching for files containing resource_usage.json in directory tree at /__w/benchmark/benchmark/results/tor/2026-08-13-T05-27-18
2026-08-15 10:53:05 1786791185.197110 [tornettools] [INFO] Found /__w/benchmark/benchmark/results/tor/2026-08-13-T05-27-18/tornet-0.15-1/tornet.plot.data/resource_usage.json
2026-08-15 10:53:05 1786791185.197167 [tornettools] [INFO] Found 1 total files
2026-08-15 10:53:05 1786791185.197658 [tornettools] [INFO] Searching for files containing resource_usage.json in directory tree at /__w/benchmark/benchmark/results/tor/2026-08-08-T05-03-44
2026-08-15 10:53:05 1786791185.197778 [tornettools] [INFO] Found /__w/benchmark/benchmark/results/tor/2026-08-08-T05-03-44/tornet-0.15-2/tornet.plot.data/resource_usage.json
2026-08-15 10:53:05 1786791185.197857 [tornettools] [INFO] Found /__w/benchmark/benchmark/results/tor/2026-08-08-T05-03-44/tornet-0.15-3/tornet.plot.data/resource_usage.json
2026-08-15 10:53:05 1786791185.197962 [tornettools] [INFO] Found /__w/benchmark/benchmark/results/tor/2026-08-08-T05-03-44/tornet-0.15-1/tornet.plot.data/resource_usage.json
2026-08-15 10:53:05 1786791185.197998 [tornettools] [INFO] Found 3 total files
2026-08-15 10:53:05 1786791185.199330 [tornettools] [INFO] Searching for files containing resource_usage.json in directory tree at /__w/benchmark/benchmark/results/tor/2024-01-01-T02-18-28
2026-08-15 10:53:05 1786791185.199481 [tornettools] [INFO] Found /__w/benchmark/benchmark/results/tor/2024-01-01-T02-18-28/tornet-0.15-2/tornet.plot.data/resource_usage.json
2026-08-15 10:53:05 1786791185.199559 [tornettools] [INFO] Found /__w/benchmark/benchmark/results/tor/2024-01-01-T02-18-28/tornet-0.15-3/tornet.plot.data/resource_usage.json
2026-08-15 10:53:05 1786791185.199692 [tornettools] [INFO] Found /__w/benchmark/benchmark/results/tor/2024-01-01-T02-18-28/tornet-0.15-4/tornet.plot.data/resource_usage.json
2026-08-15 10:53:05 1786791185.199763 [tornettools] [INFO] Found /__w/benchmark/benchmark/results/tor/2024-01-01-T02-18-28/tornet-0.15-1/tornet.plot.data/resource_usage.json
2026-08-15 10:53:05 1786791185.199834 [tornettools] [INFO] Found /__w/benchmark/benchmark/results/tor/2024-01-01-T02-18-28/tornet-0.15-5/tornet.plot.data/resource_usage.json
2026-08-15 10:53:05 1786791185.199870 [tornettools] [INFO] Found 5 total files
2026-08-15 10:53:06 1786791186.725050 [tornettools] [INFO] Loading Tor metrics data
2026-08-15 10:53:06 1786791186.725281 [tornettools] [INFO] Loading tornet relay goodput data
2026-08-15 10:53:06 1786791186.725339 [tornettools] [INFO] Searching for files containing relay_goodput.json in directory tree at /tmp/sim-results
2026-08-15 10:53:06 1786791186.725743 [tornettools] [INFO] Found /tmp/sim-results/tornet-0.15-2/tornet.plot.data/relay_goodput.json
2026-08-15 10:53:06 1786791186.899679 [tornettools] [INFO] Found /tmp/sim-results/tornet-0.15-3/tornet.plot.data/relay_goodput.json
2026-08-15 10:53:07 1786791187.067354 [tornettools] [INFO] Found /tmp/sim-results/tornet-0.15-1/tornet.plot.data/relay_goodput.json
2026-08-15 10:53:07 1786791187.210490 [tornettools] [INFO] Found 3 total files
2026-08-15 10:53:07 1786791187.211037 [tornettools] [INFO] Searching for files containing relay_goodput.json in directory tree at /__w/benchmark/benchmark/results/tor/2026-08-13-T05-27-18
2026-08-15 10:53:07 1786791187.211182 [tornettools] [INFO] Found /__w/benchmark/benchmark/results/tor/2026-08-13-T05-27-18/tornet-0.15-1/tornet.plot.data/relay_goodput.json
2026-08-15 10:53:07 1786791187.211217 [tornettools] [INFO] Found 1 total files
2026-08-15 10:53:07 1786791187.211372 [tornettools] [INFO] Searching for files containing relay_goodput.json in directory tree at /__w/benchmark/benchmark/results/tor/2026-08-08-T05-03-44
2026-08-15 10:53:07 1786791187.211458 [tornettools] [INFO] Found /__w/benchmark/benchmark/results/tor/2026-08-08-T05-03-44/tornet-0.15-2/tornet.plot.data/relay_goodput.json
2026-08-15 10:53:07 1786791187.211521 [tornettools] [INFO] Found /__w/benchmark/benchmark/results/tor/2026-08-08-T05-03-44/tornet-0.15-3/tornet.plot.data/relay_goodput.json
2026-08-15 10:53:07 1786791187.211608 [tornettools] [INFO] Found /__w/benchmark/benchmark/results/tor/2026-08-08-T05-03-44/tornet-0.15-1/tornet.plot.data/relay_goodput.json
2026-08-15 10:53:07 1786791187.211637 [tornettools] [INFO] Found 3 total files
2026-08-15 10:53:07 1786791187.212070 [tornettools] [INFO] Searching for files containing relay_goodput.json in directory tree at /__w/benchmark/benchmark/results/tor/2024-01-01-T02-18-28
2026-08-15 10:53:07 1786791187.212165 [tornettools] [INFO] Found /__w/benchmark/benchmark/results/tor/2024-01-01-T02-18-28/tornet-0.15-2/tornet.plot.data/relay_goodput.json
2026-08-15 10:53:07 1786791187.212230 [tornettools] [INFO] Found /__w/benchmark/benchmark/results/tor/2024-01-01-T02-18-28/tornet-0.15-3/tornet.plot.data/relay_goodput.json
2026-08-15 10:53:07 1786791187.212325 [tornettools] [INFO] Found /__w/benchmark/benchmark/results/tor/2024-01-01-T02-18-28/tornet-0.15-4/tornet.plot.data/relay_goodput.json
2026-08-15 10:53:07 1786791187.212384 [tornettools] [INFO] Found /__w/benchmark/benchmark/results/tor/2024-01-01-T02-18-28/tornet-0.15-1/tornet.plot.data/relay_goodput.json
2026-08-15 10:53:07 1786791187.212443 [tornettools] [INFO] Found /__w/benchmark/benchmark/results/tor/2024-01-01-T02-18-28/tornet-0.15-5/tornet.plot.data/relay_goodput.json
2026-08-15 10:53:07 1786791187.212469 [tornettools] [INFO] Found 5 total files
2026-08-15 10:53:07 1786791187.213671 [tornettools] [INFO] Searching for files containing simulation_info.json in directory tree at /tmp/sim-results
2026-08-15 10:53:07 1786791187.213915 [tornettools] [INFO] Found /tmp/sim-results/tornet-0.15-2/tornet.plot.data/simulation_info.json
2026-08-15 10:53:07 1786791187.348487 [tornettools] [INFO] Found /tmp/sim-results/tornet-0.15-3/tornet.plot.data/simulation_info.json
2026-08-15 10:53:07 1786791187.478751 [tornettools] [INFO] Found /tmp/sim-results/tornet-0.15-1/tornet.plot.data/simulation_info.json
2026-08-15 10:53:07 1786791187.609101 [tornettools] [INFO] Found 3 total files
2026-08-15 10:53:07 1786791187.609287 [tornettools] [INFO] Searching for files containing simulation_info.json in directory tree at /__w/benchmark/benchmark/results/tor/2026-08-13-T05-27-18
2026-08-15 10:53:07 1786791187.609411 [tornettools] [INFO] Found /__w/benchmark/benchmark/results/tor/2026-08-13-T05-27-18/tornet-0.15-1/tornet.plot.data/simulation_info.json
2026-08-15 10:53:07 1786791187.609444 [tornettools] [INFO] Found 1 total files
2026-08-15 10:53:07 1786791187.609501 [tornettools] [INFO] Searching for files containing simulation_info.json in directory tree at /__w/benchmark/benchmark/results/tor/2026-08-08-T05-03-44
2026-08-15 10:53:07 1786791187.609577 [tornettools] [INFO] Found /__w/benchmark/benchmark/results/tor/2026-08-08-T05-03-44/tornet-0.15-2/tornet.plot.data/simulation_info.json
2026-08-15 10:53:07 1786791187.609638 [tornettools] [INFO] Found /__w/benchmark/benchmark/results/tor/2026-08-08-T05-03-44/tornet-0.15-3/tornet.plot.data/simulation_info.json
2026-08-15 10:53:07 1786791187.609720 [tornettools] [INFO] Found /__w/benchmark/benchmark/results/tor/2026-08-08-T05-03-44/tornet-0.15-1/tornet.plot.data/simulation_info.json
2026-08-15 10:53:07 1786791187.609750 [tornettools] [INFO] Found 3 total files
2026-08-15 10:53:07 1786791187.609840 [tornettools] [INFO] Searching for files containing simulation_info.json in directory tree at /__w/benchmark/benchmark/results/tor/2024-01-01-T02-18-28
2026-08-15 10:53:07 1786791187.609919 [tornettools] [INFO] Found /__w/benchmark/benchmark/results/tor/2024-01-01-T02-18-28/tornet-0.15-2/tornet.plot.data/simulation_info.json
2026-08-15 10:53:07 1786791187.609982 [tornettools] [INFO] Found /__w/benchmark/benchmark/results/tor/2024-01-01-T02-18-28/tornet-0.15-3/tornet.plot.data/simulation_info.json
2026-08-15 10:53:07 1786791187.610074 [tornettools] [INFO] Found /__w/benchmark/benchmark/results/tor/2024-01-01-T02-18-28/tornet-0.15-4/tornet.plot.data/simulation_info.json
2026-08-15 10:53:07 1786791187.610131 [tornettools] [INFO] Found /__w/benchmark/benchmark/results/tor/2024-01-01-T02-18-28/tornet-0.15-1/tornet.plot.data/simulation_info.json
2026-08-15 10:53:07 1786791187.610189 [tornettools] [INFO] Found /__w/benchmark/benchmark/results/tor/2024-01-01-T02-18-28/tornet-0.15-5/tornet.plot.data/simulation_info.json
2026-08-15 10:53:07 1786791187.610218 [tornettools] [INFO] Found 5 total files
2026-08-15 10:53:07 1786791187.610351 [tornettools] [INFO] Found simulated network scale 0.15
2026-08-15 10:53:07 1786791187.610393 [tornettools] [INFO] Plotting relay goodput
