2026-07-30 08:29:49 1785400189.793115 [tornettools] [INFO] Logging system initialized! Logging events to stdout and to '/tmp/sim-results/plots/tornettools.plot.2026-07-30.08.29.49.log'
2026-07-30 08:29:49 1785400189.793359 [tornettools] [INFO] Seeded standard and numpy PRNGs with seed=912297263
2026-07-30 08:29:49 1785400189.793444 [tornettools] [INFO] The argument namespace is: Namespace(do_version=False, quiet=0, seed=912297263, command='plot', tornet_collection_path=['/tmp/sim-results', '/__w/benchmark/benchmark/results/tor/2026-07-29-T06-24-04', '/__w/benchmark/benchmark/results/tor/2026-07-25-T06-23-10', '/__w/benchmark/benchmark/results/tor/2024-01-01-T02-18-28'], tor_metrics_path=None, prefix='/tmp/sim-results/plots', labels=['2026-07-30-T06-20-07 (Nightly benchmark)', '2026-07-29-T06-24-04 (Nightly benchmark)', '2026-07-25-T06-23-10 (Weekly benchmark)', '2024-01-01-T02-18-28 (v3.1.0)'], colors=None, plot_all=False, plot_pngs=True, func=<function plot at 0x15155af53880>, formatter_class=<class '__main__.CustomHelpFormatter'>)
2026-07-30 08:29:49 1785400189.795609 [tornettools] [INFO] The platform is: Linux-6.12.86+deb13-amd64-x86_64-with-glibc2.36
2026-07-30 08:29:49 1785400189.795720 [tornettools] [INFO] System info: uname_result(system='Linux', node='92adf33fdb0a', release='6.12.86+deb13-amd64', version='#1 SMP PREEMPT_DYNAMIC Debian 6.12.86-1 (2026-05-08)', machine='x86_64')
2026-07-30 08:29:50 1785400190.077934 [tornettools] [INFO] generated new fontManager
2026-07-30 08:29:50 1785400190.994182 [tornettools] [INFO] Plotting simulation results now
2026-07-30 08:29:50 1785400190.994560 [tornettools] [INFO] Plotting tornet comparisons
2026-07-30 08:29:50 1785400190.994626 [tornettools] [INFO] Loading tornet resource usage data
2026-07-30 08:29:50 1785400190.994669 [tornettools] [INFO] Searching for files containing resource_usage.json in directory tree at /tmp/sim-results
2026-07-30 08:29:50 1785400190.994969 [tornettools] [INFO] Found /tmp/sim-results/tornet-0.15-1/tornet.plot.data/resource_usage.json
2026-07-30 08:29:51 1785400191.169920 [tornettools] [INFO] Found 1 total files
2026-07-30 08:29:51 1785400191.170545 [tornettools] [INFO] Searching for files containing resource_usage.json in directory tree at /__w/benchmark/benchmark/results/tor/2026-07-29-T06-24-04
2026-07-30 08:29:51 1785400191.170731 [tornettools] [INFO] Found /__w/benchmark/benchmark/results/tor/2026-07-29-T06-24-04/tornet-0.15-1/tornet.plot.data/resource_usage.json
2026-07-30 08:29:51 1785400191.170777 [tornettools] [INFO] Found 1 total files
2026-07-30 08:29:51 1785400191.171226 [tornettools] [INFO] Searching for files containing resource_usage.json in directory tree at /__w/benchmark/benchmark/results/tor/2026-07-25-T06-23-10
2026-07-30 08:29:51 1785400191.171340 [tornettools] [INFO] Found /__w/benchmark/benchmark/results/tor/2026-07-25-T06-23-10/tornet-0.15-2/tornet.plot.data/resource_usage.json
2026-07-30 08:29:51 1785400191.171422 [tornettools] [INFO] Found /__w/benchmark/benchmark/results/tor/2026-07-25-T06-23-10/tornet-0.15-3/tornet.plot.data/resource_usage.json
2026-07-30 08:29:51 1785400191.171529 [tornettools] [INFO] Found /__w/benchmark/benchmark/results/tor/2026-07-25-T06-23-10/tornet-0.15-1/tornet.plot.data/resource_usage.json
2026-07-30 08:29:51 1785400191.171566 [tornettools] [INFO] Found 3 total files
2026-07-30 08:29:51 1785400191.172890 [tornettools] [INFO] Searching for files containing resource_usage.json in directory tree at /__w/benchmark/benchmark/results/tor/2024-01-01-T02-18-28
2026-07-30 08:29:51 1785400191.173045 [tornettools] [INFO] Found /__w/benchmark/benchmark/results/tor/2024-01-01-T02-18-28/tornet-0.15-2/tornet.plot.data/resource_usage.json
2026-07-30 08:29:51 1785400191.173125 [tornettools] [INFO] Found /__w/benchmark/benchmark/results/tor/2024-01-01-T02-18-28/tornet-0.15-3/tornet.plot.data/resource_usage.json
2026-07-30 08:29:51 1785400191.173267 [tornettools] [INFO] Found /__w/benchmark/benchmark/results/tor/2024-01-01-T02-18-28/tornet-0.15-4/tornet.plot.data/resource_usage.json
2026-07-30 08:29:51 1785400191.173338 [tornettools] [INFO] Found /__w/benchmark/benchmark/results/tor/2024-01-01-T02-18-28/tornet-0.15-1/tornet.plot.data/resource_usage.json
2026-07-30 08:29:51 1785400191.173423 [tornettools] [INFO] Found /__w/benchmark/benchmark/results/tor/2024-01-01-T02-18-28/tornet-0.15-5/tornet.plot.data/resource_usage.json
2026-07-30 08:29:51 1785400191.173459 [tornettools] [INFO] Found 5 total files
2026-07-30 08:29:52 1785400192.663807 [tornettools] [INFO] Loading Tor metrics data
2026-07-30 08:29:52 1785400192.663967 [tornettools] [INFO] Loading tornet relay goodput data
2026-07-30 08:29:52 1785400192.664022 [tornettools] [INFO] Searching for files containing relay_goodput.json in directory tree at /tmp/sim-results
2026-07-30 08:29:52 1785400192.664399 [tornettools] [INFO] Found /tmp/sim-results/tornet-0.15-1/tornet.plot.data/relay_goodput.json
2026-07-30 08:29:52 1785400192.837260 [tornettools] [INFO] Found 1 total files
2026-07-30 08:29:52 1785400192.837766 [tornettools] [INFO] Searching for files containing relay_goodput.json in directory tree at /__w/benchmark/benchmark/results/tor/2026-07-29-T06-24-04
2026-07-30 08:29:52 1785400192.837961 [tornettools] [INFO] Found /__w/benchmark/benchmark/results/tor/2026-07-29-T06-24-04/tornet-0.15-1/tornet.plot.data/relay_goodput.json
2026-07-30 08:29:52 1785400192.838004 [tornettools] [INFO] Found 1 total files
2026-07-30 08:29:52 1785400192.838213 [tornettools] [INFO] Searching for files containing relay_goodput.json in directory tree at /__w/benchmark/benchmark/results/tor/2026-07-25-T06-23-10
2026-07-30 08:29:52 1785400192.838324 [tornettools] [INFO] Found /__w/benchmark/benchmark/results/tor/2026-07-25-T06-23-10/tornet-0.15-2/tornet.plot.data/relay_goodput.json
2026-07-30 08:29:52 1785400192.838406 [tornettools] [INFO] Found /__w/benchmark/benchmark/results/tor/2026-07-25-T06-23-10/tornet-0.15-3/tornet.plot.data/relay_goodput.json
2026-07-30 08:29:52 1785400192.838510 [tornettools] [INFO] Found /__w/benchmark/benchmark/results/tor/2026-07-25-T06-23-10/tornet-0.15-1/tornet.plot.data/relay_goodput.json
2026-07-30 08:29:52 1785400192.838544 [tornettools] [INFO] Found 3 total files
2026-07-30 08:29:52 1785400192.839034 [tornettools] [INFO] Searching for files containing relay_goodput.json in directory tree at /__w/benchmark/benchmark/results/tor/2024-01-01-T02-18-28
2026-07-30 08:29:52 1785400192.839159 [tornettools] [INFO] Found /__w/benchmark/benchmark/results/tor/2024-01-01-T02-18-28/tornet-0.15-2/tornet.plot.data/relay_goodput.json
2026-07-30 08:29:52 1785400192.839236 [tornettools] [INFO] Found /__w/benchmark/benchmark/results/tor/2024-01-01-T02-18-28/tornet-0.15-3/tornet.plot.data/relay_goodput.json
2026-07-30 08:29:52 1785400192.839354 [tornettools] [INFO] Found /__w/benchmark/benchmark/results/tor/2024-01-01-T02-18-28/tornet-0.15-4/tornet.plot.data/relay_goodput.json
2026-07-30 08:29:52 1785400192.839427 [tornettools] [INFO] Found /__w/benchmark/benchmark/results/tor/2024-01-01-T02-18-28/tornet-0.15-1/tornet.plot.data/relay_goodput.json
2026-07-30 08:29:52 1785400192.839499 [tornettools] [INFO] Found /__w/benchmark/benchmark/results/tor/2024-01-01-T02-18-28/tornet-0.15-5/tornet.plot.data/relay_goodput.json
2026-07-30 08:29:52 1785400192.839533 [tornettools] [INFO] Found 5 total files
2026-07-30 08:29:52 1785400192.840961 [tornettools] [INFO] Searching for files containing simulation_info.json in directory tree at /tmp/sim-results
2026-07-30 08:29:52 1785400192.841401 [tornettools] [INFO] Found /tmp/sim-results/tornet-0.15-1/tornet.plot.data/simulation_info.json
2026-07-30 08:29:53 1785400193.013198 [tornettools] [INFO] Found 1 total files
2026-07-30 08:29:53 1785400193.013381 [tornettools] [INFO] Searching for files containing simulation_info.json in directory tree at /__w/benchmark/benchmark/results/tor/2026-07-29-T06-24-04
2026-07-30 08:29:53 1785400193.013526 [tornettools] [INFO] Found /__w/benchmark/benchmark/results/tor/2026-07-29-T06-24-04/tornet-0.15-1/tornet.plot.data/simulation_info.json
2026-07-30 08:29:53 1785400193.013567 [tornettools] [INFO] Found 1 total files
2026-07-30 08:29:53 1785400193.013649 [tornettools] [INFO] Searching for files containing simulation_info.json in directory tree at /__w/benchmark/benchmark/results/tor/2026-07-25-T06-23-10
2026-07-30 08:29:53 1785400193.013743 [tornettools] [INFO] Found /__w/benchmark/benchmark/results/tor/2026-07-25-T06-23-10/tornet-0.15-2/tornet.plot.data/simulation_info.json
2026-07-30 08:29:53 1785400193.013818 [tornettools] [INFO] Found /__w/benchmark/benchmark/results/tor/2026-07-25-T06-23-10/tornet-0.15-3/tornet.plot.data/simulation_info.json
2026-07-30 08:29:53 1785400193.013920 [tornettools] [INFO] Found /__w/benchmark/benchmark/results/tor/2026-07-25-T06-23-10/tornet-0.15-1/tornet.plot.data/simulation_info.json
2026-07-30 08:29:53 1785400193.013960 [tornettools] [INFO] Found 3 total files
2026-07-30 08:29:53 1785400193.014069 [tornettools] [INFO] Searching for files containing simulation_info.json in directory tree at /__w/benchmark/benchmark/results/tor/2024-01-01-T02-18-28
2026-07-30 08:29:53 1785400193.014174 [tornettools] [INFO] Found /__w/benchmark/benchmark/results/tor/2024-01-01-T02-18-28/tornet-0.15-2/tornet.plot.data/simulation_info.json
2026-07-30 08:29:53 1785400193.014246 [tornettools] [INFO] Found /__w/benchmark/benchmark/results/tor/2024-01-01-T02-18-28/tornet-0.15-3/tornet.plot.data/simulation_info.json
2026-07-30 08:29:53 1785400193.014354 [tornettools] [INFO] Found /__w/benchmark/benchmark/results/tor/2024-01-01-T02-18-28/tornet-0.15-4/tornet.plot.data/simulation_info.json
2026-07-30 08:29:53 1785400193.014426 [tornettools] [INFO] Found /__w/benchmark/benchmark/results/tor/2024-01-01-T02-18-28/tornet-0.15-1/tornet.plot.data/simulation_info.json
2026-07-30 08:29:53 1785400193.014494 [tornettools] [INFO] Found /__w/benchmark/benchmark/results/tor/2024-01-01-T02-18-28/tornet-0.15-5/tornet.plot.data/simulation_info.json
2026-07-30 08:29:53 1785400193.014529 [tornettools] [INFO] Found 5 total files
2026-07-30 08:29:53 1785400193.014703 [tornettools] [INFO] Found simulated network scale 0.15
2026-07-30 08:29:53 1785400193.014751 [tornettools] [INFO] Plotting relay goodput
