2026-08-01 12:50:08 1785588608.999928 [tornettools] [INFO] Logging system initialized! Logging events to stdout and to '/tmp/sim-results/plots/tornettools.plot.2026-08-01.12.50.08.log'
2026-08-01 12:50:09 1785588609.000112 [tornettools] [INFO] Seeded standard and numpy PRNGs with seed=875826785
2026-08-01 12:50:09 1785588609.000207 [tornettools] [INFO] The argument namespace is: Namespace(do_version=False, quiet=0, seed=875826785, command='plot', tornet_collection_path=['/tmp/sim-results', '/__w/benchmark/benchmark/results/tor/2026-07-31-T06-37-00', '/__w/benchmark/benchmark/results/tor/2026-07-25-T06-23-10', '/__w/benchmark/benchmark/results/tor/2024-01-01-T02-18-28'], tor_metrics_path=None, prefix='/tmp/sim-results/plots', labels=['2026-08-01-T06-35-14 (Weekly benchmark)', '2026-07-31-T06-37-00 (Nightly benchmark)', '2026-07-25-T06-23-10 (Weekly benchmark)', '2024-01-01-T02-18-28 (v3.1.0)'], colors=None, plot_all=False, plot_pngs=True, func=<function plot at 0x151de2bdb880>, formatter_class=<class '__main__.CustomHelpFormatter'>)
2026-08-01 12:50:09 1785588609.002399 [tornettools] [INFO] The platform is: Linux-6.12.86+deb13-amd64-x86_64-with-glibc2.36
2026-08-01 12:50:09 1785588609.002516 [tornettools] [INFO] System info: uname_result(system='Linux', node='66928c63e9ed', release='6.12.86+deb13-amd64', version='#1 SMP PREEMPT_DYNAMIC Debian 6.12.86-1 (2026-05-08)', machine='x86_64')
2026-08-01 12:50:09 1785588609.282044 [tornettools] [INFO] generated new fontManager
2026-08-01 12:50:10 1785588610.198737 [tornettools] [INFO] Plotting simulation results now
2026-08-01 12:50:10 1785588610.199128 [tornettools] [INFO] Plotting tornet comparisons
2026-08-01 12:50:10 1785588610.199208 [tornettools] [INFO] Loading tornet resource usage data
2026-08-01 12:50:10 1785588610.199255 [tornettools] [INFO] Searching for files containing resource_usage.json in directory tree at /tmp/sim-results
2026-08-01 12:50:10 1785588610.199568 [tornettools] [INFO] Found /tmp/sim-results/tornet-0.15-2/tornet.plot.data/resource_usage.json
2026-08-01 12:50:10 1785588610.371697 [tornettools] [INFO] Found /tmp/sim-results/tornet-0.15-3/tornet.plot.data/resource_usage.json
2026-08-01 12:50:10 1785588610.540445 [tornettools] [INFO] Found /tmp/sim-results/tornet-0.15-1/tornet.plot.data/resource_usage.json
2026-08-01 12:50:10 1785588610.714033 [tornettools] [INFO] Found 3 total files
2026-08-01 12:50:10 1785588610.715504 [tornettools] [INFO] Searching for files containing resource_usage.json in directory tree at /__w/benchmark/benchmark/results/tor/2026-07-31-T06-37-00
2026-08-01 12:50:10 1785588610.715735 [tornettools] [INFO] Found /__w/benchmark/benchmark/results/tor/2026-07-31-T06-37-00/tornet-0.15-1/tornet.plot.data/resource_usage.json
2026-08-01 12:50:10 1785588610.715793 [tornettools] [INFO] Found 1 total files
2026-08-01 12:50:10 1785588610.716311 [tornettools] [INFO] Searching for files containing resource_usage.json in directory tree at /__w/benchmark/benchmark/results/tor/2026-07-25-T06-23-10
2026-08-01 12:50:10 1785588610.716457 [tornettools] [INFO] Found /__w/benchmark/benchmark/results/tor/2026-07-25-T06-23-10/tornet-0.15-2/tornet.plot.data/resource_usage.json
2026-08-01 12:50:10 1785588610.716548 [tornettools] [INFO] Found /__w/benchmark/benchmark/results/tor/2026-07-25-T06-23-10/tornet-0.15-3/tornet.plot.data/resource_usage.json
2026-08-01 12:50:10 1785588610.716663 [tornettools] [INFO] Found /__w/benchmark/benchmark/results/tor/2026-07-25-T06-23-10/tornet-0.15-1/tornet.plot.data/resource_usage.json
2026-08-01 12:50:10 1785588610.716703 [tornettools] [INFO] Found 3 total files
2026-08-01 12:50:10 1785588610.718097 [tornettools] [INFO] Searching for files containing resource_usage.json in directory tree at /__w/benchmark/benchmark/results/tor/2024-01-01-T02-18-28
2026-08-01 12:50:10 1785588610.718261 [tornettools] [INFO] Found /__w/benchmark/benchmark/results/tor/2024-01-01-T02-18-28/tornet-0.15-2/tornet.plot.data/resource_usage.json
2026-08-01 12:50:10 1785588610.718347 [tornettools] [INFO] Found /__w/benchmark/benchmark/results/tor/2024-01-01-T02-18-28/tornet-0.15-3/tornet.plot.data/resource_usage.json
2026-08-01 12:50:10 1785588610.718481 [tornettools] [INFO] Found /__w/benchmark/benchmark/results/tor/2024-01-01-T02-18-28/tornet-0.15-4/tornet.plot.data/resource_usage.json
2026-08-01 12:50:10 1785588610.718559 [tornettools] [INFO] Found /__w/benchmark/benchmark/results/tor/2024-01-01-T02-18-28/tornet-0.15-1/tornet.plot.data/resource_usage.json
2026-08-01 12:50:10 1785588610.718636 [tornettools] [INFO] Found /__w/benchmark/benchmark/results/tor/2024-01-01-T02-18-28/tornet-0.15-5/tornet.plot.data/resource_usage.json
2026-08-01 12:50:10 1785588610.718671 [tornettools] [INFO] Found 5 total files
2026-08-01 12:50:12 1785588612.476182 [tornettools] [INFO] Loading Tor metrics data
2026-08-01 12:50:12 1785588612.476310 [tornettools] [INFO] Loading tornet relay goodput data
2026-08-01 12:50:12 1785588612.476353 [tornettools] [INFO] Searching for files containing relay_goodput.json in directory tree at /tmp/sim-results
2026-08-01 12:50:12 1785588612.476660 [tornettools] [INFO] Found /tmp/sim-results/tornet-0.15-2/tornet.plot.data/relay_goodput.json
2026-08-01 12:50:12 1785588612.610103 [tornettools] [INFO] Found /tmp/sim-results/tornet-0.15-3/tornet.plot.data/relay_goodput.json
2026-08-01 12:50:12 1785588612.742505 [tornettools] [INFO] Found /tmp/sim-results/tornet-0.15-1/tornet.plot.data/relay_goodput.json
2026-08-01 12:50:12 1785588612.876502 [tornettools] [INFO] Found 3 total files
2026-08-01 12:50:12 1785588612.877047 [tornettools] [INFO] Searching for files containing relay_goodput.json in directory tree at /__w/benchmark/benchmark/results/tor/2026-07-31-T06-37-00
2026-08-01 12:50:12 1785588612.877208 [tornettools] [INFO] Found /__w/benchmark/benchmark/results/tor/2026-07-31-T06-37-00/tornet-0.15-1/tornet.plot.data/relay_goodput.json
2026-08-01 12:50:12 1785588612.877248 [tornettools] [INFO] Found 1 total files
2026-08-01 12:50:12 1785588612.877418 [tornettools] [INFO] Searching for files containing relay_goodput.json in directory tree at /__w/benchmark/benchmark/results/tor/2026-07-25-T06-23-10
2026-08-01 12:50:12 1785588612.877512 [tornettools] [INFO] Found /__w/benchmark/benchmark/results/tor/2026-07-25-T06-23-10/tornet-0.15-2/tornet.plot.data/relay_goodput.json
2026-08-01 12:50:12 1785588612.877584 [tornettools] [INFO] Found /__w/benchmark/benchmark/results/tor/2026-07-25-T06-23-10/tornet-0.15-3/tornet.plot.data/relay_goodput.json
2026-08-01 12:50:12 1785588612.877676 [tornettools] [INFO] Found /__w/benchmark/benchmark/results/tor/2026-07-25-T06-23-10/tornet-0.15-1/tornet.plot.data/relay_goodput.json
2026-08-01 12:50:12 1785588612.877712 [tornettools] [INFO] Found 3 total files
2026-08-01 12:50:12 1785588612.878175 [tornettools] [INFO] Searching for files containing relay_goodput.json in directory tree at /__w/benchmark/benchmark/results/tor/2024-01-01-T02-18-28
2026-08-01 12:50:12 1785588612.878280 [tornettools] [INFO] Found /__w/benchmark/benchmark/results/tor/2024-01-01-T02-18-28/tornet-0.15-2/tornet.plot.data/relay_goodput.json
2026-08-01 12:50:12 1785588612.878355 [tornettools] [INFO] Found /__w/benchmark/benchmark/results/tor/2024-01-01-T02-18-28/tornet-0.15-3/tornet.plot.data/relay_goodput.json
2026-08-01 12:50:12 1785588612.878453 [tornettools] [INFO] Found /__w/benchmark/benchmark/results/tor/2024-01-01-T02-18-28/tornet-0.15-4/tornet.plot.data/relay_goodput.json
2026-08-01 12:50:12 1785588612.878518 [tornettools] [INFO] Found /__w/benchmark/benchmark/results/tor/2024-01-01-T02-18-28/tornet-0.15-1/tornet.plot.data/relay_goodput.json
2026-08-01 12:50:12 1785588612.878582 [tornettools] [INFO] Found /__w/benchmark/benchmark/results/tor/2024-01-01-T02-18-28/tornet-0.15-5/tornet.plot.data/relay_goodput.json
2026-08-01 12:50:12 1785588612.878612 [tornettools] [INFO] Found 5 total files
2026-08-01 12:50:12 1785588612.879686 [tornettools] [INFO] Searching for files containing simulation_info.json in directory tree at /tmp/sim-results
2026-08-01 12:50:12 1785588612.879926 [tornettools] [INFO] Found /tmp/sim-results/tornet-0.15-2/tornet.plot.data/simulation_info.json
2026-08-01 12:50:13 1785588613.010564 [tornettools] [INFO] Found /tmp/sim-results/tornet-0.15-3/tornet.plot.data/simulation_info.json
2026-08-01 12:50:13 1785588613.142813 [tornettools] [INFO] Found /tmp/sim-results/tornet-0.15-1/tornet.plot.data/simulation_info.json
2026-08-01 12:50:13 1785588613.274571 [tornettools] [INFO] Found 3 total files
2026-08-01 12:50:13 1785588613.274840 [tornettools] [INFO] Searching for files containing simulation_info.json in directory tree at /__w/benchmark/benchmark/results/tor/2026-07-31-T06-37-00
2026-08-01 12:50:13 1785588613.275001 [tornettools] [INFO] Found /__w/benchmark/benchmark/results/tor/2026-07-31-T06-37-00/tornet-0.15-1/tornet.plot.data/simulation_info.json
2026-08-01 12:50:13 1785588613.275039 [tornettools] [INFO] Found 1 total files
2026-08-01 12:50:13 1785588613.275107 [tornettools] [INFO] Searching for files containing simulation_info.json in directory tree at /__w/benchmark/benchmark/results/tor/2026-07-25-T06-23-10
2026-08-01 12:50:13 1785588613.275194 [tornettools] [INFO] Found /__w/benchmark/benchmark/results/tor/2026-07-25-T06-23-10/tornet-0.15-2/tornet.plot.data/simulation_info.json
2026-08-01 12:50:13 1785588613.275261 [tornettools] [INFO] Found /__w/benchmark/benchmark/results/tor/2026-07-25-T06-23-10/tornet-0.15-3/tornet.plot.data/simulation_info.json
2026-08-01 12:50:13 1785588613.275352 [tornettools] [INFO] Found /__w/benchmark/benchmark/results/tor/2026-07-25-T06-23-10/tornet-0.15-1/tornet.plot.data/simulation_info.json
2026-08-01 12:50:13 1785588613.275386 [tornettools] [INFO] Found 3 total files
2026-08-01 12:50:13 1785588613.275503 [tornettools] [INFO] Searching for files containing simulation_info.json in directory tree at /__w/benchmark/benchmark/results/tor/2024-01-01-T02-18-28
2026-08-01 12:50:13 1785588613.275587 [tornettools] [INFO] Found /__w/benchmark/benchmark/results/tor/2024-01-01-T02-18-28/tornet-0.15-2/tornet.plot.data/simulation_info.json
2026-08-01 12:50:13 1785588613.275653 [tornettools] [INFO] Found /__w/benchmark/benchmark/results/tor/2024-01-01-T02-18-28/tornet-0.15-3/tornet.plot.data/simulation_info.json
2026-08-01 12:50:13 1785588613.275747 [tornettools] [INFO] Found /__w/benchmark/benchmark/results/tor/2024-01-01-T02-18-28/tornet-0.15-4/tornet.plot.data/simulation_info.json
2026-08-01 12:50:13 1785588613.275809 [tornettools] [INFO] Found /__w/benchmark/benchmark/results/tor/2024-01-01-T02-18-28/tornet-0.15-1/tornet.plot.data/simulation_info.json
2026-08-01 12:50:13 1785588613.275872 [tornettools] [INFO] Found /__w/benchmark/benchmark/results/tor/2024-01-01-T02-18-28/tornet-0.15-5/tornet.plot.data/simulation_info.json
2026-08-01 12:50:13 1785588613.275903 [tornettools] [INFO] Found 5 total files
2026-08-01 12:50:13 1785588613.276070 [tornettools] [INFO] Found simulated network scale 0.15
2026-08-01 12:50:13 1785588613.276118 [tornettools] [INFO] Plotting relay goodput
