2026-09-23 11:07:41 1790161661.410212 [tornettools] [INFO] Logging system initialized! Logging events to stdout and to '/tmp/sim-results/plots/tornettools.plot.2026-09-23.11.07.41.log'
2026-09-23 11:07:41 1790161661.410412 [tornettools] [INFO] Seeded standard and numpy PRNGs with seed=1119243472
2026-09-23 11:07:41 1790161661.410487 [tornettools] [INFO] The argument namespace is: Namespace(do_version=False, quiet=0, seed=1119243472, command='plot', tornet_collection_path=['/tmp/sim-results', '/__w/benchmark/benchmark/results/tor/2026-09-22-T08-54-53', '/__w/benchmark/benchmark/results/tor/2026-09-19-T08-42-45', '/__w/benchmark/benchmark/results/tor/2024-01-01-T02-18-28'], tor_metrics_path=None, prefix='/tmp/sim-results/plots', labels=['2026-09-23-T08-57-21 (Nightly benchmark)', '2026-09-22-T08-54-53 (Nightly benchmark)', '2026-09-19-T08-42-45 (Weekly benchmark)', '2024-01-01-T02-18-28 (v3.1.0)'], colors=None, plot_all=False, plot_pngs=True, func=<function plot at 0x151e5ed23880>, formatter_class=<class '__main__.CustomHelpFormatter'>)
2026-09-23 11:07:41 1790161661.412608 [tornettools] [INFO] The platform is: Linux-6.12.86+deb13-amd64-x86_64-with-glibc2.36
2026-09-23 11:07:41 1790161661.412715 [tornettools] [INFO] System info: uname_result(system='Linux', node='3fee978e8aa9', release='6.12.86+deb13-amd64', version='#1 SMP PREEMPT_DYNAMIC Debian 6.12.86-1 (2026-05-08)', machine='x86_64')
2026-09-23 11:07:41 1790161661.692391 [tornettools] [INFO] generated new fontManager
2026-09-23 11:07:42 1790161662.589463 [tornettools] [INFO] Plotting simulation results now
2026-09-23 11:07:42 1790161662.589829 [tornettools] [INFO] Plotting tornet comparisons
2026-09-23 11:07:42 1790161662.589898 [tornettools] [INFO] Loading tornet resource usage data
2026-09-23 11:07:42 1790161662.589942 [tornettools] [INFO] Searching for files containing resource_usage.json in directory tree at /tmp/sim-results
2026-09-23 11:07:42 1790161662.590235 [tornettools] [INFO] Found /tmp/sim-results/tornet-0.15-1/tornet.plot.data/resource_usage.json
2026-09-23 11:07:42 1790161662.767596 [tornettools] [INFO] Found 1 total files
2026-09-23 11:07:42 1790161662.768196 [tornettools] [INFO] Searching for files containing resource_usage.json in directory tree at /__w/benchmark/benchmark/results/tor/2026-09-22-T08-54-53
2026-09-23 11:07:42 1790161662.768370 [tornettools] [INFO] Found /__w/benchmark/benchmark/results/tor/2026-09-22-T08-54-53/tornet-0.15-1/tornet.plot.data/resource_usage.json
2026-09-23 11:07:42 1790161662.768415 [tornettools] [INFO] Found 1 total files
2026-09-23 11:07:42 1790161662.768871 [tornettools] [INFO] Searching for files containing resource_usage.json in directory tree at /__w/benchmark/benchmark/results/tor/2026-09-19-T08-42-45
2026-09-23 11:07:42 1790161662.768986 [tornettools] [INFO] Found /__w/benchmark/benchmark/results/tor/2026-09-19-T08-42-45/tornet-0.15-2/tornet.plot.data/resource_usage.json
2026-09-23 11:07:42 1790161662.769066 [tornettools] [INFO] Found /__w/benchmark/benchmark/results/tor/2026-09-19-T08-42-45/tornet-0.15-3/tornet.plot.data/resource_usage.json
2026-09-23 11:07:42 1790161662.769169 [tornettools] [INFO] Found /__w/benchmark/benchmark/results/tor/2026-09-19-T08-42-45/tornet-0.15-1/tornet.plot.data/resource_usage.json
2026-09-23 11:07:42 1790161662.769206 [tornettools] [INFO] Found 3 total files
2026-09-23 11:07:42 1790161662.770838 [tornettools] [INFO] Searching for files containing resource_usage.json in directory tree at /__w/benchmark/benchmark/results/tor/2024-01-01-T02-18-28
2026-09-23 11:07:42 1790161662.770985 [tornettools] [INFO] Found /__w/benchmark/benchmark/results/tor/2024-01-01-T02-18-28/tornet-0.15-2/tornet.plot.data/resource_usage.json
2026-09-23 11:07:42 1790161662.771062 [tornettools] [INFO] Found /__w/benchmark/benchmark/results/tor/2024-01-01-T02-18-28/tornet-0.15-3/tornet.plot.data/resource_usage.json
2026-09-23 11:07:42 1790161662.771177 [tornettools] [INFO] Found /__w/benchmark/benchmark/results/tor/2024-01-01-T02-18-28/tornet-0.15-4/tornet.plot.data/resource_usage.json
2026-09-23 11:07:42 1790161662.771247 [tornettools] [INFO] Found /__w/benchmark/benchmark/results/tor/2024-01-01-T02-18-28/tornet-0.15-1/tornet.plot.data/resource_usage.json
2026-09-23 11:07:42 1790161662.771329 [tornettools] [INFO] Found /__w/benchmark/benchmark/results/tor/2024-01-01-T02-18-28/tornet-0.15-5/tornet.plot.data/resource_usage.json
2026-09-23 11:07:42 1790161662.771365 [tornettools] [INFO] Found 5 total files
2026-09-23 11:07:44 1790161664.083646 [tornettools] [INFO] Loading Tor metrics data
2026-09-23 11:07:44 1790161664.083794 [tornettools] [INFO] Loading tornet relay goodput data
2026-09-23 11:07:44 1790161664.083847 [tornettools] [INFO] Searching for files containing relay_goodput.json in directory tree at /tmp/sim-results
2026-09-23 11:07:44 1790161664.084192 [tornettools] [INFO] Found /tmp/sim-results/tornet-0.15-1/tornet.plot.data/relay_goodput.json
2026-09-23 11:07:44 1790161664.257205 [tornettools] [INFO] Found 1 total files
2026-09-23 11:07:44 1790161664.257600 [tornettools] [INFO] Searching for files containing relay_goodput.json in directory tree at /__w/benchmark/benchmark/results/tor/2026-09-22-T08-54-53
2026-09-23 11:07:44 1790161664.257775 [tornettools] [INFO] Found /__w/benchmark/benchmark/results/tor/2026-09-22-T08-54-53/tornet-0.15-1/tornet.plot.data/relay_goodput.json
2026-09-23 11:07:44 1790161664.257818 [tornettools] [INFO] Found 1 total files
2026-09-23 11:07:44 1790161664.258024 [tornettools] [INFO] Searching for files containing relay_goodput.json in directory tree at /__w/benchmark/benchmark/results/tor/2026-09-19-T08-42-45
2026-09-23 11:07:44 1790161664.258132 [tornettools] [INFO] Found /__w/benchmark/benchmark/results/tor/2026-09-19-T08-42-45/tornet-0.15-2/tornet.plot.data/relay_goodput.json
2026-09-23 11:07:44 1790161664.258209 [tornettools] [INFO] Found /__w/benchmark/benchmark/results/tor/2026-09-19-T08-42-45/tornet-0.15-3/tornet.plot.data/relay_goodput.json
2026-09-23 11:07:44 1790161664.258313 [tornettools] [INFO] Found /__w/benchmark/benchmark/results/tor/2026-09-19-T08-42-45/tornet-0.15-1/tornet.plot.data/relay_goodput.json
2026-09-23 11:07:44 1790161664.258346 [tornettools] [INFO] Found 3 total files
2026-09-23 11:07:44 1790161664.258857 [tornettools] [INFO] Searching for files containing relay_goodput.json in directory tree at /__w/benchmark/benchmark/results/tor/2024-01-01-T02-18-28
2026-09-23 11:07:44 1790161664.258987 [tornettools] [INFO] Found /__w/benchmark/benchmark/results/tor/2024-01-01-T02-18-28/tornet-0.15-2/tornet.plot.data/relay_goodput.json
2026-09-23 11:07:44 1790161664.259063 [tornettools] [INFO] Found /__w/benchmark/benchmark/results/tor/2024-01-01-T02-18-28/tornet-0.15-3/tornet.plot.data/relay_goodput.json
2026-09-23 11:07:44 1790161664.259173 [tornettools] [INFO] Found /__w/benchmark/benchmark/results/tor/2024-01-01-T02-18-28/tornet-0.15-4/tornet.plot.data/relay_goodput.json
2026-09-23 11:07:44 1790161664.259242 [tornettools] [INFO] Found /__w/benchmark/benchmark/results/tor/2024-01-01-T02-18-28/tornet-0.15-1/tornet.plot.data/relay_goodput.json
2026-09-23 11:07:44 1790161664.259309 [tornettools] [INFO] Found /__w/benchmark/benchmark/results/tor/2024-01-01-T02-18-28/tornet-0.15-5/tornet.plot.data/relay_goodput.json
2026-09-23 11:07:44 1790161664.259342 [tornettools] [INFO] Found 5 total files
2026-09-23 11:07:44 1790161664.260699 [tornettools] [INFO] Searching for files containing simulation_info.json in directory tree at /tmp/sim-results
2026-09-23 11:07:44 1790161664.261031 [tornettools] [INFO] Found /tmp/sim-results/tornet-0.15-1/tornet.plot.data/simulation_info.json
2026-09-23 11:07:44 1790161664.429131 [tornettools] [INFO] Found 1 total files
2026-09-23 11:07:44 1790161664.429347 [tornettools] [INFO] Searching for files containing simulation_info.json in directory tree at /__w/benchmark/benchmark/results/tor/2026-09-22-T08-54-53
2026-09-23 11:07:44 1790161664.429474 [tornettools] [INFO] Found /__w/benchmark/benchmark/results/tor/2026-09-22-T08-54-53/tornet-0.15-1/tornet.plot.data/simulation_info.json
2026-09-23 11:07:44 1790161664.429508 [tornettools] [INFO] Found 1 total files
2026-09-23 11:07:44 1790161664.429582 [tornettools] [INFO] Searching for files containing simulation_info.json in directory tree at /__w/benchmark/benchmark/results/tor/2026-09-19-T08-42-45
2026-09-23 11:07:44 1790161664.429660 [tornettools] [INFO] Found /__w/benchmark/benchmark/results/tor/2026-09-19-T08-42-45/tornet-0.15-2/tornet.plot.data/simulation_info.json
2026-09-23 11:07:44 1790161664.429721 [tornettools] [INFO] Found /__w/benchmark/benchmark/results/tor/2026-09-19-T08-42-45/tornet-0.15-3/tornet.plot.data/simulation_info.json
2026-09-23 11:07:44 1790161664.429810 [tornettools] [INFO] Found /__w/benchmark/benchmark/results/tor/2026-09-19-T08-42-45/tornet-0.15-1/tornet.plot.data/simulation_info.json
2026-09-23 11:07:44 1790161664.429843 [tornettools] [INFO] Found 3 total files
2026-09-23 11:07:44 1790161664.429942 [tornettools] [INFO] Searching for files containing simulation_info.json in directory tree at /__w/benchmark/benchmark/results/tor/2024-01-01-T02-18-28
2026-09-23 11:07:44 1790161664.430024 [tornettools] [INFO] Found /__w/benchmark/benchmark/results/tor/2024-01-01-T02-18-28/tornet-0.15-2/tornet.plot.data/simulation_info.json
2026-09-23 11:07:44 1790161664.430083 [tornettools] [INFO] Found /__w/benchmark/benchmark/results/tor/2024-01-01-T02-18-28/tornet-0.15-3/tornet.plot.data/simulation_info.json
2026-09-23 11:07:44 1790161664.430169 [tornettools] [INFO] Found /__w/benchmark/benchmark/results/tor/2024-01-01-T02-18-28/tornet-0.15-4/tornet.plot.data/simulation_info.json
2026-09-23 11:07:44 1790161664.430226 [tornettools] [INFO] Found /__w/benchmark/benchmark/results/tor/2024-01-01-T02-18-28/tornet-0.15-1/tornet.plot.data/simulation_info.json
2026-09-23 11:07:44 1790161664.430281 [tornettools] [INFO] Found /__w/benchmark/benchmark/results/tor/2024-01-01-T02-18-28/tornet-0.15-5/tornet.plot.data/simulation_info.json
2026-09-23 11:07:44 1790161664.430311 [tornettools] [INFO] Found 5 total files
2026-09-23 11:07:44 1790161664.430465 [tornettools] [INFO] Found simulated network scale 0.15
2026-09-23 11:07:44 1790161664.430506 [tornettools] [INFO] Plotting relay goodput
