2026-09-05 14:33:00 1788618780.032017 [tornettools] [INFO] Logging system initialized! Logging events to stdout and to '/tmp/sim-results/plots/tornettools.plot.2026-09-05.14.33.00.log'
2026-09-05 14:33:00 1788618780.032195 [tornettools] [INFO] Seeded standard and numpy PRNGs with seed=238672151
2026-09-05 14:33:00 1788618780.032271 [tornettools] [INFO] The argument namespace is: Namespace(do_version=False, quiet=0, seed=238672151, command='plot', tornet_collection_path=['/tmp/sim-results', '/__w/benchmark/benchmark/results/tor/2026-09-04-T08-20-31', '/__w/benchmark/benchmark/results/tor/2026-08-29-T10-57-34', '/__w/benchmark/benchmark/results/tor/2024-01-01-T02-18-28'], tor_metrics_path=None, prefix='/tmp/sim-results/plots', labels=['2026-09-05-T08-15-11 (Weekly benchmark)', '2026-09-04-T08-20-31 (Nightly benchmark)', '2026-08-29-T10-57-34 (Weekly benchmark)', '2024-01-01-T02-18-28 (v3.1.0)'], colors=None, plot_all=False, plot_pngs=True, func=<function plot at 0x154c9f453880>, formatter_class=<class '__main__.CustomHelpFormatter'>)
2026-09-05 14:33:00 1788618780.035153 [tornettools] [INFO] The platform is: Linux-6.12.86+deb13-amd64-x86_64-with-glibc2.36
2026-09-05 14:33:00 1788618780.035274 [tornettools] [INFO] System info: uname_result(system='Linux', node='0e8916edc7a4', release='6.12.86+deb13-amd64', version='#1 SMP PREEMPT_DYNAMIC Debian 6.12.86-1 (2026-05-08)', machine='x86_64')
2026-09-05 14:33:00 1788618780.315374 [tornettools] [INFO] generated new fontManager
2026-09-05 14:33:01 1788618781.239337 [tornettools] [INFO] Plotting simulation results now
2026-09-05 14:33:01 1788618781.239848 [tornettools] [INFO] Plotting tornet comparisons
2026-09-05 14:33:01 1788618781.239931 [tornettools] [INFO] Loading tornet resource usage data
2026-09-05 14:33:01 1788618781.239981 [tornettools] [INFO] Searching for files containing resource_usage.json in directory tree at /tmp/sim-results
2026-09-05 14:33:01 1788618781.240291 [tornettools] [INFO] Found /tmp/sim-results/tornet-0.15-2/tornet.plot.data/resource_usage.json
2026-09-05 14:33:01 1788618781.413614 [tornettools] [INFO] Found /tmp/sim-results/tornet-0.15-3/tornet.plot.data/resource_usage.json
2026-09-05 14:33:01 1788618781.585798 [tornettools] [INFO] Found /tmp/sim-results/tornet-0.15-1/tornet.plot.data/resource_usage.json
2026-09-05 14:33:01 1788618781.761270 [tornettools] [INFO] Found 3 total files
2026-09-05 14:33:01 1788618781.762749 [tornettools] [INFO] Searching for files containing resource_usage.json in directory tree at /__w/benchmark/benchmark/results/tor/2026-09-04-T08-20-31
2026-09-05 14:33:01 1788618781.762958 [tornettools] [INFO] Found /__w/benchmark/benchmark/results/tor/2026-09-04-T08-20-31/tornet-0.15-1/tornet.plot.data/resource_usage.json
2026-09-05 14:33:01 1788618781.763003 [tornettools] [INFO] Found 1 total files
2026-09-05 14:33:01 1788618781.763499 [tornettools] [INFO] Searching for files containing resource_usage.json in directory tree at /__w/benchmark/benchmark/results/tor/2026-08-29-T10-57-34
2026-09-05 14:33:01 1788618781.763617 [tornettools] [INFO] Found /__w/benchmark/benchmark/results/tor/2026-08-29-T10-57-34/tornet-0.15-2/tornet.plot.data/resource_usage.json
2026-09-05 14:33:01 1788618781.763695 [tornettools] [INFO] Found /__w/benchmark/benchmark/results/tor/2026-08-29-T10-57-34/tornet-0.15-3/tornet.plot.data/resource_usage.json
2026-09-05 14:33:01 1788618781.763802 [tornettools] [INFO] Found /__w/benchmark/benchmark/results/tor/2026-08-29-T10-57-34/tornet-0.15-1/tornet.plot.data/resource_usage.json
2026-09-05 14:33:01 1788618781.763839 [tornettools] [INFO] Found 3 total files
2026-09-05 14:33:01 1788618781.765205 [tornettools] [INFO] Searching for files containing resource_usage.json in directory tree at /__w/benchmark/benchmark/results/tor/2024-01-01-T02-18-28
2026-09-05 14:33:01 1788618781.765367 [tornettools] [INFO] Found /__w/benchmark/benchmark/results/tor/2024-01-01-T02-18-28/tornet-0.15-2/tornet.plot.data/resource_usage.json
2026-09-05 14:33:01 1788618781.765445 [tornettools] [INFO] Found /__w/benchmark/benchmark/results/tor/2024-01-01-T02-18-28/tornet-0.15-3/tornet.plot.data/resource_usage.json
2026-09-05 14:33:01 1788618781.765578 [tornettools] [INFO] Found /__w/benchmark/benchmark/results/tor/2024-01-01-T02-18-28/tornet-0.15-4/tornet.plot.data/resource_usage.json
2026-09-05 14:33:01 1788618781.765650 [tornettools] [INFO] Found /__w/benchmark/benchmark/results/tor/2024-01-01-T02-18-28/tornet-0.15-1/tornet.plot.data/resource_usage.json
2026-09-05 14:33:01 1788618781.765720 [tornettools] [INFO] Found /__w/benchmark/benchmark/results/tor/2024-01-01-T02-18-28/tornet-0.15-5/tornet.plot.data/resource_usage.json
2026-09-05 14:33:01 1788618781.765756 [tornettools] [INFO] Found 5 total files
2026-09-05 14:33:03 1788618783.509117 [tornettools] [INFO] Loading Tor metrics data
2026-09-05 14:33:03 1788618783.509262 [tornettools] [INFO] Loading tornet relay goodput data
2026-09-05 14:33:03 1788618783.509308 [tornettools] [INFO] Searching for files containing relay_goodput.json in directory tree at /tmp/sim-results
2026-09-05 14:33:03 1788618783.509600 [tornettools] [INFO] Found /tmp/sim-results/tornet-0.15-2/tornet.plot.data/relay_goodput.json
2026-09-05 14:33:03 1788618783.644285 [tornettools] [INFO] Found /tmp/sim-results/tornet-0.15-3/tornet.plot.data/relay_goodput.json
2026-09-05 14:33:03 1788618783.777872 [tornettools] [INFO] Found /tmp/sim-results/tornet-0.15-1/tornet.plot.data/relay_goodput.json
2026-09-05 14:33:03 1788618783.913223 [tornettools] [INFO] Found 3 total files
2026-09-05 14:33:03 1788618783.913754 [tornettools] [INFO] Searching for files containing relay_goodput.json in directory tree at /__w/benchmark/benchmark/results/tor/2026-09-04-T08-20-31
2026-09-05 14:33:03 1788618783.913893 [tornettools] [INFO] Found /__w/benchmark/benchmark/results/tor/2026-09-04-T08-20-31/tornet-0.15-1/tornet.plot.data/relay_goodput.json
2026-09-05 14:33:03 1788618783.913928 [tornettools] [INFO] Found 1 total files
2026-09-05 14:33:03 1788618783.914093 [tornettools] [INFO] Searching for files containing relay_goodput.json in directory tree at /__w/benchmark/benchmark/results/tor/2026-08-29-T10-57-34
2026-09-05 14:33:03 1788618783.914181 [tornettools] [INFO] Found /__w/benchmark/benchmark/results/tor/2026-08-29-T10-57-34/tornet-0.15-2/tornet.plot.data/relay_goodput.json
2026-09-05 14:33:03 1788618783.914244 [tornettools] [INFO] Found /__w/benchmark/benchmark/results/tor/2026-08-29-T10-57-34/tornet-0.15-3/tornet.plot.data/relay_goodput.json
2026-09-05 14:33:03 1788618783.914329 [tornettools] [INFO] Found /__w/benchmark/benchmark/results/tor/2026-08-29-T10-57-34/tornet-0.15-1/tornet.plot.data/relay_goodput.json
2026-09-05 14:33:03 1788618783.914357 [tornettools] [INFO] Found 3 total files
2026-09-05 14:33:03 1788618783.914800 [tornettools] [INFO] Searching for files containing relay_goodput.json in directory tree at /__w/benchmark/benchmark/results/tor/2024-01-01-T02-18-28
2026-09-05 14:33:03 1788618783.914897 [tornettools] [INFO] Found /__w/benchmark/benchmark/results/tor/2024-01-01-T02-18-28/tornet-0.15-2/tornet.plot.data/relay_goodput.json
2026-09-05 14:33:03 1788618783.914961 [tornettools] [INFO] Found /__w/benchmark/benchmark/results/tor/2024-01-01-T02-18-28/tornet-0.15-3/tornet.plot.data/relay_goodput.json
2026-09-05 14:33:03 1788618783.915056 [tornettools] [INFO] Found /__w/benchmark/benchmark/results/tor/2024-01-01-T02-18-28/tornet-0.15-4/tornet.plot.data/relay_goodput.json
2026-09-05 14:33:03 1788618783.915116 [tornettools] [INFO] Found /__w/benchmark/benchmark/results/tor/2024-01-01-T02-18-28/tornet-0.15-1/tornet.plot.data/relay_goodput.json
2026-09-05 14:33:03 1788618783.915176 [tornettools] [INFO] Found /__w/benchmark/benchmark/results/tor/2024-01-01-T02-18-28/tornet-0.15-5/tornet.plot.data/relay_goodput.json
2026-09-05 14:33:03 1788618783.915203 [tornettools] [INFO] Found 5 total files
2026-09-05 14:33:03 1788618783.916346 [tornettools] [INFO] Searching for files containing simulation_info.json in directory tree at /tmp/sim-results
2026-09-05 14:33:03 1788618783.916579 [tornettools] [INFO] Found /tmp/sim-results/tornet-0.15-2/tornet.plot.data/simulation_info.json
2026-09-05 14:33:04 1788618784.049808 [tornettools] [INFO] Found /tmp/sim-results/tornet-0.15-3/tornet.plot.data/simulation_info.json
2026-09-05 14:33:04 1788618784.180948 [tornettools] [INFO] Found /tmp/sim-results/tornet-0.15-1/tornet.plot.data/simulation_info.json
2026-09-05 14:33:04 1788618784.314473 [tornettools] [INFO] Found 3 total files
2026-09-05 14:33:04 1788618784.314650 [tornettools] [INFO] Searching for files containing simulation_info.json in directory tree at /__w/benchmark/benchmark/results/tor/2026-09-04-T08-20-31
2026-09-05 14:33:04 1788618784.314772 [tornettools] [INFO] Found /__w/benchmark/benchmark/results/tor/2026-09-04-T08-20-31/tornet-0.15-1/tornet.plot.data/simulation_info.json
2026-09-05 14:33:04 1788618784.314806 [tornettools] [INFO] Found 1 total files
2026-09-05 14:33:04 1788618784.314864 [tornettools] [INFO] Searching for files containing simulation_info.json in directory tree at /__w/benchmark/benchmark/results/tor/2026-08-29-T10-57-34
2026-09-05 14:33:04 1788618784.314937 [tornettools] [INFO] Found /__w/benchmark/benchmark/results/tor/2026-08-29-T10-57-34/tornet-0.15-2/tornet.plot.data/simulation_info.json
2026-09-05 14:33:04 1788618784.314996 [tornettools] [INFO] Found /__w/benchmark/benchmark/results/tor/2026-08-29-T10-57-34/tornet-0.15-3/tornet.plot.data/simulation_info.json
2026-09-05 14:33:04 1788618784.315078 [tornettools] [INFO] Found /__w/benchmark/benchmark/results/tor/2026-08-29-T10-57-34/tornet-0.15-1/tornet.plot.data/simulation_info.json
2026-09-05 14:33:04 1788618784.315108 [tornettools] [INFO] Found 3 total files
2026-09-05 14:33:04 1788618784.315221 [tornettools] [INFO] Searching for files containing simulation_info.json in directory tree at /__w/benchmark/benchmark/results/tor/2024-01-01-T02-18-28
2026-09-05 14:33:04 1788618784.315303 [tornettools] [INFO] Found /__w/benchmark/benchmark/results/tor/2024-01-01-T02-18-28/tornet-0.15-2/tornet.plot.data/simulation_info.json
2026-09-05 14:33:04 1788618784.315364 [tornettools] [INFO] Found /__w/benchmark/benchmark/results/tor/2024-01-01-T02-18-28/tornet-0.15-3/tornet.plot.data/simulation_info.json
2026-09-05 14:33:04 1788618784.315455 [tornettools] [INFO] Found /__w/benchmark/benchmark/results/tor/2024-01-01-T02-18-28/tornet-0.15-4/tornet.plot.data/simulation_info.json
2026-09-05 14:33:04 1788618784.315514 [tornettools] [INFO] Found /__w/benchmark/benchmark/results/tor/2024-01-01-T02-18-28/tornet-0.15-1/tornet.plot.data/simulation_info.json
2026-09-05 14:33:04 1788618784.315572 [tornettools] [INFO] Found /__w/benchmark/benchmark/results/tor/2024-01-01-T02-18-28/tornet-0.15-5/tornet.plot.data/simulation_info.json
2026-09-05 14:33:04 1788618784.315601 [tornettools] [INFO] Found 5 total files
2026-09-05 14:33:04 1788618784.315746 [tornettools] [INFO] Found simulated network scale 0.15
2026-09-05 14:33:04 1788618784.315787 [tornettools] [INFO] Plotting relay goodput
