2026-09-26 15:33:44 1790436824.043964 [tornettools] [INFO] Logging system initialized! Logging events to stdout and to '/tmp/sim-results/plots/tornettools.plot.2026-09-26.15.33.44.log'
2026-09-26 15:33:44 1790436824.044132 [tornettools] [INFO] Seeded standard and numpy PRNGs with seed=1295233981
2026-09-26 15:33:44 1790436824.044216 [tornettools] [INFO] The argument namespace is: Namespace(do_version=False, quiet=0, seed=1295233981, command='plot', tornet_collection_path=['/tmp/sim-results', '/__w/benchmark/benchmark/results/tor/2026-09-25-T09-13-38', '/__w/benchmark/benchmark/results/tor/2026-09-19-T08-42-45', '/__w/benchmark/benchmark/results/tor/2024-01-01-T02-18-28'], tor_metrics_path=None, prefix='/tmp/sim-results/plots', labels=['2026-09-26-T09-15-46 (Weekly benchmark)', '2026-09-25-T09-13-38 (Nightly benchmark)', '2026-09-19-T08-42-45 (Weekly benchmark)', '2024-01-01-T02-18-28 (v3.1.0)'], colors=None, plot_all=False, plot_pngs=True, func=<function plot at 0x14af1f5c3880>, formatter_class=<class '__main__.CustomHelpFormatter'>)
2026-09-26 15:33:44 1790436824.046269 [tornettools] [INFO] The platform is: Linux-6.12.86+deb13-amd64-x86_64-with-glibc2.36
2026-09-26 15:33:44 1790436824.046377 [tornettools] [INFO] System info: uname_result(system='Linux', node='3edb6770e800', release='6.12.86+deb13-amd64', version='#1 SMP PREEMPT_DYNAMIC Debian 6.12.86-1 (2026-05-08)', machine='x86_64')
2026-09-26 15:33:44 1790436824.326182 [tornettools] [INFO] generated new fontManager
2026-09-26 15:33:45 1790436825.230328 [tornettools] [INFO] Plotting simulation results now
2026-09-26 15:33:45 1790436825.230699 [tornettools] [INFO] Plotting tornet comparisons
2026-09-26 15:33:45 1790436825.230772 [tornettools] [INFO] Loading tornet resource usage data
2026-09-26 15:33:45 1790436825.230818 [tornettools] [INFO] Searching for files containing resource_usage.json in directory tree at /tmp/sim-results
2026-09-26 15:33:45 1790436825.231109 [tornettools] [INFO] Found /tmp/sim-results/tornet-0.15-2/tornet.plot.data/resource_usage.json
2026-09-26 15:33:45 1790436825.405586 [tornettools] [INFO] Found /tmp/sim-results/tornet-0.15-3/tornet.plot.data/resource_usage.json
2026-09-26 15:33:45 1790436825.578255 [tornettools] [INFO] Found /tmp/sim-results/tornet-0.15-1/tornet.plot.data/resource_usage.json
2026-09-26 15:33:45 1790436825.752475 [tornettools] [INFO] Found 3 total files
2026-09-26 15:33:45 1790436825.754182 [tornettools] [INFO] Searching for files containing resource_usage.json in directory tree at /__w/benchmark/benchmark/results/tor/2026-09-25-T09-13-38
2026-09-26 15:33:45 1790436825.754388 [tornettools] [INFO] Found /__w/benchmark/benchmark/results/tor/2026-09-25-T09-13-38/tornet-0.15-1/tornet.plot.data/resource_usage.json
2026-09-26 15:33:45 1790436825.754434 [tornettools] [INFO] Found 1 total files
2026-09-26 15:33:45 1790436825.754915 [tornettools] [INFO] Searching for files containing resource_usage.json in directory tree at /__w/benchmark/benchmark/results/tor/2026-09-19-T08-42-45
2026-09-26 15:33:45 1790436825.755031 [tornettools] [INFO] Found /__w/benchmark/benchmark/results/tor/2026-09-19-T08-42-45/tornet-0.15-2/tornet.plot.data/resource_usage.json
2026-09-26 15:33:45 1790436825.755110 [tornettools] [INFO] Found /__w/benchmark/benchmark/results/tor/2026-09-19-T08-42-45/tornet-0.15-3/tornet.plot.data/resource_usage.json
2026-09-26 15:33:45 1790436825.755219 [tornettools] [INFO] Found /__w/benchmark/benchmark/results/tor/2026-09-19-T08-42-45/tornet-0.15-1/tornet.plot.data/resource_usage.json
2026-09-26 15:33:45 1790436825.755255 [tornettools] [INFO] Found 3 total files
2026-09-26 15:33:45 1790436825.756574 [tornettools] [INFO] Searching for files containing resource_usage.json in directory tree at /__w/benchmark/benchmark/results/tor/2024-01-01-T02-18-28
2026-09-26 15:33:45 1790436825.756732 [tornettools] [INFO] Found /__w/benchmark/benchmark/results/tor/2024-01-01-T02-18-28/tornet-0.15-2/tornet.plot.data/resource_usage.json
2026-09-26 15:33:45 1790436825.756822 [tornettools] [INFO] Found /__w/benchmark/benchmark/results/tor/2024-01-01-T02-18-28/tornet-0.15-3/tornet.plot.data/resource_usage.json
2026-09-26 15:33:45 1790436825.756951 [tornettools] [INFO] Found /__w/benchmark/benchmark/results/tor/2024-01-01-T02-18-28/tornet-0.15-4/tornet.plot.data/resource_usage.json
2026-09-26 15:33:45 1790436825.757024 [tornettools] [INFO] Found /__w/benchmark/benchmark/results/tor/2024-01-01-T02-18-28/tornet-0.15-1/tornet.plot.data/resource_usage.json
2026-09-26 15:33:45 1790436825.757093 [tornettools] [INFO] Found /__w/benchmark/benchmark/results/tor/2024-01-01-T02-18-28/tornet-0.15-5/tornet.plot.data/resource_usage.json
2026-09-26 15:33:45 1790436825.757128 [tornettools] [INFO] Found 5 total files
2026-09-26 15:33:47 1790436827.215848 [tornettools] [INFO] Loading Tor metrics data
2026-09-26 15:33:47 1790436827.215974 [tornettools] [INFO] Loading tornet relay goodput data
2026-09-26 15:33:47 1790436827.216016 [tornettools] [INFO] Searching for files containing relay_goodput.json in directory tree at /tmp/sim-results
2026-09-26 15:33:47 1790436827.216297 [tornettools] [INFO] Found /tmp/sim-results/tornet-0.15-2/tornet.plot.data/relay_goodput.json
2026-09-26 15:33:47 1790436827.351553 [tornettools] [INFO] Found /tmp/sim-results/tornet-0.15-3/tornet.plot.data/relay_goodput.json
2026-09-26 15:33:47 1790436827.484796 [tornettools] [INFO] Found /tmp/sim-results/tornet-0.15-1/tornet.plot.data/relay_goodput.json
2026-09-26 15:33:47 1790436827.619939 [tornettools] [INFO] Found 3 total files
2026-09-26 15:33:47 1790436827.620467 [tornettools] [INFO] Searching for files containing relay_goodput.json in directory tree at /__w/benchmark/benchmark/results/tor/2026-09-25-T09-13-38
2026-09-26 15:33:47 1790436827.620609 [tornettools] [INFO] Found /__w/benchmark/benchmark/results/tor/2026-09-25-T09-13-38/tornet-0.15-1/tornet.plot.data/relay_goodput.json
2026-09-26 15:33:47 1790436827.620641 [tornettools] [INFO] Found 1 total files
2026-09-26 15:33:47 1790436827.620798 [tornettools] [INFO] Searching for files containing relay_goodput.json in directory tree at /__w/benchmark/benchmark/results/tor/2026-09-19-T08-42-45
2026-09-26 15:33:47 1790436827.620879 [tornettools] [INFO] Found /__w/benchmark/benchmark/results/tor/2026-09-19-T08-42-45/tornet-0.15-2/tornet.plot.data/relay_goodput.json
2026-09-26 15:33:47 1790436827.620940 [tornettools] [INFO] Found /__w/benchmark/benchmark/results/tor/2026-09-19-T08-42-45/tornet-0.15-3/tornet.plot.data/relay_goodput.json
2026-09-26 15:33:47 1790436827.621025 [tornettools] [INFO] Found /__w/benchmark/benchmark/results/tor/2026-09-19-T08-42-45/tornet-0.15-1/tornet.plot.data/relay_goodput.json
2026-09-26 15:33:47 1790436827.621053 [tornettools] [INFO] Found 3 total files
2026-09-26 15:33:47 1790436827.621493 [tornettools] [INFO] Searching for files containing relay_goodput.json in directory tree at /__w/benchmark/benchmark/results/tor/2024-01-01-T02-18-28
2026-09-26 15:33:47 1790436827.621588 [tornettools] [INFO] Found /__w/benchmark/benchmark/results/tor/2024-01-01-T02-18-28/tornet-0.15-2/tornet.plot.data/relay_goodput.json
2026-09-26 15:33:47 1790436827.621650 [tornettools] [INFO] Found /__w/benchmark/benchmark/results/tor/2024-01-01-T02-18-28/tornet-0.15-3/tornet.plot.data/relay_goodput.json
2026-09-26 15:33:47 1790436827.621741 [tornettools] [INFO] Found /__w/benchmark/benchmark/results/tor/2024-01-01-T02-18-28/tornet-0.15-4/tornet.plot.data/relay_goodput.json
2026-09-26 15:33:47 1790436827.621800 [tornettools] [INFO] Found /__w/benchmark/benchmark/results/tor/2024-01-01-T02-18-28/tornet-0.15-1/tornet.plot.data/relay_goodput.json
2026-09-26 15:33:47 1790436827.621857 [tornettools] [INFO] Found /__w/benchmark/benchmark/results/tor/2024-01-01-T02-18-28/tornet-0.15-5/tornet.plot.data/relay_goodput.json
2026-09-26 15:33:47 1790436827.621883 [tornettools] [INFO] Found 5 total files
2026-09-26 15:33:47 1790436827.622943 [tornettools] [INFO] Searching for files containing simulation_info.json in directory tree at /tmp/sim-results
2026-09-26 15:33:47 1790436827.623171 [tornettools] [INFO] Found /tmp/sim-results/tornet-0.15-2/tornet.plot.data/simulation_info.json
2026-09-26 15:33:47 1790436827.756814 [tornettools] [INFO] Found /tmp/sim-results/tornet-0.15-3/tornet.plot.data/simulation_info.json
2026-09-26 15:33:47 1790436827.888823 [tornettools] [INFO] Found /tmp/sim-results/tornet-0.15-1/tornet.plot.data/simulation_info.json
2026-09-26 15:33:48 1790436828.023107 [tornettools] [INFO] Found 3 total files
2026-09-26 15:33:48 1790436828.023276 [tornettools] [INFO] Searching for files containing simulation_info.json in directory tree at /__w/benchmark/benchmark/results/tor/2026-09-25-T09-13-38
2026-09-26 15:33:48 1790436828.023399 [tornettools] [INFO] Found /__w/benchmark/benchmark/results/tor/2026-09-25-T09-13-38/tornet-0.15-1/tornet.plot.data/simulation_info.json
2026-09-26 15:33:48 1790436828.023432 [tornettools] [INFO] Found 1 total files
2026-09-26 15:33:48 1790436828.023490 [tornettools] [INFO] Searching for files containing simulation_info.json in directory tree at /__w/benchmark/benchmark/results/tor/2026-09-19-T08-42-45
2026-09-26 15:33:48 1790436828.023566 [tornettools] [INFO] Found /__w/benchmark/benchmark/results/tor/2026-09-19-T08-42-45/tornet-0.15-2/tornet.plot.data/simulation_info.json
2026-09-26 15:33:48 1790436828.023625 [tornettools] [INFO] Found /__w/benchmark/benchmark/results/tor/2026-09-19-T08-42-45/tornet-0.15-3/tornet.plot.data/simulation_info.json
2026-09-26 15:33:48 1790436828.023708 [tornettools] [INFO] Found /__w/benchmark/benchmark/results/tor/2026-09-19-T08-42-45/tornet-0.15-1/tornet.plot.data/simulation_info.json
2026-09-26 15:33:48 1790436828.023737 [tornettools] [INFO] Found 3 total files
2026-09-26 15:33:48 1790436828.023830 [tornettools] [INFO] Searching for files containing simulation_info.json in directory tree at /__w/benchmark/benchmark/results/tor/2024-01-01-T02-18-28
2026-09-26 15:33:48 1790436828.023907 [tornettools] [INFO] Found /__w/benchmark/benchmark/results/tor/2024-01-01-T02-18-28/tornet-0.15-2/tornet.plot.data/simulation_info.json
2026-09-26 15:33:48 1790436828.023965 [tornettools] [INFO] Found /__w/benchmark/benchmark/results/tor/2024-01-01-T02-18-28/tornet-0.15-3/tornet.plot.data/simulation_info.json
2026-09-26 15:33:48 1790436828.024053 [tornettools] [INFO] Found /__w/benchmark/benchmark/results/tor/2024-01-01-T02-18-28/tornet-0.15-4/tornet.plot.data/simulation_info.json
2026-09-26 15:33:48 1790436828.024110 [tornettools] [INFO] Found /__w/benchmark/benchmark/results/tor/2024-01-01-T02-18-28/tornet-0.15-1/tornet.plot.data/simulation_info.json
2026-09-26 15:33:48 1790436828.024163 [tornettools] [INFO] Found /__w/benchmark/benchmark/results/tor/2024-01-01-T02-18-28/tornet-0.15-5/tornet.plot.data/simulation_info.json
2026-09-26 15:33:48 1790436828.024191 [tornettools] [INFO] Found 5 total files
2026-09-26 15:33:48 1790436828.024333 [tornettools] [INFO] Found simulated network scale 0.15
2026-09-26 15:33:48 1790436828.024373 [tornettools] [INFO] Plotting relay goodput
