2026-09-01 11:12:55 1788261175.579684 [tornettools] [INFO] Logging system initialized! Logging events to stdout and to '/tmp/sim-results/plots/tornettools.plot.2026-09-01.11.12.55.log'
2026-09-01 11:12:55 1788261175.579867 [tornettools] [INFO] Seeded standard and numpy PRNGs with seed=2066247715
2026-09-01 11:12:55 1788261175.579946 [tornettools] [INFO] The argument namespace is: Namespace(do_version=False, quiet=0, seed=2066247715, command='plot', tornet_collection_path=['/tmp/sim-results', '/__w/benchmark/benchmark/results/tor/2026-08-28-T15-48-23', '/__w/benchmark/benchmark/results/tor/2026-08-29-T10-57-34', '/__w/benchmark/benchmark/results/tor/2024-01-01-T02-18-28'], tor_metrics_path=None, prefix='/tmp/sim-results/plots', labels=['2026-09-01-T09-01-42 (Nightly benchmark)', '2026-08-28-T15-48-23 (Nightly benchmark)', '2026-08-29-T10-57-34 (Weekly benchmark)', '2024-01-01-T02-18-28 (v3.1.0)'], colors=None, plot_all=False, plot_pngs=True, func=<function plot at 0x1554882df880>, formatter_class=<class '__main__.CustomHelpFormatter'>)
2026-09-01 11:12:55 1788261175.582454 [tornettools] [INFO] The platform is: Linux-6.12.86+deb13-amd64-x86_64-with-glibc2.36
2026-09-01 11:12:55 1788261175.582672 [tornettools] [INFO] System info: uname_result(system='Linux', node='0ce79ae6414e', release='6.12.86+deb13-amd64', version='#1 SMP PREEMPT_DYNAMIC Debian 6.12.86-1 (2026-05-08)', machine='x86_64')
2026-09-01 11:12:55 1788261175.869915 [tornettools] [INFO] generated new fontManager
2026-09-01 11:12:56 1788261176.770963 [tornettools] [INFO] Plotting simulation results now
2026-09-01 11:12:56 1788261176.771357 [tornettools] [INFO] Plotting tornet comparisons
2026-09-01 11:12:56 1788261176.771435 [tornettools] [INFO] Loading tornet resource usage data
2026-09-01 11:12:56 1788261176.771481 [tornettools] [INFO] Searching for files containing resource_usage.json in directory tree at /tmp/sim-results
2026-09-01 11:12:56 1788261176.771796 [tornettools] [INFO] Found /tmp/sim-results/tornet-0.15-1/tornet.plot.data/resource_usage.json
2026-09-01 11:12:56 1788261176.944098 [tornettools] [INFO] Found 1 total files
2026-09-01 11:12:56 1788261176.944718 [tornettools] [INFO] Searching for files containing resource_usage.json in directory tree at /__w/benchmark/benchmark/results/tor/2026-08-28-T15-48-23
2026-09-01 11:12:56 1788261176.944901 [tornettools] [INFO] Found /__w/benchmark/benchmark/results/tor/2026-08-28-T15-48-23/tornet-0.15-1/tornet.plot.data/resource_usage.json
2026-09-01 11:12:56 1788261176.944947 [tornettools] [INFO] Found 1 total files
2026-09-01 11:12:56 1788261176.945423 [tornettools] [INFO] Searching for files containing resource_usage.json in directory tree at /__w/benchmark/benchmark/results/tor/2026-08-29-T10-57-34
2026-09-01 11:12:56 1788261176.945552 [tornettools] [INFO] Found /__w/benchmark/benchmark/results/tor/2026-08-29-T10-57-34/tornet-0.15-2/tornet.plot.data/resource_usage.json
2026-09-01 11:12:56 1788261176.945631 [tornettools] [INFO] Found /__w/benchmark/benchmark/results/tor/2026-08-29-T10-57-34/tornet-0.15-3/tornet.plot.data/resource_usage.json
2026-09-01 11:12:56 1788261176.945738 [tornettools] [INFO] Found /__w/benchmark/benchmark/results/tor/2026-08-29-T10-57-34/tornet-0.15-1/tornet.plot.data/resource_usage.json
2026-09-01 11:12:56 1788261176.945775 [tornettools] [INFO] Found 3 total files
2026-09-01 11:12:56 1788261176.947093 [tornettools] [INFO] Searching for files containing resource_usage.json in directory tree at /__w/benchmark/benchmark/results/tor/2024-01-01-T02-18-28
2026-09-01 11:12:56 1788261176.947247 [tornettools] [INFO] Found /__w/benchmark/benchmark/results/tor/2024-01-01-T02-18-28/tornet-0.15-2/tornet.plot.data/resource_usage.json
2026-09-01 11:12:56 1788261176.947325 [tornettools] [INFO] Found /__w/benchmark/benchmark/results/tor/2024-01-01-T02-18-28/tornet-0.15-3/tornet.plot.data/resource_usage.json
2026-09-01 11:12:56 1788261176.947441 [tornettools] [INFO] Found /__w/benchmark/benchmark/results/tor/2024-01-01-T02-18-28/tornet-0.15-4/tornet.plot.data/resource_usage.json
2026-09-01 11:12:56 1788261176.947509 [tornettools] [INFO] Found /__w/benchmark/benchmark/results/tor/2024-01-01-T02-18-28/tornet-0.15-1/tornet.plot.data/resource_usage.json
2026-09-01 11:12:56 1788261176.947591 [tornettools] [INFO] Found /__w/benchmark/benchmark/results/tor/2024-01-01-T02-18-28/tornet-0.15-5/tornet.plot.data/resource_usage.json
2026-09-01 11:12:56 1788261176.947627 [tornettools] [INFO] Found 5 total files
2026-09-01 11:12:58 1788261178.397538 [tornettools] [INFO] Loading Tor metrics data
2026-09-01 11:12:58 1788261178.397808 [tornettools] [INFO] Loading tornet relay goodput data
2026-09-01 11:12:58 1788261178.397885 [tornettools] [INFO] Searching for files containing relay_goodput.json in directory tree at /tmp/sim-results
2026-09-01 11:12:58 1788261178.398302 [tornettools] [INFO] Found /tmp/sim-results/tornet-0.15-1/tornet.plot.data/relay_goodput.json
2026-09-01 11:12:58 1788261178.536668 [tornettools] [INFO] Found 1 total files
2026-09-01 11:12:58 1788261178.537323 [tornettools] [INFO] Searching for files containing relay_goodput.json in directory tree at /__w/benchmark/benchmark/results/tor/2026-08-28-T15-48-23
2026-09-01 11:12:58 1788261178.537517 [tornettools] [INFO] Found /__w/benchmark/benchmark/results/tor/2026-08-28-T15-48-23/tornet-0.15-1/tornet.plot.data/relay_goodput.json
2026-09-01 11:12:58 1788261178.537555 [tornettools] [INFO] Found 1 total files
2026-09-01 11:12:58 1788261178.537729 [tornettools] [INFO] Searching for files containing relay_goodput.json in directory tree at /__w/benchmark/benchmark/results/tor/2026-08-29-T10-57-34
2026-09-01 11:12:58 1788261178.537816 [tornettools] [INFO] Found /__w/benchmark/benchmark/results/tor/2026-08-29-T10-57-34/tornet-0.15-2/tornet.plot.data/relay_goodput.json
2026-09-01 11:12:58 1788261178.537882 [tornettools] [INFO] Found /__w/benchmark/benchmark/results/tor/2026-08-29-T10-57-34/tornet-0.15-3/tornet.plot.data/relay_goodput.json
2026-09-01 11:12:58 1788261178.537965 [tornettools] [INFO] Found /__w/benchmark/benchmark/results/tor/2026-08-29-T10-57-34/tornet-0.15-1/tornet.plot.data/relay_goodput.json
2026-09-01 11:12:58 1788261178.537993 [tornettools] [INFO] Found 3 total files
2026-09-01 11:12:58 1788261178.538403 [tornettools] [INFO] Searching for files containing relay_goodput.json in directory tree at /__w/benchmark/benchmark/results/tor/2024-01-01-T02-18-28
2026-09-01 11:12:58 1788261178.538498 [tornettools] [INFO] Found /__w/benchmark/benchmark/results/tor/2024-01-01-T02-18-28/tornet-0.15-2/tornet.plot.data/relay_goodput.json
2026-09-01 11:12:58 1788261178.538566 [tornettools] [INFO] Found /__w/benchmark/benchmark/results/tor/2024-01-01-T02-18-28/tornet-0.15-3/tornet.plot.data/relay_goodput.json
2026-09-01 11:12:58 1788261178.538660 [tornettools] [INFO] Found /__w/benchmark/benchmark/results/tor/2024-01-01-T02-18-28/tornet-0.15-4/tornet.plot.data/relay_goodput.json
2026-09-01 11:12:58 1788261178.538720 [tornettools] [INFO] Found /__w/benchmark/benchmark/results/tor/2024-01-01-T02-18-28/tornet-0.15-1/tornet.plot.data/relay_goodput.json
2026-09-01 11:12:58 1788261178.538781 [tornettools] [INFO] Found /__w/benchmark/benchmark/results/tor/2024-01-01-T02-18-28/tornet-0.15-5/tornet.plot.data/relay_goodput.json
2026-09-01 11:12:58 1788261178.538810 [tornettools] [INFO] Found 5 total files
2026-09-01 11:12:58 1788261178.539899 [tornettools] [INFO] Searching for files containing simulation_info.json in directory tree at /tmp/sim-results
2026-09-01 11:12:58 1788261178.540315 [tornettools] [INFO] Found /tmp/sim-results/tornet-0.15-1/tornet.plot.data/simulation_info.json
2026-09-01 11:12:58 1788261178.673114 [tornettools] [INFO] Found 1 total files
2026-09-01 11:12:58 1788261178.673231 [tornettools] [INFO] Searching for files containing simulation_info.json in directory tree at /__w/benchmark/benchmark/results/tor/2026-08-28-T15-48-23
2026-09-01 11:12:58 1788261178.673342 [tornettools] [INFO] Found /__w/benchmark/benchmark/results/tor/2026-08-28-T15-48-23/tornet-0.15-1/tornet.plot.data/simulation_info.json
2026-09-01 11:12:58 1788261178.673375 [tornettools] [INFO] Found 1 total files
2026-09-01 11:12:58 1788261178.673441 [tornettools] [INFO] Searching for files containing simulation_info.json in directory tree at /__w/benchmark/benchmark/results/tor/2026-08-29-T10-57-34
2026-09-01 11:12:58 1788261178.673516 [tornettools] [INFO] Found /__w/benchmark/benchmark/results/tor/2026-08-29-T10-57-34/tornet-0.15-2/tornet.plot.data/simulation_info.json
2026-09-01 11:12:58 1788261178.673576 [tornettools] [INFO] Found /__w/benchmark/benchmark/results/tor/2026-08-29-T10-57-34/tornet-0.15-3/tornet.plot.data/simulation_info.json
2026-09-01 11:12:58 1788261178.673669 [tornettools] [INFO] Found /__w/benchmark/benchmark/results/tor/2026-08-29-T10-57-34/tornet-0.15-1/tornet.plot.data/simulation_info.json
2026-09-01 11:12:58 1788261178.673704 [tornettools] [INFO] Found 3 total files
2026-09-01 11:12:58 1788261178.673806 [tornettools] [INFO] Searching for files containing simulation_info.json in directory tree at /__w/benchmark/benchmark/results/tor/2024-01-01-T02-18-28
2026-09-01 11:12:58 1788261178.673891 [tornettools] [INFO] Found /__w/benchmark/benchmark/results/tor/2024-01-01-T02-18-28/tornet-0.15-2/tornet.plot.data/simulation_info.json
2026-09-01 11:12:58 1788261178.673951 [tornettools] [INFO] Found /__w/benchmark/benchmark/results/tor/2024-01-01-T02-18-28/tornet-0.15-3/tornet.plot.data/simulation_info.json
2026-09-01 11:12:58 1788261178.674041 [tornettools] [INFO] Found /__w/benchmark/benchmark/results/tor/2024-01-01-T02-18-28/tornet-0.15-4/tornet.plot.data/simulation_info.json
2026-09-01 11:12:58 1788261178.674099 [tornettools] [INFO] Found /__w/benchmark/benchmark/results/tor/2024-01-01-T02-18-28/tornet-0.15-1/tornet.plot.data/simulation_info.json
2026-09-01 11:12:58 1788261178.674157 [tornettools] [INFO] Found /__w/benchmark/benchmark/results/tor/2024-01-01-T02-18-28/tornet-0.15-5/tornet.plot.data/simulation_info.json
2026-09-01 11:12:58 1788261178.674187 [tornettools] [INFO] Found 5 total files
2026-09-01 11:12:58 1788261178.674335 [tornettools] [INFO] Found simulated network scale 0.15
2026-09-01 11:12:58 1788261178.674376 [tornettools] [INFO] Plotting relay goodput
