2026-07-28 08:28:25 1785227305.642193 [tornettools] [INFO] Logging system initialized! Logging events to stdout and to '/tmp/sim-results/plots/tornettools.plot.2026-07-28.08.28.25.log'
2026-07-28 08:28:25 1785227305.642363 [tornettools] [INFO] Seeded standard and numpy PRNGs with seed=137388751
2026-07-28 08:28:25 1785227305.642448 [tornettools] [INFO] The argument namespace is: Namespace(do_version=False, quiet=0, seed=137388751, command='plot', tornet_collection_path=['/tmp/sim-results', '/__w/benchmark/benchmark/results/tor/2026-07-24-T15-39-30', '/__w/benchmark/benchmark/results/tor/2026-07-25-T06-23-10', '/__w/benchmark/benchmark/results/tor/2024-01-01-T02-18-28'], tor_metrics_path=None, prefix='/tmp/sim-results/plots', labels=['2026-07-28-T06-18-44 (Nightly benchmark)', '2026-07-24-T15-39-30 (Nightly benchmark)', '2026-07-25-T06-23-10 (Weekly benchmark)', '2024-01-01-T02-18-28 (v3.1.0)'], colors=None, plot_all=False, plot_pngs=True, func=<function plot at 0x1518fd24b880>, formatter_class=<class '__main__.CustomHelpFormatter'>)
2026-07-28 08:28:25 1785227305.644541 [tornettools] [INFO] The platform is: Linux-6.12.86+deb13-amd64-x86_64-with-glibc2.36
2026-07-28 08:28:25 1785227305.644644 [tornettools] [INFO] System info: uname_result(system='Linux', node='4d4656adc576', release='6.12.86+deb13-amd64', version='#1 SMP PREEMPT_DYNAMIC Debian 6.12.86-1 (2026-05-08)', machine='x86_64')
2026-07-28 08:28:25 1785227305.921072 [tornettools] [INFO] generated new fontManager
2026-07-28 08:28:26 1785227306.818165 [tornettools] [INFO] Plotting simulation results now
2026-07-28 08:28:26 1785227306.818563 [tornettools] [INFO] Plotting tornet comparisons
2026-07-28 08:28:26 1785227306.818631 [tornettools] [INFO] Loading tornet resource usage data
2026-07-28 08:28:26 1785227306.818675 [tornettools] [INFO] Searching for files containing resource_usage.json in directory tree at /tmp/sim-results
2026-07-28 08:28:26 1785227306.818983 [tornettools] [INFO] Found /tmp/sim-results/tornet-0.15-1/tornet.plot.data/resource_usage.json
2026-07-28 08:28:26 1785227306.991548 [tornettools] [INFO] Found 1 total files
2026-07-28 08:28:26 1785227306.992172 [tornettools] [INFO] Searching for files containing resource_usage.json in directory tree at /__w/benchmark/benchmark/results/tor/2026-07-24-T15-39-30
2026-07-28 08:28:26 1785227306.992353 [tornettools] [INFO] Found /__w/benchmark/benchmark/results/tor/2026-07-24-T15-39-30/tornet-0.15-1/tornet.plot.data/resource_usage.json
2026-07-28 08:28:26 1785227306.992399 [tornettools] [INFO] Found 1 total files
2026-07-28 08:28:26 1785227306.992851 [tornettools] [INFO] Searching for files containing resource_usage.json in directory tree at /__w/benchmark/benchmark/results/tor/2026-07-25-T06-23-10
2026-07-28 08:28:26 1785227306.992967 [tornettools] [INFO] Found /__w/benchmark/benchmark/results/tor/2026-07-25-T06-23-10/tornet-0.15-2/tornet.plot.data/resource_usage.json
2026-07-28 08:28:26 1785227306.993046 [tornettools] [INFO] Found /__w/benchmark/benchmark/results/tor/2026-07-25-T06-23-10/tornet-0.15-3/tornet.plot.data/resource_usage.json
2026-07-28 08:28:26 1785227306.993161 [tornettools] [INFO] Found /__w/benchmark/benchmark/results/tor/2026-07-25-T06-23-10/tornet-0.15-1/tornet.plot.data/resource_usage.json
2026-07-28 08:28:26 1785227306.993202 [tornettools] [INFO] Found 3 total files
2026-07-28 08:28:26 1785227306.994556 [tornettools] [INFO] Searching for files containing resource_usage.json in directory tree at /__w/benchmark/benchmark/results/tor/2024-01-01-T02-18-28
2026-07-28 08:28:26 1785227306.994700 [tornettools] [INFO] Found /__w/benchmark/benchmark/results/tor/2024-01-01-T02-18-28/tornet-0.15-2/tornet.plot.data/resource_usage.json
2026-07-28 08:28:26 1785227306.994776 [tornettools] [INFO] Found /__w/benchmark/benchmark/results/tor/2024-01-01-T02-18-28/tornet-0.15-3/tornet.plot.data/resource_usage.json
2026-07-28 08:28:26 1785227306.994884 [tornettools] [INFO] Found /__w/benchmark/benchmark/results/tor/2024-01-01-T02-18-28/tornet-0.15-4/tornet.plot.data/resource_usage.json
2026-07-28 08:28:26 1785227306.994952 [tornettools] [INFO] Found /__w/benchmark/benchmark/results/tor/2024-01-01-T02-18-28/tornet-0.15-1/tornet.plot.data/resource_usage.json
2026-07-28 08:28:26 1785227306.995036 [tornettools] [INFO] Found /__w/benchmark/benchmark/results/tor/2024-01-01-T02-18-28/tornet-0.15-5/tornet.plot.data/resource_usage.json
2026-07-28 08:28:26 1785227306.995071 [tornettools] [INFO] Found 5 total files
2026-07-28 08:28:28 1785227308.464916 [tornettools] [INFO] Loading Tor metrics data
2026-07-28 08:28:28 1785227308.465071 [tornettools] [INFO] Loading tornet relay goodput data
2026-07-28 08:28:28 1785227308.465125 [tornettools] [INFO] Searching for files containing relay_goodput.json in directory tree at /tmp/sim-results
2026-07-28 08:28:28 1785227308.465495 [tornettools] [INFO] Found /tmp/sim-results/tornet-0.15-1/tornet.plot.data/relay_goodput.json
2026-07-28 08:28:28 1785227308.636350 [tornettools] [INFO] Found 1 total files
2026-07-28 08:28:28 1785227308.636822 [tornettools] [INFO] Searching for files containing relay_goodput.json in directory tree at /__w/benchmark/benchmark/results/tor/2026-07-24-T15-39-30
2026-07-28 08:28:28 1785227308.637015 [tornettools] [INFO] Found /__w/benchmark/benchmark/results/tor/2026-07-24-T15-39-30/tornet-0.15-1/tornet.plot.data/relay_goodput.json
2026-07-28 08:28:28 1785227308.637058 [tornettools] [INFO] Found 1 total files
2026-07-28 08:28:28 1785227308.637289 [tornettools] [INFO] Searching for files containing relay_goodput.json in directory tree at /__w/benchmark/benchmark/results/tor/2026-07-25-T06-23-10
2026-07-28 08:28:28 1785227308.637406 [tornettools] [INFO] Found /__w/benchmark/benchmark/results/tor/2026-07-25-T06-23-10/tornet-0.15-2/tornet.plot.data/relay_goodput.json
2026-07-28 08:28:28 1785227308.637484 [tornettools] [INFO] Found /__w/benchmark/benchmark/results/tor/2026-07-25-T06-23-10/tornet-0.15-3/tornet.plot.data/relay_goodput.json
2026-07-28 08:28:28 1785227308.637592 [tornettools] [INFO] Found /__w/benchmark/benchmark/results/tor/2026-07-25-T06-23-10/tornet-0.15-1/tornet.plot.data/relay_goodput.json
2026-07-28 08:28:28 1785227308.637625 [tornettools] [INFO] Found 3 total files
2026-07-28 08:28:28 1785227308.638133 [tornettools] [INFO] Searching for files containing relay_goodput.json in directory tree at /__w/benchmark/benchmark/results/tor/2024-01-01-T02-18-28
2026-07-28 08:28:28 1785227308.638261 [tornettools] [INFO] Found /__w/benchmark/benchmark/results/tor/2024-01-01-T02-18-28/tornet-0.15-2/tornet.plot.data/relay_goodput.json
2026-07-28 08:28:28 1785227308.638336 [tornettools] [INFO] Found /__w/benchmark/benchmark/results/tor/2024-01-01-T02-18-28/tornet-0.15-3/tornet.plot.data/relay_goodput.json
2026-07-28 08:28:28 1785227308.638448 [tornettools] [INFO] Found /__w/benchmark/benchmark/results/tor/2024-01-01-T02-18-28/tornet-0.15-4/tornet.plot.data/relay_goodput.json
2026-07-28 08:28:28 1785227308.638516 [tornettools] [INFO] Found /__w/benchmark/benchmark/results/tor/2024-01-01-T02-18-28/tornet-0.15-1/tornet.plot.data/relay_goodput.json
2026-07-28 08:28:28 1785227308.638586 [tornettools] [INFO] Found /__w/benchmark/benchmark/results/tor/2024-01-01-T02-18-28/tornet-0.15-5/tornet.plot.data/relay_goodput.json
2026-07-28 08:28:28 1785227308.638619 [tornettools] [INFO] Found 5 total files
2026-07-28 08:28:28 1785227308.640042 [tornettools] [INFO] Searching for files containing simulation_info.json in directory tree at /tmp/sim-results
2026-07-28 08:28:28 1785227308.640434 [tornettools] [INFO] Found /tmp/sim-results/tornet-0.15-1/tornet.plot.data/simulation_info.json
2026-07-28 08:28:28 1785227308.810298 [tornettools] [INFO] Found 1 total files
2026-07-28 08:28:28 1785227308.810472 [tornettools] [INFO] Searching for files containing simulation_info.json in directory tree at /__w/benchmark/benchmark/results/tor/2026-07-24-T15-39-30
2026-07-28 08:28:28 1785227308.810616 [tornettools] [INFO] Found /__w/benchmark/benchmark/results/tor/2026-07-24-T15-39-30/tornet-0.15-1/tornet.plot.data/simulation_info.json
2026-07-28 08:28:28 1785227308.810656 [tornettools] [INFO] Found 1 total files
2026-07-28 08:28:28 1785227308.810743 [tornettools] [INFO] Searching for files containing simulation_info.json in directory tree at /__w/benchmark/benchmark/results/tor/2026-07-25-T06-23-10
2026-07-28 08:28:28 1785227308.810837 [tornettools] [INFO] Found /__w/benchmark/benchmark/results/tor/2026-07-25-T06-23-10/tornet-0.15-2/tornet.plot.data/simulation_info.json
2026-07-28 08:28:28 1785227308.810910 [tornettools] [INFO] Found /__w/benchmark/benchmark/results/tor/2026-07-25-T06-23-10/tornet-0.15-3/tornet.plot.data/simulation_info.json
2026-07-28 08:28:28 1785227308.811013 [tornettools] [INFO] Found /__w/benchmark/benchmark/results/tor/2026-07-25-T06-23-10/tornet-0.15-1/tornet.plot.data/simulation_info.json
2026-07-28 08:28:28 1785227308.811055 [tornettools] [INFO] Found 3 total files
2026-07-28 08:28:28 1785227308.811181 [tornettools] [INFO] Searching for files containing simulation_info.json in directory tree at /__w/benchmark/benchmark/results/tor/2024-01-01-T02-18-28
2026-07-28 08:28:28 1785227308.811281 [tornettools] [INFO] Found /__w/benchmark/benchmark/results/tor/2024-01-01-T02-18-28/tornet-0.15-2/tornet.plot.data/simulation_info.json
2026-07-28 08:28:28 1785227308.811354 [tornettools] [INFO] Found /__w/benchmark/benchmark/results/tor/2024-01-01-T02-18-28/tornet-0.15-3/tornet.plot.data/simulation_info.json
2026-07-28 08:28:28 1785227308.811460 [tornettools] [INFO] Found /__w/benchmark/benchmark/results/tor/2024-01-01-T02-18-28/tornet-0.15-4/tornet.plot.data/simulation_info.json
2026-07-28 08:28:28 1785227308.811531 [tornettools] [INFO] Found /__w/benchmark/benchmark/results/tor/2024-01-01-T02-18-28/tornet-0.15-1/tornet.plot.data/simulation_info.json
2026-07-28 08:28:28 1785227308.811597 [tornettools] [INFO] Found /__w/benchmark/benchmark/results/tor/2024-01-01-T02-18-28/tornet-0.15-5/tornet.plot.data/simulation_info.json
2026-07-28 08:28:28 1785227308.811632 [tornettools] [INFO] Found 5 total files
2026-07-28 08:28:28 1785227308.811828 [tornettools] [INFO] Found simulated network scale 0.15
2026-07-28 08:28:28 1785227308.811878 [tornettools] [INFO] Plotting relay goodput
