2026-08-05 08:29:03 1785918543.446762 [tornettools] [INFO] Logging system initialized! Logging events to stdout and to '/tmp/sim-results/plots/tornettools.plot.2026-08-05.08.29.03.log'
2026-08-05 08:29:03 1785918543.446946 [tornettools] [INFO] Seeded standard and numpy PRNGs with seed=1349915224
2026-08-05 08:29:03 1785918543.447030 [tornettools] [INFO] The argument namespace is: Namespace(do_version=False, quiet=0, seed=1349915224, command='plot', tornet_collection_path=['/tmp/sim-results', '/__w/benchmark/benchmark/results/tor/2026-08-04-T06-19-57', '/__w/benchmark/benchmark/results/tor/2026-08-01-T06-35-14', '/__w/benchmark/benchmark/results/tor/2024-01-01-T02-18-28'], tor_metrics_path=None, prefix='/tmp/sim-results/plots', labels=['2026-08-05-T06-19-58 (Nightly benchmark)', '2026-08-04-T06-19-57 (Nightly benchmark)', '2026-08-01-T06-35-14 (Weekly benchmark)', '2024-01-01-T02-18-28 (v3.1.0)'], colors=None, plot_all=False, plot_pngs=True, func=<function plot at 0x154d7eebf880>, formatter_class=<class '__main__.CustomHelpFormatter'>)
2026-08-05 08:29:03 1785918543.449090 [tornettools] [INFO] The platform is: Linux-6.12.86+deb13-amd64-x86_64-with-glibc2.36
2026-08-05 08:29:03 1785918543.449213 [tornettools] [INFO] System info: uname_result(system='Linux', node='39b66643d2ca', release='6.12.86+deb13-amd64', version='#1 SMP PREEMPT_DYNAMIC Debian 6.12.86-1 (2026-05-08)', machine='x86_64')
2026-08-05 08:29:03 1785918543.739351 [tornettools] [INFO] generated new fontManager
2026-08-05 08:29:04 1785918544.662644 [tornettools] [INFO] Plotting simulation results now
2026-08-05 08:29:04 1785918544.663029 [tornettools] [INFO] Plotting tornet comparisons
2026-08-05 08:29:04 1785918544.663100 [tornettools] [INFO] Loading tornet resource usage data
2026-08-05 08:29:04 1785918544.663145 [tornettools] [INFO] Searching for files containing resource_usage.json in directory tree at /tmp/sim-results
2026-08-05 08:29:04 1785918544.663450 [tornettools] [INFO] Found /tmp/sim-results/tornet-0.15-1/tornet.plot.data/resource_usage.json
2026-08-05 08:29:04 1785918544.840130 [tornettools] [INFO] Found 1 total files
2026-08-05 08:29:04 1785918544.840758 [tornettools] [INFO] Searching for files containing resource_usage.json in directory tree at /__w/benchmark/benchmark/results/tor/2026-08-04-T06-19-57
2026-08-05 08:29:04 1785918544.840951 [tornettools] [INFO] Found /__w/benchmark/benchmark/results/tor/2026-08-04-T06-19-57/tornet-0.15-1/tornet.plot.data/resource_usage.json
2026-08-05 08:29:04 1785918544.841001 [tornettools] [INFO] Found 1 total files
2026-08-05 08:29:04 1785918544.841460 [tornettools] [INFO] Searching for files containing resource_usage.json in directory tree at /__w/benchmark/benchmark/results/tor/2026-08-01-T06-35-14
2026-08-05 08:29:04 1785918544.841589 [tornettools] [INFO] Found /__w/benchmark/benchmark/results/tor/2026-08-01-T06-35-14/tornet-0.15-2/tornet.plot.data/resource_usage.json
2026-08-05 08:29:04 1785918544.841673 [tornettools] [INFO] Found /__w/benchmark/benchmark/results/tor/2026-08-01-T06-35-14/tornet-0.15-3/tornet.plot.data/resource_usage.json
2026-08-05 08:29:04 1785918544.841783 [tornettools] [INFO] Found /__w/benchmark/benchmark/results/tor/2026-08-01-T06-35-14/tornet-0.15-1/tornet.plot.data/resource_usage.json
2026-08-05 08:29:04 1785918544.841820 [tornettools] [INFO] Found 3 total files
2026-08-05 08:29:04 1785918544.843130 [tornettools] [INFO] Searching for files containing resource_usage.json in directory tree at /__w/benchmark/benchmark/results/tor/2024-01-01-T02-18-28
2026-08-05 08:29:04 1785918544.843285 [tornettools] [INFO] Found /__w/benchmark/benchmark/results/tor/2024-01-01-T02-18-28/tornet-0.15-2/tornet.plot.data/resource_usage.json
2026-08-05 08:29:04 1785918544.843364 [tornettools] [INFO] Found /__w/benchmark/benchmark/results/tor/2024-01-01-T02-18-28/tornet-0.15-3/tornet.plot.data/resource_usage.json
2026-08-05 08:29:04 1785918544.843480 [tornettools] [INFO] Found /__w/benchmark/benchmark/results/tor/2024-01-01-T02-18-28/tornet-0.15-4/tornet.plot.data/resource_usage.json
2026-08-05 08:29:04 1785918544.843549 [tornettools] [INFO] Found /__w/benchmark/benchmark/results/tor/2024-01-01-T02-18-28/tornet-0.15-1/tornet.plot.data/resource_usage.json
2026-08-05 08:29:04 1785918544.843634 [tornettools] [INFO] Found /__w/benchmark/benchmark/results/tor/2024-01-01-T02-18-28/tornet-0.15-5/tornet.plot.data/resource_usage.json
2026-08-05 08:29:04 1785918544.843669 [tornettools] [INFO] Found 5 total files
2026-08-05 08:29:06 1785918546.444680 [tornettools] [INFO] Loading Tor metrics data
2026-08-05 08:29:06 1785918546.444886 [tornettools] [INFO] Loading tornet relay goodput data
2026-08-05 08:29:06 1785918546.444944 [tornettools] [INFO] Searching for files containing relay_goodput.json in directory tree at /tmp/sim-results
2026-08-05 08:29:06 1785918546.445380 [tornettools] [INFO] Found /tmp/sim-results/tornet-0.15-1/tornet.plot.data/relay_goodput.json
2026-08-05 08:29:06 1785918546.594495 [tornettools] [INFO] Found 1 total files
2026-08-05 08:29:06 1785918546.594800 [tornettools] [INFO] Searching for files containing relay_goodput.json in directory tree at /__w/benchmark/benchmark/results/tor/2026-08-04-T06-19-57
2026-08-05 08:29:06 1785918546.594935 [tornettools] [INFO] Found /__w/benchmark/benchmark/results/tor/2026-08-04-T06-19-57/tornet-0.15-1/tornet.plot.data/relay_goodput.json
2026-08-05 08:29:06 1785918546.594969 [tornettools] [INFO] Found 1 total files
2026-08-05 08:29:06 1785918546.595141 [tornettools] [INFO] Searching for files containing relay_goodput.json in directory tree at /__w/benchmark/benchmark/results/tor/2026-08-01-T06-35-14
2026-08-05 08:29:06 1785918546.595227 [tornettools] [INFO] Found /__w/benchmark/benchmark/results/tor/2026-08-01-T06-35-14/tornet-0.15-2/tornet.plot.data/relay_goodput.json
2026-08-05 08:29:06 1785918546.595293 [tornettools] [INFO] Found /__w/benchmark/benchmark/results/tor/2026-08-01-T06-35-14/tornet-0.15-3/tornet.plot.data/relay_goodput.json
2026-08-05 08:29:06 1785918546.595380 [tornettools] [INFO] Found /__w/benchmark/benchmark/results/tor/2026-08-01-T06-35-14/tornet-0.15-1/tornet.plot.data/relay_goodput.json
2026-08-05 08:29:06 1785918546.595409 [tornettools] [INFO] Found 3 total files
2026-08-05 08:29:06 1785918546.595807 [tornettools] [INFO] Searching for files containing relay_goodput.json in directory tree at /__w/benchmark/benchmark/results/tor/2024-01-01-T02-18-28
2026-08-05 08:29:06 1785918546.595902 [tornettools] [INFO] Found /__w/benchmark/benchmark/results/tor/2024-01-01-T02-18-28/tornet-0.15-2/tornet.plot.data/relay_goodput.json
2026-08-05 08:29:06 1785918546.595967 [tornettools] [INFO] Found /__w/benchmark/benchmark/results/tor/2024-01-01-T02-18-28/tornet-0.15-3/tornet.plot.data/relay_goodput.json
2026-08-05 08:29:06 1785918546.596062 [tornettools] [INFO] Found /__w/benchmark/benchmark/results/tor/2024-01-01-T02-18-28/tornet-0.15-4/tornet.plot.data/relay_goodput.json
2026-08-05 08:29:06 1785918546.596120 [tornettools] [INFO] Found /__w/benchmark/benchmark/results/tor/2024-01-01-T02-18-28/tornet-0.15-1/tornet.plot.data/relay_goodput.json
2026-08-05 08:29:06 1785918546.596177 [tornettools] [INFO] Found /__w/benchmark/benchmark/results/tor/2024-01-01-T02-18-28/tornet-0.15-5/tornet.plot.data/relay_goodput.json
2026-08-05 08:29:06 1785918546.596206 [tornettools] [INFO] Found 5 total files
2026-08-05 08:29:06 1785918546.597266 [tornettools] [INFO] Searching for files containing simulation_info.json in directory tree at /tmp/sim-results
2026-08-05 08:29:06 1785918546.597529 [tornettools] [INFO] Found /tmp/sim-results/tornet-0.15-1/tornet.plot.data/simulation_info.json
2026-08-05 08:29:06 1785918546.731470 [tornettools] [INFO] Found 1 total files
2026-08-05 08:29:06 1785918546.731586 [tornettools] [INFO] Searching for files containing simulation_info.json in directory tree at /__w/benchmark/benchmark/results/tor/2026-08-04-T06-19-57
2026-08-05 08:29:06 1785918546.731699 [tornettools] [INFO] Found /__w/benchmark/benchmark/results/tor/2026-08-04-T06-19-57/tornet-0.15-1/tornet.plot.data/simulation_info.json
2026-08-05 08:29:06 1785918546.731732 [tornettools] [INFO] Found 1 total files
2026-08-05 08:29:06 1785918546.731793 [tornettools] [INFO] Searching for files containing simulation_info.json in directory tree at /__w/benchmark/benchmark/results/tor/2026-08-01-T06-35-14
2026-08-05 08:29:06 1785918546.731870 [tornettools] [INFO] Found /__w/benchmark/benchmark/results/tor/2026-08-01-T06-35-14/tornet-0.15-2/tornet.plot.data/simulation_info.json
2026-08-05 08:29:06 1785918546.731932 [tornettools] [INFO] Found /__w/benchmark/benchmark/results/tor/2026-08-01-T06-35-14/tornet-0.15-3/tornet.plot.data/simulation_info.json
2026-08-05 08:29:06 1785918546.732017 [tornettools] [INFO] Found /__w/benchmark/benchmark/results/tor/2026-08-01-T06-35-14/tornet-0.15-1/tornet.plot.data/simulation_info.json
2026-08-05 08:29:06 1785918546.732051 [tornettools] [INFO] Found 3 total files
2026-08-05 08:29:06 1785918546.732140 [tornettools] [INFO] Searching for files containing simulation_info.json in directory tree at /__w/benchmark/benchmark/results/tor/2024-01-01-T02-18-28
2026-08-05 08:29:06 1785918546.732221 [tornettools] [INFO] Found /__w/benchmark/benchmark/results/tor/2024-01-01-T02-18-28/tornet-0.15-2/tornet.plot.data/simulation_info.json
2026-08-05 08:29:06 1785918546.732285 [tornettools] [INFO] Found /__w/benchmark/benchmark/results/tor/2024-01-01-T02-18-28/tornet-0.15-3/tornet.plot.data/simulation_info.json
2026-08-05 08:29:06 1785918546.732378 [tornettools] [INFO] Found /__w/benchmark/benchmark/results/tor/2024-01-01-T02-18-28/tornet-0.15-4/tornet.plot.data/simulation_info.json
2026-08-05 08:29:06 1785918546.732435 [tornettools] [INFO] Found /__w/benchmark/benchmark/results/tor/2024-01-01-T02-18-28/tornet-0.15-1/tornet.plot.data/simulation_info.json
2026-08-05 08:29:06 1785918546.732493 [tornettools] [INFO] Found /__w/benchmark/benchmark/results/tor/2024-01-01-T02-18-28/tornet-0.15-5/tornet.plot.data/simulation_info.json
2026-08-05 08:29:06 1785918546.732524 [tornettools] [INFO] Found 5 total files
2026-08-05 08:29:06 1785918546.732657 [tornettools] [INFO] Found simulated network scale 0.15
2026-08-05 08:29:06 1785918546.732696 [tornettools] [INFO] Plotting relay goodput
