2026-08-21 06:39:52 1787294392.185649 [tornettools] [INFO] Logging system initialized! Logging events to stdout and to '/tmp/sim-results/plots/tornettools.plot.2026-08-21.06.39.52.log'
2026-08-21 06:39:52 1787294392.185808 [tornettools] [INFO] Seeded standard and numpy PRNGs with seed=445370692
2026-08-21 06:39:52 1787294392.185887 [tornettools] [INFO] The argument namespace is: Namespace(do_version=False, quiet=0, seed=445370692, command='plot', tornet_collection_path=['/tmp/sim-results', '/__w/benchmark/benchmark/results/tor/2026-08-20-T04-27-56', '/__w/benchmark/benchmark/results/tor/2026-08-15-T04-37-06', '/__w/benchmark/benchmark/results/tor/2024-01-01-T02-18-28'], tor_metrics_path=None, prefix='/tmp/sim-results/plots', labels=['2026-08-21-T04-29-20 (Nightly benchmark)', '2026-08-20-T04-27-56 (Nightly benchmark)', '2026-08-15-T04-37-06 (Weekly benchmark)', '2024-01-01-T02-18-28 (v3.1.0)'], colors=None, plot_all=False, plot_pngs=True, func=<function plot at 0x151129ebf880>, formatter_class=<class '__main__.CustomHelpFormatter'>)
2026-08-21 06:39:52 1787294392.187689 [tornettools] [INFO] The platform is: Linux-6.12.86+deb13-amd64-x86_64-with-glibc2.36
2026-08-21 06:39:52 1787294392.187784 [tornettools] [INFO] System info: uname_result(system='Linux', node='3a69236397d3', release='6.12.86+deb13-amd64', version='#1 SMP PREEMPT_DYNAMIC Debian 6.12.86-1 (2026-05-08)', machine='x86_64')
2026-08-21 06:39:52 1787294392.462458 [tornettools] [INFO] generated new fontManager
2026-08-21 06:39:53 1787294393.360923 [tornettools] [INFO] Plotting simulation results now
2026-08-21 06:39:53 1787294393.361308 [tornettools] [INFO] Plotting tornet comparisons
2026-08-21 06:39:53 1787294393.361385 [tornettools] [INFO] Loading tornet resource usage data
2026-08-21 06:39:53 1787294393.361430 [tornettools] [INFO] Searching for files containing resource_usage.json in directory tree at /tmp/sim-results
2026-08-21 06:39:53 1787294393.361731 [tornettools] [INFO] Found /tmp/sim-results/tornet-0.15-1/tornet.plot.data/resource_usage.json
2026-08-21 06:39:53 1787294393.540512 [tornettools] [INFO] Found 1 total files
2026-08-21 06:39:53 1787294393.541117 [tornettools] [INFO] Searching for files containing resource_usage.json in directory tree at /__w/benchmark/benchmark/results/tor/2026-08-20-T04-27-56
2026-08-21 06:39:53 1787294393.541312 [tornettools] [INFO] Found /__w/benchmark/benchmark/results/tor/2026-08-20-T04-27-56/tornet-0.15-1/tornet.plot.data/resource_usage.json
2026-08-21 06:39:53 1787294393.541360 [tornettools] [INFO] Found 1 total files
2026-08-21 06:39:53 1787294393.541810 [tornettools] [INFO] Searching for files containing resource_usage.json in directory tree at /__w/benchmark/benchmark/results/tor/2026-08-15-T04-37-06
2026-08-21 06:39:53 1787294393.541920 [tornettools] [INFO] Found /__w/benchmark/benchmark/results/tor/2026-08-15-T04-37-06/tornet-0.15-2/tornet.plot.data/resource_usage.json
2026-08-21 06:39:53 1787294393.541999 [tornettools] [INFO] Found /__w/benchmark/benchmark/results/tor/2026-08-15-T04-37-06/tornet-0.15-3/tornet.plot.data/resource_usage.json
2026-08-21 06:39:53 1787294393.542105 [tornettools] [INFO] Found /__w/benchmark/benchmark/results/tor/2026-08-15-T04-37-06/tornet-0.15-1/tornet.plot.data/resource_usage.json
2026-08-21 06:39:53 1787294393.542143 [tornettools] [INFO] Found 3 total files
2026-08-21 06:39:53 1787294393.543449 [tornettools] [INFO] Searching for files containing resource_usage.json in directory tree at /__w/benchmark/benchmark/results/tor/2024-01-01-T02-18-28
2026-08-21 06:39:53 1787294393.543592 [tornettools] [INFO] Found /__w/benchmark/benchmark/results/tor/2024-01-01-T02-18-28/tornet-0.15-2/tornet.plot.data/resource_usage.json
2026-08-21 06:39:53 1787294393.543669 [tornettools] [INFO] Found /__w/benchmark/benchmark/results/tor/2024-01-01-T02-18-28/tornet-0.15-3/tornet.plot.data/resource_usage.json
2026-08-21 06:39:53 1787294393.543779 [tornettools] [INFO] Found /__w/benchmark/benchmark/results/tor/2024-01-01-T02-18-28/tornet-0.15-4/tornet.plot.data/resource_usage.json
2026-08-21 06:39:53 1787294393.543851 [tornettools] [INFO] Found /__w/benchmark/benchmark/results/tor/2024-01-01-T02-18-28/tornet-0.15-1/tornet.plot.data/resource_usage.json
2026-08-21 06:39:53 1787294393.543933 [tornettools] [INFO] Found /__w/benchmark/benchmark/results/tor/2024-01-01-T02-18-28/tornet-0.15-5/tornet.plot.data/resource_usage.json
2026-08-21 06:39:53 1787294393.543968 [tornettools] [INFO] Found 5 total files
2026-08-21 06:39:54 1787294394.835764 [tornettools] [INFO] Loading Tor metrics data
2026-08-21 06:39:54 1787294394.835916 [tornettools] [INFO] Loading tornet relay goodput data
2026-08-21 06:39:54 1787294394.835974 [tornettools] [INFO] Searching for files containing relay_goodput.json in directory tree at /tmp/sim-results
2026-08-21 06:39:54 1787294394.836331 [tornettools] [INFO] Found /tmp/sim-results/tornet-0.15-1/tornet.plot.data/relay_goodput.json
2026-08-21 06:39:55 1787294395.015109 [tornettools] [INFO] Found 1 total files
2026-08-21 06:39:55 1787294395.015503 [tornettools] [INFO] Searching for files containing relay_goodput.json in directory tree at /__w/benchmark/benchmark/results/tor/2026-08-20-T04-27-56
2026-08-21 06:39:55 1787294395.015682 [tornettools] [INFO] Found /__w/benchmark/benchmark/results/tor/2026-08-20-T04-27-56/tornet-0.15-1/tornet.plot.data/relay_goodput.json
2026-08-21 06:39:55 1787294395.015724 [tornettools] [INFO] Found 1 total files
2026-08-21 06:39:55 1787294395.015936 [tornettools] [INFO] Searching for files containing relay_goodput.json in directory tree at /__w/benchmark/benchmark/results/tor/2026-08-15-T04-37-06
2026-08-21 06:39:55 1787294395.016049 [tornettools] [INFO] Found /__w/benchmark/benchmark/results/tor/2026-08-15-T04-37-06/tornet-0.15-2/tornet.plot.data/relay_goodput.json
2026-08-21 06:39:55 1787294395.016129 [tornettools] [INFO] Found /__w/benchmark/benchmark/results/tor/2026-08-15-T04-37-06/tornet-0.15-3/tornet.plot.data/relay_goodput.json
2026-08-21 06:39:55 1787294395.016232 [tornettools] [INFO] Found /__w/benchmark/benchmark/results/tor/2026-08-15-T04-37-06/tornet-0.15-1/tornet.plot.data/relay_goodput.json
2026-08-21 06:39:55 1787294395.016266 [tornettools] [INFO] Found 3 total files
2026-08-21 06:39:55 1787294395.016758 [tornettools] [INFO] Searching for files containing relay_goodput.json in directory tree at /__w/benchmark/benchmark/results/tor/2024-01-01-T02-18-28
2026-08-21 06:39:55 1787294395.016877 [tornettools] [INFO] Found /__w/benchmark/benchmark/results/tor/2024-01-01-T02-18-28/tornet-0.15-2/tornet.plot.data/relay_goodput.json
2026-08-21 06:39:55 1787294395.016952 [tornettools] [INFO] Found /__w/benchmark/benchmark/results/tor/2024-01-01-T02-18-28/tornet-0.15-3/tornet.plot.data/relay_goodput.json
2026-08-21 06:39:55 1787294395.017061 [tornettools] [INFO] Found /__w/benchmark/benchmark/results/tor/2024-01-01-T02-18-28/tornet-0.15-4/tornet.plot.data/relay_goodput.json
2026-08-21 06:39:55 1787294395.017131 [tornettools] [INFO] Found /__w/benchmark/benchmark/results/tor/2024-01-01-T02-18-28/tornet-0.15-1/tornet.plot.data/relay_goodput.json
2026-08-21 06:39:55 1787294395.017210 [tornettools] [INFO] Found /__w/benchmark/benchmark/results/tor/2024-01-01-T02-18-28/tornet-0.15-5/tornet.plot.data/relay_goodput.json
2026-08-21 06:39:55 1787294395.017244 [tornettools] [INFO] Found 5 total files
2026-08-21 06:39:55 1787294395.018601 [tornettools] [INFO] Searching for files containing simulation_info.json in directory tree at /tmp/sim-results
2026-08-21 06:39:55 1787294395.018949 [tornettools] [INFO] Found /tmp/sim-results/tornet-0.15-1/tornet.plot.data/simulation_info.json
2026-08-21 06:39:55 1787294395.177024 [tornettools] [INFO] Found 1 total files
2026-08-21 06:39:55 1787294395.177214 [tornettools] [INFO] Searching for files containing simulation_info.json in directory tree at /__w/benchmark/benchmark/results/tor/2026-08-20-T04-27-56
2026-08-21 06:39:55 1787294395.177338 [tornettools] [INFO] Found /__w/benchmark/benchmark/results/tor/2026-08-20-T04-27-56/tornet-0.15-1/tornet.plot.data/simulation_info.json
2026-08-21 06:39:55 1787294395.177372 [tornettools] [INFO] Found 1 total files
2026-08-21 06:39:55 1787294395.177442 [tornettools] [INFO] Searching for files containing simulation_info.json in directory tree at /__w/benchmark/benchmark/results/tor/2026-08-15-T04-37-06
2026-08-21 06:39:55 1787294395.177519 [tornettools] [INFO] Found /__w/benchmark/benchmark/results/tor/2026-08-15-T04-37-06/tornet-0.15-2/tornet.plot.data/simulation_info.json
2026-08-21 06:39:55 1787294395.177579 [tornettools] [INFO] Found /__w/benchmark/benchmark/results/tor/2026-08-15-T04-37-06/tornet-0.15-3/tornet.plot.data/simulation_info.json
2026-08-21 06:39:55 1787294395.177666 [tornettools] [INFO] Found /__w/benchmark/benchmark/results/tor/2026-08-15-T04-37-06/tornet-0.15-1/tornet.plot.data/simulation_info.json
2026-08-21 06:39:55 1787294395.177699 [tornettools] [INFO] Found 3 total files
2026-08-21 06:39:55 1787294395.177799 [tornettools] [INFO] Searching for files containing simulation_info.json in directory tree at /__w/benchmark/benchmark/results/tor/2024-01-01-T02-18-28
2026-08-21 06:39:55 1787294395.177876 [tornettools] [INFO] Found /__w/benchmark/benchmark/results/tor/2024-01-01-T02-18-28/tornet-0.15-2/tornet.plot.data/simulation_info.json
2026-08-21 06:39:55 1787294395.177938 [tornettools] [INFO] Found /__w/benchmark/benchmark/results/tor/2024-01-01-T02-18-28/tornet-0.15-3/tornet.plot.data/simulation_info.json
2026-08-21 06:39:55 1787294395.178028 [tornettools] [INFO] Found /__w/benchmark/benchmark/results/tor/2024-01-01-T02-18-28/tornet-0.15-4/tornet.plot.data/simulation_info.json
2026-08-21 06:39:55 1787294395.178087 [tornettools] [INFO] Found /__w/benchmark/benchmark/results/tor/2024-01-01-T02-18-28/tornet-0.15-1/tornet.plot.data/simulation_info.json
2026-08-21 06:39:55 1787294395.178144 [tornettools] [INFO] Found /__w/benchmark/benchmark/results/tor/2024-01-01-T02-18-28/tornet-0.15-5/tornet.plot.data/simulation_info.json
2026-08-21 06:39:55 1787294395.178174 [tornettools] [INFO] Found 5 total files
2026-08-21 06:39:55 1787294395.178318 [tornettools] [INFO] Found simulated network scale 0.15
2026-08-21 06:39:55 1787294395.178358 [tornettools] [INFO] Plotting relay goodput
