2026-10-07 12:55:03 1791377703.557624 [tornettools] [INFO] Logging system initialized! Logging events to stdout and to '/tmp/sim-results/plots/tornettools.plot.2026-10-07.12.55.03.log'
2026-10-07 12:55:03 1791377703.557798 [tornettools] [INFO] Seeded standard and numpy PRNGs with seed=1100202338
2026-10-07 12:55:03 1791377703.557875 [tornettools] [INFO] The argument namespace is: Namespace(do_version=False, quiet=0, seed=1100202338, command='plot', tornet_collection_path=['/tmp/sim-results', '/__w/benchmark/benchmark/results/tor/2026-10-06-T10-55-49', '/__w/benchmark/benchmark/results/tor/2026-10-03-T09-46-13', '/__w/benchmark/benchmark/results/tor/2024-01-01-T02-18-28'], tor_metrics_path=None, prefix='/tmp/sim-results/plots', labels=['2026-10-07-T10-43-26 (Nightly benchmark)', '2026-10-06-T10-55-49 (Nightly benchmark)', '2026-10-03-T09-46-13 (Weekly benchmark)', '2024-01-01-T02-18-28 (v3.1.0)'], colors=None, plot_all=False, plot_pngs=True, func=<function plot at 0x14f9d74d7880>, formatter_class=<class '__main__.CustomHelpFormatter'>)
2026-10-07 12:55:03 1791377703.559883 [tornettools] [INFO] The platform is: Linux-6.12.86+deb13-amd64-x86_64-with-glibc2.36
2026-10-07 12:55:03 1791377703.559986 [tornettools] [INFO] System info: uname_result(system='Linux', node='2b6d67a610fc', release='6.12.86+deb13-amd64', version='#1 SMP PREEMPT_DYNAMIC Debian 6.12.86-1 (2026-05-08)', machine='x86_64')
2026-10-07 12:55:03 1791377703.832282 [tornettools] [INFO] generated new fontManager
2026-10-07 12:55:04 1791377704.728899 [tornettools] [INFO] Plotting simulation results now
2026-10-07 12:55:04 1791377704.729285 [tornettools] [INFO] Plotting tornet comparisons
2026-10-07 12:55:04 1791377704.729357 [tornettools] [INFO] Loading tornet resource usage data
2026-10-07 12:55:04 1791377704.729401 [tornettools] [INFO] Searching for files containing resource_usage.json in directory tree at /tmp/sim-results
2026-10-07 12:55:04 1791377704.729702 [tornettools] [INFO] Found /tmp/sim-results/tornet-0.15-1/tornet.plot.data/resource_usage.json
2026-10-07 12:55:04 1791377704.906055 [tornettools] [INFO] Found 1 total files
2026-10-07 12:55:04 1791377704.906672 [tornettools] [INFO] Searching for files containing resource_usage.json in directory tree at /__w/benchmark/benchmark/results/tor/2026-10-06-T10-55-49
2026-10-07 12:55:04 1791377704.906851 [tornettools] [INFO] Found /__w/benchmark/benchmark/results/tor/2026-10-06-T10-55-49/tornet-0.15-1/tornet.plot.data/resource_usage.json
2026-10-07 12:55:04 1791377704.906896 [tornettools] [INFO] Found 1 total files
2026-10-07 12:55:04 1791377704.907349 [tornettools] [INFO] Searching for files containing resource_usage.json in directory tree at /__w/benchmark/benchmark/results/tor/2026-10-03-T09-46-13
2026-10-07 12:55:04 1791377704.907467 [tornettools] [INFO] Found /__w/benchmark/benchmark/results/tor/2026-10-03-T09-46-13/tornet-0.15-2/tornet.plot.data/resource_usage.json
2026-10-07 12:55:04 1791377704.907549 [tornettools] [INFO] Found /__w/benchmark/benchmark/results/tor/2026-10-03-T09-46-13/tornet-0.15-3/tornet.plot.data/resource_usage.json
2026-10-07 12:55:04 1791377704.907660 [tornettools] [INFO] Found /__w/benchmark/benchmark/results/tor/2026-10-03-T09-46-13/tornet-0.15-1/tornet.plot.data/resource_usage.json
2026-10-07 12:55:04 1791377704.907697 [tornettools] [INFO] Found 3 total files
2026-10-07 12:55:04 1791377704.909018 [tornettools] [INFO] Searching for files containing resource_usage.json in directory tree at /__w/benchmark/benchmark/results/tor/2024-01-01-T02-18-28
2026-10-07 12:55:04 1791377704.909168 [tornettools] [INFO] Found /__w/benchmark/benchmark/results/tor/2024-01-01-T02-18-28/tornet-0.15-2/tornet.plot.data/resource_usage.json
2026-10-07 12:55:04 1791377704.909260 [tornettools] [INFO] Found /__w/benchmark/benchmark/results/tor/2024-01-01-T02-18-28/tornet-0.15-3/tornet.plot.data/resource_usage.json
2026-10-07 12:55:04 1791377704.909384 [tornettools] [INFO] Found /__w/benchmark/benchmark/results/tor/2024-01-01-T02-18-28/tornet-0.15-4/tornet.plot.data/resource_usage.json
2026-10-07 12:55:04 1791377704.909454 [tornettools] [INFO] Found /__w/benchmark/benchmark/results/tor/2024-01-01-T02-18-28/tornet-0.15-1/tornet.plot.data/resource_usage.json
2026-10-07 12:55:04 1791377704.909537 [tornettools] [INFO] Found /__w/benchmark/benchmark/results/tor/2024-01-01-T02-18-28/tornet-0.15-5/tornet.plot.data/resource_usage.json
2026-10-07 12:55:04 1791377704.909572 [tornettools] [INFO] Found 5 total files
2026-10-07 12:55:06 1791377706.428637 [tornettools] [INFO] Loading Tor metrics data
2026-10-07 12:55:06 1791377706.428744 [tornettools] [INFO] Loading tornet relay goodput data
2026-10-07 12:55:06 1791377706.428786 [tornettools] [INFO] Searching for files containing relay_goodput.json in directory tree at /tmp/sim-results
2026-10-07 12:55:06 1791377706.429052 [tornettools] [INFO] Found /tmp/sim-results/tornet-0.15-1/tornet.plot.data/relay_goodput.json
2026-10-07 12:55:06 1791377706.564591 [tornettools] [INFO] Found 1 total files
2026-10-07 12:55:06 1791377706.564929 [tornettools] [INFO] Searching for files containing relay_goodput.json in directory tree at /__w/benchmark/benchmark/results/tor/2026-10-06-T10-55-49
2026-10-07 12:55:06 1791377706.565065 [tornettools] [INFO] Found /__w/benchmark/benchmark/results/tor/2026-10-06-T10-55-49/tornet-0.15-1/tornet.plot.data/relay_goodput.json
2026-10-07 12:55:06 1791377706.565100 [tornettools] [INFO] Found 1 total files
2026-10-07 12:55:06 1791377706.565267 [tornettools] [INFO] Searching for files containing relay_goodput.json in directory tree at /__w/benchmark/benchmark/results/tor/2026-10-03-T09-46-13
2026-10-07 12:55:06 1791377706.565355 [tornettools] [INFO] Found /__w/benchmark/benchmark/results/tor/2026-10-03-T09-46-13/tornet-0.15-2/tornet.plot.data/relay_goodput.json
2026-10-07 12:55:06 1791377706.565421 [tornettools] [INFO] Found /__w/benchmark/benchmark/results/tor/2026-10-03-T09-46-13/tornet-0.15-3/tornet.plot.data/relay_goodput.json
2026-10-07 12:55:06 1791377706.565506 [tornettools] [INFO] Found /__w/benchmark/benchmark/results/tor/2026-10-03-T09-46-13/tornet-0.15-1/tornet.plot.data/relay_goodput.json
2026-10-07 12:55:06 1791377706.565534 [tornettools] [INFO] Found 3 total files
2026-10-07 12:55:06 1791377706.565933 [tornettools] [INFO] Searching for files containing relay_goodput.json in directory tree at /__w/benchmark/benchmark/results/tor/2024-01-01-T02-18-28
2026-10-07 12:55:06 1791377706.566023 [tornettools] [INFO] Found /__w/benchmark/benchmark/results/tor/2024-01-01-T02-18-28/tornet-0.15-2/tornet.plot.data/relay_goodput.json
2026-10-07 12:55:06 1791377706.566084 [tornettools] [INFO] Found /__w/benchmark/benchmark/results/tor/2024-01-01-T02-18-28/tornet-0.15-3/tornet.plot.data/relay_goodput.json
2026-10-07 12:55:06 1791377706.566175 [tornettools] [INFO] Found /__w/benchmark/benchmark/results/tor/2024-01-01-T02-18-28/tornet-0.15-4/tornet.plot.data/relay_goodput.json
2026-10-07 12:55:06 1791377706.566234 [tornettools] [INFO] Found /__w/benchmark/benchmark/results/tor/2024-01-01-T02-18-28/tornet-0.15-1/tornet.plot.data/relay_goodput.json
2026-10-07 12:55:06 1791377706.566291 [tornettools] [INFO] Found /__w/benchmark/benchmark/results/tor/2024-01-01-T02-18-28/tornet-0.15-5/tornet.plot.data/relay_goodput.json
2026-10-07 12:55:06 1791377706.566319 [tornettools] [INFO] Found 5 total files
2026-10-07 12:55:06 1791377706.567328 [tornettools] [INFO] Searching for files containing simulation_info.json in directory tree at /tmp/sim-results
2026-10-07 12:55:06 1791377706.567601 [tornettools] [INFO] Found /tmp/sim-results/tornet-0.15-1/tornet.plot.data/simulation_info.json
2026-10-07 12:55:06 1791377706.701211 [tornettools] [INFO] Found 1 total files
2026-10-07 12:55:06 1791377706.701324 [tornettools] [INFO] Searching for files containing simulation_info.json in directory tree at /__w/benchmark/benchmark/results/tor/2026-10-06-T10-55-49
2026-10-07 12:55:06 1791377706.701433 [tornettools] [INFO] Found /__w/benchmark/benchmark/results/tor/2026-10-06-T10-55-49/tornet-0.15-1/tornet.plot.data/simulation_info.json
2026-10-07 12:55:06 1791377706.701467 [tornettools] [INFO] Found 1 total files
2026-10-07 12:55:06 1791377706.701531 [tornettools] [INFO] Searching for files containing simulation_info.json in directory tree at /__w/benchmark/benchmark/results/tor/2026-10-03-T09-46-13
2026-10-07 12:55:06 1791377706.701607 [tornettools] [INFO] Found /__w/benchmark/benchmark/results/tor/2026-10-03-T09-46-13/tornet-0.15-2/tornet.plot.data/simulation_info.json
2026-10-07 12:55:06 1791377706.701669 [tornettools] [INFO] Found /__w/benchmark/benchmark/results/tor/2026-10-03-T09-46-13/tornet-0.15-3/tornet.plot.data/simulation_info.json
2026-10-07 12:55:06 1791377706.701758 [tornettools] [INFO] Found /__w/benchmark/benchmark/results/tor/2026-10-03-T09-46-13/tornet-0.15-1/tornet.plot.data/simulation_info.json
2026-10-07 12:55:06 1791377706.701792 [tornettools] [INFO] Found 3 total files
2026-10-07 12:55:06 1791377706.701884 [tornettools] [INFO] Searching for files containing simulation_info.json in directory tree at /__w/benchmark/benchmark/results/tor/2024-01-01-T02-18-28
2026-10-07 12:55:06 1791377706.701961 [tornettools] [INFO] Found /__w/benchmark/benchmark/results/tor/2024-01-01-T02-18-28/tornet-0.15-2/tornet.plot.data/simulation_info.json
2026-10-07 12:55:06 1791377706.702019 [tornettools] [INFO] Found /__w/benchmark/benchmark/results/tor/2024-01-01-T02-18-28/tornet-0.15-3/tornet.plot.data/simulation_info.json
2026-10-07 12:55:06 1791377706.702104 [tornettools] [INFO] Found /__w/benchmark/benchmark/results/tor/2024-01-01-T02-18-28/tornet-0.15-4/tornet.plot.data/simulation_info.json
2026-10-07 12:55:06 1791377706.702159 [tornettools] [INFO] Found /__w/benchmark/benchmark/results/tor/2024-01-01-T02-18-28/tornet-0.15-1/tornet.plot.data/simulation_info.json
2026-10-07 12:55:06 1791377706.702215 [tornettools] [INFO] Found /__w/benchmark/benchmark/results/tor/2024-01-01-T02-18-28/tornet-0.15-5/tornet.plot.data/simulation_info.json
2026-10-07 12:55:06 1791377706.702248 [tornettools] [INFO] Found 5 total files
2026-10-07 12:55:06 1791377706.702373 [tornettools] [INFO] Found simulated network scale 0.15
2026-10-07 12:55:06 1791377706.702412 [tornettools] [INFO] Plotting relay goodput
