2026-09-16 11:06:52 1789556812.944954 [tornettools] [INFO] Logging system initialized! Logging events to stdout and to '/tmp/sim-results/plots/tornettools.plot.2026-09-16.11.06.52.log'
2026-09-16 11:06:52 1789556812.945126 [tornettools] [INFO] Seeded standard and numpy PRNGs with seed=2111928714
2026-09-16 11:06:52 1789556812.945221 [tornettools] [INFO] The argument namespace is: Namespace(do_version=False, quiet=0, seed=2111928714, command='plot', tornet_collection_path=['/tmp/sim-results', '/__w/benchmark/benchmark/results/tor/2026-09-15-T09-04-52', '/__w/benchmark/benchmark/results/tor/2026-09-12-T08-32-31', '/__w/benchmark/benchmark/results/tor/2024-01-01-T02-18-28'], tor_metrics_path=None, prefix='/tmp/sim-results/plots', labels=['2026-09-16-T08-57-14 (Nightly benchmark)', '2026-09-15-T09-04-52 (Nightly benchmark)', '2026-09-12-T08-32-31 (Weekly benchmark)', '2024-01-01-T02-18-28 (v3.1.0)'], colors=None, plot_all=False, plot_pngs=True, func=<function plot at 0x14d054c4b880>, formatter_class=<class '__main__.CustomHelpFormatter'>)
2026-09-16 11:06:52 1789556812.947249 [tornettools] [INFO] The platform is: Linux-6.12.86+deb13-amd64-x86_64-with-glibc2.36
2026-09-16 11:06:52 1789556812.947353 [tornettools] [INFO] System info: uname_result(system='Linux', node='720b09b02249', release='6.12.86+deb13-amd64', version='#1 SMP PREEMPT_DYNAMIC Debian 6.12.86-1 (2026-05-08)', machine='x86_64')
2026-09-16 11:06:53 1789556813.226253 [tornettools] [INFO] generated new fontManager
2026-09-16 11:06:54 1789556814.133648 [tornettools] [INFO] Plotting simulation results now
2026-09-16 11:06:54 1789556814.134037 [tornettools] [INFO] Plotting tornet comparisons
2026-09-16 11:06:54 1789556814.134103 [tornettools] [INFO] Loading tornet resource usage data
2026-09-16 11:06:54 1789556814.134148 [tornettools] [INFO] Searching for files containing resource_usage.json in directory tree at /tmp/sim-results
2026-09-16 11:06:54 1789556814.134458 [tornettools] [INFO] Found /tmp/sim-results/tornet-0.15-1/tornet.plot.data/resource_usage.json
2026-09-16 11:06:54 1789556814.311912 [tornettools] [INFO] Found 1 total files
2026-09-16 11:06:54 1789556814.312536 [tornettools] [INFO] Searching for files containing resource_usage.json in directory tree at /__w/benchmark/benchmark/results/tor/2026-09-15-T09-04-52
2026-09-16 11:06:54 1789556814.312728 [tornettools] [INFO] Found /__w/benchmark/benchmark/results/tor/2026-09-15-T09-04-52/tornet-0.15-1/tornet.plot.data/resource_usage.json
2026-09-16 11:06:54 1789556814.312774 [tornettools] [INFO] Found 1 total files
2026-09-16 11:06:54 1789556814.313229 [tornettools] [INFO] Searching for files containing resource_usage.json in directory tree at /__w/benchmark/benchmark/results/tor/2026-09-12-T08-32-31
2026-09-16 11:06:54 1789556814.313358 [tornettools] [INFO] Found /__w/benchmark/benchmark/results/tor/2026-09-12-T08-32-31/tornet-0.15-2/tornet.plot.data/resource_usage.json
2026-09-16 11:06:54 1789556814.313437 [tornettools] [INFO] Found /__w/benchmark/benchmark/results/tor/2026-09-12-T08-32-31/tornet-0.15-3/tornet.plot.data/resource_usage.json
2026-09-16 11:06:54 1789556814.313541 [tornettools] [INFO] Found /__w/benchmark/benchmark/results/tor/2026-09-12-T08-32-31/tornet-0.15-1/tornet.plot.data/resource_usage.json
2026-09-16 11:06:54 1789556814.313579 [tornettools] [INFO] Found 3 total files
2026-09-16 11:06:54 1789556814.314882 [tornettools] [INFO] Searching for files containing resource_usage.json in directory tree at /__w/benchmark/benchmark/results/tor/2024-01-01-T02-18-28
2026-09-16 11:06:54 1789556814.315025 [tornettools] [INFO] Found /__w/benchmark/benchmark/results/tor/2024-01-01-T02-18-28/tornet-0.15-2/tornet.plot.data/resource_usage.json
2026-09-16 11:06:54 1789556814.315103 [tornettools] [INFO] Found /__w/benchmark/benchmark/results/tor/2024-01-01-T02-18-28/tornet-0.15-3/tornet.plot.data/resource_usage.json
2026-09-16 11:06:54 1789556814.315213 [tornettools] [INFO] Found /__w/benchmark/benchmark/results/tor/2024-01-01-T02-18-28/tornet-0.15-4/tornet.plot.data/resource_usage.json
2026-09-16 11:06:54 1789556814.315282 [tornettools] [INFO] Found /__w/benchmark/benchmark/results/tor/2024-01-01-T02-18-28/tornet-0.15-1/tornet.plot.data/resource_usage.json
2026-09-16 11:06:54 1789556814.315368 [tornettools] [INFO] Found /__w/benchmark/benchmark/results/tor/2024-01-01-T02-18-28/tornet-0.15-5/tornet.plot.data/resource_usage.json
2026-09-16 11:06:54 1789556814.315404 [tornettools] [INFO] Found 5 total files
2026-09-16 11:06:55 1789556815.858941 [tornettools] [INFO] Loading Tor metrics data
2026-09-16 11:06:55 1789556815.859135 [tornettools] [INFO] Loading tornet relay goodput data
2026-09-16 11:06:55 1789556815.859189 [tornettools] [INFO] Searching for files containing relay_goodput.json in directory tree at /tmp/sim-results
2026-09-16 11:06:55 1789556815.859594 [tornettools] [INFO] Found /tmp/sim-results/tornet-0.15-1/tornet.plot.data/relay_goodput.json
2026-09-16 11:06:56 1789556816.034033 [tornettools] [INFO] Found 1 total files
2026-09-16 11:06:56 1789556816.034433 [tornettools] [INFO] Searching for files containing relay_goodput.json in directory tree at /__w/benchmark/benchmark/results/tor/2026-09-15-T09-04-52
2026-09-16 11:06:56 1789556816.034609 [tornettools] [INFO] Found /__w/benchmark/benchmark/results/tor/2026-09-15-T09-04-52/tornet-0.15-1/tornet.plot.data/relay_goodput.json
2026-09-16 11:06:56 1789556816.034651 [tornettools] [INFO] Found 1 total files
2026-09-16 11:06:56 1789556816.034848 [tornettools] [INFO] Searching for files containing relay_goodput.json in directory tree at /__w/benchmark/benchmark/results/tor/2026-09-12-T08-32-31
2026-09-16 11:06:56 1789556816.034955 [tornettools] [INFO] Found /__w/benchmark/benchmark/results/tor/2026-09-12-T08-32-31/tornet-0.15-2/tornet.plot.data/relay_goodput.json
2026-09-16 11:06:56 1789556816.035034 [tornettools] [INFO] Found /__w/benchmark/benchmark/results/tor/2026-09-12-T08-32-31/tornet-0.15-3/tornet.plot.data/relay_goodput.json
2026-09-16 11:06:56 1789556816.035137 [tornettools] [INFO] Found /__w/benchmark/benchmark/results/tor/2026-09-12-T08-32-31/tornet-0.15-1/tornet.plot.data/relay_goodput.json
2026-09-16 11:06:56 1789556816.035171 [tornettools] [INFO] Found 3 total files
2026-09-16 11:06:56 1789556816.035658 [tornettools] [INFO] Searching for files containing relay_goodput.json in directory tree at /__w/benchmark/benchmark/results/tor/2024-01-01-T02-18-28
2026-09-16 11:06:56 1789556816.035778 [tornettools] [INFO] Found /__w/benchmark/benchmark/results/tor/2024-01-01-T02-18-28/tornet-0.15-2/tornet.plot.data/relay_goodput.json
2026-09-16 11:06:56 1789556816.035854 [tornettools] [INFO] Found /__w/benchmark/benchmark/results/tor/2024-01-01-T02-18-28/tornet-0.15-3/tornet.plot.data/relay_goodput.json
2026-09-16 11:06:56 1789556816.035968 [tornettools] [INFO] Found /__w/benchmark/benchmark/results/tor/2024-01-01-T02-18-28/tornet-0.15-4/tornet.plot.data/relay_goodput.json
2026-09-16 11:06:56 1789556816.036038 [tornettools] [INFO] Found /__w/benchmark/benchmark/results/tor/2024-01-01-T02-18-28/tornet-0.15-1/tornet.plot.data/relay_goodput.json
2026-09-16 11:06:56 1789556816.036108 [tornettools] [INFO] Found /__w/benchmark/benchmark/results/tor/2024-01-01-T02-18-28/tornet-0.15-5/tornet.plot.data/relay_goodput.json
2026-09-16 11:06:56 1789556816.036142 [tornettools] [INFO] Found 5 total files
2026-09-16 11:06:56 1789556816.037494 [tornettools] [INFO] Searching for files containing simulation_info.json in directory tree at /tmp/sim-results
2026-09-16 11:06:56 1789556816.037827 [tornettools] [INFO] Found /tmp/sim-results/tornet-0.15-1/tornet.plot.data/simulation_info.json
2026-09-16 11:06:56 1789556816.199825 [tornettools] [INFO] Found 1 total files
2026-09-16 11:06:56 1789556816.199954 [tornettools] [INFO] Searching for files containing simulation_info.json in directory tree at /__w/benchmark/benchmark/results/tor/2026-09-15-T09-04-52
2026-09-16 11:06:56 1789556816.200072 [tornettools] [INFO] Found /__w/benchmark/benchmark/results/tor/2026-09-15-T09-04-52/tornet-0.15-1/tornet.plot.data/simulation_info.json
2026-09-16 11:06:56 1789556816.200106 [tornettools] [INFO] Found 1 total files
2026-09-16 11:06:56 1789556816.200173 [tornettools] [INFO] Searching for files containing simulation_info.json in directory tree at /__w/benchmark/benchmark/results/tor/2026-09-12-T08-32-31
2026-09-16 11:06:56 1789556816.200250 [tornettools] [INFO] Found /__w/benchmark/benchmark/results/tor/2026-09-12-T08-32-31/tornet-0.15-2/tornet.plot.data/simulation_info.json
2026-09-16 11:06:56 1789556816.200312 [tornettools] [INFO] Found /__w/benchmark/benchmark/results/tor/2026-09-12-T08-32-31/tornet-0.15-3/tornet.plot.data/simulation_info.json
2026-09-16 11:06:56 1789556816.200397 [tornettools] [INFO] Found /__w/benchmark/benchmark/results/tor/2026-09-12-T08-32-31/tornet-0.15-1/tornet.plot.data/simulation_info.json
2026-09-16 11:06:56 1789556816.200434 [tornettools] [INFO] Found 3 total files
2026-09-16 11:06:56 1789556816.200531 [tornettools] [INFO] Searching for files containing simulation_info.json in directory tree at /__w/benchmark/benchmark/results/tor/2024-01-01-T02-18-28
2026-09-16 11:06:56 1789556816.200608 [tornettools] [INFO] Found /__w/benchmark/benchmark/results/tor/2024-01-01-T02-18-28/tornet-0.15-2/tornet.plot.data/simulation_info.json
2026-09-16 11:06:56 1789556816.200667 [tornettools] [INFO] Found /__w/benchmark/benchmark/results/tor/2024-01-01-T02-18-28/tornet-0.15-3/tornet.plot.data/simulation_info.json
2026-09-16 11:06:56 1789556816.200755 [tornettools] [INFO] Found /__w/benchmark/benchmark/results/tor/2024-01-01-T02-18-28/tornet-0.15-4/tornet.plot.data/simulation_info.json
2026-09-16 11:06:56 1789556816.200811 [tornettools] [INFO] Found /__w/benchmark/benchmark/results/tor/2024-01-01-T02-18-28/tornet-0.15-1/tornet.plot.data/simulation_info.json
2026-09-16 11:06:56 1789556816.200866 [tornettools] [INFO] Found /__w/benchmark/benchmark/results/tor/2024-01-01-T02-18-28/tornet-0.15-5/tornet.plot.data/simulation_info.json
2026-09-16 11:06:56 1789556816.200897 [tornettools] [INFO] Found 5 total files
2026-09-16 11:06:56 1789556816.201027 [tornettools] [INFO] Found simulated network scale 0.15
2026-09-16 11:06:56 1789556816.201066 [tornettools] [INFO] Plotting relay goodput
