2026-09-22 11:04:58 1790075098.394408 [tornettools] [INFO] Logging system initialized! Logging events to stdout and to '/tmp/sim-results/plots/tornettools.plot.2026-09-22.11.04.58.log'
2026-09-22 11:04:58 1790075098.394574 [tornettools] [INFO] Seeded standard and numpy PRNGs with seed=806909465
2026-09-22 11:04:58 1790075098.394649 [tornettools] [INFO] The argument namespace is: Namespace(do_version=False, quiet=0, seed=806909465, command='plot', tornet_collection_path=['/tmp/sim-results', '/__w/benchmark/benchmark/results/tor/2026-09-18-T08-37-16', '/__w/benchmark/benchmark/results/tor/2026-09-19-T08-42-45', '/__w/benchmark/benchmark/results/tor/2024-01-01-T02-18-28'], tor_metrics_path=None, prefix='/tmp/sim-results/plots', labels=['2026-09-22-T08-54-53 (Nightly benchmark)', '2026-09-18-T08-37-16 (Nightly benchmark)', '2026-09-19-T08-42-45 (Weekly benchmark)', '2024-01-01-T02-18-28 (v3.1.0)'], colors=None, plot_all=False, plot_pngs=True, func=<function plot at 0x147d75053880>, formatter_class=<class '__main__.CustomHelpFormatter'>)
2026-09-22 11:04:58 1790075098.396661 [tornettools] [INFO] The platform is: Linux-6.12.86+deb13-amd64-x86_64-with-glibc2.36
2026-09-22 11:04:58 1790075098.396763 [tornettools] [INFO] System info: uname_result(system='Linux', node='ca604209c9a5', release='6.12.86+deb13-amd64', version='#1 SMP PREEMPT_DYNAMIC Debian 6.12.86-1 (2026-05-08)', machine='x86_64')
2026-09-22 11:04:58 1790075098.671889 [tornettools] [INFO] generated new fontManager
2026-09-22 11:04:59 1790075099.568860 [tornettools] [INFO] Plotting simulation results now
2026-09-22 11:04:59 1790075099.569240 [tornettools] [INFO] Plotting tornet comparisons
2026-09-22 11:04:59 1790075099.569317 [tornettools] [INFO] Loading tornet resource usage data
2026-09-22 11:04:59 1790075099.569362 [tornettools] [INFO] Searching for files containing resource_usage.json in directory tree at /tmp/sim-results
2026-09-22 11:04:59 1790075099.569656 [tornettools] [INFO] Found /tmp/sim-results/tornet-0.15-1/tornet.plot.data/resource_usage.json
2026-09-22 11:04:59 1790075099.743975 [tornettools] [INFO] Found 1 total files
2026-09-22 11:04:59 1790075099.744571 [tornettools] [INFO] Searching for files containing resource_usage.json in directory tree at /__w/benchmark/benchmark/results/tor/2026-09-18-T08-37-16
2026-09-22 11:04:59 1790075099.744750 [tornettools] [INFO] Found /__w/benchmark/benchmark/results/tor/2026-09-18-T08-37-16/tornet-0.15-1/tornet.plot.data/resource_usage.json
2026-09-22 11:04:59 1790075099.744795 [tornettools] [INFO] Found 1 total files
2026-09-22 11:04:59 1790075099.745317 [tornettools] [INFO] Searching for files containing resource_usage.json in directory tree at /__w/benchmark/benchmark/results/tor/2026-09-19-T08-42-45
2026-09-22 11:04:59 1790075099.745456 [tornettools] [INFO] Found /__w/benchmark/benchmark/results/tor/2026-09-19-T08-42-45/tornet-0.15-2/tornet.plot.data/resource_usage.json
2026-09-22 11:04:59 1790075099.745536 [tornettools] [INFO] Found /__w/benchmark/benchmark/results/tor/2026-09-19-T08-42-45/tornet-0.15-3/tornet.plot.data/resource_usage.json
2026-09-22 11:04:59 1790075099.745640 [tornettools] [INFO] Found /__w/benchmark/benchmark/results/tor/2026-09-19-T08-42-45/tornet-0.15-1/tornet.plot.data/resource_usage.json
2026-09-22 11:04:59 1790075099.745677 [tornettools] [INFO] Found 3 total files
2026-09-22 11:04:59 1790075099.747021 [tornettools] [INFO] Searching for files containing resource_usage.json in directory tree at /__w/benchmark/benchmark/results/tor/2024-01-01-T02-18-28
2026-09-22 11:04:59 1790075099.747164 [tornettools] [INFO] Found /__w/benchmark/benchmark/results/tor/2024-01-01-T02-18-28/tornet-0.15-2/tornet.plot.data/resource_usage.json
2026-09-22 11:04:59 1790075099.747242 [tornettools] [INFO] Found /__w/benchmark/benchmark/results/tor/2024-01-01-T02-18-28/tornet-0.15-3/tornet.plot.data/resource_usage.json
2026-09-22 11:04:59 1790075099.747354 [tornettools] [INFO] Found /__w/benchmark/benchmark/results/tor/2024-01-01-T02-18-28/tornet-0.15-4/tornet.plot.data/resource_usage.json
2026-09-22 11:04:59 1790075099.747421 [tornettools] [INFO] Found /__w/benchmark/benchmark/results/tor/2024-01-01-T02-18-28/tornet-0.15-1/tornet.plot.data/resource_usage.json
2026-09-22 11:04:59 1790075099.747502 [tornettools] [INFO] Found /__w/benchmark/benchmark/results/tor/2024-01-01-T02-18-28/tornet-0.15-5/tornet.plot.data/resource_usage.json
2026-09-22 11:04:59 1790075099.747537 [tornettools] [INFO] Found 5 total files
2026-09-22 11:05:01 1790075101.060952 [tornettools] [INFO] Loading Tor metrics data
2026-09-22 11:05:01 1790075101.061105 [tornettools] [INFO] Loading tornet relay goodput data
2026-09-22 11:05:01 1790075101.061159 [tornettools] [INFO] Searching for files containing relay_goodput.json in directory tree at /tmp/sim-results
2026-09-22 11:05:01 1790075101.061530 [tornettools] [INFO] Found /tmp/sim-results/tornet-0.15-1/tornet.plot.data/relay_goodput.json
2026-09-22 11:05:01 1790075101.236484 [tornettools] [INFO] Found 1 total files
2026-09-22 11:05:01 1790075101.236863 [tornettools] [INFO] Searching for files containing relay_goodput.json in directory tree at /__w/benchmark/benchmark/results/tor/2026-09-18-T08-37-16
2026-09-22 11:05:01 1790075101.237036 [tornettools] [INFO] Found /__w/benchmark/benchmark/results/tor/2026-09-18-T08-37-16/tornet-0.15-1/tornet.plot.data/relay_goodput.json
2026-09-22 11:05:01 1790075101.237077 [tornettools] [INFO] Found 1 total files
2026-09-22 11:05:01 1790075101.237295 [tornettools] [INFO] Searching for files containing relay_goodput.json in directory tree at /__w/benchmark/benchmark/results/tor/2026-09-19-T08-42-45
2026-09-22 11:05:01 1790075101.237406 [tornettools] [INFO] Found /__w/benchmark/benchmark/results/tor/2026-09-19-T08-42-45/tornet-0.15-2/tornet.plot.data/relay_goodput.json
2026-09-22 11:05:01 1790075101.237481 [tornettools] [INFO] Found /__w/benchmark/benchmark/results/tor/2026-09-19-T08-42-45/tornet-0.15-3/tornet.plot.data/relay_goodput.json
2026-09-22 11:05:01 1790075101.237584 [tornettools] [INFO] Found /__w/benchmark/benchmark/results/tor/2026-09-19-T08-42-45/tornet-0.15-1/tornet.plot.data/relay_goodput.json
2026-09-22 11:05:01 1790075101.237618 [tornettools] [INFO] Found 3 total files
2026-09-22 11:05:01 1790075101.238125 [tornettools] [INFO] Searching for files containing relay_goodput.json in directory tree at /__w/benchmark/benchmark/results/tor/2024-01-01-T02-18-28
2026-09-22 11:05:01 1790075101.238250 [tornettools] [INFO] Found /__w/benchmark/benchmark/results/tor/2024-01-01-T02-18-28/tornet-0.15-2/tornet.plot.data/relay_goodput.json
2026-09-22 11:05:01 1790075101.238324 [tornettools] [INFO] Found /__w/benchmark/benchmark/results/tor/2024-01-01-T02-18-28/tornet-0.15-3/tornet.plot.data/relay_goodput.json
2026-09-22 11:05:01 1790075101.238433 [tornettools] [INFO] Found /__w/benchmark/benchmark/results/tor/2024-01-01-T02-18-28/tornet-0.15-4/tornet.plot.data/relay_goodput.json
2026-09-22 11:05:01 1790075101.238501 [tornettools] [INFO] Found /__w/benchmark/benchmark/results/tor/2024-01-01-T02-18-28/tornet-0.15-1/tornet.plot.data/relay_goodput.json
2026-09-22 11:05:01 1790075101.238570 [tornettools] [INFO] Found /__w/benchmark/benchmark/results/tor/2024-01-01-T02-18-28/tornet-0.15-5/tornet.plot.data/relay_goodput.json
2026-09-22 11:05:01 1790075101.238602 [tornettools] [INFO] Found 5 total files
2026-09-22 11:05:01 1790075101.239909 [tornettools] [INFO] Searching for files containing simulation_info.json in directory tree at /tmp/sim-results
2026-09-22 11:05:01 1790075101.240253 [tornettools] [INFO] Found /tmp/sim-results/tornet-0.15-1/tornet.plot.data/simulation_info.json
2026-09-22 11:05:01 1790075101.414122 [tornettools] [INFO] Found 1 total files
2026-09-22 11:05:01 1790075101.414382 [tornettools] [INFO] Searching for files containing simulation_info.json in directory tree at /__w/benchmark/benchmark/results/tor/2026-09-18-T08-37-16
2026-09-22 11:05:01 1790075101.414539 [tornettools] [INFO] Found /__w/benchmark/benchmark/results/tor/2026-09-18-T08-37-16/tornet-0.15-1/tornet.plot.data/simulation_info.json
2026-09-22 11:05:01 1790075101.414581 [tornettools] [INFO] Found 1 total files
2026-09-22 11:05:01 1790075101.414670 [tornettools] [INFO] Searching for files containing simulation_info.json in directory tree at /__w/benchmark/benchmark/results/tor/2026-09-19-T08-42-45
2026-09-22 11:05:01 1790075101.414766 [tornettools] [INFO] Found /__w/benchmark/benchmark/results/tor/2026-09-19-T08-42-45/tornet-0.15-2/tornet.plot.data/simulation_info.json
2026-09-22 11:05:01 1790075101.414838 [tornettools] [INFO] Found /__w/benchmark/benchmark/results/tor/2026-09-19-T08-42-45/tornet-0.15-3/tornet.plot.data/simulation_info.json
2026-09-22 11:05:01 1790075101.414947 [tornettools] [INFO] Found /__w/benchmark/benchmark/results/tor/2026-09-19-T08-42-45/tornet-0.15-1/tornet.plot.data/simulation_info.json
2026-09-22 11:05:01 1790075101.414987 [tornettools] [INFO] Found 3 total files
2026-09-22 11:05:01 1790075101.415106 [tornettools] [INFO] Searching for files containing simulation_info.json in directory tree at /__w/benchmark/benchmark/results/tor/2024-01-01-T02-18-28
2026-09-22 11:05:01 1790075101.415203 [tornettools] [INFO] Found /__w/benchmark/benchmark/results/tor/2024-01-01-T02-18-28/tornet-0.15-2/tornet.plot.data/simulation_info.json
2026-09-22 11:05:01 1790075101.415275 [tornettools] [INFO] Found /__w/benchmark/benchmark/results/tor/2024-01-01-T02-18-28/tornet-0.15-3/tornet.plot.data/simulation_info.json
2026-09-22 11:05:01 1790075101.415379 [tornettools] [INFO] Found /__w/benchmark/benchmark/results/tor/2024-01-01-T02-18-28/tornet-0.15-4/tornet.plot.data/simulation_info.json
2026-09-22 11:05:01 1790075101.415454 [tornettools] [INFO] Found /__w/benchmark/benchmark/results/tor/2024-01-01-T02-18-28/tornet-0.15-1/tornet.plot.data/simulation_info.json
2026-09-22 11:05:01 1790075101.415522 [tornettools] [INFO] Found /__w/benchmark/benchmark/results/tor/2024-01-01-T02-18-28/tornet-0.15-5/tornet.plot.data/simulation_info.json
2026-09-22 11:05:01 1790075101.415557 [tornettools] [INFO] Found 5 total files
2026-09-22 11:05:01 1790075101.415742 [tornettools] [INFO] Found simulated network scale 0.15
2026-09-22 11:05:01 1790075101.415791 [tornettools] [INFO] Plotting relay goodput
