2026-08-20 06:37:30 1787207850.794729 [tornettools] [INFO] Logging system initialized! Logging events to stdout and to '/tmp/sim-results/plots/tornettools.plot.2026-08-20.06.37.30.log'
2026-08-20 06:37:30 1787207850.794901 [tornettools] [INFO] Seeded standard and numpy PRNGs with seed=985449067
2026-08-20 06:37:30 1787207850.794980 [tornettools] [INFO] The argument namespace is: Namespace(do_version=False, quiet=0, seed=985449067, command='plot', tornet_collection_path=['/tmp/sim-results', '/__w/benchmark/benchmark/results/tor/2026-08-19-T04-28-26', '/__w/benchmark/benchmark/results/tor/2026-08-15-T04-37-06', '/__w/benchmark/benchmark/results/tor/2024-01-01-T02-18-28'], tor_metrics_path=None, prefix='/tmp/sim-results/plots', labels=['2026-08-20-T04-27-56 (Nightly benchmark)', '2026-08-19-T04-28-26 (Nightly benchmark)', '2026-08-15-T04-37-06 (Weekly benchmark)', '2024-01-01-T02-18-28 (v3.1.0)'], colors=None, plot_all=False, plot_pngs=True, func=<function plot at 0x14976234b880>, formatter_class=<class '__main__.CustomHelpFormatter'>)
2026-08-20 06:37:30 1787207850.796893 [tornettools] [INFO] The platform is: Linux-6.12.86+deb13-amd64-x86_64-with-glibc2.36
2026-08-20 06:37:30 1787207850.796995 [tornettools] [INFO] System info: uname_result(system='Linux', node='265271b88cea', release='6.12.86+deb13-amd64', version='#1 SMP PREEMPT_DYNAMIC Debian 6.12.86-1 (2026-05-08)', machine='x86_64')
2026-08-20 06:37:31 1787207851.075072 [tornettools] [INFO] generated new fontManager
2026-08-20 06:37:31 1787207851.979886 [tornettools] [INFO] Plotting simulation results now
2026-08-20 06:37:31 1787207851.980244 [tornettools] [INFO] Plotting tornet comparisons
2026-08-20 06:37:31 1787207851.980312 [tornettools] [INFO] Loading tornet resource usage data
2026-08-20 06:37:31 1787207851.980355 [tornettools] [INFO] Searching for files containing resource_usage.json in directory tree at /tmp/sim-results
2026-08-20 06:37:31 1787207851.980649 [tornettools] [INFO] Found /tmp/sim-results/tornet-0.15-1/tornet.plot.data/resource_usage.json
2026-08-20 06:37:32 1787207852.153088 [tornettools] [INFO] Found 1 total files
2026-08-20 06:37:32 1787207852.153692 [tornettools] [INFO] Searching for files containing resource_usage.json in directory tree at /__w/benchmark/benchmark/results/tor/2026-08-19-T04-28-26
2026-08-20 06:37:32 1787207852.153869 [tornettools] [INFO] Found /__w/benchmark/benchmark/results/tor/2026-08-19-T04-28-26/tornet-0.15-1/tornet.plot.data/resource_usage.json
2026-08-20 06:37:32 1787207852.153914 [tornettools] [INFO] Found 1 total files
2026-08-20 06:37:32 1787207852.154358 [tornettools] [INFO] Searching for files containing resource_usage.json in directory tree at /__w/benchmark/benchmark/results/tor/2026-08-15-T04-37-06
2026-08-20 06:37:32 1787207852.154467 [tornettools] [INFO] Found /__w/benchmark/benchmark/results/tor/2026-08-15-T04-37-06/tornet-0.15-2/tornet.plot.data/resource_usage.json
2026-08-20 06:37:32 1787207852.154546 [tornettools] [INFO] Found /__w/benchmark/benchmark/results/tor/2026-08-15-T04-37-06/tornet-0.15-3/tornet.plot.data/resource_usage.json
2026-08-20 06:37:32 1787207852.154649 [tornettools] [INFO] Found /__w/benchmark/benchmark/results/tor/2026-08-15-T04-37-06/tornet-0.15-1/tornet.plot.data/resource_usage.json
2026-08-20 06:37:32 1787207852.154686 [tornettools] [INFO] Found 3 total files
2026-08-20 06:37:32 1787207852.155990 [tornettools] [INFO] Searching for files containing resource_usage.json in directory tree at /__w/benchmark/benchmark/results/tor/2024-01-01-T02-18-28
2026-08-20 06:37:32 1787207852.156132 [tornettools] [INFO] Found /__w/benchmark/benchmark/results/tor/2024-01-01-T02-18-28/tornet-0.15-2/tornet.plot.data/resource_usage.json
2026-08-20 06:37:32 1787207852.156209 [tornettools] [INFO] Found /__w/benchmark/benchmark/results/tor/2024-01-01-T02-18-28/tornet-0.15-3/tornet.plot.data/resource_usage.json
2026-08-20 06:37:32 1787207852.156320 [tornettools] [INFO] Found /__w/benchmark/benchmark/results/tor/2024-01-01-T02-18-28/tornet-0.15-4/tornet.plot.data/resource_usage.json
2026-08-20 06:37:32 1787207852.156388 [tornettools] [INFO] Found /__w/benchmark/benchmark/results/tor/2024-01-01-T02-18-28/tornet-0.15-1/tornet.plot.data/resource_usage.json
2026-08-20 06:37:32 1787207852.156472 [tornettools] [INFO] Found /__w/benchmark/benchmark/results/tor/2024-01-01-T02-18-28/tornet-0.15-5/tornet.plot.data/resource_usage.json
2026-08-20 06:37:32 1787207852.156507 [tornettools] [INFO] Found 5 total files
2026-08-20 06:37:33 1787207853.448301 [tornettools] [INFO] Loading Tor metrics data
2026-08-20 06:37:33 1787207853.448461 [tornettools] [INFO] Loading tornet relay goodput data
2026-08-20 06:37:33 1787207853.448514 [tornettools] [INFO] Searching for files containing relay_goodput.json in directory tree at /tmp/sim-results
2026-08-20 06:37:33 1787207853.448870 [tornettools] [INFO] Found /tmp/sim-results/tornet-0.15-1/tornet.plot.data/relay_goodput.json
2026-08-20 06:37:33 1787207853.619612 [tornettools] [INFO] Found 1 total files
2026-08-20 06:37:33 1787207853.620005 [tornettools] [INFO] Searching for files containing relay_goodput.json in directory tree at /__w/benchmark/benchmark/results/tor/2026-08-19-T04-28-26
2026-08-20 06:37:33 1787207853.620187 [tornettools] [INFO] Found /__w/benchmark/benchmark/results/tor/2026-08-19-T04-28-26/tornet-0.15-1/tornet.plot.data/relay_goodput.json
2026-08-20 06:37:33 1787207853.620230 [tornettools] [INFO] Found 1 total files
2026-08-20 06:37:33 1787207853.620439 [tornettools] [INFO] Searching for files containing relay_goodput.json in directory tree at /__w/benchmark/benchmark/results/tor/2026-08-15-T04-37-06
2026-08-20 06:37:33 1787207853.620549 [tornettools] [INFO] Found /__w/benchmark/benchmark/results/tor/2026-08-15-T04-37-06/tornet-0.15-2/tornet.plot.data/relay_goodput.json
2026-08-20 06:37:33 1787207853.620629 [tornettools] [INFO] Found /__w/benchmark/benchmark/results/tor/2026-08-15-T04-37-06/tornet-0.15-3/tornet.plot.data/relay_goodput.json
2026-08-20 06:37:33 1787207853.620732 [tornettools] [INFO] Found /__w/benchmark/benchmark/results/tor/2026-08-15-T04-37-06/tornet-0.15-1/tornet.plot.data/relay_goodput.json
2026-08-20 06:37:33 1787207853.620766 [tornettools] [INFO] Found 3 total files
2026-08-20 06:37:33 1787207853.621263 [tornettools] [INFO] Searching for files containing relay_goodput.json in directory tree at /__w/benchmark/benchmark/results/tor/2024-01-01-T02-18-28
2026-08-20 06:37:33 1787207853.621390 [tornettools] [INFO] Found /__w/benchmark/benchmark/results/tor/2024-01-01-T02-18-28/tornet-0.15-2/tornet.plot.data/relay_goodput.json
2026-08-20 06:37:33 1787207853.621464 [tornettools] [INFO] Found /__w/benchmark/benchmark/results/tor/2024-01-01-T02-18-28/tornet-0.15-3/tornet.plot.data/relay_goodput.json
2026-08-20 06:37:33 1787207853.621572 [tornettools] [INFO] Found /__w/benchmark/benchmark/results/tor/2024-01-01-T02-18-28/tornet-0.15-4/tornet.plot.data/relay_goodput.json
2026-08-20 06:37:33 1787207853.621641 [tornettools] [INFO] Found /__w/benchmark/benchmark/results/tor/2024-01-01-T02-18-28/tornet-0.15-1/tornet.plot.data/relay_goodput.json
2026-08-20 06:37:33 1787207853.621710 [tornettools] [INFO] Found /__w/benchmark/benchmark/results/tor/2024-01-01-T02-18-28/tornet-0.15-5/tornet.plot.data/relay_goodput.json
2026-08-20 06:37:33 1787207853.621743 [tornettools] [INFO] Found 5 total files
2026-08-20 06:37:33 1787207853.623059 [tornettools] [INFO] Searching for files containing simulation_info.json in directory tree at /tmp/sim-results
2026-08-20 06:37:33 1787207853.623393 [tornettools] [INFO] Found /tmp/sim-results/tornet-0.15-1/tornet.plot.data/simulation_info.json
2026-08-20 06:37:33 1787207853.762416 [tornettools] [INFO] Found 1 total files
2026-08-20 06:37:33 1787207853.762591 [tornettools] [INFO] Searching for files containing simulation_info.json in directory tree at /__w/benchmark/benchmark/results/tor/2026-08-19-T04-28-26
2026-08-20 06:37:33 1787207853.762716 [tornettools] [INFO] Found /__w/benchmark/benchmark/results/tor/2026-08-19-T04-28-26/tornet-0.15-1/tornet.plot.data/simulation_info.json
2026-08-20 06:37:33 1787207853.762749 [tornettools] [INFO] Found 1 total files
2026-08-20 06:37:33 1787207853.762813 [tornettools] [INFO] Searching for files containing simulation_info.json in directory tree at /__w/benchmark/benchmark/results/tor/2026-08-15-T04-37-06
2026-08-20 06:37:33 1787207853.762891 [tornettools] [INFO] Found /__w/benchmark/benchmark/results/tor/2026-08-15-T04-37-06/tornet-0.15-2/tornet.plot.data/simulation_info.json
2026-08-20 06:37:33 1787207853.762952 [tornettools] [INFO] Found /__w/benchmark/benchmark/results/tor/2026-08-15-T04-37-06/tornet-0.15-3/tornet.plot.data/simulation_info.json
2026-08-20 06:37:33 1787207853.763041 [tornettools] [INFO] Found /__w/benchmark/benchmark/results/tor/2026-08-15-T04-37-06/tornet-0.15-1/tornet.plot.data/simulation_info.json
2026-08-20 06:37:33 1787207853.763074 [tornettools] [INFO] Found 3 total files
2026-08-20 06:37:33 1787207853.763162 [tornettools] [INFO] Searching for files containing simulation_info.json in directory tree at /__w/benchmark/benchmark/results/tor/2024-01-01-T02-18-28
2026-08-20 06:37:33 1787207853.763239 [tornettools] [INFO] Found /__w/benchmark/benchmark/results/tor/2024-01-01-T02-18-28/tornet-0.15-2/tornet.plot.data/simulation_info.json
2026-08-20 06:37:33 1787207853.763297 [tornettools] [INFO] Found /__w/benchmark/benchmark/results/tor/2024-01-01-T02-18-28/tornet-0.15-3/tornet.plot.data/simulation_info.json
2026-08-20 06:37:33 1787207853.763383 [tornettools] [INFO] Found /__w/benchmark/benchmark/results/tor/2024-01-01-T02-18-28/tornet-0.15-4/tornet.plot.data/simulation_info.json
2026-08-20 06:37:33 1787207853.763438 [tornettools] [INFO] Found /__w/benchmark/benchmark/results/tor/2024-01-01-T02-18-28/tornet-0.15-1/tornet.plot.data/simulation_info.json
2026-08-20 06:37:33 1787207853.763491 [tornettools] [INFO] Found /__w/benchmark/benchmark/results/tor/2024-01-01-T02-18-28/tornet-0.15-5/tornet.plot.data/simulation_info.json
2026-08-20 06:37:33 1787207853.763521 [tornettools] [INFO] Found 5 total files
2026-08-20 06:37:33 1787207853.763645 [tornettools] [INFO] Found simulated network scale 0.15
2026-08-20 06:37:33 1787207853.763683 [tornettools] [INFO] Plotting relay goodput
