2026-09-03 10:35:25 1788431725.189580 [tornettools] [INFO] Logging system initialized! Logging events to stdout and to '/tmp/sim-results/plots/tornettools.plot.2026-09-03.10.35.25.log'
2026-09-03 10:35:25 1788431725.189754 [tornettools] [INFO] Seeded standard and numpy PRNGs with seed=1923811308
2026-09-03 10:35:25 1788431725.189837 [tornettools] [INFO] The argument namespace is: Namespace(do_version=False, quiet=0, seed=1923811308, command='plot', tornet_collection_path=['/tmp/sim-results', '/__w/benchmark/benchmark/results/tor/2026-09-02-T08-15-28', '/__w/benchmark/benchmark/results/tor/2026-08-29-T10-57-34', '/__w/benchmark/benchmark/results/tor/2024-01-01-T02-18-28'], tor_metrics_path=None, prefix='/tmp/sim-results/plots', labels=['2026-09-03-T08-25-00 (Nightly benchmark)', '2026-09-02-T08-15-28 (Nightly benchmark)', '2026-08-29-T10-57-34 (Weekly benchmark)', '2024-01-01-T02-18-28 (v3.1.0)'], colors=None, plot_all=False, plot_pngs=True, func=<function plot at 0x14c82b9f7880>, formatter_class=<class '__main__.CustomHelpFormatter'>)
2026-09-03 10:35:25 1788431725.192052 [tornettools] [INFO] The platform is: Linux-6.12.86+deb13-amd64-x86_64-with-glibc2.36
2026-09-03 10:35:25 1788431725.192163 [tornettools] [INFO] System info: uname_result(system='Linux', node='76430feba798', release='6.12.86+deb13-amd64', version='#1 SMP PREEMPT_DYNAMIC Debian 6.12.86-1 (2026-05-08)', machine='x86_64')
2026-09-03 10:35:25 1788431725.479078 [tornettools] [INFO] generated new fontManager
2026-09-03 10:35:26 1788431726.385401 [tornettools] [INFO] Plotting simulation results now
2026-09-03 10:35:26 1788431726.385769 [tornettools] [INFO] Plotting tornet comparisons
2026-09-03 10:35:26 1788431726.385839 [tornettools] [INFO] Loading tornet resource usage data
2026-09-03 10:35:26 1788431726.385882 [tornettools] [INFO] Searching for files containing resource_usage.json in directory tree at /tmp/sim-results
2026-09-03 10:35:26 1788431726.386190 [tornettools] [INFO] Found /tmp/sim-results/tornet-0.15-1/tornet.plot.data/resource_usage.json
2026-09-03 10:35:26 1788431726.561447 [tornettools] [INFO] Found 1 total files
2026-09-03 10:35:26 1788431726.562366 [tornettools] [INFO] Searching for files containing resource_usage.json in directory tree at /__w/benchmark/benchmark/results/tor/2026-09-02-T08-15-28
2026-09-03 10:35:26 1788431726.562575 [tornettools] [INFO] Found /__w/benchmark/benchmark/results/tor/2026-09-02-T08-15-28/tornet-0.15-1/tornet.plot.data/resource_usage.json
2026-09-03 10:35:26 1788431726.562622 [tornettools] [INFO] Found 1 total files
2026-09-03 10:35:26 1788431726.563084 [tornettools] [INFO] Searching for files containing resource_usage.json in directory tree at /__w/benchmark/benchmark/results/tor/2026-08-29-T10-57-34
2026-09-03 10:35:26 1788431726.563196 [tornettools] [INFO] Found /__w/benchmark/benchmark/results/tor/2026-08-29-T10-57-34/tornet-0.15-2/tornet.plot.data/resource_usage.json
2026-09-03 10:35:26 1788431726.563273 [tornettools] [INFO] Found /__w/benchmark/benchmark/results/tor/2026-08-29-T10-57-34/tornet-0.15-3/tornet.plot.data/resource_usage.json
2026-09-03 10:35:26 1788431726.563381 [tornettools] [INFO] Found /__w/benchmark/benchmark/results/tor/2026-08-29-T10-57-34/tornet-0.15-1/tornet.plot.data/resource_usage.json
2026-09-03 10:35:26 1788431726.563418 [tornettools] [INFO] Found 3 total files
2026-09-03 10:35:26 1788431726.564721 [tornettools] [INFO] Searching for files containing resource_usage.json in directory tree at /__w/benchmark/benchmark/results/tor/2024-01-01-T02-18-28
2026-09-03 10:35:26 1788431726.564871 [tornettools] [INFO] Found /__w/benchmark/benchmark/results/tor/2024-01-01-T02-18-28/tornet-0.15-2/tornet.plot.data/resource_usage.json
2026-09-03 10:35:26 1788431726.564950 [tornettools] [INFO] Found /__w/benchmark/benchmark/results/tor/2024-01-01-T02-18-28/tornet-0.15-3/tornet.plot.data/resource_usage.json
2026-09-03 10:35:26 1788431726.565068 [tornettools] [INFO] Found /__w/benchmark/benchmark/results/tor/2024-01-01-T02-18-28/tornet-0.15-4/tornet.plot.data/resource_usage.json
2026-09-03 10:35:26 1788431726.565140 [tornettools] [INFO] Found /__w/benchmark/benchmark/results/tor/2024-01-01-T02-18-28/tornet-0.15-1/tornet.plot.data/resource_usage.json
2026-09-03 10:35:26 1788431726.565247 [tornettools] [INFO] Found /__w/benchmark/benchmark/results/tor/2024-01-01-T02-18-28/tornet-0.15-5/tornet.plot.data/resource_usage.json
2026-09-03 10:35:26 1788431726.565283 [tornettools] [INFO] Found 5 total files
2026-09-03 10:35:28 1788431728.019847 [tornettools] [INFO] Loading Tor metrics data
2026-09-03 10:35:28 1788431728.020008 [tornettools] [INFO] Loading tornet relay goodput data
2026-09-03 10:35:28 1788431728.020063 [tornettools] [INFO] Searching for files containing relay_goodput.json in directory tree at /tmp/sim-results
2026-09-03 10:35:28 1788431728.020419 [tornettools] [INFO] Found /tmp/sim-results/tornet-0.15-1/tornet.plot.data/relay_goodput.json
2026-09-03 10:35:28 1788431728.171577 [tornettools] [INFO] Found 1 total files
2026-09-03 10:35:28 1788431728.171929 [tornettools] [INFO] Searching for files containing relay_goodput.json in directory tree at /__w/benchmark/benchmark/results/tor/2026-09-02-T08-15-28
2026-09-03 10:35:28 1788431728.172077 [tornettools] [INFO] Found /__w/benchmark/benchmark/results/tor/2026-09-02-T08-15-28/tornet-0.15-1/tornet.plot.data/relay_goodput.json
2026-09-03 10:35:28 1788431728.172111 [tornettools] [INFO] Found 1 total files
2026-09-03 10:35:28 1788431728.172278 [tornettools] [INFO] Searching for files containing relay_goodput.json in directory tree at /__w/benchmark/benchmark/results/tor/2026-08-29-T10-57-34
2026-09-03 10:35:28 1788431728.172364 [tornettools] [INFO] Found /__w/benchmark/benchmark/results/tor/2026-08-29-T10-57-34/tornet-0.15-2/tornet.plot.data/relay_goodput.json
2026-09-03 10:35:28 1788431728.172427 [tornettools] [INFO] Found /__w/benchmark/benchmark/results/tor/2026-08-29-T10-57-34/tornet-0.15-3/tornet.plot.data/relay_goodput.json
2026-09-03 10:35:28 1788431728.172510 [tornettools] [INFO] Found /__w/benchmark/benchmark/results/tor/2026-08-29-T10-57-34/tornet-0.15-1/tornet.plot.data/relay_goodput.json
2026-09-03 10:35:28 1788431728.172538 [tornettools] [INFO] Found 3 total files
2026-09-03 10:35:28 1788431728.172934 [tornettools] [INFO] Searching for files containing relay_goodput.json in directory tree at /__w/benchmark/benchmark/results/tor/2024-01-01-T02-18-28
2026-09-03 10:35:28 1788431728.173030 [tornettools] [INFO] Found /__w/benchmark/benchmark/results/tor/2024-01-01-T02-18-28/tornet-0.15-2/tornet.plot.data/relay_goodput.json
2026-09-03 10:35:28 1788431728.173098 [tornettools] [INFO] Found /__w/benchmark/benchmark/results/tor/2024-01-01-T02-18-28/tornet-0.15-3/tornet.plot.data/relay_goodput.json
2026-09-03 10:35:28 1788431728.173200 [tornettools] [INFO] Found /__w/benchmark/benchmark/results/tor/2024-01-01-T02-18-28/tornet-0.15-4/tornet.plot.data/relay_goodput.json
2026-09-03 10:35:28 1788431728.173263 [tornettools] [INFO] Found /__w/benchmark/benchmark/results/tor/2024-01-01-T02-18-28/tornet-0.15-1/tornet.plot.data/relay_goodput.json
2026-09-03 10:35:28 1788431728.173321 [tornettools] [INFO] Found /__w/benchmark/benchmark/results/tor/2024-01-01-T02-18-28/tornet-0.15-5/tornet.plot.data/relay_goodput.json
2026-09-03 10:35:28 1788431728.173350 [tornettools] [INFO] Found 5 total files
2026-09-03 10:35:28 1788431728.174409 [tornettools] [INFO] Searching for files containing simulation_info.json in directory tree at /tmp/sim-results
2026-09-03 10:35:28 1788431728.174704 [tornettools] [INFO] Found /tmp/sim-results/tornet-0.15-1/tornet.plot.data/simulation_info.json
2026-09-03 10:35:28 1788431728.310192 [tornettools] [INFO] Found 1 total files
2026-09-03 10:35:28 1788431728.310303 [tornettools] [INFO] Searching for files containing simulation_info.json in directory tree at /__w/benchmark/benchmark/results/tor/2026-09-02-T08-15-28
2026-09-03 10:35:28 1788431728.310416 [tornettools] [INFO] Found /__w/benchmark/benchmark/results/tor/2026-09-02-T08-15-28/tornet-0.15-1/tornet.plot.data/simulation_info.json
2026-09-03 10:35:28 1788431728.310450 [tornettools] [INFO] Found 1 total files
2026-09-03 10:35:28 1788431728.310519 [tornettools] [INFO] Searching for files containing simulation_info.json in directory tree at /__w/benchmark/benchmark/results/tor/2026-08-29-T10-57-34
2026-09-03 10:35:28 1788431728.310596 [tornettools] [INFO] Found /__w/benchmark/benchmark/results/tor/2026-08-29-T10-57-34/tornet-0.15-2/tornet.plot.data/simulation_info.json
2026-09-03 10:35:28 1788431728.310656 [tornettools] [INFO] Found /__w/benchmark/benchmark/results/tor/2026-08-29-T10-57-34/tornet-0.15-3/tornet.plot.data/simulation_info.json
2026-09-03 10:35:28 1788431728.310740 [tornettools] [INFO] Found /__w/benchmark/benchmark/results/tor/2026-08-29-T10-57-34/tornet-0.15-1/tornet.plot.data/simulation_info.json
2026-09-03 10:35:28 1788431728.310772 [tornettools] [INFO] Found 3 total files
2026-09-03 10:35:28 1788431728.310877 [tornettools] [INFO] Searching for files containing simulation_info.json in directory tree at /__w/benchmark/benchmark/results/tor/2024-01-01-T02-18-28
2026-09-03 10:35:28 1788431728.310959 [tornettools] [INFO] Found /__w/benchmark/benchmark/results/tor/2024-01-01-T02-18-28/tornet-0.15-2/tornet.plot.data/simulation_info.json
2026-09-03 10:35:28 1788431728.311019 [tornettools] [INFO] Found /__w/benchmark/benchmark/results/tor/2024-01-01-T02-18-28/tornet-0.15-3/tornet.plot.data/simulation_info.json
2026-09-03 10:35:28 1788431728.311109 [tornettools] [INFO] Found /__w/benchmark/benchmark/results/tor/2024-01-01-T02-18-28/tornet-0.15-4/tornet.plot.data/simulation_info.json
2026-09-03 10:35:28 1788431728.311170 [tornettools] [INFO] Found /__w/benchmark/benchmark/results/tor/2024-01-01-T02-18-28/tornet-0.15-1/tornet.plot.data/simulation_info.json
2026-09-03 10:35:28 1788431728.311229 [tornettools] [INFO] Found /__w/benchmark/benchmark/results/tor/2024-01-01-T02-18-28/tornet-0.15-5/tornet.plot.data/simulation_info.json
2026-09-03 10:35:28 1788431728.311260 [tornettools] [INFO] Found 5 total files
2026-09-03 10:35:28 1788431728.311409 [tornettools] [INFO] Found simulated network scale 0.15
2026-09-03 10:35:28 1788431728.311448 [tornettools] [INFO] Plotting relay goodput
