2026-07-31 08:46:43 1785487603.447107 [tornettools] [INFO] Logging system initialized! Logging events to stdout and to '/tmp/sim-results/plots/tornettools.plot.2026-07-31.08.46.43.log'
2026-07-31 08:46:43 1785487603.447300 [tornettools] [INFO] Seeded standard and numpy PRNGs with seed=1479321602
2026-07-31 08:46:43 1785487603.447382 [tornettools] [INFO] The argument namespace is: Namespace(do_version=False, quiet=0, seed=1479321602, command='plot', tornet_collection_path=['/tmp/sim-results', '/__w/benchmark/benchmark/results/tor/2026-07-30-T06-20-07', '/__w/benchmark/benchmark/results/tor/2026-07-25-T06-23-10', '/__w/benchmark/benchmark/results/tor/2024-01-01-T02-18-28'], tor_metrics_path=None, prefix='/tmp/sim-results/plots', labels=['2026-07-31-T06-37-00 (Nightly benchmark)', '2026-07-30-T06-20-07 (Nightly benchmark)', '2026-07-25-T06-23-10 (Weekly benchmark)', '2024-01-01-T02-18-28 (v3.1.0)'], colors=None, plot_all=False, plot_pngs=True, func=<function plot at 0x1473cc3cb880>, formatter_class=<class '__main__.CustomHelpFormatter'>)
2026-07-31 08:46:43 1785487603.449582 [tornettools] [INFO] The platform is: Linux-6.12.86+deb13-amd64-x86_64-with-glibc2.36
2026-07-31 08:46:43 1785487603.449700 [tornettools] [INFO] System info: uname_result(system='Linux', node='7a106dd55165', release='6.12.86+deb13-amd64', version='#1 SMP PREEMPT_DYNAMIC Debian 6.12.86-1 (2026-05-08)', machine='x86_64')
2026-07-31 08:46:43 1785487603.737083 [tornettools] [INFO] generated new fontManager
2026-07-31 08:46:44 1785487604.657509 [tornettools] [INFO] Plotting simulation results now
2026-07-31 08:46:44 1785487604.657885 [tornettools] [INFO] Plotting tornet comparisons
2026-07-31 08:46:44 1785487604.657954 [tornettools] [INFO] Loading tornet resource usage data
2026-07-31 08:46:44 1785487604.657998 [tornettools] [INFO] Searching for files containing resource_usage.json in directory tree at /tmp/sim-results
2026-07-31 08:46:44 1785487604.658454 [tornettools] [INFO] Found /tmp/sim-results/tornet-0.15-1/tornet.plot.data/resource_usage.json
2026-07-31 08:46:44 1785487604.835327 [tornettools] [INFO] Found 1 total files
2026-07-31 08:46:44 1785487604.835934 [tornettools] [INFO] Searching for files containing resource_usage.json in directory tree at /__w/benchmark/benchmark/results/tor/2026-07-30-T06-20-07
2026-07-31 08:46:44 1785487604.836116 [tornettools] [INFO] Found /__w/benchmark/benchmark/results/tor/2026-07-30-T06-20-07/tornet-0.15-1/tornet.plot.data/resource_usage.json
2026-07-31 08:46:44 1785487604.836163 [tornettools] [INFO] Found 1 total files
2026-07-31 08:46:44 1785487604.836641 [tornettools] [INFO] Searching for files containing resource_usage.json in directory tree at /__w/benchmark/benchmark/results/tor/2026-07-25-T06-23-10
2026-07-31 08:46:44 1785487604.836765 [tornettools] [INFO] Found /__w/benchmark/benchmark/results/tor/2026-07-25-T06-23-10/tornet-0.15-2/tornet.plot.data/resource_usage.json
2026-07-31 08:46:44 1785487604.836846 [tornettools] [INFO] Found /__w/benchmark/benchmark/results/tor/2026-07-25-T06-23-10/tornet-0.15-3/tornet.plot.data/resource_usage.json
2026-07-31 08:46:44 1785487604.836954 [tornettools] [INFO] Found /__w/benchmark/benchmark/results/tor/2026-07-25-T06-23-10/tornet-0.15-1/tornet.plot.data/resource_usage.json
2026-07-31 08:46:44 1785487604.836990 [tornettools] [INFO] Found 3 total files
2026-07-31 08:46:44 1785487604.838358 [tornettools] [INFO] Searching for files containing resource_usage.json in directory tree at /__w/benchmark/benchmark/results/tor/2024-01-01-T02-18-28
2026-07-31 08:46:44 1785487604.838518 [tornettools] [INFO] Found /__w/benchmark/benchmark/results/tor/2024-01-01-T02-18-28/tornet-0.15-2/tornet.plot.data/resource_usage.json
2026-07-31 08:46:44 1785487604.838600 [tornettools] [INFO] Found /__w/benchmark/benchmark/results/tor/2024-01-01-T02-18-28/tornet-0.15-3/tornet.plot.data/resource_usage.json
2026-07-31 08:46:44 1785487604.838720 [tornettools] [INFO] Found /__w/benchmark/benchmark/results/tor/2024-01-01-T02-18-28/tornet-0.15-4/tornet.plot.data/resource_usage.json
2026-07-31 08:46:44 1785487604.838791 [tornettools] [INFO] Found /__w/benchmark/benchmark/results/tor/2024-01-01-T02-18-28/tornet-0.15-1/tornet.plot.data/resource_usage.json
2026-07-31 08:46:44 1785487604.838876 [tornettools] [INFO] Found /__w/benchmark/benchmark/results/tor/2024-01-01-T02-18-28/tornet-0.15-5/tornet.plot.data/resource_usage.json
2026-07-31 08:46:44 1785487604.838912 [tornettools] [INFO] Found 5 total files
2026-07-31 08:46:46 1785487606.337454 [tornettools] [INFO] Loading Tor metrics data
2026-07-31 08:46:46 1785487606.337668 [tornettools] [INFO] Loading tornet relay goodput data
2026-07-31 08:46:46 1785487606.337722 [tornettools] [INFO] Searching for files containing relay_goodput.json in directory tree at /tmp/sim-results
2026-07-31 08:46:46 1785487606.338143 [tornettools] [INFO] Found /tmp/sim-results/tornet-0.15-1/tornet.plot.data/relay_goodput.json
2026-07-31 08:46:46 1785487606.486329 [tornettools] [INFO] Found 1 total files
2026-07-31 08:46:46 1785487606.486622 [tornettools] [INFO] Searching for files containing relay_goodput.json in directory tree at /__w/benchmark/benchmark/results/tor/2026-07-30-T06-20-07
2026-07-31 08:46:46 1785487606.486755 [tornettools] [INFO] Found /__w/benchmark/benchmark/results/tor/2026-07-30-T06-20-07/tornet-0.15-1/tornet.plot.data/relay_goodput.json
2026-07-31 08:46:46 1785487606.486789 [tornettools] [INFO] Found 1 total files
2026-07-31 08:46:46 1785487606.486952 [tornettools] [INFO] Searching for files containing relay_goodput.json in directory tree at /__w/benchmark/benchmark/results/tor/2026-07-25-T06-23-10
2026-07-31 08:46:46 1785487606.487039 [tornettools] [INFO] Found /__w/benchmark/benchmark/results/tor/2026-07-25-T06-23-10/tornet-0.15-2/tornet.plot.data/relay_goodput.json
2026-07-31 08:46:46 1785487606.487105 [tornettools] [INFO] Found /__w/benchmark/benchmark/results/tor/2026-07-25-T06-23-10/tornet-0.15-3/tornet.plot.data/relay_goodput.json
2026-07-31 08:46:46 1785487606.487192 [tornettools] [INFO] Found /__w/benchmark/benchmark/results/tor/2026-07-25-T06-23-10/tornet-0.15-1/tornet.plot.data/relay_goodput.json
2026-07-31 08:46:46 1785487606.487220 [tornettools] [INFO] Found 3 total files
2026-07-31 08:46:46 1785487606.487619 [tornettools] [INFO] Searching for files containing relay_goodput.json in directory tree at /__w/benchmark/benchmark/results/tor/2024-01-01-T02-18-28
2026-07-31 08:46:46 1785487606.487714 [tornettools] [INFO] Found /__w/benchmark/benchmark/results/tor/2024-01-01-T02-18-28/tornet-0.15-2/tornet.plot.data/relay_goodput.json
2026-07-31 08:46:46 1785487606.487777 [tornettools] [INFO] Found /__w/benchmark/benchmark/results/tor/2024-01-01-T02-18-28/tornet-0.15-3/tornet.plot.data/relay_goodput.json
2026-07-31 08:46:46 1785487606.487872 [tornettools] [INFO] Found /__w/benchmark/benchmark/results/tor/2024-01-01-T02-18-28/tornet-0.15-4/tornet.plot.data/relay_goodput.json
2026-07-31 08:46:46 1785487606.487930 [tornettools] [INFO] Found /__w/benchmark/benchmark/results/tor/2024-01-01-T02-18-28/tornet-0.15-1/tornet.plot.data/relay_goodput.json
2026-07-31 08:46:46 1785487606.487989 [tornettools] [INFO] Found /__w/benchmark/benchmark/results/tor/2024-01-01-T02-18-28/tornet-0.15-5/tornet.plot.data/relay_goodput.json
2026-07-31 08:46:46 1785487606.488017 [tornettools] [INFO] Found 5 total files
2026-07-31 08:46:46 1785487606.489032 [tornettools] [INFO] Searching for files containing simulation_info.json in directory tree at /tmp/sim-results
2026-07-31 08:46:46 1785487606.489282 [tornettools] [INFO] Found /tmp/sim-results/tornet-0.15-1/tornet.plot.data/simulation_info.json
2026-07-31 08:46:46 1785487606.625069 [tornettools] [INFO] Found 1 total files
2026-07-31 08:46:46 1785487606.625193 [tornettools] [INFO] Searching for files containing simulation_info.json in directory tree at /__w/benchmark/benchmark/results/tor/2026-07-30-T06-20-07
2026-07-31 08:46:46 1785487606.625309 [tornettools] [INFO] Found /__w/benchmark/benchmark/results/tor/2026-07-30-T06-20-07/tornet-0.15-1/tornet.plot.data/simulation_info.json
2026-07-31 08:46:46 1785487606.625342 [tornettools] [INFO] Found 1 total files
2026-07-31 08:46:46 1785487606.625411 [tornettools] [INFO] Searching for files containing simulation_info.json in directory tree at /__w/benchmark/benchmark/results/tor/2026-07-25-T06-23-10
2026-07-31 08:46:46 1785487606.625489 [tornettools] [INFO] Found /__w/benchmark/benchmark/results/tor/2026-07-25-T06-23-10/tornet-0.15-2/tornet.plot.data/simulation_info.json
2026-07-31 08:46:46 1785487606.625554 [tornettools] [INFO] Found /__w/benchmark/benchmark/results/tor/2026-07-25-T06-23-10/tornet-0.15-3/tornet.plot.data/simulation_info.json
2026-07-31 08:46:46 1785487606.625639 [tornettools] [INFO] Found /__w/benchmark/benchmark/results/tor/2026-07-25-T06-23-10/tornet-0.15-1/tornet.plot.data/simulation_info.json
2026-07-31 08:46:46 1785487606.625672 [tornettools] [INFO] Found 3 total files
2026-07-31 08:46:46 1785487606.625770 [tornettools] [INFO] Searching for files containing simulation_info.json in directory tree at /__w/benchmark/benchmark/results/tor/2024-01-01-T02-18-28
2026-07-31 08:46:46 1785487606.625851 [tornettools] [INFO] Found /__w/benchmark/benchmark/results/tor/2024-01-01-T02-18-28/tornet-0.15-2/tornet.plot.data/simulation_info.json
2026-07-31 08:46:46 1785487606.625911 [tornettools] [INFO] Found /__w/benchmark/benchmark/results/tor/2024-01-01-T02-18-28/tornet-0.15-3/tornet.plot.data/simulation_info.json
2026-07-31 08:46:46 1785487606.626002 [tornettools] [INFO] Found /__w/benchmark/benchmark/results/tor/2024-01-01-T02-18-28/tornet-0.15-4/tornet.plot.data/simulation_info.json
2026-07-31 08:46:46 1785487606.626061 [tornettools] [INFO] Found /__w/benchmark/benchmark/results/tor/2024-01-01-T02-18-28/tornet-0.15-1/tornet.plot.data/simulation_info.json
2026-07-31 08:46:46 1785487606.626119 [tornettools] [INFO] Found /__w/benchmark/benchmark/results/tor/2024-01-01-T02-18-28/tornet-0.15-5/tornet.plot.data/simulation_info.json
2026-07-31 08:46:46 1785487606.626148 [tornettools] [INFO] Found 5 total files
2026-07-31 08:46:46 1785487606.626301 [tornettools] [INFO] Found simulated network scale 0.15
2026-07-31 08:46:46 1785487606.626340 [tornettools] [INFO] Plotting relay goodput
