2026-09-30 12:17:46 1790770666.849213 [tornettools] [INFO] Logging system initialized! Logging events to stdout and to '/tmp/sim-results/plots/tornettools.plot.2026-09-30.12.17.46.log'
2026-09-30 12:17:46 1790770666.849408 [tornettools] [INFO] Seeded standard and numpy PRNGs with seed=1871725542
2026-09-30 12:17:46 1790770666.849498 [tornettools] [INFO] The argument namespace is: Namespace(do_version=False, quiet=0, seed=1871725542, command='plot', tornet_collection_path=['/tmp/sim-results', '/__w/benchmark/benchmark/results/tor/2026-09-29-T10-16-01', '/__w/benchmark/benchmark/results/tor/2026-09-26-T09-15-46', '/__w/benchmark/benchmark/results/tor/2024-01-01-T02-18-28'], tor_metrics_path=None, prefix='/tmp/sim-results/plots', labels=['2026-09-30-T10-07-28 (Nightly benchmark)', '2026-09-29-T10-16-01 (Nightly benchmark)', '2026-09-26-T09-15-46 (Weekly benchmark)', '2024-01-01-T02-18-28 (v3.1.0)'], colors=None, plot_all=False, plot_pngs=True, func=<function plot at 0x153080e53880>, formatter_class=<class '__main__.CustomHelpFormatter'>)
2026-09-30 12:17:46 1790770666.851571 [tornettools] [INFO] The platform is: Linux-6.12.86+deb13-amd64-x86_64-with-glibc2.36
2026-09-30 12:17:46 1790770666.851680 [tornettools] [INFO] System info: uname_result(system='Linux', node='d022f2f14866', release='6.12.86+deb13-amd64', version='#1 SMP PREEMPT_DYNAMIC Debian 6.12.86-1 (2026-05-08)', machine='x86_64')
2026-09-30 12:17:47 1790770667.127901 [tornettools] [INFO] generated new fontManager
2026-09-30 12:17:48 1790770668.028791 [tornettools] [INFO] Plotting simulation results now
2026-09-30 12:17:48 1790770668.029179 [tornettools] [INFO] Plotting tornet comparisons
2026-09-30 12:17:48 1790770668.029284 [tornettools] [INFO] Loading tornet resource usage data
2026-09-30 12:17:48 1790770668.029330 [tornettools] [INFO] Searching for files containing resource_usage.json in directory tree at /tmp/sim-results
2026-09-30 12:17:48 1790770668.029650 [tornettools] [INFO] Found /tmp/sim-results/tornet-0.15-1/tornet.plot.data/resource_usage.json
2026-09-30 12:17:48 1790770668.203349 [tornettools] [INFO] Found 1 total files
2026-09-30 12:17:48 1790770668.203972 [tornettools] [INFO] Searching for files containing resource_usage.json in directory tree at /__w/benchmark/benchmark/results/tor/2026-09-29-T10-16-01
2026-09-30 12:17:48 1790770668.204169 [tornettools] [INFO] Found /__w/benchmark/benchmark/results/tor/2026-09-29-T10-16-01/tornet-0.15-1/tornet.plot.data/resource_usage.json
2026-09-30 12:17:48 1790770668.204218 [tornettools] [INFO] Found 1 total files
2026-09-30 12:17:48 1790770668.204697 [tornettools] [INFO] Searching for files containing resource_usage.json in directory tree at /__w/benchmark/benchmark/results/tor/2026-09-26-T09-15-46
2026-09-30 12:17:48 1790770668.204823 [tornettools] [INFO] Found /__w/benchmark/benchmark/results/tor/2026-09-26-T09-15-46/tornet-0.15-2/tornet.plot.data/resource_usage.json
2026-09-30 12:17:48 1790770668.204914 [tornettools] [INFO] Found /__w/benchmark/benchmark/results/tor/2026-09-26-T09-15-46/tornet-0.15-3/tornet.plot.data/resource_usage.json
2026-09-30 12:17:48 1790770668.205035 [tornettools] [INFO] Found /__w/benchmark/benchmark/results/tor/2026-09-26-T09-15-46/tornet-0.15-1/tornet.plot.data/resource_usage.json
2026-09-30 12:17:48 1790770668.205081 [tornettools] [INFO] Found 3 total files
2026-09-30 12:17:48 1790770668.206436 [tornettools] [INFO] Searching for files containing resource_usage.json in directory tree at /__w/benchmark/benchmark/results/tor/2024-01-01-T02-18-28
2026-09-30 12:17:48 1790770668.206594 [tornettools] [INFO] Found /__w/benchmark/benchmark/results/tor/2024-01-01-T02-18-28/tornet-0.15-2/tornet.plot.data/resource_usage.json
2026-09-30 12:17:48 1790770668.206681 [tornettools] [INFO] Found /__w/benchmark/benchmark/results/tor/2024-01-01-T02-18-28/tornet-0.15-3/tornet.plot.data/resource_usage.json
2026-09-30 12:17:48 1790770668.206807 [tornettools] [INFO] Found /__w/benchmark/benchmark/results/tor/2024-01-01-T02-18-28/tornet-0.15-4/tornet.plot.data/resource_usage.json
2026-09-30 12:17:48 1790770668.206885 [tornettools] [INFO] Found /__w/benchmark/benchmark/results/tor/2024-01-01-T02-18-28/tornet-0.15-1/tornet.plot.data/resource_usage.json
2026-09-30 12:17:48 1790770668.206980 [tornettools] [INFO] Found /__w/benchmark/benchmark/results/tor/2024-01-01-T02-18-28/tornet-0.15-5/tornet.plot.data/resource_usage.json
2026-09-30 12:17:48 1790770668.207019 [tornettools] [INFO] Found 5 total files
2026-09-30 12:17:49 1790770669.766155 [tornettools] [INFO] Loading Tor metrics data
2026-09-30 12:17:49 1790770669.766357 [tornettools] [INFO] Loading tornet relay goodput data
2026-09-30 12:17:49 1790770669.766413 [tornettools] [INFO] Searching for files containing relay_goodput.json in directory tree at /tmp/sim-results
2026-09-30 12:17:49 1790770669.766835 [tornettools] [INFO] Found /tmp/sim-results/tornet-0.15-1/tornet.plot.data/relay_goodput.json
2026-09-30 12:17:49 1790770669.939541 [tornettools] [INFO] Found 1 total files
2026-09-30 12:17:49 1790770669.939961 [tornettools] [INFO] Searching for files containing relay_goodput.json in directory tree at /__w/benchmark/benchmark/results/tor/2026-09-29-T10-16-01
2026-09-30 12:17:49 1790770669.940163 [tornettools] [INFO] Found /__w/benchmark/benchmark/results/tor/2026-09-29-T10-16-01/tornet-0.15-1/tornet.plot.data/relay_goodput.json
2026-09-30 12:17:49 1790770669.940213 [tornettools] [INFO] Found 1 total files
2026-09-30 12:17:49 1790770669.940434 [tornettools] [INFO] Searching for files containing relay_goodput.json in directory tree at /__w/benchmark/benchmark/results/tor/2026-09-26-T09-15-46
2026-09-30 12:17:49 1790770669.940561 [tornettools] [INFO] Found /__w/benchmark/benchmark/results/tor/2026-09-26-T09-15-46/tornet-0.15-2/tornet.plot.data/relay_goodput.json
2026-09-30 12:17:49 1790770669.940650 [tornettools] [INFO] Found /__w/benchmark/benchmark/results/tor/2026-09-26-T09-15-46/tornet-0.15-3/tornet.plot.data/relay_goodput.json
2026-09-30 12:17:49 1790770669.940768 [tornettools] [INFO] Found /__w/benchmark/benchmark/results/tor/2026-09-26-T09-15-46/tornet-0.15-1/tornet.plot.data/relay_goodput.json
2026-09-30 12:17:49 1790770669.940808 [tornettools] [INFO] Found 3 total files
2026-09-30 12:17:49 1790770669.941375 [tornettools] [INFO] Searching for files containing relay_goodput.json in directory tree at /__w/benchmark/benchmark/results/tor/2024-01-01-T02-18-28
2026-09-30 12:17:49 1790770669.941527 [tornettools] [INFO] Found /__w/benchmark/benchmark/results/tor/2024-01-01-T02-18-28/tornet-0.15-2/tornet.plot.data/relay_goodput.json
2026-09-30 12:17:49 1790770669.941619 [tornettools] [INFO] Found /__w/benchmark/benchmark/results/tor/2024-01-01-T02-18-28/tornet-0.15-3/tornet.plot.data/relay_goodput.json
2026-09-30 12:17:49 1790770669.941732 [tornettools] [INFO] Found /__w/benchmark/benchmark/results/tor/2024-01-01-T02-18-28/tornet-0.15-4/tornet.plot.data/relay_goodput.json
2026-09-30 12:17:49 1790770669.941810 [tornettools] [INFO] Found /__w/benchmark/benchmark/results/tor/2024-01-01-T02-18-28/tornet-0.15-1/tornet.plot.data/relay_goodput.json
2026-09-30 12:17:49 1790770669.941890 [tornettools] [INFO] Found /__w/benchmark/benchmark/results/tor/2024-01-01-T02-18-28/tornet-0.15-5/tornet.plot.data/relay_goodput.json
2026-09-30 12:17:49 1790770669.941924 [tornettools] [INFO] Found 5 total files
2026-09-30 12:17:49 1790770669.943241 [tornettools] [INFO] Searching for files containing simulation_info.json in directory tree at /tmp/sim-results
2026-09-30 12:17:49 1790770669.943588 [tornettools] [INFO] Found /tmp/sim-results/tornet-0.15-1/tornet.plot.data/simulation_info.json
2026-09-30 12:17:50 1790770670.100357 [tornettools] [INFO] Found 1 total files
2026-09-30 12:17:50 1790770670.100485 [tornettools] [INFO] Searching for files containing simulation_info.json in directory tree at /__w/benchmark/benchmark/results/tor/2026-09-29-T10-16-01
2026-09-30 12:17:50 1790770670.100618 [tornettools] [INFO] Found /__w/benchmark/benchmark/results/tor/2026-09-29-T10-16-01/tornet-0.15-1/tornet.plot.data/simulation_info.json
2026-09-30 12:17:50 1790770670.100655 [tornettools] [INFO] Found 1 total files
2026-09-30 12:17:50 1790770670.100727 [tornettools] [INFO] Searching for files containing simulation_info.json in directory tree at /__w/benchmark/benchmark/results/tor/2026-09-26-T09-15-46
2026-09-30 12:17:50 1790770670.100813 [tornettools] [INFO] Found /__w/benchmark/benchmark/results/tor/2026-09-26-T09-15-46/tornet-0.15-2/tornet.plot.data/simulation_info.json
2026-09-30 12:17:50 1790770670.100881 [tornettools] [INFO] Found /__w/benchmark/benchmark/results/tor/2026-09-26-T09-15-46/tornet-0.15-3/tornet.plot.data/simulation_info.json
2026-09-30 12:17:50 1790770670.100971 [tornettools] [INFO] Found /__w/benchmark/benchmark/results/tor/2026-09-26-T09-15-46/tornet-0.15-1/tornet.plot.data/simulation_info.json
2026-09-30 12:17:50 1790770670.101011 [tornettools] [INFO] Found 3 total files
2026-09-30 12:17:50 1790770670.101119 [tornettools] [INFO] Searching for files containing simulation_info.json in directory tree at /__w/benchmark/benchmark/results/tor/2024-01-01-T02-18-28
2026-09-30 12:17:50 1790770670.101204 [tornettools] [INFO] Found /__w/benchmark/benchmark/results/tor/2024-01-01-T02-18-28/tornet-0.15-2/tornet.plot.data/simulation_info.json
2026-09-30 12:17:50 1790770670.101283 [tornettools] [INFO] Found /__w/benchmark/benchmark/results/tor/2024-01-01-T02-18-28/tornet-0.15-3/tornet.plot.data/simulation_info.json
2026-09-30 12:17:50 1790770670.101378 [tornettools] [INFO] Found /__w/benchmark/benchmark/results/tor/2024-01-01-T02-18-28/tornet-0.15-4/tornet.plot.data/simulation_info.json
2026-09-30 12:17:50 1790770670.101448 [tornettools] [INFO] Found /__w/benchmark/benchmark/results/tor/2024-01-01-T02-18-28/tornet-0.15-1/tornet.plot.data/simulation_info.json
2026-09-30 12:17:50 1790770670.101510 [tornettools] [INFO] Found /__w/benchmark/benchmark/results/tor/2024-01-01-T02-18-28/tornet-0.15-5/tornet.plot.data/simulation_info.json
2026-09-30 12:17:50 1790770670.101543 [tornettools] [INFO] Found 5 total files
2026-09-30 12:17:50 1790770670.101692 [tornettools] [INFO] Found simulated network scale 0.15
2026-09-30 12:17:50 1790770670.101735 [tornettools] [INFO] Plotting relay goodput
