2026-08-22 10:54:27 1787396067.393961 [tornettools] [INFO] Logging system initialized! Logging events to stdout and to '/tmp/sim-results/plots/tornettools.plot.2026-08-22.10.54.27.log'
2026-08-22 10:54:27 1787396067.394139 [tornettools] [INFO] Seeded standard and numpy PRNGs with seed=2027457257
2026-08-22 10:54:27 1787396067.394221 [tornettools] [INFO] The argument namespace is: Namespace(do_version=False, quiet=0, seed=2027457257, command='plot', tornet_collection_path=['/tmp/sim-results', '/__w/benchmark/benchmark/results/tor/2026-08-21-T04-29-20', '/__w/benchmark/benchmark/results/tor/2026-08-15-T04-37-06', '/__w/benchmark/benchmark/results/tor/2024-01-01-T02-18-28'], tor_metrics_path=None, prefix='/tmp/sim-results/plots', labels=['2026-08-22-T04-38-59 (Weekly benchmark)', '2026-08-21-T04-29-20 (Nightly benchmark)', '2026-08-15-T04-37-06 (Weekly benchmark)', '2024-01-01-T02-18-28 (v3.1.0)'], colors=None, plot_all=False, plot_pngs=True, func=<function plot at 0x14e3d4453880>, formatter_class=<class '__main__.CustomHelpFormatter'>)
2026-08-22 10:54:27 1787396067.396674 [tornettools] [INFO] The platform is: Linux-6.12.86+deb13-amd64-x86_64-with-glibc2.36
2026-08-22 10:54:27 1787396067.396895 [tornettools] [INFO] System info: uname_result(system='Linux', node='759c375c89d4', release='6.12.86+deb13-amd64', version='#1 SMP PREEMPT_DYNAMIC Debian 6.12.86-1 (2026-05-08)', machine='x86_64')
2026-08-22 10:54:27 1787396067.676254 [tornettools] [INFO] generated new fontManager
2026-08-22 10:54:28 1787396068.578289 [tornettools] [INFO] Plotting simulation results now
2026-08-22 10:54:28 1787396068.578722 [tornettools] [INFO] Plotting tornet comparisons
2026-08-22 10:54:28 1787396068.578793 [tornettools] [INFO] Loading tornet resource usage data
2026-08-22 10:54:28 1787396068.578841 [tornettools] [INFO] Searching for files containing resource_usage.json in directory tree at /tmp/sim-results
2026-08-22 10:54:28 1787396068.579141 [tornettools] [INFO] Found /tmp/sim-results/tornet-0.15-2/tornet.plot.data/resource_usage.json
2026-08-22 10:54:28 1787396068.751603 [tornettools] [INFO] Found /tmp/sim-results/tornet-0.15-3/tornet.plot.data/resource_usage.json
2026-08-22 10:54:28 1787396068.923338 [tornettools] [INFO] Found /tmp/sim-results/tornet-0.15-1/tornet.plot.data/resource_usage.json
2026-08-22 10:54:29 1787396069.096529 [tornettools] [INFO] Found 3 total files
2026-08-22 10:54:29 1787396069.098017 [tornettools] [INFO] Searching for files containing resource_usage.json in directory tree at /__w/benchmark/benchmark/results/tor/2026-08-21-T04-29-20
2026-08-22 10:54:29 1787396069.098239 [tornettools] [INFO] Found /__w/benchmark/benchmark/results/tor/2026-08-21-T04-29-20/tornet-0.15-1/tornet.plot.data/resource_usage.json
2026-08-22 10:54:29 1787396069.098284 [tornettools] [INFO] Found 1 total files
2026-08-22 10:54:29 1787396069.099003 [tornettools] [INFO] Searching for files containing resource_usage.json in directory tree at /__w/benchmark/benchmark/results/tor/2026-08-15-T04-37-06
2026-08-22 10:54:29 1787396069.099152 [tornettools] [INFO] Found /__w/benchmark/benchmark/results/tor/2026-08-15-T04-37-06/tornet-0.15-2/tornet.plot.data/resource_usage.json
2026-08-22 10:54:29 1787396069.099236 [tornettools] [INFO] Found /__w/benchmark/benchmark/results/tor/2026-08-15-T04-37-06/tornet-0.15-3/tornet.plot.data/resource_usage.json
2026-08-22 10:54:29 1787396069.099342 [tornettools] [INFO] Found /__w/benchmark/benchmark/results/tor/2026-08-15-T04-37-06/tornet-0.15-1/tornet.plot.data/resource_usage.json
2026-08-22 10:54:29 1787396069.099378 [tornettools] [INFO] Found 3 total files
2026-08-22 10:54:29 1787396069.100738 [tornettools] [INFO] Searching for files containing resource_usage.json in directory tree at /__w/benchmark/benchmark/results/tor/2024-01-01-T02-18-28
2026-08-22 10:54:29 1787396069.100890 [tornettools] [INFO] Found /__w/benchmark/benchmark/results/tor/2024-01-01-T02-18-28/tornet-0.15-2/tornet.plot.data/resource_usage.json
2026-08-22 10:54:29 1787396069.100965 [tornettools] [INFO] Found /__w/benchmark/benchmark/results/tor/2024-01-01-T02-18-28/tornet-0.15-3/tornet.plot.data/resource_usage.json
2026-08-22 10:54:29 1787396069.101089 [tornettools] [INFO] Found /__w/benchmark/benchmark/results/tor/2024-01-01-T02-18-28/tornet-0.15-4/tornet.plot.data/resource_usage.json
2026-08-22 10:54:29 1787396069.101173 [tornettools] [INFO] Found /__w/benchmark/benchmark/results/tor/2024-01-01-T02-18-28/tornet-0.15-1/tornet.plot.data/resource_usage.json
2026-08-22 10:54:29 1787396069.101252 [tornettools] [INFO] Found /__w/benchmark/benchmark/results/tor/2024-01-01-T02-18-28/tornet-0.15-5/tornet.plot.data/resource_usage.json
2026-08-22 10:54:29 1787396069.101287 [tornettools] [INFO] Found 5 total files
2026-08-22 10:54:30 1787396070.511813 [tornettools] [INFO] Loading Tor metrics data
2026-08-22 10:54:30 1787396070.512118 [tornettools] [INFO] Loading tornet relay goodput data
2026-08-22 10:54:30 1787396070.512189 [tornettools] [INFO] Searching for files containing relay_goodput.json in directory tree at /tmp/sim-results
2026-08-22 10:54:30 1787396070.512660 [tornettools] [INFO] Found /tmp/sim-results/tornet-0.15-2/tornet.plot.data/relay_goodput.json
2026-08-22 10:54:30 1787396070.647154 [tornettools] [INFO] Found /tmp/sim-results/tornet-0.15-3/tornet.plot.data/relay_goodput.json
2026-08-22 10:54:30 1787396070.779143 [tornettools] [INFO] Found /tmp/sim-results/tornet-0.15-1/tornet.plot.data/relay_goodput.json
2026-08-22 10:54:30 1787396070.913063 [tornettools] [INFO] Found 3 total files
2026-08-22 10:54:30 1787396070.913707 [tornettools] [INFO] Searching for files containing relay_goodput.json in directory tree at /__w/benchmark/benchmark/results/tor/2026-08-21-T04-29-20
2026-08-22 10:54:30 1787396070.913854 [tornettools] [INFO] Found /__w/benchmark/benchmark/results/tor/2026-08-21-T04-29-20/tornet-0.15-1/tornet.plot.data/relay_goodput.json
2026-08-22 10:54:30 1787396070.913887 [tornettools] [INFO] Found 1 total files
2026-08-22 10:54:30 1787396070.914037 [tornettools] [INFO] Searching for files containing relay_goodput.json in directory tree at /__w/benchmark/benchmark/results/tor/2026-08-15-T04-37-06
2026-08-22 10:54:30 1787396070.914119 [tornettools] [INFO] Found /__w/benchmark/benchmark/results/tor/2026-08-15-T04-37-06/tornet-0.15-2/tornet.plot.data/relay_goodput.json
2026-08-22 10:54:30 1787396070.914180 [tornettools] [INFO] Found /__w/benchmark/benchmark/results/tor/2026-08-15-T04-37-06/tornet-0.15-3/tornet.plot.data/relay_goodput.json
2026-08-22 10:54:30 1787396070.914263 [tornettools] [INFO] Found /__w/benchmark/benchmark/results/tor/2026-08-15-T04-37-06/tornet-0.15-1/tornet.plot.data/relay_goodput.json
2026-08-22 10:54:30 1787396070.914290 [tornettools] [INFO] Found 3 total files
2026-08-22 10:54:30 1787396070.914712 [tornettools] [INFO] Searching for files containing relay_goodput.json in directory tree at /__w/benchmark/benchmark/results/tor/2024-01-01-T02-18-28
2026-08-22 10:54:30 1787396070.914798 [tornettools] [INFO] Found /__w/benchmark/benchmark/results/tor/2024-01-01-T02-18-28/tornet-0.15-2/tornet.plot.data/relay_goodput.json
2026-08-22 10:54:30 1787396070.914859 [tornettools] [INFO] Found /__w/benchmark/benchmark/results/tor/2024-01-01-T02-18-28/tornet-0.15-3/tornet.plot.data/relay_goodput.json
2026-08-22 10:54:30 1787396070.914947 [tornettools] [INFO] Found /__w/benchmark/benchmark/results/tor/2024-01-01-T02-18-28/tornet-0.15-4/tornet.plot.data/relay_goodput.json
2026-08-22 10:54:30 1787396070.915002 [tornettools] [INFO] Found /__w/benchmark/benchmark/results/tor/2024-01-01-T02-18-28/tornet-0.15-1/tornet.plot.data/relay_goodput.json
2026-08-22 10:54:30 1787396070.915056 [tornettools] [INFO] Found /__w/benchmark/benchmark/results/tor/2024-01-01-T02-18-28/tornet-0.15-5/tornet.plot.data/relay_goodput.json
2026-08-22 10:54:30 1787396070.915082 [tornettools] [INFO] Found 5 total files
2026-08-22 10:54:30 1787396070.916140 [tornettools] [INFO] Searching for files containing simulation_info.json in directory tree at /tmp/sim-results
2026-08-22 10:54:30 1787396070.916363 [tornettools] [INFO] Found /tmp/sim-results/tornet-0.15-2/tornet.plot.data/simulation_info.json
2026-08-22 10:54:31 1787396071.048599 [tornettools] [INFO] Found /tmp/sim-results/tornet-0.15-3/tornet.plot.data/simulation_info.json
2026-08-22 10:54:31 1787396071.178471 [tornettools] [INFO] Found /tmp/sim-results/tornet-0.15-1/tornet.plot.data/simulation_info.json
2026-08-22 10:54:31 1787396071.310256 [tornettools] [INFO] Found 3 total files
2026-08-22 10:54:31 1787396071.310433 [tornettools] [INFO] Searching for files containing simulation_info.json in directory tree at /__w/benchmark/benchmark/results/tor/2026-08-21-T04-29-20
2026-08-22 10:54:31 1787396071.310556 [tornettools] [INFO] Found /__w/benchmark/benchmark/results/tor/2026-08-21-T04-29-20/tornet-0.15-1/tornet.plot.data/simulation_info.json
2026-08-22 10:54:31 1787396071.310590 [tornettools] [INFO] Found 1 total files
2026-08-22 10:54:31 1787396071.310647 [tornettools] [INFO] Searching for files containing simulation_info.json in directory tree at /__w/benchmark/benchmark/results/tor/2026-08-15-T04-37-06
2026-08-22 10:54:31 1787396071.310723 [tornettools] [INFO] Found /__w/benchmark/benchmark/results/tor/2026-08-15-T04-37-06/tornet-0.15-2/tornet.plot.data/simulation_info.json
2026-08-22 10:54:31 1787396071.310782 [tornettools] [INFO] Found /__w/benchmark/benchmark/results/tor/2026-08-15-T04-37-06/tornet-0.15-3/tornet.plot.data/simulation_info.json
2026-08-22 10:54:31 1787396071.310864 [tornettools] [INFO] Found /__w/benchmark/benchmark/results/tor/2026-08-15-T04-37-06/tornet-0.15-1/tornet.plot.data/simulation_info.json
2026-08-22 10:54:31 1787396071.310894 [tornettools] [INFO] Found 3 total files
2026-08-22 10:54:31 1787396071.310990 [tornettools] [INFO] Searching for files containing simulation_info.json in directory tree at /__w/benchmark/benchmark/results/tor/2024-01-01-T02-18-28
2026-08-22 10:54:31 1787396071.311066 [tornettools] [INFO] Found /__w/benchmark/benchmark/results/tor/2024-01-01-T02-18-28/tornet-0.15-2/tornet.plot.data/simulation_info.json
2026-08-22 10:54:31 1787396071.311125 [tornettools] [INFO] Found /__w/benchmark/benchmark/results/tor/2024-01-01-T02-18-28/tornet-0.15-3/tornet.plot.data/simulation_info.json
2026-08-22 10:54:31 1787396071.311213 [tornettools] [INFO] Found /__w/benchmark/benchmark/results/tor/2024-01-01-T02-18-28/tornet-0.15-4/tornet.plot.data/simulation_info.json
2026-08-22 10:54:31 1787396071.311271 [tornettools] [INFO] Found /__w/benchmark/benchmark/results/tor/2024-01-01-T02-18-28/tornet-0.15-1/tornet.plot.data/simulation_info.json
2026-08-22 10:54:31 1787396071.311327 [tornettools] [INFO] Found /__w/benchmark/benchmark/results/tor/2024-01-01-T02-18-28/tornet-0.15-5/tornet.plot.data/simulation_info.json
2026-08-22 10:54:31 1787396071.311356 [tornettools] [INFO] Found 5 total files
2026-08-22 10:54:31 1787396071.311509 [tornettools] [INFO] Found simulated network scale 0.15
2026-08-22 10:54:31 1787396071.311551 [tornettools] [INFO] Plotting relay goodput
