2026-07-25 12:39:17 1784983157.313105 [tornettools] [INFO] Logging system initialized! Logging events to stdout and to '/tmp/sim-results/plots/tornettools.plot.2026-07-25.12.39.17.log'
2026-07-25 12:39:17 1784983157.313311 [tornettools] [INFO] Seeded standard and numpy PRNGs with seed=1320934456
2026-07-25 12:39:17 1784983157.313390 [tornettools] [INFO] The argument namespace is: Namespace(do_version=False, quiet=0, seed=1320934456, command='plot', tornet_collection_path=['/tmp/sim-results', '/__w/benchmark/benchmark/results/tor/2026-07-24-T15-39-30', '/__w/benchmark/benchmark/results/tor/2026-07-18-T06-10-02', '/__w/benchmark/benchmark/results/tor/2024-01-01-T02-18-28'], tor_metrics_path=None, prefix='/tmp/sim-results/plots', labels=['2026-07-25-T06-23-10 (Weekly benchmark)', '2026-07-24-T15-39-30 (Nightly benchmark)', '2026-07-18-T06-10-02 (Weekly benchmark)', '2024-01-01-T02-18-28 (v3.1.0)'], colors=None, plot_all=False, plot_pngs=True, func=<function plot at 0x14bf8a64b880>, formatter_class=<class '__main__.CustomHelpFormatter'>)
2026-07-25 12:39:17 1784983157.315370 [tornettools] [INFO] The platform is: Linux-6.12.86+deb13-amd64-x86_64-with-glibc2.36
2026-07-25 12:39:17 1784983157.315470 [tornettools] [INFO] System info: uname_result(system='Linux', node='54ccbb08f108', release='6.12.86+deb13-amd64', version='#1 SMP PREEMPT_DYNAMIC Debian 6.12.86-1 (2026-05-08)', machine='x86_64')
2026-07-25 12:39:17 1784983157.588679 [tornettools] [INFO] generated new fontManager
2026-07-25 12:39:18 1784983158.488480 [tornettools] [INFO] Plotting simulation results now
2026-07-25 12:39:18 1784983158.488878 [tornettools] [INFO] Plotting tornet comparisons
2026-07-25 12:39:18 1784983158.488944 [tornettools] [INFO] Loading tornet resource usage data
2026-07-25 12:39:18 1784983158.488987 [tornettools] [INFO] Searching for files containing resource_usage.json in directory tree at /tmp/sim-results
2026-07-25 12:39:18 1784983158.489345 [tornettools] [INFO] Found /tmp/sim-results/tornet-0.15-2/tornet.plot.data/resource_usage.json
2026-07-25 12:39:18 1784983158.665739 [tornettools] [INFO] Found /tmp/sim-results/tornet-0.15-3/tornet.plot.data/resource_usage.json
2026-07-25 12:39:18 1784983158.846362 [tornettools] [INFO] Found /tmp/sim-results/tornet-0.15-1/tornet.plot.data/resource_usage.json
2026-07-25 12:39:19 1784983159.021438 [tornettools] [INFO] Found 3 total files
2026-07-25 12:39:19 1784983159.022871 [tornettools] [INFO] Searching for files containing resource_usage.json in directory tree at /__w/benchmark/benchmark/results/tor/2026-07-24-T15-39-30
2026-07-25 12:39:19 1784983159.023071 [tornettools] [INFO] Found /__w/benchmark/benchmark/results/tor/2026-07-24-T15-39-30/tornet-0.15-1/tornet.plot.data/resource_usage.json
2026-07-25 12:39:19 1784983159.023118 [tornettools] [INFO] Found 1 total files
2026-07-25 12:39:19 1784983159.023590 [tornettools] [INFO] Searching for files containing resource_usage.json in directory tree at /__w/benchmark/benchmark/results/tor/2026-07-18-T06-10-02
2026-07-25 12:39:19 1784983159.023700 [tornettools] [INFO] Found /__w/benchmark/benchmark/results/tor/2026-07-18-T06-10-02/tornet-0.15-2/tornet.plot.data/resource_usage.json
2026-07-25 12:39:19 1784983159.023777 [tornettools] [INFO] Found /__w/benchmark/benchmark/results/tor/2026-07-18-T06-10-02/tornet-0.15-3/tornet.plot.data/resource_usage.json
2026-07-25 12:39:19 1784983159.023880 [tornettools] [INFO] Found /__w/benchmark/benchmark/results/tor/2026-07-18-T06-10-02/tornet-0.15-1/tornet.plot.data/resource_usage.json
2026-07-25 12:39:19 1784983159.023915 [tornettools] [INFO] Found 3 total files
2026-07-25 12:39:19 1784983159.025223 [tornettools] [INFO] Searching for files containing resource_usage.json in directory tree at /__w/benchmark/benchmark/results/tor/2024-01-01-T02-18-28
2026-07-25 12:39:19 1784983159.025380 [tornettools] [INFO] Found /__w/benchmark/benchmark/results/tor/2024-01-01-T02-18-28/tornet-0.15-2/tornet.plot.data/resource_usage.json
2026-07-25 12:39:19 1784983159.025459 [tornettools] [INFO] Found /__w/benchmark/benchmark/results/tor/2024-01-01-T02-18-28/tornet-0.15-3/tornet.plot.data/resource_usage.json
2026-07-25 12:39:19 1784983159.025613 [tornettools] [INFO] Found /__w/benchmark/benchmark/results/tor/2024-01-01-T02-18-28/tornet-0.15-4/tornet.plot.data/resource_usage.json
2026-07-25 12:39:19 1784983159.025686 [tornettools] [INFO] Found /__w/benchmark/benchmark/results/tor/2024-01-01-T02-18-28/tornet-0.15-1/tornet.plot.data/resource_usage.json
2026-07-25 12:39:19 1784983159.025753 [tornettools] [INFO] Found /__w/benchmark/benchmark/results/tor/2024-01-01-T02-18-28/tornet-0.15-5/tornet.plot.data/resource_usage.json
2026-07-25 12:39:19 1784983159.025789 [tornettools] [INFO] Found 5 total files
2026-07-25 12:39:20 1784983160.882411 [tornettools] [INFO] Loading Tor metrics data
2026-07-25 12:39:20 1784983160.882588 [tornettools] [INFO] Loading tornet relay goodput data
2026-07-25 12:39:20 1784983160.882642 [tornettools] [INFO] Searching for files containing relay_goodput.json in directory tree at /tmp/sim-results
2026-07-25 12:39:20 1784983160.883014 [tornettools] [INFO] Found /tmp/sim-results/tornet-0.15-2/tornet.plot.data/relay_goodput.json
2026-07-25 12:39:21 1784983161.058952 [tornettools] [INFO] Found /tmp/sim-results/tornet-0.15-3/tornet.plot.data/relay_goodput.json
2026-07-25 12:39:21 1784983161.234406 [tornettools] [INFO] Found /tmp/sim-results/tornet-0.15-1/tornet.plot.data/relay_goodput.json
2026-07-25 12:39:21 1784983161.406629 [tornettools] [INFO] Found 3 total files
2026-07-25 12:39:21 1784983161.407474 [tornettools] [INFO] Searching for files containing relay_goodput.json in directory tree at /__w/benchmark/benchmark/results/tor/2026-07-24-T15-39-30
2026-07-25 12:39:21 1784983161.407659 [tornettools] [INFO] Found /__w/benchmark/benchmark/results/tor/2026-07-24-T15-39-30/tornet-0.15-1/tornet.plot.data/relay_goodput.json
2026-07-25 12:39:21 1784983161.407694 [tornettools] [INFO] Found 1 total files
2026-07-25 12:39:21 1784983161.407872 [tornettools] [INFO] Searching for files containing relay_goodput.json in directory tree at /__w/benchmark/benchmark/results/tor/2026-07-18-T06-10-02
2026-07-25 12:39:21 1784983161.407961 [tornettools] [INFO] Found /__w/benchmark/benchmark/results/tor/2026-07-18-T06-10-02/tornet-0.15-2/tornet.plot.data/relay_goodput.json
2026-07-25 12:39:21 1784983161.408026 [tornettools] [INFO] Found /__w/benchmark/benchmark/results/tor/2026-07-18-T06-10-02/tornet-0.15-3/tornet.plot.data/relay_goodput.json
2026-07-25 12:39:21 1784983161.408111 [tornettools] [INFO] Found /__w/benchmark/benchmark/results/tor/2026-07-18-T06-10-02/tornet-0.15-1/tornet.plot.data/relay_goodput.json
2026-07-25 12:39:21 1784983161.408139 [tornettools] [INFO] Found 3 total files
2026-07-25 12:39:21 1784983161.408611 [tornettools] [INFO] Searching for files containing relay_goodput.json in directory tree at /__w/benchmark/benchmark/results/tor/2024-01-01-T02-18-28
2026-07-25 12:39:21 1784983161.408712 [tornettools] [INFO] Found /__w/benchmark/benchmark/results/tor/2024-01-01-T02-18-28/tornet-0.15-2/tornet.plot.data/relay_goodput.json
2026-07-25 12:39:21 1784983161.408774 [tornettools] [INFO] Found /__w/benchmark/benchmark/results/tor/2024-01-01-T02-18-28/tornet-0.15-3/tornet.plot.data/relay_goodput.json
2026-07-25 12:39:21 1784983161.408868 [tornettools] [INFO] Found /__w/benchmark/benchmark/results/tor/2024-01-01-T02-18-28/tornet-0.15-4/tornet.plot.data/relay_goodput.json
2026-07-25 12:39:21 1784983161.408926 [tornettools] [INFO] Found /__w/benchmark/benchmark/results/tor/2024-01-01-T02-18-28/tornet-0.15-1/tornet.plot.data/relay_goodput.json
2026-07-25 12:39:21 1784983161.408982 [tornettools] [INFO] Found /__w/benchmark/benchmark/results/tor/2024-01-01-T02-18-28/tornet-0.15-5/tornet.plot.data/relay_goodput.json
2026-07-25 12:39:21 1784983161.409009 [tornettools] [INFO] Found 5 total files
2026-07-25 12:39:21 1784983161.410793 [tornettools] [INFO] Searching for files containing simulation_info.json in directory tree at /tmp/sim-results
2026-07-25 12:39:21 1784983161.411140 [tornettools] [INFO] Found /tmp/sim-results/tornet-0.15-2/tornet.plot.data/simulation_info.json
2026-07-25 12:39:21 1784983161.550690 [tornettools] [INFO] Found /tmp/sim-results/tornet-0.15-3/tornet.plot.data/simulation_info.json
2026-07-25 12:39:21 1784983161.686692 [tornettools] [INFO] Found /tmp/sim-results/tornet-0.15-1/tornet.plot.data/simulation_info.json
2026-07-25 12:39:21 1784983161.822825 [tornettools] [INFO] Found 3 total files
2026-07-25 12:39:21 1784983161.823007 [tornettools] [INFO] Searching for files containing simulation_info.json in directory tree at /__w/benchmark/benchmark/results/tor/2026-07-24-T15-39-30
2026-07-25 12:39:21 1784983161.823134 [tornettools] [INFO] Found /__w/benchmark/benchmark/results/tor/2026-07-24-T15-39-30/tornet-0.15-1/tornet.plot.data/simulation_info.json
2026-07-25 12:39:21 1784983161.823168 [tornettools] [INFO] Found 1 total files
2026-07-25 12:39:21 1784983161.823225 [tornettools] [INFO] Searching for files containing simulation_info.json in directory tree at /__w/benchmark/benchmark/results/tor/2026-07-18-T06-10-02
2026-07-25 12:39:21 1784983161.823301 [tornettools] [INFO] Found /__w/benchmark/benchmark/results/tor/2026-07-18-T06-10-02/tornet-0.15-2/tornet.plot.data/simulation_info.json
2026-07-25 12:39:21 1784983161.823361 [tornettools] [INFO] Found /__w/benchmark/benchmark/results/tor/2026-07-18-T06-10-02/tornet-0.15-3/tornet.plot.data/simulation_info.json
2026-07-25 12:39:21 1784983161.823442 [tornettools] [INFO] Found /__w/benchmark/benchmark/results/tor/2026-07-18-T06-10-02/tornet-0.15-1/tornet.plot.data/simulation_info.json
2026-07-25 12:39:21 1784983161.823472 [tornettools] [INFO] Found 3 total files
2026-07-25 12:39:21 1784983161.823563 [tornettools] [INFO] Searching for files containing simulation_info.json in directory tree at /__w/benchmark/benchmark/results/tor/2024-01-01-T02-18-28
2026-07-25 12:39:21 1784983161.823638 [tornettools] [INFO] Found /__w/benchmark/benchmark/results/tor/2024-01-01-T02-18-28/tornet-0.15-2/tornet.plot.data/simulation_info.json
2026-07-25 12:39:21 1784983161.823697 [tornettools] [INFO] Found /__w/benchmark/benchmark/results/tor/2024-01-01-T02-18-28/tornet-0.15-3/tornet.plot.data/simulation_info.json
2026-07-25 12:39:21 1784983161.823782 [tornettools] [INFO] Found /__w/benchmark/benchmark/results/tor/2024-01-01-T02-18-28/tornet-0.15-4/tornet.plot.data/simulation_info.json
2026-07-25 12:39:21 1784983161.823837 [tornettools] [INFO] Found /__w/benchmark/benchmark/results/tor/2024-01-01-T02-18-28/tornet-0.15-1/tornet.plot.data/simulation_info.json
2026-07-25 12:39:21 1784983161.823891 [tornettools] [INFO] Found /__w/benchmark/benchmark/results/tor/2024-01-01-T02-18-28/tornet-0.15-5/tornet.plot.data/simulation_info.json
2026-07-25 12:39:21 1784983161.823918 [tornettools] [INFO] Found 5 total files
2026-07-25 12:39:21 1784983161.824056 [tornettools] [INFO] Found simulated network scale 0.15
2026-07-25 12:39:21 1784983161.824097 [tornettools] [INFO] Plotting relay goodput
