2026-08-28 17:58:50 1787939930.538187 [tornettools] [INFO] Logging system initialized! Logging events to stdout and to '/tmp/sim-results/plots/tornettools.plot.2026-08-28.17.58.50.log'
2026-08-28 17:58:50 1787939930.538362 [tornettools] [INFO] Seeded standard and numpy PRNGs with seed=454321709
2026-08-28 17:58:50 1787939930.538440 [tornettools] [INFO] The argument namespace is: Namespace(do_version=False, quiet=0, seed=454321709, command='plot', tornet_collection_path=['/tmp/sim-results', '/__w/benchmark/benchmark/results/tor/2026-08-27-T14-53-01', '/__w/benchmark/benchmark/results/tor/2026-08-22-T04-38-59', '/__w/benchmark/benchmark/results/tor/2024-01-01-T02-18-28'], tor_metrics_path=None, prefix='/tmp/sim-results/plots', labels=['2026-08-28-T15-48-23 (Nightly benchmark)', '2026-08-27-T14-53-01 (Nightly benchmark)', '2026-08-22-T04-38-59 (Weekly benchmark)', '2024-01-01-T02-18-28 (v3.1.0)'], colors=None, plot_all=False, plot_pngs=True, func=<function plot at 0x14867a257880>, formatter_class=<class '__main__.CustomHelpFormatter'>)
2026-08-28 17:58:50 1787939930.540504 [tornettools] [INFO] The platform is: Linux-6.12.86+deb13-amd64-x86_64-with-glibc2.36
2026-08-28 17:58:50 1787939930.540607 [tornettools] [INFO] System info: uname_result(system='Linux', node='cba97911b55a', release='6.12.86+deb13-amd64', version='#1 SMP PREEMPT_DYNAMIC Debian 6.12.86-1 (2026-05-08)', machine='x86_64')
2026-08-28 17:58:50 1787939930.840772 [tornettools] [INFO] generated new fontManager
2026-08-28 17:58:51 1787939931.757625 [tornettools] [INFO] Plotting simulation results now
2026-08-28 17:58:51 1787939931.758076 [tornettools] [INFO] Plotting tornet comparisons
2026-08-28 17:58:51 1787939931.758172 [tornettools] [INFO] Loading tornet resource usage data
2026-08-28 17:58:51 1787939931.758231 [tornettools] [INFO] Searching for files containing resource_usage.json in directory tree at /tmp/sim-results
2026-08-28 17:58:51 1787939931.758554 [tornettools] [INFO] Found /tmp/sim-results/tornet-0.15-1/tornet.plot.data/resource_usage.json
2026-08-28 17:58:51 1787939931.935813 [tornettools] [INFO] Found 1 total files
2026-08-28 17:58:51 1787939931.936458 [tornettools] [INFO] Searching for files containing resource_usage.json in directory tree at /__w/benchmark/benchmark/results/tor/2026-08-27-T14-53-01
2026-08-28 17:58:51 1787939931.936670 [tornettools] [INFO] Found /__w/benchmark/benchmark/results/tor/2026-08-27-T14-53-01/tornet-0.15-1/tornet.plot.data/resource_usage.json
2026-08-28 17:58:51 1787939931.936729 [tornettools] [INFO] Found 1 total files
2026-08-28 17:58:51 1787939931.937229 [tornettools] [INFO] Searching for files containing resource_usage.json in directory tree at /__w/benchmark/benchmark/results/tor/2026-08-22-T04-38-59
2026-08-28 17:58:51 1787939931.937380 [tornettools] [INFO] Found /__w/benchmark/benchmark/results/tor/2026-08-22-T04-38-59/tornet-0.15-2/tornet.plot.data/resource_usage.json
2026-08-28 17:58:51 1787939931.937477 [tornettools] [INFO] Found /__w/benchmark/benchmark/results/tor/2026-08-22-T04-38-59/tornet-0.15-3/tornet.plot.data/resource_usage.json
2026-08-28 17:58:51 1787939931.937595 [tornettools] [INFO] Found /__w/benchmark/benchmark/results/tor/2026-08-22-T04-38-59/tornet-0.15-1/tornet.plot.data/resource_usage.json
2026-08-28 17:58:51 1787939931.937645 [tornettools] [INFO] Found 3 total files
2026-08-28 17:58:51 1787939931.938988 [tornettools] [INFO] Searching for files containing resource_usage.json in directory tree at /__w/benchmark/benchmark/results/tor/2024-01-01-T02-18-28
2026-08-28 17:58:51 1787939931.939146 [tornettools] [INFO] Found /__w/benchmark/benchmark/results/tor/2024-01-01-T02-18-28/tornet-0.15-2/tornet.plot.data/resource_usage.json
2026-08-28 17:58:51 1787939931.939236 [tornettools] [INFO] Found /__w/benchmark/benchmark/results/tor/2024-01-01-T02-18-28/tornet-0.15-3/tornet.plot.data/resource_usage.json
2026-08-28 17:58:51 1787939931.939364 [tornettools] [INFO] Found /__w/benchmark/benchmark/results/tor/2024-01-01-T02-18-28/tornet-0.15-4/tornet.plot.data/resource_usage.json
2026-08-28 17:58:51 1787939931.939448 [tornettools] [INFO] Found /__w/benchmark/benchmark/results/tor/2024-01-01-T02-18-28/tornet-0.15-1/tornet.plot.data/resource_usage.json
2026-08-28 17:58:51 1787939931.939543 [tornettools] [INFO] Found /__w/benchmark/benchmark/results/tor/2024-01-01-T02-18-28/tornet-0.15-5/tornet.plot.data/resource_usage.json
2026-08-28 17:58:51 1787939931.939586 [tornettools] [INFO] Found 5 total files
2026-08-28 17:58:53 1787939933.409463 [tornettools] [INFO] Loading Tor metrics data
2026-08-28 17:58:53 1787939933.409671 [tornettools] [INFO] Loading tornet relay goodput data
2026-08-28 17:58:53 1787939933.409745 [tornettools] [INFO] Searching for files containing relay_goodput.json in directory tree at /tmp/sim-results
2026-08-28 17:58:53 1787939933.410101 [tornettools] [INFO] Found /tmp/sim-results/tornet-0.15-1/tornet.plot.data/relay_goodput.json
2026-08-28 17:58:53 1787939933.548237 [tornettools] [INFO] Found 1 total files
2026-08-28 17:58:53 1787939933.548905 [tornettools] [INFO] Searching for files containing relay_goodput.json in directory tree at /__w/benchmark/benchmark/results/tor/2026-08-27-T14-53-01
2026-08-28 17:58:53 1787939933.549082 [tornettools] [INFO] Found /__w/benchmark/benchmark/results/tor/2026-08-27-T14-53-01/tornet-0.15-1/tornet.plot.data/relay_goodput.json
2026-08-28 17:58:53 1787939933.549117 [tornettools] [INFO] Found 1 total files
2026-08-28 17:58:53 1787939933.549287 [tornettools] [INFO] Searching for files containing relay_goodput.json in directory tree at /__w/benchmark/benchmark/results/tor/2026-08-22-T04-38-59
2026-08-28 17:58:53 1787939933.549374 [tornettools] [INFO] Found /__w/benchmark/benchmark/results/tor/2026-08-22-T04-38-59/tornet-0.15-2/tornet.plot.data/relay_goodput.json
2026-08-28 17:58:53 1787939933.549438 [tornettools] [INFO] Found /__w/benchmark/benchmark/results/tor/2026-08-22-T04-38-59/tornet-0.15-3/tornet.plot.data/relay_goodput.json
2026-08-28 17:58:53 1787939933.549526 [tornettools] [INFO] Found /__w/benchmark/benchmark/results/tor/2026-08-22-T04-38-59/tornet-0.15-1/tornet.plot.data/relay_goodput.json
2026-08-28 17:58:53 1787939933.549555 [tornettools] [INFO] Found 3 total files
2026-08-28 17:58:53 1787939933.549958 [tornettools] [INFO] Searching for files containing relay_goodput.json in directory tree at /__w/benchmark/benchmark/results/tor/2024-01-01-T02-18-28
2026-08-28 17:58:53 1787939933.550045 [tornettools] [INFO] Found /__w/benchmark/benchmark/results/tor/2024-01-01-T02-18-28/tornet-0.15-2/tornet.plot.data/relay_goodput.json
2026-08-28 17:58:53 1787939933.550107 [tornettools] [INFO] Found /__w/benchmark/benchmark/results/tor/2024-01-01-T02-18-28/tornet-0.15-3/tornet.plot.data/relay_goodput.json
2026-08-28 17:58:53 1787939933.550198 [tornettools] [INFO] Found /__w/benchmark/benchmark/results/tor/2024-01-01-T02-18-28/tornet-0.15-4/tornet.plot.data/relay_goodput.json
2026-08-28 17:58:53 1787939933.550254 [tornettools] [INFO] Found /__w/benchmark/benchmark/results/tor/2024-01-01-T02-18-28/tornet-0.15-1/tornet.plot.data/relay_goodput.json
2026-08-28 17:58:53 1787939933.550310 [tornettools] [INFO] Found /__w/benchmark/benchmark/results/tor/2024-01-01-T02-18-28/tornet-0.15-5/tornet.plot.data/relay_goodput.json
2026-08-28 17:58:53 1787939933.550338 [tornettools] [INFO] Found 5 total files
2026-08-28 17:58:53 1787939933.551607 [tornettools] [INFO] Searching for files containing simulation_info.json in directory tree at /tmp/sim-results
2026-08-28 17:58:53 1787939933.552027 [tornettools] [INFO] Found /tmp/sim-results/tornet-0.15-1/tornet.plot.data/simulation_info.json
2026-08-28 17:58:53 1787939933.689991 [tornettools] [INFO] Found 1 total files
2026-08-28 17:58:53 1787939933.690100 [tornettools] [INFO] Searching for files containing simulation_info.json in directory tree at /__w/benchmark/benchmark/results/tor/2026-08-27-T14-53-01
2026-08-28 17:58:53 1787939933.690215 [tornettools] [INFO] Found /__w/benchmark/benchmark/results/tor/2026-08-27-T14-53-01/tornet-0.15-1/tornet.plot.data/simulation_info.json
2026-08-28 17:58:53 1787939933.690248 [tornettools] [INFO] Found 1 total files
2026-08-28 17:58:53 1787939933.690313 [tornettools] [INFO] Searching for files containing simulation_info.json in directory tree at /__w/benchmark/benchmark/results/tor/2026-08-22-T04-38-59
2026-08-28 17:58:53 1787939933.690390 [tornettools] [INFO] Found /__w/benchmark/benchmark/results/tor/2026-08-22-T04-38-59/tornet-0.15-2/tornet.plot.data/simulation_info.json
2026-08-28 17:58:53 1787939933.690449 [tornettools] [INFO] Found /__w/benchmark/benchmark/results/tor/2026-08-22-T04-38-59/tornet-0.15-3/tornet.plot.data/simulation_info.json
2026-08-28 17:58:53 1787939933.690550 [tornettools] [INFO] Found /__w/benchmark/benchmark/results/tor/2026-08-22-T04-38-59/tornet-0.15-1/tornet.plot.data/simulation_info.json
2026-08-28 17:58:53 1787939933.690585 [tornettools] [INFO] Found 3 total files
2026-08-28 17:58:53 1787939933.690681 [tornettools] [INFO] Searching for files containing simulation_info.json in directory tree at /__w/benchmark/benchmark/results/tor/2024-01-01-T02-18-28
2026-08-28 17:58:53 1787939933.690766 [tornettools] [INFO] Found /__w/benchmark/benchmark/results/tor/2024-01-01-T02-18-28/tornet-0.15-2/tornet.plot.data/simulation_info.json
2026-08-28 17:58:53 1787939933.690827 [tornettools] [INFO] Found /__w/benchmark/benchmark/results/tor/2024-01-01-T02-18-28/tornet-0.15-3/tornet.plot.data/simulation_info.json
2026-08-28 17:58:53 1787939933.690916 [tornettools] [INFO] Found /__w/benchmark/benchmark/results/tor/2024-01-01-T02-18-28/tornet-0.15-4/tornet.plot.data/simulation_info.json
2026-08-28 17:58:53 1787939933.690974 [tornettools] [INFO] Found /__w/benchmark/benchmark/results/tor/2024-01-01-T02-18-28/tornet-0.15-1/tornet.plot.data/simulation_info.json
2026-08-28 17:58:53 1787939933.691033 [tornettools] [INFO] Found /__w/benchmark/benchmark/results/tor/2024-01-01-T02-18-28/tornet-0.15-5/tornet.plot.data/simulation_info.json
2026-08-28 17:58:53 1787939933.691064 [tornettools] [INFO] Found 5 total files
2026-08-28 17:58:53 1787939933.691216 [tornettools] [INFO] Found simulated network scale 0.15
2026-08-28 17:58:53 1787939933.691258 [tornettools] [INFO] Plotting relay goodput
