2026-10-02 12:20:48 1790943648.134420 [tornettools] [INFO] Logging system initialized! Logging events to stdout and to '/tmp/sim-results/plots/tornettools.plot.2026-10-02.12.20.48.log'
2026-10-02 12:20:48 1790943648.134603 [tornettools] [INFO] Seeded standard and numpy PRNGs with seed=1769178141
2026-10-02 12:20:48 1790943648.134686 [tornettools] [INFO] The argument namespace is: Namespace(do_version=False, quiet=0, seed=1769178141, command='plot', tornet_collection_path=['/tmp/sim-results', '/__w/benchmark/benchmark/results/tor/2026-10-01-T10-36-14', '/__w/benchmark/benchmark/results/tor/2026-09-26-T09-15-46', '/__w/benchmark/benchmark/results/tor/2024-01-01-T02-18-28'], tor_metrics_path=None, prefix='/tmp/sim-results/plots', labels=['2026-10-02-T10-11-03 (Nightly benchmark)', '2026-10-01-T10-36-14 (Nightly benchmark)', '2026-09-26-T09-15-46 (Weekly benchmark)', '2024-01-01-T02-18-28 (v3.1.0)'], colors=None, plot_all=False, plot_pngs=True, func=<function plot at 0x1472b4253880>, formatter_class=<class '__main__.CustomHelpFormatter'>)
2026-10-02 12:20:48 1790943648.136788 [tornettools] [INFO] The platform is: Linux-6.12.86+deb13-amd64-x86_64-with-glibc2.36
2026-10-02 12:20:48 1790943648.136895 [tornettools] [INFO] System info: uname_result(system='Linux', node='50fab2cde2cc', release='6.12.86+deb13-amd64', version='#1 SMP PREEMPT_DYNAMIC Debian 6.12.86-1 (2026-05-08)', machine='x86_64')
2026-10-02 12:20:48 1790943648.418782 [tornettools] [INFO] generated new fontManager
2026-10-02 12:20:49 1790943649.329887 [tornettools] [INFO] Plotting simulation results now
2026-10-02 12:20:49 1790943649.330262 [tornettools] [INFO] Plotting tornet comparisons
2026-10-02 12:20:49 1790943649.330334 [tornettools] [INFO] Loading tornet resource usage data
2026-10-02 12:20:49 1790943649.330379 [tornettools] [INFO] Searching for files containing resource_usage.json in directory tree at /tmp/sim-results
2026-10-02 12:20:49 1790943649.330681 [tornettools] [INFO] Found /tmp/sim-results/tornet-0.15-1/tornet.plot.data/resource_usage.json
2026-10-02 12:20:49 1790943649.501795 [tornettools] [INFO] Found 1 total files
2026-10-02 12:20:49 1790943649.502410 [tornettools] [INFO] Searching for files containing resource_usage.json in directory tree at /__w/benchmark/benchmark/results/tor/2026-10-01-T10-36-14
2026-10-02 12:20:49 1790943649.502604 [tornettools] [INFO] Found /__w/benchmark/benchmark/results/tor/2026-10-01-T10-36-14/tornet-0.15-1/tornet.plot.data/resource_usage.json
2026-10-02 12:20:49 1790943649.502650 [tornettools] [INFO] Found 1 total files
2026-10-02 12:20:49 1790943649.503104 [tornettools] [INFO] Searching for files containing resource_usage.json in directory tree at /__w/benchmark/benchmark/results/tor/2026-09-26-T09-15-46
2026-10-02 12:20:49 1790943649.503227 [tornettools] [INFO] Found /__w/benchmark/benchmark/results/tor/2026-09-26-T09-15-46/tornet-0.15-2/tornet.plot.data/resource_usage.json
2026-10-02 12:20:49 1790943649.503307 [tornettools] [INFO] Found /__w/benchmark/benchmark/results/tor/2026-09-26-T09-15-46/tornet-0.15-3/tornet.plot.data/resource_usage.json
2026-10-02 12:20:49 1790943649.503424 [tornettools] [INFO] Found /__w/benchmark/benchmark/results/tor/2026-09-26-T09-15-46/tornet-0.15-1/tornet.plot.data/resource_usage.json
2026-10-02 12:20:49 1790943649.503461 [tornettools] [INFO] Found 3 total files
2026-10-02 12:20:49 1790943649.505052 [tornettools] [INFO] Searching for files containing resource_usage.json in directory tree at /__w/benchmark/benchmark/results/tor/2024-01-01-T02-18-28
2026-10-02 12:20:49 1790943649.505212 [tornettools] [INFO] Found /__w/benchmark/benchmark/results/tor/2024-01-01-T02-18-28/tornet-0.15-2/tornet.plot.data/resource_usage.json
2026-10-02 12:20:49 1790943649.505313 [tornettools] [INFO] Found /__w/benchmark/benchmark/results/tor/2024-01-01-T02-18-28/tornet-0.15-3/tornet.plot.data/resource_usage.json
2026-10-02 12:20:49 1790943649.505431 [tornettools] [INFO] Found /__w/benchmark/benchmark/results/tor/2024-01-01-T02-18-28/tornet-0.15-4/tornet.plot.data/resource_usage.json
2026-10-02 12:20:49 1790943649.505503 [tornettools] [INFO] Found /__w/benchmark/benchmark/results/tor/2024-01-01-T02-18-28/tornet-0.15-1/tornet.plot.data/resource_usage.json
2026-10-02 12:20:49 1790943649.505587 [tornettools] [INFO] Found /__w/benchmark/benchmark/results/tor/2024-01-01-T02-18-28/tornet-0.15-5/tornet.plot.data/resource_usage.json
2026-10-02 12:20:49 1790943649.505623 [tornettools] [INFO] Found 5 total files
2026-10-02 12:20:51 1790943651.075147 [tornettools] [INFO] Loading Tor metrics data
2026-10-02 12:20:51 1790943651.075358 [tornettools] [INFO] Loading tornet relay goodput data
2026-10-02 12:20:51 1790943651.075414 [tornettools] [INFO] Searching for files containing relay_goodput.json in directory tree at /tmp/sim-results
2026-10-02 12:20:51 1790943651.075825 [tornettools] [INFO] Found /tmp/sim-results/tornet-0.15-1/tornet.plot.data/relay_goodput.json
2026-10-02 12:20:51 1790943651.243392 [tornettools] [INFO] Found 1 total files
2026-10-02 12:20:51 1790943651.243809 [tornettools] [INFO] Searching for files containing relay_goodput.json in directory tree at /__w/benchmark/benchmark/results/tor/2026-10-01-T10-36-14
2026-10-02 12:20:51 1790943651.243994 [tornettools] [INFO] Found /__w/benchmark/benchmark/results/tor/2026-10-01-T10-36-14/tornet-0.15-1/tornet.plot.data/relay_goodput.json
2026-10-02 12:20:51 1790943651.244037 [tornettools] [INFO] Found 1 total files
2026-10-02 12:20:51 1790943651.244243 [tornettools] [INFO] Searching for files containing relay_goodput.json in directory tree at /__w/benchmark/benchmark/results/tor/2026-09-26-T09-15-46
2026-10-02 12:20:51 1790943651.244355 [tornettools] [INFO] Found /__w/benchmark/benchmark/results/tor/2026-09-26-T09-15-46/tornet-0.15-2/tornet.plot.data/relay_goodput.json
2026-10-02 12:20:51 1790943651.244436 [tornettools] [INFO] Found /__w/benchmark/benchmark/results/tor/2026-09-26-T09-15-46/tornet-0.15-3/tornet.plot.data/relay_goodput.json
2026-10-02 12:20:51 1790943651.244539 [tornettools] [INFO] Found /__w/benchmark/benchmark/results/tor/2026-09-26-T09-15-46/tornet-0.15-1/tornet.plot.data/relay_goodput.json
2026-10-02 12:20:51 1790943651.244573 [tornettools] [INFO] Found 3 total files
2026-10-02 12:20:51 1790943651.245080 [tornettools] [INFO] Searching for files containing relay_goodput.json in directory tree at /__w/benchmark/benchmark/results/tor/2024-01-01-T02-18-28
2026-10-02 12:20:51 1790943651.245207 [tornettools] [INFO] Found /__w/benchmark/benchmark/results/tor/2024-01-01-T02-18-28/tornet-0.15-2/tornet.plot.data/relay_goodput.json
2026-10-02 12:20:51 1790943651.245303 [tornettools] [INFO] Found /__w/benchmark/benchmark/results/tor/2024-01-01-T02-18-28/tornet-0.15-3/tornet.plot.data/relay_goodput.json
2026-10-02 12:20:51 1790943651.245416 [tornettools] [INFO] Found /__w/benchmark/benchmark/results/tor/2024-01-01-T02-18-28/tornet-0.15-4/tornet.plot.data/relay_goodput.json
2026-10-02 12:20:51 1790943651.245487 [tornettools] [INFO] Found /__w/benchmark/benchmark/results/tor/2024-01-01-T02-18-28/tornet-0.15-1/tornet.plot.data/relay_goodput.json
2026-10-02 12:20:51 1790943651.245559 [tornettools] [INFO] Found /__w/benchmark/benchmark/results/tor/2024-01-01-T02-18-28/tornet-0.15-5/tornet.plot.data/relay_goodput.json
2026-10-02 12:20:51 1790943651.245592 [tornettools] [INFO] Found 5 total files
2026-10-02 12:20:51 1790943651.246940 [tornettools] [INFO] Searching for files containing simulation_info.json in directory tree at /tmp/sim-results
2026-10-02 12:20:51 1790943651.247294 [tornettools] [INFO] Found /tmp/sim-results/tornet-0.15-1/tornet.plot.data/simulation_info.json
2026-10-02 12:20:51 1790943651.414331 [tornettools] [INFO] Found 1 total files
2026-10-02 12:20:51 1790943651.414510 [tornettools] [INFO] Searching for files containing simulation_info.json in directory tree at /__w/benchmark/benchmark/results/tor/2026-10-01-T10-36-14
2026-10-02 12:20:51 1790943651.414662 [tornettools] [INFO] Found /__w/benchmark/benchmark/results/tor/2026-10-01-T10-36-14/tornet-0.15-1/tornet.plot.data/simulation_info.json
2026-10-02 12:20:51 1790943651.414702 [tornettools] [INFO] Found 1 total files
2026-10-02 12:20:51 1790943651.414784 [tornettools] [INFO] Searching for files containing simulation_info.json in directory tree at /__w/benchmark/benchmark/results/tor/2026-09-26-T09-15-46
2026-10-02 12:20:51 1790943651.414883 [tornettools] [INFO] Found /__w/benchmark/benchmark/results/tor/2026-09-26-T09-15-46/tornet-0.15-2/tornet.plot.data/simulation_info.json
2026-10-02 12:20:51 1790943651.414958 [tornettools] [INFO] Found /__w/benchmark/benchmark/results/tor/2026-09-26-T09-15-46/tornet-0.15-3/tornet.plot.data/simulation_info.json
2026-10-02 12:20:51 1790943651.415063 [tornettools] [INFO] Found /__w/benchmark/benchmark/results/tor/2026-09-26-T09-15-46/tornet-0.15-1/tornet.plot.data/simulation_info.json
2026-10-02 12:20:51 1790943651.415103 [tornettools] [INFO] Found 3 total files
2026-10-02 12:20:51 1790943651.415223 [tornettools] [INFO] Searching for files containing simulation_info.json in directory tree at /__w/benchmark/benchmark/results/tor/2024-01-01-T02-18-28
2026-10-02 12:20:51 1790943651.415321 [tornettools] [INFO] Found /__w/benchmark/benchmark/results/tor/2024-01-01-T02-18-28/tornet-0.15-2/tornet.plot.data/simulation_info.json
2026-10-02 12:20:51 1790943651.415393 [tornettools] [INFO] Found /__w/benchmark/benchmark/results/tor/2024-01-01-T02-18-28/tornet-0.15-3/tornet.plot.data/simulation_info.json
2026-10-02 12:20:51 1790943651.415505 [tornettools] [INFO] Found /__w/benchmark/benchmark/results/tor/2024-01-01-T02-18-28/tornet-0.15-4/tornet.plot.data/simulation_info.json
2026-10-02 12:20:51 1790943651.415576 [tornettools] [INFO] Found /__w/benchmark/benchmark/results/tor/2024-01-01-T02-18-28/tornet-0.15-1/tornet.plot.data/simulation_info.json
2026-10-02 12:20:51 1790943651.415645 [tornettools] [INFO] Found /__w/benchmark/benchmark/results/tor/2024-01-01-T02-18-28/tornet-0.15-5/tornet.plot.data/simulation_info.json
2026-10-02 12:20:51 1790943651.415682 [tornettools] [INFO] Found 5 total files
2026-10-02 12:20:51 1790943651.415851 [tornettools] [INFO] Found simulated network scale 0.15
2026-10-02 12:20:51 1790943651.415899 [tornettools] [INFO] Plotting relay goodput
