2026-08-08 11:17:55 1786187875.981394 [tornettools] [INFO] Logging system initialized! Logging events to stdout and to '/tmp/sim-results/plots/tornettools.plot.2026-08-08.11.17.55.log'
2026-08-08 11:17:55 1786187875.981575 [tornettools] [INFO] Seeded standard and numpy PRNGs with seed=811424200
2026-08-08 11:17:55 1786187875.981656 [tornettools] [INFO] The argument namespace is: Namespace(do_version=False, quiet=0, seed=811424200, command='plot', tornet_collection_path=['/tmp/sim-results', '/__w/benchmark/benchmark/results/tor/2026-08-07-T05-27-29', '/__w/benchmark/benchmark/results/tor/2026-08-01-T06-35-14', '/__w/benchmark/benchmark/results/tor/2024-01-01-T02-18-28'], tor_metrics_path=None, prefix='/tmp/sim-results/plots', labels=['2026-08-08-T05-03-44 (Weekly benchmark)', '2026-08-07-T05-27-29 (Nightly benchmark)', '2026-08-01-T06-35-14 (Weekly benchmark)', '2024-01-01-T02-18-28 (v3.1.0)'], colors=None, plot_all=False, plot_pngs=True, func=<function plot at 0x14e7cba43880>, formatter_class=<class '__main__.CustomHelpFormatter'>)
2026-08-08 11:17:55 1786187875.983781 [tornettools] [INFO] The platform is: Linux-6.12.86+deb13-amd64-x86_64-with-glibc2.36
2026-08-08 11:17:55 1786187875.983889 [tornettools] [INFO] System info: uname_result(system='Linux', node='3ad48ba8441c', release='6.12.86+deb13-amd64', version='#1 SMP PREEMPT_DYNAMIC Debian 6.12.86-1 (2026-05-08)', machine='x86_64')
2026-08-08 11:17:56 1786187876.281814 [tornettools] [INFO] generated new fontManager
2026-08-08 11:17:57 1786187877.185648 [tornettools] [INFO] Plotting simulation results now
2026-08-08 11:17:57 1786187877.186037 [tornettools] [INFO] Plotting tornet comparisons
2026-08-08 11:17:57 1786187877.186100 [tornettools] [INFO] Loading tornet resource usage data
2026-08-08 11:17:57 1786187877.186144 [tornettools] [INFO] Searching for files containing resource_usage.json in directory tree at /tmp/sim-results
2026-08-08 11:17:57 1786187877.186431 [tornettools] [INFO] Found /tmp/sim-results/tornet-0.15-2/tornet.plot.data/resource_usage.json
2026-08-08 11:17:57 1786187877.358288 [tornettools] [INFO] Found /tmp/sim-results/tornet-0.15-3/tornet.plot.data/resource_usage.json
2026-08-08 11:17:57 1786187877.532393 [tornettools] [INFO] Found /tmp/sim-results/tornet-0.15-1/tornet.plot.data/resource_usage.json
2026-08-08 11:17:57 1786187877.705625 [tornettools] [INFO] Found 3 total files
2026-08-08 11:17:57 1786187877.707068 [tornettools] [INFO] Searching for files containing resource_usage.json in directory tree at /__w/benchmark/benchmark/results/tor/2026-08-07-T05-27-29
2026-08-08 11:17:57 1786187877.707272 [tornettools] [INFO] Found /__w/benchmark/benchmark/results/tor/2026-08-07-T05-27-29/tornet-0.15-1/tornet.plot.data/resource_usage.json
2026-08-08 11:17:57 1786187877.707318 [tornettools] [INFO] Found 1 total files
2026-08-08 11:17:57 1786187877.707804 [tornettools] [INFO] Searching for files containing resource_usage.json in directory tree at /__w/benchmark/benchmark/results/tor/2026-08-01-T06-35-14
2026-08-08 11:17:57 1786187877.707917 [tornettools] [INFO] Found /__w/benchmark/benchmark/results/tor/2026-08-01-T06-35-14/tornet-0.15-2/tornet.plot.data/resource_usage.json
2026-08-08 11:17:57 1786187877.707999 [tornettools] [INFO] Found /__w/benchmark/benchmark/results/tor/2026-08-01-T06-35-14/tornet-0.15-3/tornet.plot.data/resource_usage.json
2026-08-08 11:17:57 1786187877.708106 [tornettools] [INFO] Found /__w/benchmark/benchmark/results/tor/2026-08-01-T06-35-14/tornet-0.15-1/tornet.plot.data/resource_usage.json
2026-08-08 11:17:57 1786187877.708143 [tornettools] [INFO] Found 3 total files
2026-08-08 11:17:57 1786187877.709489 [tornettools] [INFO] Searching for files containing resource_usage.json in directory tree at /__w/benchmark/benchmark/results/tor/2024-01-01-T02-18-28
2026-08-08 11:17:57 1786187877.709648 [tornettools] [INFO] Found /__w/benchmark/benchmark/results/tor/2024-01-01-T02-18-28/tornet-0.15-2/tornet.plot.data/resource_usage.json
2026-08-08 11:17:57 1786187877.709742 [tornettools] [INFO] Found /__w/benchmark/benchmark/results/tor/2024-01-01-T02-18-28/tornet-0.15-3/tornet.plot.data/resource_usage.json
2026-08-08 11:17:57 1786187877.709867 [tornettools] [INFO] Found /__w/benchmark/benchmark/results/tor/2024-01-01-T02-18-28/tornet-0.15-4/tornet.plot.data/resource_usage.json
2026-08-08 11:17:57 1786187877.709940 [tornettools] [INFO] Found /__w/benchmark/benchmark/results/tor/2024-01-01-T02-18-28/tornet-0.15-1/tornet.plot.data/resource_usage.json
2026-08-08 11:17:57 1786187877.710010 [tornettools] [INFO] Found /__w/benchmark/benchmark/results/tor/2024-01-01-T02-18-28/tornet-0.15-5/tornet.plot.data/resource_usage.json
2026-08-08 11:17:57 1786187877.710047 [tornettools] [INFO] Found 5 total files
2026-08-08 11:17:59 1786187879.548707 [tornettools] [INFO] Loading Tor metrics data
2026-08-08 11:17:59 1786187879.548841 [tornettools] [INFO] Loading tornet relay goodput data
2026-08-08 11:17:59 1786187879.548887 [tornettools] [INFO] Searching for files containing relay_goodput.json in directory tree at /tmp/sim-results
2026-08-08 11:17:59 1786187879.549180 [tornettools] [INFO] Found /tmp/sim-results/tornet-0.15-2/tornet.plot.data/relay_goodput.json
2026-08-08 11:17:59 1786187879.684175 [tornettools] [INFO] Found /tmp/sim-results/tornet-0.15-3/tornet.plot.data/relay_goodput.json
2026-08-08 11:17:59 1786187879.818114 [tornettools] [INFO] Found /tmp/sim-results/tornet-0.15-1/tornet.plot.data/relay_goodput.json
2026-08-08 11:17:59 1786187879.951549 [tornettools] [INFO] Found 3 total files
2026-08-08 11:17:59 1786187879.952085 [tornettools] [INFO] Searching for files containing relay_goodput.json in directory tree at /__w/benchmark/benchmark/results/tor/2026-08-07-T05-27-29
2026-08-08 11:17:59 1786187879.952224 [tornettools] [INFO] Found /__w/benchmark/benchmark/results/tor/2026-08-07-T05-27-29/tornet-0.15-1/tornet.plot.data/relay_goodput.json
2026-08-08 11:17:59 1786187879.952258 [tornettools] [INFO] Found 1 total files
2026-08-08 11:17:59 1786187879.952417 [tornettools] [INFO] Searching for files containing relay_goodput.json in directory tree at /__w/benchmark/benchmark/results/tor/2026-08-01-T06-35-14
2026-08-08 11:17:59 1786187879.952502 [tornettools] [INFO] Found /__w/benchmark/benchmark/results/tor/2026-08-01-T06-35-14/tornet-0.15-2/tornet.plot.data/relay_goodput.json
2026-08-08 11:17:59 1786187879.952565 [tornettools] [INFO] Found /__w/benchmark/benchmark/results/tor/2026-08-01-T06-35-14/tornet-0.15-3/tornet.plot.data/relay_goodput.json
2026-08-08 11:17:59 1786187879.952653 [tornettools] [INFO] Found /__w/benchmark/benchmark/results/tor/2026-08-01-T06-35-14/tornet-0.15-1/tornet.plot.data/relay_goodput.json
2026-08-08 11:17:59 1786187879.952681 [tornettools] [INFO] Found 3 total files
2026-08-08 11:17:59 1786187879.953121 [tornettools] [INFO] Searching for files containing relay_goodput.json in directory tree at /__w/benchmark/benchmark/results/tor/2024-01-01-T02-18-28
2026-08-08 11:17:59 1786187879.953227 [tornettools] [INFO] Found /__w/benchmark/benchmark/results/tor/2024-01-01-T02-18-28/tornet-0.15-2/tornet.plot.data/relay_goodput.json
2026-08-08 11:17:59 1786187879.953292 [tornettools] [INFO] Found /__w/benchmark/benchmark/results/tor/2024-01-01-T02-18-28/tornet-0.15-3/tornet.plot.data/relay_goodput.json
2026-08-08 11:17:59 1786187879.953386 [tornettools] [INFO] Found /__w/benchmark/benchmark/results/tor/2024-01-01-T02-18-28/tornet-0.15-4/tornet.plot.data/relay_goodput.json
2026-08-08 11:17:59 1786187879.953446 [tornettools] [INFO] Found /__w/benchmark/benchmark/results/tor/2024-01-01-T02-18-28/tornet-0.15-1/tornet.plot.data/relay_goodput.json
2026-08-08 11:17:59 1786187879.953504 [tornettools] [INFO] Found /__w/benchmark/benchmark/results/tor/2024-01-01-T02-18-28/tornet-0.15-5/tornet.plot.data/relay_goodput.json
2026-08-08 11:17:59 1786187879.953532 [tornettools] [INFO] Found 5 total files
2026-08-08 11:17:59 1786187879.954601 [tornettools] [INFO] Searching for files containing simulation_info.json in directory tree at /tmp/sim-results
2026-08-08 11:17:59 1786187879.954837 [tornettools] [INFO] Found /tmp/sim-results/tornet-0.15-2/tornet.plot.data/simulation_info.json
2026-08-08 11:18:00 1786187880.090250 [tornettools] [INFO] Found /tmp/sim-results/tornet-0.15-3/tornet.plot.data/simulation_info.json
2026-08-08 11:18:00 1786187880.223917 [tornettools] [INFO] Found /tmp/sim-results/tornet-0.15-1/tornet.plot.data/simulation_info.json
2026-08-08 11:18:00 1786187880.357043 [tornettools] [INFO] Found 3 total files
2026-08-08 11:18:00 1786187880.357314 [tornettools] [INFO] Searching for files containing simulation_info.json in directory tree at /__w/benchmark/benchmark/results/tor/2026-08-07-T05-27-29
2026-08-08 11:18:00 1786187880.357466 [tornettools] [INFO] Found /__w/benchmark/benchmark/results/tor/2026-08-07-T05-27-29/tornet-0.15-1/tornet.plot.data/simulation_info.json
2026-08-08 11:18:00 1786187880.357500 [tornettools] [INFO] Found 1 total files
2026-08-08 11:18:00 1786187880.357563 [tornettools] [INFO] Searching for files containing simulation_info.json in directory tree at /__w/benchmark/benchmark/results/tor/2026-08-01-T06-35-14
2026-08-08 11:18:00 1786187880.357644 [tornettools] [INFO] Found /__w/benchmark/benchmark/results/tor/2026-08-01-T06-35-14/tornet-0.15-2/tornet.plot.data/simulation_info.json
2026-08-08 11:18:00 1786187880.357708 [tornettools] [INFO] Found /__w/benchmark/benchmark/results/tor/2026-08-01-T06-35-14/tornet-0.15-3/tornet.plot.data/simulation_info.json
2026-08-08 11:18:00 1786187880.357796 [tornettools] [INFO] Found /__w/benchmark/benchmark/results/tor/2026-08-01-T06-35-14/tornet-0.15-1/tornet.plot.data/simulation_info.json
2026-08-08 11:18:00 1786187880.357827 [tornettools] [INFO] Found 3 total files
2026-08-08 11:18:00 1786187880.357932 [tornettools] [INFO] Searching for files containing simulation_info.json in directory tree at /__w/benchmark/benchmark/results/tor/2024-01-01-T02-18-28
2026-08-08 11:18:00 1786187880.358013 [tornettools] [INFO] Found /__w/benchmark/benchmark/results/tor/2024-01-01-T02-18-28/tornet-0.15-2/tornet.plot.data/simulation_info.json
2026-08-08 11:18:00 1786187880.358074 [tornettools] [INFO] Found /__w/benchmark/benchmark/results/tor/2024-01-01-T02-18-28/tornet-0.15-3/tornet.plot.data/simulation_info.json
2026-08-08 11:18:00 1786187880.358170 [tornettools] [INFO] Found /__w/benchmark/benchmark/results/tor/2024-01-01-T02-18-28/tornet-0.15-4/tornet.plot.data/simulation_info.json
2026-08-08 11:18:00 1786187880.358230 [tornettools] [INFO] Found /__w/benchmark/benchmark/results/tor/2024-01-01-T02-18-28/tornet-0.15-1/tornet.plot.data/simulation_info.json
2026-08-08 11:18:00 1786187880.358289 [tornettools] [INFO] Found /__w/benchmark/benchmark/results/tor/2024-01-01-T02-18-28/tornet-0.15-5/tornet.plot.data/simulation_info.json
2026-08-08 11:18:00 1786187880.358318 [tornettools] [INFO] Found 5 total files
2026-08-08 11:18:00 1786187880.358488 [tornettools] [INFO] Found simulated network scale 0.15
2026-08-08 11:18:00 1786187880.358534 [tornettools] [INFO] Plotting relay goodput
