2026-09-10 10:44:01 1789037041.603423 [tornettools] [INFO] Logging system initialized! Logging events to stdout and to '/tmp/sim-results/plots/tornettools.plot.2026-09-10.10.44.01.log'
2026-09-10 10:44:01 1789037041.603593 [tornettools] [INFO] Seeded standard and numpy PRNGs with seed=1621208052
2026-09-10 10:44:01 1789037041.603670 [tornettools] [INFO] The argument namespace is: Namespace(do_version=False, quiet=0, seed=1621208052, command='plot', tornet_collection_path=['/tmp/sim-results', '/__w/benchmark/benchmark/results/tor/2026-09-09-T08-29-37', '/__w/benchmark/benchmark/results/tor/2026-09-05-T08-15-11', '/__w/benchmark/benchmark/results/tor/2024-01-01-T02-18-28'], tor_metrics_path=None, prefix='/tmp/sim-results/plots', labels=['2026-09-10-T08-31-46 (Nightly benchmark)', '2026-09-09-T08-29-37 (Nightly benchmark)', '2026-09-05-T08-15-11 (Weekly benchmark)', '2024-01-01-T02-18-28 (v3.1.0)'], colors=None, plot_all=False, plot_pngs=True, func=<function plot at 0x14ddcc503880>, formatter_class=<class '__main__.CustomHelpFormatter'>)
2026-09-10 10:44:01 1789037041.605735 [tornettools] [INFO] The platform is: Linux-6.12.86+deb13-amd64-x86_64-with-glibc2.36
2026-09-10 10:44:01 1789037041.605846 [tornettools] [INFO] System info: uname_result(system='Linux', node='69053a834f47', release='6.12.86+deb13-amd64', version='#1 SMP PREEMPT_DYNAMIC Debian 6.12.86-1 (2026-05-08)', machine='x86_64')
2026-09-10 10:44:01 1789037041.881327 [tornettools] [INFO] generated new fontManager
2026-09-10 10:44:02 1789037042.784419 [tornettools] [INFO] Plotting simulation results now
2026-09-10 10:44:02 1789037042.784791 [tornettools] [INFO] Plotting tornet comparisons
2026-09-10 10:44:02 1789037042.784860 [tornettools] [INFO] Loading tornet resource usage data
2026-09-10 10:44:02 1789037042.784906 [tornettools] [INFO] Searching for files containing resource_usage.json in directory tree at /tmp/sim-results
2026-09-10 10:44:02 1789037042.785241 [tornettools] [INFO] Found /tmp/sim-results/tornet-0.15-1/tornet.plot.data/resource_usage.json
2026-09-10 10:44:02 1789037042.962126 [tornettools] [INFO] Found 1 total files
2026-09-10 10:44:02 1789037042.962742 [tornettools] [INFO] Searching for files containing resource_usage.json in directory tree at /__w/benchmark/benchmark/results/tor/2026-09-09-T08-29-37
2026-09-10 10:44:02 1789037042.962940 [tornettools] [INFO] Found /__w/benchmark/benchmark/results/tor/2026-09-09-T08-29-37/tornet-0.15-1/tornet.plot.data/resource_usage.json
2026-09-10 10:44:02 1789037042.962987 [tornettools] [INFO] Found 1 total files
2026-09-10 10:44:02 1789037042.963469 [tornettools] [INFO] Searching for files containing resource_usage.json in directory tree at /__w/benchmark/benchmark/results/tor/2026-09-05-T08-15-11
2026-09-10 10:44:02 1789037042.963591 [tornettools] [INFO] Found /__w/benchmark/benchmark/results/tor/2026-09-05-T08-15-11/tornet-0.15-2/tornet.plot.data/resource_usage.json
2026-09-10 10:44:02 1789037042.963672 [tornettools] [INFO] Found /__w/benchmark/benchmark/results/tor/2026-09-05-T08-15-11/tornet-0.15-3/tornet.plot.data/resource_usage.json
2026-09-10 10:44:02 1789037042.963781 [tornettools] [INFO] Found /__w/benchmark/benchmark/results/tor/2026-09-05-T08-15-11/tornet-0.15-1/tornet.plot.data/resource_usage.json
2026-09-10 10:44:02 1789037042.963818 [tornettools] [INFO] Found 3 total files
2026-09-10 10:44:02 1789037042.965168 [tornettools] [INFO] Searching for files containing resource_usage.json in directory tree at /__w/benchmark/benchmark/results/tor/2024-01-01-T02-18-28
2026-09-10 10:44:02 1789037042.965319 [tornettools] [INFO] Found /__w/benchmark/benchmark/results/tor/2024-01-01-T02-18-28/tornet-0.15-2/tornet.plot.data/resource_usage.json
2026-09-10 10:44:02 1789037042.965398 [tornettools] [INFO] Found /__w/benchmark/benchmark/results/tor/2024-01-01-T02-18-28/tornet-0.15-3/tornet.plot.data/resource_usage.json
2026-09-10 10:44:02 1789037042.965515 [tornettools] [INFO] Found /__w/benchmark/benchmark/results/tor/2024-01-01-T02-18-28/tornet-0.15-4/tornet.plot.data/resource_usage.json
2026-09-10 10:44:02 1789037042.965587 [tornettools] [INFO] Found /__w/benchmark/benchmark/results/tor/2024-01-01-T02-18-28/tornet-0.15-1/tornet.plot.data/resource_usage.json
2026-09-10 10:44:02 1789037042.965668 [tornettools] [INFO] Found /__w/benchmark/benchmark/results/tor/2024-01-01-T02-18-28/tornet-0.15-5/tornet.plot.data/resource_usage.json
2026-09-10 10:44:02 1789037042.965704 [tornettools] [INFO] Found 5 total files
2026-09-10 10:44:04 1789037044.449243 [tornettools] [INFO] Loading Tor metrics data
2026-09-10 10:44:04 1789037044.449357 [tornettools] [INFO] Loading tornet relay goodput data
2026-09-10 10:44:04 1789037044.449401 [tornettools] [INFO] Searching for files containing relay_goodput.json in directory tree at /tmp/sim-results
2026-09-10 10:44:04 1789037044.449670 [tornettools] [INFO] Found /tmp/sim-results/tornet-0.15-1/tornet.plot.data/relay_goodput.json
2026-09-10 10:44:04 1789037044.587056 [tornettools] [INFO] Found 1 total files
2026-09-10 10:44:04 1789037044.587392 [tornettools] [INFO] Searching for files containing relay_goodput.json in directory tree at /__w/benchmark/benchmark/results/tor/2026-09-09-T08-29-37
2026-09-10 10:44:04 1789037044.587529 [tornettools] [INFO] Found /__w/benchmark/benchmark/results/tor/2026-09-09-T08-29-37/tornet-0.15-1/tornet.plot.data/relay_goodput.json
2026-09-10 10:44:04 1789037044.587563 [tornettools] [INFO] Found 1 total files
2026-09-10 10:44:04 1789037044.587726 [tornettools] [INFO] Searching for files containing relay_goodput.json in directory tree at /__w/benchmark/benchmark/results/tor/2026-09-05-T08-15-11
2026-09-10 10:44:04 1789037044.587811 [tornettools] [INFO] Found /__w/benchmark/benchmark/results/tor/2026-09-05-T08-15-11/tornet-0.15-2/tornet.plot.data/relay_goodput.json
2026-09-10 10:44:04 1789037044.587876 [tornettools] [INFO] Found /__w/benchmark/benchmark/results/tor/2026-09-05-T08-15-11/tornet-0.15-3/tornet.plot.data/relay_goodput.json
2026-09-10 10:44:04 1789037044.587961 [tornettools] [INFO] Found /__w/benchmark/benchmark/results/tor/2026-09-05-T08-15-11/tornet-0.15-1/tornet.plot.data/relay_goodput.json
2026-09-10 10:44:04 1789037044.587988 [tornettools] [INFO] Found 3 total files
2026-09-10 10:44:04 1789037044.588399 [tornettools] [INFO] Searching for files containing relay_goodput.json in directory tree at /__w/benchmark/benchmark/results/tor/2024-01-01-T02-18-28
2026-09-10 10:44:04 1789037044.588488 [tornettools] [INFO] Found /__w/benchmark/benchmark/results/tor/2024-01-01-T02-18-28/tornet-0.15-2/tornet.plot.data/relay_goodput.json
2026-09-10 10:44:04 1789037044.588554 [tornettools] [INFO] Found /__w/benchmark/benchmark/results/tor/2024-01-01-T02-18-28/tornet-0.15-3/tornet.plot.data/relay_goodput.json
2026-09-10 10:44:04 1789037044.588643 [tornettools] [INFO] Found /__w/benchmark/benchmark/results/tor/2024-01-01-T02-18-28/tornet-0.15-4/tornet.plot.data/relay_goodput.json
2026-09-10 10:44:04 1789037044.588701 [tornettools] [INFO] Found /__w/benchmark/benchmark/results/tor/2024-01-01-T02-18-28/tornet-0.15-1/tornet.plot.data/relay_goodput.json
2026-09-10 10:44:04 1789037044.588758 [tornettools] [INFO] Found /__w/benchmark/benchmark/results/tor/2024-01-01-T02-18-28/tornet-0.15-5/tornet.plot.data/relay_goodput.json
2026-09-10 10:44:04 1789037044.588786 [tornettools] [INFO] Found 5 total files
2026-09-10 10:44:04 1789037044.589835 [tornettools] [INFO] Searching for files containing simulation_info.json in directory tree at /tmp/sim-results
2026-09-10 10:44:04 1789037044.590122 [tornettools] [INFO] Found /tmp/sim-results/tornet-0.15-1/tornet.plot.data/simulation_info.json
2026-09-10 10:44:04 1789037044.725098 [tornettools] [INFO] Found 1 total files
2026-09-10 10:44:04 1789037044.725214 [tornettools] [INFO] Searching for files containing simulation_info.json in directory tree at /__w/benchmark/benchmark/results/tor/2026-09-09-T08-29-37
2026-09-10 10:44:04 1789037044.725326 [tornettools] [INFO] Found /__w/benchmark/benchmark/results/tor/2026-09-09-T08-29-37/tornet-0.15-1/tornet.plot.data/simulation_info.json
2026-09-10 10:44:04 1789037044.725360 [tornettools] [INFO] Found 1 total files
2026-09-10 10:44:04 1789037044.725425 [tornettools] [INFO] Searching for files containing simulation_info.json in directory tree at /__w/benchmark/benchmark/results/tor/2026-09-05-T08-15-11
2026-09-10 10:44:04 1789037044.725499 [tornettools] [INFO] Found /__w/benchmark/benchmark/results/tor/2026-09-05-T08-15-11/tornet-0.15-2/tornet.plot.data/simulation_info.json
2026-09-10 10:44:04 1789037044.725559 [tornettools] [INFO] Found /__w/benchmark/benchmark/results/tor/2026-09-05-T08-15-11/tornet-0.15-3/tornet.plot.data/simulation_info.json
2026-09-10 10:44:04 1789037044.725648 [tornettools] [INFO] Found /__w/benchmark/benchmark/results/tor/2026-09-05-T08-15-11/tornet-0.15-1/tornet.plot.data/simulation_info.json
2026-09-10 10:44:04 1789037044.725682 [tornettools] [INFO] Found 3 total files
2026-09-10 10:44:04 1789037044.725787 [tornettools] [INFO] Searching for files containing simulation_info.json in directory tree at /__w/benchmark/benchmark/results/tor/2024-01-01-T02-18-28
2026-09-10 10:44:04 1789037044.725867 [tornettools] [INFO] Found /__w/benchmark/benchmark/results/tor/2024-01-01-T02-18-28/tornet-0.15-2/tornet.plot.data/simulation_info.json
2026-09-10 10:44:04 1789037044.725927 [tornettools] [INFO] Found /__w/benchmark/benchmark/results/tor/2024-01-01-T02-18-28/tornet-0.15-3/tornet.plot.data/simulation_info.json
2026-09-10 10:44:04 1789037044.726014 [tornettools] [INFO] Found /__w/benchmark/benchmark/results/tor/2024-01-01-T02-18-28/tornet-0.15-4/tornet.plot.data/simulation_info.json
2026-09-10 10:44:04 1789037044.726071 [tornettools] [INFO] Found /__w/benchmark/benchmark/results/tor/2024-01-01-T02-18-28/tornet-0.15-1/tornet.plot.data/simulation_info.json
2026-09-10 10:44:04 1789037044.726127 [tornettools] [INFO] Found /__w/benchmark/benchmark/results/tor/2024-01-01-T02-18-28/tornet-0.15-5/tornet.plot.data/simulation_info.json
2026-09-10 10:44:04 1789037044.726157 [tornettools] [INFO] Found 5 total files
2026-09-10 10:44:04 1789037044.726300 [tornettools] [INFO] Found simulated network scale 0.15
2026-09-10 10:44:04 1789037044.726337 [tornettools] [INFO] Plotting relay goodput
