2026-10-10 16:47:18 1791650838.062356 [tornettools] [INFO] Logging system initialized! Logging events to stdout and to '/tmp/sim-results/plots/tornettools.plot.2026-10-10.16.47.18.log'
2026-10-10 16:47:18 1791650838.062518 [tornettools] [INFO] Seeded standard and numpy PRNGs with seed=1568354965
2026-10-10 16:47:18 1791650838.062596 [tornettools] [INFO] The argument namespace is: Namespace(do_version=False, quiet=0, seed=1568354965, command='plot', tornet_collection_path=['/tmp/sim-results', '/__w/benchmark/benchmark/results/tor/2026-10-09-T11-02-15', '/__w/benchmark/benchmark/results/tor/2026-10-03-T09-46-13', '/__w/benchmark/benchmark/results/tor/2024-01-01-T02-18-28'], tor_metrics_path=None, prefix='/tmp/sim-results/plots', labels=['2026-10-10-T10-30-57 (Weekly benchmark)', '2026-10-09-T11-02-15 (Nightly benchmark)', '2026-10-03-T09-46-13 (Weekly benchmark)', '2024-01-01-T02-18-28 (v3.1.0)'], colors=None, plot_all=False, plot_pngs=True, func=<function plot at 0x14b9576fb880>, formatter_class=<class '__main__.CustomHelpFormatter'>)
2026-10-10 16:47:18 1791650838.064711 [tornettools] [INFO] The platform is: Linux-6.12.86+deb13-amd64-x86_64-with-glibc2.36
2026-10-10 16:47:18 1791650838.064816 [tornettools] [INFO] System info: uname_result(system='Linux', node='1df08f4791d2', release='6.12.86+deb13-amd64', version='#1 SMP PREEMPT_DYNAMIC Debian 6.12.86-1 (2026-05-08)', machine='x86_64')
2026-10-10 16:47:18 1791650838.343170 [tornettools] [INFO] generated new fontManager
2026-10-10 16:47:19 1791650839.254732 [tornettools] [INFO] Plotting simulation results now
2026-10-10 16:47:19 1791650839.255111 [tornettools] [INFO] Plotting tornet comparisons
2026-10-10 16:47:19 1791650839.255179 [tornettools] [INFO] Loading tornet resource usage data
2026-10-10 16:47:19 1791650839.255222 [tornettools] [INFO] Searching for files containing resource_usage.json in directory tree at /tmp/sim-results
2026-10-10 16:47:19 1791650839.255511 [tornettools] [INFO] Found /tmp/sim-results/tornet-0.15-2/tornet.plot.data/resource_usage.json
2026-10-10 16:47:19 1791650839.429507 [tornettools] [INFO] Found /tmp/sim-results/tornet-0.15-3/tornet.plot.data/resource_usage.json
2026-10-10 16:47:19 1791650839.602981 [tornettools] [INFO] Found /tmp/sim-results/tornet-0.15-1/tornet.plot.data/resource_usage.json
2026-10-10 16:47:19 1791650839.774724 [tornettools] [INFO] Found 3 total files
2026-10-10 16:47:19 1791650839.776172 [tornettools] [INFO] Searching for files containing resource_usage.json in directory tree at /__w/benchmark/benchmark/results/tor/2026-10-09-T11-02-15
2026-10-10 16:47:19 1791650839.776383 [tornettools] [INFO] Found /__w/benchmark/benchmark/results/tor/2026-10-09-T11-02-15/tornet-0.15-1/tornet.plot.data/resource_usage.json
2026-10-10 16:47:19 1791650839.776429 [tornettools] [INFO] Found 1 total files
2026-10-10 16:47:19 1791650839.776910 [tornettools] [INFO] Searching for files containing resource_usage.json in directory tree at /__w/benchmark/benchmark/results/tor/2026-10-03-T09-46-13
2026-10-10 16:47:19 1791650839.777034 [tornettools] [INFO] Found /__w/benchmark/benchmark/results/tor/2026-10-03-T09-46-13/tornet-0.15-2/tornet.plot.data/resource_usage.json
2026-10-10 16:47:19 1791650839.777119 [tornettools] [INFO] Found /__w/benchmark/benchmark/results/tor/2026-10-03-T09-46-13/tornet-0.15-3/tornet.plot.data/resource_usage.json
2026-10-10 16:47:19 1791650839.777234 [tornettools] [INFO] Found /__w/benchmark/benchmark/results/tor/2026-10-03-T09-46-13/tornet-0.15-1/tornet.plot.data/resource_usage.json
2026-10-10 16:47:19 1791650839.777275 [tornettools] [INFO] Found 3 total files
2026-10-10 16:47:19 1791650839.778628 [tornettools] [INFO] Searching for files containing resource_usage.json in directory tree at /__w/benchmark/benchmark/results/tor/2024-01-01-T02-18-28
2026-10-10 16:47:19 1791650839.778787 [tornettools] [INFO] Found /__w/benchmark/benchmark/results/tor/2024-01-01-T02-18-28/tornet-0.15-2/tornet.plot.data/resource_usage.json
2026-10-10 16:47:19 1791650839.778869 [tornettools] [INFO] Found /__w/benchmark/benchmark/results/tor/2024-01-01-T02-18-28/tornet-0.15-3/tornet.plot.data/resource_usage.json
2026-10-10 16:47:19 1791650839.779008 [tornettools] [INFO] Found /__w/benchmark/benchmark/results/tor/2024-01-01-T02-18-28/tornet-0.15-4/tornet.plot.data/resource_usage.json
2026-10-10 16:47:19 1791650839.779079 [tornettools] [INFO] Found /__w/benchmark/benchmark/results/tor/2024-01-01-T02-18-28/tornet-0.15-1/tornet.plot.data/resource_usage.json
2026-10-10 16:47:19 1791650839.779147 [tornettools] [INFO] Found /__w/benchmark/benchmark/results/tor/2024-01-01-T02-18-28/tornet-0.15-5/tornet.plot.data/resource_usage.json
2026-10-10 16:47:19 1791650839.779181 [tornettools] [INFO] Found 5 total files
2026-10-10 16:47:21 1791650841.556248 [tornettools] [INFO] Loading Tor metrics data
2026-10-10 16:47:21 1791650841.556375 [tornettools] [INFO] Loading tornet relay goodput data
2026-10-10 16:47:21 1791650841.556417 [tornettools] [INFO] Searching for files containing relay_goodput.json in directory tree at /tmp/sim-results
2026-10-10 16:47:21 1791650841.556697 [tornettools] [INFO] Found /tmp/sim-results/tornet-0.15-2/tornet.plot.data/relay_goodput.json
2026-10-10 16:47:21 1791650841.690635 [tornettools] [INFO] Found /tmp/sim-results/tornet-0.15-3/tornet.plot.data/relay_goodput.json
2026-10-10 16:47:21 1791650841.824011 [tornettools] [INFO] Found /tmp/sim-results/tornet-0.15-1/tornet.plot.data/relay_goodput.json
2026-10-10 16:47:21 1791650841.957724 [tornettools] [INFO] Found 3 total files
2026-10-10 16:47:21 1791650841.958254 [tornettools] [INFO] Searching for files containing relay_goodput.json in directory tree at /__w/benchmark/benchmark/results/tor/2026-10-09-T11-02-15
2026-10-10 16:47:21 1791650841.958393 [tornettools] [INFO] Found /__w/benchmark/benchmark/results/tor/2026-10-09-T11-02-15/tornet-0.15-1/tornet.plot.data/relay_goodput.json
2026-10-10 16:47:21 1791650841.958426 [tornettools] [INFO] Found 1 total files
2026-10-10 16:47:21 1791650841.958578 [tornettools] [INFO] Searching for files containing relay_goodput.json in directory tree at /__w/benchmark/benchmark/results/tor/2026-10-03-T09-46-13
2026-10-10 16:47:21 1791650841.958661 [tornettools] [INFO] Found /__w/benchmark/benchmark/results/tor/2026-10-03-T09-46-13/tornet-0.15-2/tornet.plot.data/relay_goodput.json
2026-10-10 16:47:21 1791650841.958724 [tornettools] [INFO] Found /__w/benchmark/benchmark/results/tor/2026-10-03-T09-46-13/tornet-0.15-3/tornet.plot.data/relay_goodput.json
2026-10-10 16:47:21 1791650841.958808 [tornettools] [INFO] Found /__w/benchmark/benchmark/results/tor/2026-10-03-T09-46-13/tornet-0.15-1/tornet.plot.data/relay_goodput.json
2026-10-10 16:47:21 1791650841.958835 [tornettools] [INFO] Found 3 total files
2026-10-10 16:47:21 1791650841.959622 [tornettools] [INFO] Searching for files containing relay_goodput.json in directory tree at /__w/benchmark/benchmark/results/tor/2024-01-01-T02-18-28
2026-10-10 16:47:21 1791650841.959750 [tornettools] [INFO] Found /__w/benchmark/benchmark/results/tor/2024-01-01-T02-18-28/tornet-0.15-2/tornet.plot.data/relay_goodput.json
2026-10-10 16:47:21 1791650841.959819 [tornettools] [INFO] Found /__w/benchmark/benchmark/results/tor/2024-01-01-T02-18-28/tornet-0.15-3/tornet.plot.data/relay_goodput.json
2026-10-10 16:47:21 1791650841.959911 [tornettools] [INFO] Found /__w/benchmark/benchmark/results/tor/2024-01-01-T02-18-28/tornet-0.15-4/tornet.plot.data/relay_goodput.json
2026-10-10 16:47:21 1791650841.959969 [tornettools] [INFO] Found /__w/benchmark/benchmark/results/tor/2024-01-01-T02-18-28/tornet-0.15-1/tornet.plot.data/relay_goodput.json
2026-10-10 16:47:21 1791650841.960026 [tornettools] [INFO] Found /__w/benchmark/benchmark/results/tor/2024-01-01-T02-18-28/tornet-0.15-5/tornet.plot.data/relay_goodput.json
2026-10-10 16:47:21 1791650841.960053 [tornettools] [INFO] Found 5 total files
2026-10-10 16:47:21 1791650841.961112 [tornettools] [INFO] Searching for files containing simulation_info.json in directory tree at /tmp/sim-results
2026-10-10 16:47:21 1791650841.961343 [tornettools] [INFO] Found /tmp/sim-results/tornet-0.15-2/tornet.plot.data/simulation_info.json
2026-10-10 16:47:22 1791650842.094606 [tornettools] [INFO] Found /tmp/sim-results/tornet-0.15-3/tornet.plot.data/simulation_info.json
2026-10-10 16:47:22 1791650842.228950 [tornettools] [INFO] Found /tmp/sim-results/tornet-0.15-1/tornet.plot.data/simulation_info.json
2026-10-10 16:47:22 1791650842.362045 [tornettools] [INFO] Found 3 total files
2026-10-10 16:47:22 1791650842.362291 [tornettools] [INFO] Searching for files containing simulation_info.json in directory tree at /__w/benchmark/benchmark/results/tor/2026-10-09-T11-02-15
2026-10-10 16:47:22 1791650842.362436 [tornettools] [INFO] Found /__w/benchmark/benchmark/results/tor/2026-10-09-T11-02-15/tornet-0.15-1/tornet.plot.data/simulation_info.json
2026-10-10 16:47:22 1791650842.362471 [tornettools] [INFO] Found 1 total files
2026-10-10 16:47:22 1791650842.362534 [tornettools] [INFO] Searching for files containing simulation_info.json in directory tree at /__w/benchmark/benchmark/results/tor/2026-10-03-T09-46-13
2026-10-10 16:47:22 1791650842.362613 [tornettools] [INFO] Found /__w/benchmark/benchmark/results/tor/2026-10-03-T09-46-13/tornet-0.15-2/tornet.plot.data/simulation_info.json
2026-10-10 16:47:22 1791650842.362674 [tornettools] [INFO] Found /__w/benchmark/benchmark/results/tor/2026-10-03-T09-46-13/tornet-0.15-3/tornet.plot.data/simulation_info.json
2026-10-10 16:47:22 1791650842.362759 [tornettools] [INFO] Found /__w/benchmark/benchmark/results/tor/2026-10-03-T09-46-13/tornet-0.15-1/tornet.plot.data/simulation_info.json
2026-10-10 16:47:22 1791650842.362788 [tornettools] [INFO] Found 3 total files
2026-10-10 16:47:22 1791650842.362890 [tornettools] [INFO] Searching for files containing simulation_info.json in directory tree at /__w/benchmark/benchmark/results/tor/2024-01-01-T02-18-28
2026-10-10 16:47:22 1791650842.362966 [tornettools] [INFO] Found /__w/benchmark/benchmark/results/tor/2024-01-01-T02-18-28/tornet-0.15-2/tornet.plot.data/simulation_info.json
2026-10-10 16:47:22 1791650842.363024 [tornettools] [INFO] Found /__w/benchmark/benchmark/results/tor/2024-01-01-T02-18-28/tornet-0.15-3/tornet.plot.data/simulation_info.json
2026-10-10 16:47:22 1791650842.363109 [tornettools] [INFO] Found /__w/benchmark/benchmark/results/tor/2024-01-01-T02-18-28/tornet-0.15-4/tornet.plot.data/simulation_info.json
2026-10-10 16:47:22 1791650842.363165 [tornettools] [INFO] Found /__w/benchmark/benchmark/results/tor/2024-01-01-T02-18-28/tornet-0.15-1/tornet.plot.data/simulation_info.json
2026-10-10 16:47:22 1791650842.363220 [tornettools] [INFO] Found /__w/benchmark/benchmark/results/tor/2024-01-01-T02-18-28/tornet-0.15-5/tornet.plot.data/simulation_info.json
2026-10-10 16:47:22 1791650842.363247 [tornettools] [INFO] Found 5 total files
2026-10-10 16:47:22 1791650842.363400 [tornettools] [INFO] Found simulated network scale 0.15
2026-10-10 16:47:22 1791650842.363444 [tornettools] [INFO] Plotting relay goodput
