2026-10-09 13:14:01 1791551641.002603 [tornettools] [INFO] Logging system initialized! Logging events to stdout and to '/tmp/sim-results/plots/tornettools.plot.2026-10-09.13.14.01.log'
2026-10-09 13:14:01 1791551641.002779 [tornettools] [INFO] Seeded standard and numpy PRNGs with seed=991313529
2026-10-09 13:14:01 1791551641.002857 [tornettools] [INFO] The argument namespace is: Namespace(do_version=False, quiet=0, seed=991313529, command='plot', tornet_collection_path=['/tmp/sim-results', '/__w/benchmark/benchmark/results/tor/2026-10-08-T11-03-09', '/__w/benchmark/benchmark/results/tor/2026-10-03-T09-46-13', '/__w/benchmark/benchmark/results/tor/2024-01-01-T02-18-28'], tor_metrics_path=None, prefix='/tmp/sim-results/plots', labels=['2026-10-09-T11-02-15 (Nightly benchmark)', '2026-10-08-T11-03-09 (Nightly benchmark)', '2026-10-03-T09-46-13 (Weekly benchmark)', '2024-01-01-T02-18-28 (v3.1.0)'], colors=None, plot_all=False, plot_pngs=True, func=<function plot at 0x1548f113b880>, formatter_class=<class '__main__.CustomHelpFormatter'>)
2026-10-09 13:14:01 1791551641.004904 [tornettools] [INFO] The platform is: Linux-6.12.86+deb13-amd64-x86_64-with-glibc2.36
2026-10-09 13:14:01 1791551641.005013 [tornettools] [INFO] System info: uname_result(system='Linux', node='30a38dca24ef', release='6.12.86+deb13-amd64', version='#1 SMP PREEMPT_DYNAMIC Debian 6.12.86-1 (2026-05-08)', machine='x86_64')
2026-10-09 13:14:01 1791551641.282231 [tornettools] [INFO] generated new fontManager
2026-10-09 13:14:02 1791551642.195511 [tornettools] [INFO] Plotting simulation results now
2026-10-09 13:14:02 1791551642.195883 [tornettools] [INFO] Plotting tornet comparisons
2026-10-09 13:14:02 1791551642.195952 [tornettools] [INFO] Loading tornet resource usage data
2026-10-09 13:14:02 1791551642.195996 [tornettools] [INFO] Searching for files containing resource_usage.json in directory tree at /tmp/sim-results
2026-10-09 13:14:02 1791551642.196298 [tornettools] [INFO] Found /tmp/sim-results/tornet-0.15-1/tornet.plot.data/resource_usage.json
2026-10-09 13:14:02 1791551642.370249 [tornettools] [INFO] Found 1 total files
2026-10-09 13:14:02 1791551642.370841 [tornettools] [INFO] Searching for files containing resource_usage.json in directory tree at /__w/benchmark/benchmark/results/tor/2026-10-08-T11-03-09
2026-10-09 13:14:02 1791551642.371021 [tornettools] [INFO] Found /__w/benchmark/benchmark/results/tor/2026-10-08-T11-03-09/tornet-0.15-1/tornet.plot.data/resource_usage.json
2026-10-09 13:14:02 1791551642.371064 [tornettools] [INFO] Found 1 total files
2026-10-09 13:14:02 1791551642.371514 [tornettools] [INFO] Searching for files containing resource_usage.json in directory tree at /__w/benchmark/benchmark/results/tor/2026-10-03-T09-46-13
2026-10-09 13:14:02 1791551642.371637 [tornettools] [INFO] Found /__w/benchmark/benchmark/results/tor/2026-10-03-T09-46-13/tornet-0.15-2/tornet.plot.data/resource_usage.json
2026-10-09 13:14:02 1791551642.371720 [tornettools] [INFO] Found /__w/benchmark/benchmark/results/tor/2026-10-03-T09-46-13/tornet-0.15-3/tornet.plot.data/resource_usage.json
2026-10-09 13:14:02 1791551642.371827 [tornettools] [INFO] Found /__w/benchmark/benchmark/results/tor/2026-10-03-T09-46-13/tornet-0.15-1/tornet.plot.data/resource_usage.json
2026-10-09 13:14:02 1791551642.371864 [tornettools] [INFO] Found 3 total files
2026-10-09 13:14:02 1791551642.373165 [tornettools] [INFO] Searching for files containing resource_usage.json in directory tree at /__w/benchmark/benchmark/results/tor/2024-01-01-T02-18-28
2026-10-09 13:14:02 1791551642.373333 [tornettools] [INFO] Found /__w/benchmark/benchmark/results/tor/2024-01-01-T02-18-28/tornet-0.15-2/tornet.plot.data/resource_usage.json
2026-10-09 13:14:02 1791551642.373426 [tornettools] [INFO] Found /__w/benchmark/benchmark/results/tor/2024-01-01-T02-18-28/tornet-0.15-3/tornet.plot.data/resource_usage.json
2026-10-09 13:14:02 1791551642.373542 [tornettools] [INFO] Found /__w/benchmark/benchmark/results/tor/2024-01-01-T02-18-28/tornet-0.15-4/tornet.plot.data/resource_usage.json
2026-10-09 13:14:02 1791551642.373614 [tornettools] [INFO] Found /__w/benchmark/benchmark/results/tor/2024-01-01-T02-18-28/tornet-0.15-1/tornet.plot.data/resource_usage.json
2026-10-09 13:14:02 1791551642.373699 [tornettools] [INFO] Found /__w/benchmark/benchmark/results/tor/2024-01-01-T02-18-28/tornet-0.15-5/tornet.plot.data/resource_usage.json
2026-10-09 13:14:02 1791551642.373735 [tornettools] [INFO] Found 5 total files
2026-10-09 13:14:03 1791551643.937121 [tornettools] [INFO] Loading Tor metrics data
2026-10-09 13:14:03 1791551643.937352 [tornettools] [INFO] Loading tornet relay goodput data
2026-10-09 13:14:03 1791551643.937409 [tornettools] [INFO] Searching for files containing relay_goodput.json in directory tree at /tmp/sim-results
2026-10-09 13:14:03 1791551643.937813 [tornettools] [INFO] Found /tmp/sim-results/tornet-0.15-1/tornet.plot.data/relay_goodput.json
2026-10-09 13:14:04 1791551644.102023 [tornettools] [INFO] Found 1 total files
2026-10-09 13:14:04 1791551644.102362 [tornettools] [INFO] Searching for files containing relay_goodput.json in directory tree at /__w/benchmark/benchmark/results/tor/2026-10-08-T11-03-09
2026-10-09 13:14:04 1791551644.102514 [tornettools] [INFO] Found /__w/benchmark/benchmark/results/tor/2026-10-08-T11-03-09/tornet-0.15-1/tornet.plot.data/relay_goodput.json
2026-10-09 13:14:04 1791551644.102549 [tornettools] [INFO] Found 1 total files
2026-10-09 13:14:04 1791551644.102715 [tornettools] [INFO] Searching for files containing relay_goodput.json in directory tree at /__w/benchmark/benchmark/results/tor/2026-10-03-T09-46-13
2026-10-09 13:14:04 1791551644.102807 [tornettools] [INFO] Found /__w/benchmark/benchmark/results/tor/2026-10-03-T09-46-13/tornet-0.15-2/tornet.plot.data/relay_goodput.json
2026-10-09 13:14:04 1791551644.102874 [tornettools] [INFO] Found /__w/benchmark/benchmark/results/tor/2026-10-03-T09-46-13/tornet-0.15-3/tornet.plot.data/relay_goodput.json
2026-10-09 13:14:04 1791551644.102963 [tornettools] [INFO] Found /__w/benchmark/benchmark/results/tor/2026-10-03-T09-46-13/tornet-0.15-1/tornet.plot.data/relay_goodput.json
2026-10-09 13:14:04 1791551644.102992 [tornettools] [INFO] Found 3 total files
2026-10-09 13:14:04 1791551644.103404 [tornettools] [INFO] Searching for files containing relay_goodput.json in directory tree at /__w/benchmark/benchmark/results/tor/2024-01-01-T02-18-28
2026-10-09 13:14:04 1791551644.103512 [tornettools] [INFO] Found /__w/benchmark/benchmark/results/tor/2024-01-01-T02-18-28/tornet-0.15-2/tornet.plot.data/relay_goodput.json
2026-10-09 13:14:04 1791551644.103581 [tornettools] [INFO] Found /__w/benchmark/benchmark/results/tor/2024-01-01-T02-18-28/tornet-0.15-3/tornet.plot.data/relay_goodput.json
2026-10-09 13:14:04 1791551644.103680 [tornettools] [INFO] Found /__w/benchmark/benchmark/results/tor/2024-01-01-T02-18-28/tornet-0.15-4/tornet.plot.data/relay_goodput.json
2026-10-09 13:14:04 1791551644.103742 [tornettools] [INFO] Found /__w/benchmark/benchmark/results/tor/2024-01-01-T02-18-28/tornet-0.15-1/tornet.plot.data/relay_goodput.json
2026-10-09 13:14:04 1791551644.103803 [tornettools] [INFO] Found /__w/benchmark/benchmark/results/tor/2024-01-01-T02-18-28/tornet-0.15-5/tornet.plot.data/relay_goodput.json
2026-10-09 13:14:04 1791551644.103831 [tornettools] [INFO] Found 5 total files
2026-10-09 13:14:04 1791551644.104956 [tornettools] [INFO] Searching for files containing simulation_info.json in directory tree at /tmp/sim-results
2026-10-09 13:14:04 1791551644.105390 [tornettools] [INFO] Found /tmp/sim-results/tornet-0.15-1/tornet.plot.data/simulation_info.json
2026-10-09 13:14:04 1791551644.242516 [tornettools] [INFO] Found 1 total files
2026-10-09 13:14:04 1791551644.242626 [tornettools] [INFO] Searching for files containing simulation_info.json in directory tree at /__w/benchmark/benchmark/results/tor/2026-10-08-T11-03-09
2026-10-09 13:14:04 1791551644.242741 [tornettools] [INFO] Found /__w/benchmark/benchmark/results/tor/2026-10-08-T11-03-09/tornet-0.15-1/tornet.plot.data/simulation_info.json
2026-10-09 13:14:04 1791551644.242774 [tornettools] [INFO] Found 1 total files
2026-10-09 13:14:04 1791551644.242842 [tornettools] [INFO] Searching for files containing simulation_info.json in directory tree at /__w/benchmark/benchmark/results/tor/2026-10-03-T09-46-13
2026-10-09 13:14:04 1791551644.242933 [tornettools] [INFO] Found /__w/benchmark/benchmark/results/tor/2026-10-03-T09-46-13/tornet-0.15-2/tornet.plot.data/simulation_info.json
2026-10-09 13:14:04 1791551644.243006 [tornettools] [INFO] Found /__w/benchmark/benchmark/results/tor/2026-10-03-T09-46-13/tornet-0.15-3/tornet.plot.data/simulation_info.json
2026-10-09 13:14:04 1791551644.243095 [tornettools] [INFO] Found /__w/benchmark/benchmark/results/tor/2026-10-03-T09-46-13/tornet-0.15-1/tornet.plot.data/simulation_info.json
2026-10-09 13:14:04 1791551644.243132 [tornettools] [INFO] Found 3 total files
2026-10-09 13:14:04 1791551644.243232 [tornettools] [INFO] Searching for files containing simulation_info.json in directory tree at /__w/benchmark/benchmark/results/tor/2024-01-01-T02-18-28
2026-10-09 13:14:04 1791551644.243315 [tornettools] [INFO] Found /__w/benchmark/benchmark/results/tor/2024-01-01-T02-18-28/tornet-0.15-2/tornet.plot.data/simulation_info.json
2026-10-09 13:14:04 1791551644.243377 [tornettools] [INFO] Found /__w/benchmark/benchmark/results/tor/2024-01-01-T02-18-28/tornet-0.15-3/tornet.plot.data/simulation_info.json
2026-10-09 13:14:04 1791551644.243467 [tornettools] [INFO] Found /__w/benchmark/benchmark/results/tor/2024-01-01-T02-18-28/tornet-0.15-4/tornet.plot.data/simulation_info.json
2026-10-09 13:14:04 1791551644.243526 [tornettools] [INFO] Found /__w/benchmark/benchmark/results/tor/2024-01-01-T02-18-28/tornet-0.15-1/tornet.plot.data/simulation_info.json
2026-10-09 13:14:04 1791551644.243584 [tornettools] [INFO] Found /__w/benchmark/benchmark/results/tor/2024-01-01-T02-18-28/tornet-0.15-5/tornet.plot.data/simulation_info.json
2026-10-09 13:14:04 1791551644.243615 [tornettools] [INFO] Found 5 total files
2026-10-09 13:14:04 1791551644.243744 [tornettools] [INFO] Found simulated network scale 0.15
2026-10-09 13:14:04 1791551644.243783 [tornettools] [INFO] Plotting relay goodput
