2026-08-27 17:03:39 1787850219.767894 [tornettools] [INFO] Logging system initialized! Logging events to stdout and to '/tmp/sim-results/plots/tornettools.plot.2026-08-27.17.03.39.log'
2026-08-27 17:03:39 1787850219.768088 [tornettools] [INFO] Seeded standard and numpy PRNGs with seed=801865620
2026-08-27 17:03:39 1787850219.768168 [tornettools] [INFO] The argument namespace is: Namespace(do_version=False, quiet=0, seed=801865620, command='plot', tornet_collection_path=['/tmp/sim-results', '/__w/benchmark/benchmark/results/tor/2026-08-26-T04-31-09', '/__w/benchmark/benchmark/results/tor/2026-08-22-T04-38-59', '/__w/benchmark/benchmark/results/tor/2024-01-01-T02-18-28'], tor_metrics_path=None, prefix='/tmp/sim-results/plots', labels=['2026-08-27-T14-53-01 (Nightly benchmark)', '2026-08-26-T04-31-09 (Nightly benchmark)', '2026-08-22-T04-38-59 (Weekly benchmark)', '2024-01-01-T02-18-28 (v3.1.0)'], colors=None, plot_all=False, plot_pngs=True, func=<function plot at 0x14caebe3f880>, formatter_class=<class '__main__.CustomHelpFormatter'>)
2026-08-27 17:03:39 1787850219.770321 [tornettools] [INFO] The platform is: Linux-6.12.86+deb13-amd64-x86_64-with-glibc2.36
2026-08-27 17:03:39 1787850219.770439 [tornettools] [INFO] System info: uname_result(system='Linux', node='09a0db22dc2f', release='6.12.86+deb13-amd64', version='#1 SMP PREEMPT_DYNAMIC Debian 6.12.86-1 (2026-05-08)', machine='x86_64')
2026-08-27 17:03:40 1787850220.063675 [tornettools] [INFO] generated new fontManager
2026-08-27 17:03:40 1787850220.977141 [tornettools] [INFO] Plotting simulation results now
2026-08-27 17:03:40 1787850220.977560 [tornettools] [INFO] Plotting tornet comparisons
2026-08-27 17:03:40 1787850220.977627 [tornettools] [INFO] Loading tornet resource usage data
2026-08-27 17:03:40 1787850220.977674 [tornettools] [INFO] Searching for files containing resource_usage.json in directory tree at /tmp/sim-results
2026-08-27 17:03:40 1787850220.977973 [tornettools] [INFO] Found /tmp/sim-results/tornet-0.15-1/tornet.plot.data/resource_usage.json
2026-08-27 17:03:41 1787850221.151270 [tornettools] [INFO] Found 1 total files
2026-08-27 17:03:41 1787850221.151896 [tornettools] [INFO] Searching for files containing resource_usage.json in directory tree at /__w/benchmark/benchmark/results/tor/2026-08-26-T04-31-09
2026-08-27 17:03:41 1787850221.152080 [tornettools] [INFO] Found /__w/benchmark/benchmark/results/tor/2026-08-26-T04-31-09/tornet-0.15-1/tornet.plot.data/resource_usage.json
2026-08-27 17:03:41 1787850221.152126 [tornettools] [INFO] Found 1 total files
2026-08-27 17:03:41 1787850221.152579 [tornettools] [INFO] Searching for files containing resource_usage.json in directory tree at /__w/benchmark/benchmark/results/tor/2026-08-22-T04-38-59
2026-08-27 17:03:41 1787850221.152695 [tornettools] [INFO] Found /__w/benchmark/benchmark/results/tor/2026-08-22-T04-38-59/tornet-0.15-2/tornet.plot.data/resource_usage.json
2026-08-27 17:03:41 1787850221.152776 [tornettools] [INFO] Found /__w/benchmark/benchmark/results/tor/2026-08-22-T04-38-59/tornet-0.15-3/tornet.plot.data/resource_usage.json
2026-08-27 17:03:41 1787850221.152880 [tornettools] [INFO] Found /__w/benchmark/benchmark/results/tor/2026-08-22-T04-38-59/tornet-0.15-1/tornet.plot.data/resource_usage.json
2026-08-27 17:03:41 1787850221.152917 [tornettools] [INFO] Found 3 total files
2026-08-27 17:03:41 1787850221.154267 [tornettools] [INFO] Searching for files containing resource_usage.json in directory tree at /__w/benchmark/benchmark/results/tor/2024-01-01-T02-18-28
2026-08-27 17:03:41 1787850221.154425 [tornettools] [INFO] Found /__w/benchmark/benchmark/results/tor/2024-01-01-T02-18-28/tornet-0.15-2/tornet.plot.data/resource_usage.json
2026-08-27 17:03:41 1787850221.154505 [tornettools] [INFO] Found /__w/benchmark/benchmark/results/tor/2024-01-01-T02-18-28/tornet-0.15-3/tornet.plot.data/resource_usage.json
2026-08-27 17:03:41 1787850221.154619 [tornettools] [INFO] Found /__w/benchmark/benchmark/results/tor/2024-01-01-T02-18-28/tornet-0.15-4/tornet.plot.data/resource_usage.json
2026-08-27 17:03:41 1787850221.154689 [tornettools] [INFO] Found /__w/benchmark/benchmark/results/tor/2024-01-01-T02-18-28/tornet-0.15-1/tornet.plot.data/resource_usage.json
2026-08-27 17:03:41 1787850221.154776 [tornettools] [INFO] Found /__w/benchmark/benchmark/results/tor/2024-01-01-T02-18-28/tornet-0.15-5/tornet.plot.data/resource_usage.json
2026-08-27 17:03:41 1787850221.154812 [tornettools] [INFO] Found 5 total files
2026-08-27 17:03:42 1787850222.684371 [tornettools] [INFO] Loading Tor metrics data
2026-08-27 17:03:42 1787850222.684581 [tornettools] [INFO] Loading tornet relay goodput data
2026-08-27 17:03:42 1787850222.684637 [tornettools] [INFO] Searching for files containing relay_goodput.json in directory tree at /tmp/sim-results
2026-08-27 17:03:42 1787850222.685060 [tornettools] [INFO] Found /tmp/sim-results/tornet-0.15-1/tornet.plot.data/relay_goodput.json
2026-08-27 17:03:42 1787850222.854441 [tornettools] [INFO] Found 1 total files
2026-08-27 17:03:42 1787850222.854876 [tornettools] [INFO] Searching for files containing relay_goodput.json in directory tree at /__w/benchmark/benchmark/results/tor/2026-08-26-T04-31-09
2026-08-27 17:03:42 1787850222.855058 [tornettools] [INFO] Found /__w/benchmark/benchmark/results/tor/2026-08-26-T04-31-09/tornet-0.15-1/tornet.plot.data/relay_goodput.json
2026-08-27 17:03:42 1787850222.855101 [tornettools] [INFO] Found 1 total files
2026-08-27 17:03:42 1787850222.855313 [tornettools] [INFO] Searching for files containing relay_goodput.json in directory tree at /__w/benchmark/benchmark/results/tor/2026-08-22-T04-38-59
2026-08-27 17:03:42 1787850222.855420 [tornettools] [INFO] Found /__w/benchmark/benchmark/results/tor/2026-08-22-T04-38-59/tornet-0.15-2/tornet.plot.data/relay_goodput.json
2026-08-27 17:03:42 1787850222.855500 [tornettools] [INFO] Found /__w/benchmark/benchmark/results/tor/2026-08-22-T04-38-59/tornet-0.15-3/tornet.plot.data/relay_goodput.json
2026-08-27 17:03:42 1787850222.855607 [tornettools] [INFO] Found /__w/benchmark/benchmark/results/tor/2026-08-22-T04-38-59/tornet-0.15-1/tornet.plot.data/relay_goodput.json
2026-08-27 17:03:42 1787850222.855640 [tornettools] [INFO] Found 3 total files
2026-08-27 17:03:42 1787850222.856138 [tornettools] [INFO] Searching for files containing relay_goodput.json in directory tree at /__w/benchmark/benchmark/results/tor/2024-01-01-T02-18-28
2026-08-27 17:03:42 1787850222.856276 [tornettools] [INFO] Found /__w/benchmark/benchmark/results/tor/2024-01-01-T02-18-28/tornet-0.15-2/tornet.plot.data/relay_goodput.json
2026-08-27 17:03:42 1787850222.856357 [tornettools] [INFO] Found /__w/benchmark/benchmark/results/tor/2024-01-01-T02-18-28/tornet-0.15-3/tornet.plot.data/relay_goodput.json
2026-08-27 17:03:42 1787850222.856474 [tornettools] [INFO] Found /__w/benchmark/benchmark/results/tor/2024-01-01-T02-18-28/tornet-0.15-4/tornet.plot.data/relay_goodput.json
2026-08-27 17:03:42 1787850222.856548 [tornettools] [INFO] Found /__w/benchmark/benchmark/results/tor/2024-01-01-T02-18-28/tornet-0.15-1/tornet.plot.data/relay_goodput.json
2026-08-27 17:03:42 1787850222.856619 [tornettools] [INFO] Found /__w/benchmark/benchmark/results/tor/2024-01-01-T02-18-28/tornet-0.15-5/tornet.plot.data/relay_goodput.json
2026-08-27 17:03:42 1787850222.856654 [tornettools] [INFO] Found 5 total files
2026-08-27 17:03:42 1787850222.858124 [tornettools] [INFO] Searching for files containing simulation_info.json in directory tree at /tmp/sim-results
2026-08-27 17:03:42 1787850222.858487 [tornettools] [INFO] Found /tmp/sim-results/tornet-0.15-1/tornet.plot.data/simulation_info.json
2026-08-27 17:03:43 1787850223.027703 [tornettools] [INFO] Found 1 total files
2026-08-27 17:03:43 1787850223.027883 [tornettools] [INFO] Searching for files containing simulation_info.json in directory tree at /__w/benchmark/benchmark/results/tor/2026-08-26-T04-31-09
2026-08-27 17:03:43 1787850223.028031 [tornettools] [INFO] Found /__w/benchmark/benchmark/results/tor/2026-08-26-T04-31-09/tornet-0.15-1/tornet.plot.data/simulation_info.json
2026-08-27 17:03:43 1787850223.028071 [tornettools] [INFO] Found 1 total files
2026-08-27 17:03:43 1787850223.028157 [tornettools] [INFO] Searching for files containing simulation_info.json in directory tree at /__w/benchmark/benchmark/results/tor/2026-08-22-T04-38-59
2026-08-27 17:03:43 1787850223.028250 [tornettools] [INFO] Found /__w/benchmark/benchmark/results/tor/2026-08-22-T04-38-59/tornet-0.15-2/tornet.plot.data/simulation_info.json
2026-08-27 17:03:43 1787850223.028323 [tornettools] [INFO] Found /__w/benchmark/benchmark/results/tor/2026-08-22-T04-38-59/tornet-0.15-3/tornet.plot.data/simulation_info.json
2026-08-27 17:03:43 1787850223.028422 [tornettools] [INFO] Found /__w/benchmark/benchmark/results/tor/2026-08-22-T04-38-59/tornet-0.15-1/tornet.plot.data/simulation_info.json
2026-08-27 17:03:43 1787850223.028462 [tornettools] [INFO] Found 3 total files
2026-08-27 17:03:43 1787850223.028582 [tornettools] [INFO] Searching for files containing simulation_info.json in directory tree at /__w/benchmark/benchmark/results/tor/2024-01-01-T02-18-28
2026-08-27 17:03:43 1787850223.028679 [tornettools] [INFO] Found /__w/benchmark/benchmark/results/tor/2024-01-01-T02-18-28/tornet-0.15-2/tornet.plot.data/simulation_info.json
2026-08-27 17:03:43 1787850223.028757 [tornettools] [INFO] Found /__w/benchmark/benchmark/results/tor/2024-01-01-T02-18-28/tornet-0.15-3/tornet.plot.data/simulation_info.json
2026-08-27 17:03:43 1787850223.028869 [tornettools] [INFO] Found /__w/benchmark/benchmark/results/tor/2024-01-01-T02-18-28/tornet-0.15-4/tornet.plot.data/simulation_info.json
2026-08-27 17:03:43 1787850223.028940 [tornettools] [INFO] Found /__w/benchmark/benchmark/results/tor/2024-01-01-T02-18-28/tornet-0.15-1/tornet.plot.data/simulation_info.json
2026-08-27 17:03:43 1787850223.029011 [tornettools] [INFO] Found /__w/benchmark/benchmark/results/tor/2024-01-01-T02-18-28/tornet-0.15-5/tornet.plot.data/simulation_info.json
2026-08-27 17:03:43 1787850223.029048 [tornettools] [INFO] Found 5 total files
2026-08-27 17:03:43 1787850223.029255 [tornettools] [INFO] Found simulated network scale 0.15
2026-08-27 17:03:43 1787850223.029308 [tornettools] [INFO] Plotting relay goodput
