2026-08-13 07:37:40 1786606660.659230 [tornettools] [INFO] Logging system initialized! Logging events to stdout and to '/tmp/sim-results/plots/tornettools.plot.2026-08-13.07.37.40.log'
2026-08-13 07:37:40 1786606660.659401 [tornettools] [INFO] Seeded standard and numpy PRNGs with seed=1500989907
2026-08-13 07:37:40 1786606660.659485 [tornettools] [INFO] The argument namespace is: Namespace(do_version=False, quiet=0, seed=1500989907, command='plot', tornet_collection_path=['/tmp/sim-results', '/__w/benchmark/benchmark/results/tor/2026-08-12-T05-24-13', '/__w/benchmark/benchmark/results/tor/2026-08-08-T05-03-44', '/__w/benchmark/benchmark/results/tor/2024-01-01-T02-18-28'], tor_metrics_path=None, prefix='/tmp/sim-results/plots', labels=['2026-08-13-T05-27-18 (Nightly benchmark)', '2026-08-12-T05-24-13 (Nightly benchmark)', '2026-08-08-T05-03-44 (Weekly benchmark)', '2024-01-01-T02-18-28 (v3.1.0)'], colors=None, plot_all=False, plot_pngs=True, func=<function plot at 0x14c211b3b880>, formatter_class=<class '__main__.CustomHelpFormatter'>)
2026-08-13 07:37:40 1786606660.661644 [tornettools] [INFO] The platform is: Linux-6.12.86+deb13-amd64-x86_64-with-glibc2.36
2026-08-13 07:37:40 1786606660.661756 [tornettools] [INFO] System info: uname_result(system='Linux', node='81a30bb3eeb3', release='6.12.86+deb13-amd64', version='#1 SMP PREEMPT_DYNAMIC Debian 6.12.86-1 (2026-05-08)', machine='x86_64')
2026-08-13 07:37:40 1786606660.942248 [tornettools] [INFO] generated new fontManager
2026-08-13 07:37:41 1786606661.840155 [tornettools] [INFO] Plotting simulation results now
2026-08-13 07:37:41 1786606661.840514 [tornettools] [INFO] Plotting tornet comparisons
2026-08-13 07:37:41 1786606661.840585 [tornettools] [INFO] Loading tornet resource usage data
2026-08-13 07:37:41 1786606661.840631 [tornettools] [INFO] Searching for files containing resource_usage.json in directory tree at /tmp/sim-results
2026-08-13 07:37:41 1786606661.840927 [tornettools] [INFO] Found /tmp/sim-results/tornet-0.15-1/tornet.plot.data/resource_usage.json
2026-08-13 07:37:42 1786606662.011414 [tornettools] [INFO] Found 1 total files
2026-08-13 07:37:42 1786606662.012004 [tornettools] [INFO] Searching for files containing resource_usage.json in directory tree at /__w/benchmark/benchmark/results/tor/2026-08-12-T05-24-13
2026-08-13 07:37:42 1786606662.012180 [tornettools] [INFO] Found /__w/benchmark/benchmark/results/tor/2026-08-12-T05-24-13/tornet-0.15-1/tornet.plot.data/resource_usage.json
2026-08-13 07:37:42 1786606662.012235 [tornettools] [INFO] Found 1 total files
2026-08-13 07:37:42 1786606662.012695 [tornettools] [INFO] Searching for files containing resource_usage.json in directory tree at /__w/benchmark/benchmark/results/tor/2026-08-08-T05-03-44
2026-08-13 07:37:42 1786606662.012812 [tornettools] [INFO] Found /__w/benchmark/benchmark/results/tor/2026-08-08-T05-03-44/tornet-0.15-2/tornet.plot.data/resource_usage.json
2026-08-13 07:37:42 1786606662.012891 [tornettools] [INFO] Found /__w/benchmark/benchmark/results/tor/2026-08-08-T05-03-44/tornet-0.15-3/tornet.plot.data/resource_usage.json
2026-08-13 07:37:42 1786606662.012994 [tornettools] [INFO] Found /__w/benchmark/benchmark/results/tor/2026-08-08-T05-03-44/tornet-0.15-1/tornet.plot.data/resource_usage.json
2026-08-13 07:37:42 1786606662.013030 [tornettools] [INFO] Found 3 total files
2026-08-13 07:37:42 1786606662.014668 [tornettools] [INFO] Searching for files containing resource_usage.json in directory tree at /__w/benchmark/benchmark/results/tor/2024-01-01-T02-18-28
2026-08-13 07:37:42 1786606662.014822 [tornettools] [INFO] Found /__w/benchmark/benchmark/results/tor/2024-01-01-T02-18-28/tornet-0.15-2/tornet.plot.data/resource_usage.json
2026-08-13 07:37:42 1786606662.014901 [tornettools] [INFO] Found /__w/benchmark/benchmark/results/tor/2024-01-01-T02-18-28/tornet-0.15-3/tornet.plot.data/resource_usage.json
2026-08-13 07:37:42 1786606662.015022 [tornettools] [INFO] Found /__w/benchmark/benchmark/results/tor/2024-01-01-T02-18-28/tornet-0.15-4/tornet.plot.data/resource_usage.json
2026-08-13 07:37:42 1786606662.015096 [tornettools] [INFO] Found /__w/benchmark/benchmark/results/tor/2024-01-01-T02-18-28/tornet-0.15-1/tornet.plot.data/resource_usage.json
2026-08-13 07:37:42 1786606662.015180 [tornettools] [INFO] Found /__w/benchmark/benchmark/results/tor/2024-01-01-T02-18-28/tornet-0.15-5/tornet.plot.data/resource_usage.json
2026-08-13 07:37:42 1786606662.015216 [tornettools] [INFO] Found 5 total files
2026-08-13 07:37:43 1786606663.584944 [tornettools] [INFO] Loading Tor metrics data
2026-08-13 07:37:43 1786606663.585144 [tornettools] [INFO] Loading tornet relay goodput data
2026-08-13 07:37:43 1786606663.585212 [tornettools] [INFO] Searching for files containing relay_goodput.json in directory tree at /tmp/sim-results
2026-08-13 07:37:43 1786606663.585615 [tornettools] [INFO] Found /tmp/sim-results/tornet-0.15-1/tornet.plot.data/relay_goodput.json
2026-08-13 07:37:43 1786606663.752835 [tornettools] [INFO] Found 1 total files
2026-08-13 07:37:43 1786606663.753198 [tornettools] [INFO] Searching for files containing relay_goodput.json in directory tree at /__w/benchmark/benchmark/results/tor/2026-08-12-T05-24-13
2026-08-13 07:37:43 1786606663.753351 [tornettools] [INFO] Found /__w/benchmark/benchmark/results/tor/2026-08-12-T05-24-13/tornet-0.15-1/tornet.plot.data/relay_goodput.json
2026-08-13 07:37:43 1786606663.753386 [tornettools] [INFO] Found 1 total files
2026-08-13 07:37:43 1786606663.753575 [tornettools] [INFO] Searching for files containing relay_goodput.json in directory tree at /__w/benchmark/benchmark/results/tor/2026-08-08-T05-03-44
2026-08-13 07:37:43 1786606663.753670 [tornettools] [INFO] Found /__w/benchmark/benchmark/results/tor/2026-08-08-T05-03-44/tornet-0.15-2/tornet.plot.data/relay_goodput.json
2026-08-13 07:37:43 1786606663.753740 [tornettools] [INFO] Found /__w/benchmark/benchmark/results/tor/2026-08-08-T05-03-44/tornet-0.15-3/tornet.plot.data/relay_goodput.json
2026-08-13 07:37:43 1786606663.753832 [tornettools] [INFO] Found /__w/benchmark/benchmark/results/tor/2026-08-08-T05-03-44/tornet-0.15-1/tornet.plot.data/relay_goodput.json
2026-08-13 07:37:43 1786606663.753860 [tornettools] [INFO] Found 3 total files
2026-08-13 07:37:43 1786606663.754300 [tornettools] [INFO] Searching for files containing relay_goodput.json in directory tree at /__w/benchmark/benchmark/results/tor/2024-01-01-T02-18-28
2026-08-13 07:37:43 1786606663.754413 [tornettools] [INFO] Found /__w/benchmark/benchmark/results/tor/2024-01-01-T02-18-28/tornet-0.15-2/tornet.plot.data/relay_goodput.json
2026-08-13 07:37:43 1786606663.754481 [tornettools] [INFO] Found /__w/benchmark/benchmark/results/tor/2024-01-01-T02-18-28/tornet-0.15-3/tornet.plot.data/relay_goodput.json
2026-08-13 07:37:43 1786606663.754583 [tornettools] [INFO] Found /__w/benchmark/benchmark/results/tor/2024-01-01-T02-18-28/tornet-0.15-4/tornet.plot.data/relay_goodput.json
2026-08-13 07:37:43 1786606663.754646 [tornettools] [INFO] Found /__w/benchmark/benchmark/results/tor/2024-01-01-T02-18-28/tornet-0.15-1/tornet.plot.data/relay_goodput.json
2026-08-13 07:37:43 1786606663.754709 [tornettools] [INFO] Found /__w/benchmark/benchmark/results/tor/2024-01-01-T02-18-28/tornet-0.15-5/tornet.plot.data/relay_goodput.json
2026-08-13 07:37:43 1786606663.754738 [tornettools] [INFO] Found 5 total files
2026-08-13 07:37:43 1786606663.755939 [tornettools] [INFO] Searching for files containing simulation_info.json in directory tree at /tmp/sim-results
2026-08-13 07:37:43 1786606663.756226 [tornettools] [INFO] Found /tmp/sim-results/tornet-0.15-1/tornet.plot.data/simulation_info.json
2026-08-13 07:37:43 1786606663.907450 [tornettools] [INFO] Found 1 total files
2026-08-13 07:37:43 1786606663.907568 [tornettools] [INFO] Searching for files containing simulation_info.json in directory tree at /__w/benchmark/benchmark/results/tor/2026-08-12-T05-24-13
2026-08-13 07:37:43 1786606663.907681 [tornettools] [INFO] Found /__w/benchmark/benchmark/results/tor/2026-08-12-T05-24-13/tornet-0.15-1/tornet.plot.data/simulation_info.json
2026-08-13 07:37:43 1786606663.907713 [tornettools] [INFO] Found 1 total files
2026-08-13 07:37:43 1786606663.907778 [tornettools] [INFO] Searching for files containing simulation_info.json in directory tree at /__w/benchmark/benchmark/results/tor/2026-08-08-T05-03-44
2026-08-13 07:37:43 1786606663.907854 [tornettools] [INFO] Found /__w/benchmark/benchmark/results/tor/2026-08-08-T05-03-44/tornet-0.15-2/tornet.plot.data/simulation_info.json
2026-08-13 07:37:43 1786606663.907915 [tornettools] [INFO] Found /__w/benchmark/benchmark/results/tor/2026-08-08-T05-03-44/tornet-0.15-3/tornet.plot.data/simulation_info.json
2026-08-13 07:37:43 1786606663.908000 [tornettools] [INFO] Found /__w/benchmark/benchmark/results/tor/2026-08-08-T05-03-44/tornet-0.15-1/tornet.plot.data/simulation_info.json
2026-08-13 07:37:43 1786606663.908034 [tornettools] [INFO] Found 3 total files
2026-08-13 07:37:43 1786606663.908132 [tornettools] [INFO] Searching for files containing simulation_info.json in directory tree at /__w/benchmark/benchmark/results/tor/2024-01-01-T02-18-28
2026-08-13 07:37:43 1786606663.908211 [tornettools] [INFO] Found /__w/benchmark/benchmark/results/tor/2024-01-01-T02-18-28/tornet-0.15-2/tornet.plot.data/simulation_info.json
2026-08-13 07:37:43 1786606663.908270 [tornettools] [INFO] Found /__w/benchmark/benchmark/results/tor/2024-01-01-T02-18-28/tornet-0.15-3/tornet.plot.data/simulation_info.json
2026-08-13 07:37:43 1786606663.908361 [tornettools] [INFO] Found /__w/benchmark/benchmark/results/tor/2024-01-01-T02-18-28/tornet-0.15-4/tornet.plot.data/simulation_info.json
2026-08-13 07:37:43 1786606663.908419 [tornettools] [INFO] Found /__w/benchmark/benchmark/results/tor/2024-01-01-T02-18-28/tornet-0.15-1/tornet.plot.data/simulation_info.json
2026-08-13 07:37:43 1786606663.908478 [tornettools] [INFO] Found /__w/benchmark/benchmark/results/tor/2024-01-01-T02-18-28/tornet-0.15-5/tornet.plot.data/simulation_info.json
2026-08-13 07:37:43 1786606663.908508 [tornettools] [INFO] Found 5 total files
2026-08-13 07:37:43 1786606663.908656 [tornettools] [INFO] Found simulated network scale 0.15
2026-08-13 07:37:43 1786606663.908695 [tornettools] [INFO] Plotting relay goodput
