2026-10-08 13:14:51 1791465291.293702 [tornettools] [INFO] Logging system initialized! Logging events to stdout and to '/tmp/sim-results/plots/tornettools.plot.2026-10-08.13.14.51.log'
2026-10-08 13:14:51 1791465291.293869 [tornettools] [INFO] Seeded standard and numpy PRNGs with seed=240060032
2026-10-08 13:14:51 1791465291.293948 [tornettools] [INFO] The argument namespace is: Namespace(do_version=False, quiet=0, seed=240060032, command='plot', tornet_collection_path=['/tmp/sim-results', '/__w/benchmark/benchmark/results/tor/2026-10-07-T10-43-26', '/__w/benchmark/benchmark/results/tor/2026-10-03-T09-46-13', '/__w/benchmark/benchmark/results/tor/2024-01-01-T02-18-28'], tor_metrics_path=None, prefix='/tmp/sim-results/plots', labels=['2026-10-08-T11-03-09 (Nightly benchmark)', '2026-10-07-T10-43-26 (Nightly benchmark)', '2026-10-03-T09-46-13 (Weekly benchmark)', '2024-01-01-T02-18-28 (v3.1.0)'], colors=None, plot_all=False, plot_pngs=True, func=<function plot at 0x14b05f153880>, formatter_class=<class '__main__.CustomHelpFormatter'>)
2026-10-08 13:14:51 1791465291.295958 [tornettools] [INFO] The platform is: Linux-6.12.86+deb13-amd64-x86_64-with-glibc2.36
2026-10-08 13:14:51 1791465291.296064 [tornettools] [INFO] System info: uname_result(system='Linux', node='73f99be50856', release='6.12.86+deb13-amd64', version='#1 SMP PREEMPT_DYNAMIC Debian 6.12.86-1 (2026-05-08)', machine='x86_64')
2026-10-08 13:14:51 1791465291.573192 [tornettools] [INFO] generated new fontManager
2026-10-08 13:14:52 1791465292.470844 [tornettools] [INFO] Plotting simulation results now
2026-10-08 13:14:52 1791465292.471222 [tornettools] [INFO] Plotting tornet comparisons
2026-10-08 13:14:52 1791465292.471293 [tornettools] [INFO] Loading tornet resource usage data
2026-10-08 13:14:52 1791465292.471336 [tornettools] [INFO] Searching for files containing resource_usage.json in directory tree at /tmp/sim-results
2026-10-08 13:14:52 1791465292.471625 [tornettools] [INFO] Found /tmp/sim-results/tornet-0.15-1/tornet.plot.data/resource_usage.json
2026-10-08 13:14:52 1791465292.643573 [tornettools] [INFO] Found 1 total files
2026-10-08 13:14:52 1791465292.644176 [tornettools] [INFO] Searching for files containing resource_usage.json in directory tree at /__w/benchmark/benchmark/results/tor/2026-10-07-T10-43-26
2026-10-08 13:14:52 1791465292.644355 [tornettools] [INFO] Found /__w/benchmark/benchmark/results/tor/2026-10-07-T10-43-26/tornet-0.15-1/tornet.plot.data/resource_usage.json
2026-10-08 13:14:52 1791465292.644399 [tornettools] [INFO] Found 1 total files
2026-10-08 13:14:52 1791465292.645155 [tornettools] [INFO] Searching for files containing resource_usage.json in directory tree at /__w/benchmark/benchmark/results/tor/2026-10-03-T09-46-13
2026-10-08 13:14:52 1791465292.645320 [tornettools] [INFO] Found /__w/benchmark/benchmark/results/tor/2026-10-03-T09-46-13/tornet-0.15-2/tornet.plot.data/resource_usage.json
2026-10-08 13:14:52 1791465292.645413 [tornettools] [INFO] Found /__w/benchmark/benchmark/results/tor/2026-10-03-T09-46-13/tornet-0.15-3/tornet.plot.data/resource_usage.json
2026-10-08 13:14:52 1791465292.645516 [tornettools] [INFO] Found /__w/benchmark/benchmark/results/tor/2026-10-03-T09-46-13/tornet-0.15-1/tornet.plot.data/resource_usage.json
2026-10-08 13:14:52 1791465292.645555 [tornettools] [INFO] Found 3 total files
2026-10-08 13:14:52 1791465292.646889 [tornettools] [INFO] Searching for files containing resource_usage.json in directory tree at /__w/benchmark/benchmark/results/tor/2024-01-01-T02-18-28
2026-10-08 13:14:52 1791465292.647039 [tornettools] [INFO] Found /__w/benchmark/benchmark/results/tor/2024-01-01-T02-18-28/tornet-0.15-2/tornet.plot.data/resource_usage.json
2026-10-08 13:14:52 1791465292.647119 [tornettools] [INFO] Found /__w/benchmark/benchmark/results/tor/2024-01-01-T02-18-28/tornet-0.15-3/tornet.plot.data/resource_usage.json
2026-10-08 13:14:52 1791465292.647232 [tornettools] [INFO] Found /__w/benchmark/benchmark/results/tor/2024-01-01-T02-18-28/tornet-0.15-4/tornet.plot.data/resource_usage.json
2026-10-08 13:14:52 1791465292.647303 [tornettools] [INFO] Found /__w/benchmark/benchmark/results/tor/2024-01-01-T02-18-28/tornet-0.15-1/tornet.plot.data/resource_usage.json
2026-10-08 13:14:52 1791465292.647383 [tornettools] [INFO] Found /__w/benchmark/benchmark/results/tor/2024-01-01-T02-18-28/tornet-0.15-5/tornet.plot.data/resource_usage.json
2026-10-08 13:14:52 1791465292.647418 [tornettools] [INFO] Found 5 total files
2026-10-08 13:14:54 1791465294.211906 [tornettools] [INFO] Loading Tor metrics data
2026-10-08 13:14:54 1791465294.212103 [tornettools] [INFO] Loading tornet relay goodput data
2026-10-08 13:14:54 1791465294.212154 [tornettools] [INFO] Searching for files containing relay_goodput.json in directory tree at /tmp/sim-results
2026-10-08 13:14:54 1791465294.212551 [tornettools] [INFO] Found /tmp/sim-results/tornet-0.15-1/tornet.plot.data/relay_goodput.json
2026-10-08 13:14:54 1791465294.377782 [tornettools] [INFO] Found 1 total files
2026-10-08 13:14:54 1791465294.378104 [tornettools] [INFO] Searching for files containing relay_goodput.json in directory tree at /__w/benchmark/benchmark/results/tor/2026-10-07-T10-43-26
2026-10-08 13:14:54 1791465294.378252 [tornettools] [INFO] Found /__w/benchmark/benchmark/results/tor/2026-10-07-T10-43-26/tornet-0.15-1/tornet.plot.data/relay_goodput.json
2026-10-08 13:14:54 1791465294.378287 [tornettools] [INFO] Found 1 total files
2026-10-08 13:14:54 1791465294.378465 [tornettools] [INFO] Searching for files containing relay_goodput.json in directory tree at /__w/benchmark/benchmark/results/tor/2026-10-03-T09-46-13
2026-10-08 13:14:54 1791465294.378559 [tornettools] [INFO] Found /__w/benchmark/benchmark/results/tor/2026-10-03-T09-46-13/tornet-0.15-2/tornet.plot.data/relay_goodput.json
2026-10-08 13:14:54 1791465294.378628 [tornettools] [INFO] Found /__w/benchmark/benchmark/results/tor/2026-10-03-T09-46-13/tornet-0.15-3/tornet.plot.data/relay_goodput.json
2026-10-08 13:14:54 1791465294.378718 [tornettools] [INFO] Found /__w/benchmark/benchmark/results/tor/2026-10-03-T09-46-13/tornet-0.15-1/tornet.plot.data/relay_goodput.json
2026-10-08 13:14:54 1791465294.378747 [tornettools] [INFO] Found 3 total files
2026-10-08 13:14:54 1791465294.379185 [tornettools] [INFO] Searching for files containing relay_goodput.json in directory tree at /__w/benchmark/benchmark/results/tor/2024-01-01-T02-18-28
2026-10-08 13:14:54 1791465294.379286 [tornettools] [INFO] Found /__w/benchmark/benchmark/results/tor/2024-01-01-T02-18-28/tornet-0.15-2/tornet.plot.data/relay_goodput.json
2026-10-08 13:14:54 1791465294.379349 [tornettools] [INFO] Found /__w/benchmark/benchmark/results/tor/2024-01-01-T02-18-28/tornet-0.15-3/tornet.plot.data/relay_goodput.json
2026-10-08 13:14:54 1791465294.379443 [tornettools] [INFO] Found /__w/benchmark/benchmark/results/tor/2024-01-01-T02-18-28/tornet-0.15-4/tornet.plot.data/relay_goodput.json
2026-10-08 13:14:54 1791465294.379503 [tornettools] [INFO] Found /__w/benchmark/benchmark/results/tor/2024-01-01-T02-18-28/tornet-0.15-1/tornet.plot.data/relay_goodput.json
2026-10-08 13:14:54 1791465294.379563 [tornettools] [INFO] Found /__w/benchmark/benchmark/results/tor/2024-01-01-T02-18-28/tornet-0.15-5/tornet.plot.data/relay_goodput.json
2026-10-08 13:14:54 1791465294.379591 [tornettools] [INFO] Found 5 total files
2026-10-08 13:14:54 1791465294.380702 [tornettools] [INFO] Searching for files containing simulation_info.json in directory tree at /tmp/sim-results
2026-10-08 13:14:54 1791465294.380981 [tornettools] [INFO] Found /tmp/sim-results/tornet-0.15-1/tornet.plot.data/simulation_info.json
2026-10-08 13:14:54 1791465294.515813 [tornettools] [INFO] Found 1 total files
2026-10-08 13:14:54 1791465294.515917 [tornettools] [INFO] Searching for files containing simulation_info.json in directory tree at /__w/benchmark/benchmark/results/tor/2026-10-07-T10-43-26
2026-10-08 13:14:54 1791465294.516027 [tornettools] [INFO] Found /__w/benchmark/benchmark/results/tor/2026-10-07-T10-43-26/tornet-0.15-1/tornet.plot.data/simulation_info.json
2026-10-08 13:14:54 1791465294.516060 [tornettools] [INFO] Found 1 total files
2026-10-08 13:14:54 1791465294.516124 [tornettools] [INFO] Searching for files containing simulation_info.json in directory tree at /__w/benchmark/benchmark/results/tor/2026-10-03-T09-46-13
2026-10-08 13:14:54 1791465294.516201 [tornettools] [INFO] Found /__w/benchmark/benchmark/results/tor/2026-10-03-T09-46-13/tornet-0.15-2/tornet.plot.data/simulation_info.json
2026-10-08 13:14:54 1791465294.516263 [tornettools] [INFO] Found /__w/benchmark/benchmark/results/tor/2026-10-03-T09-46-13/tornet-0.15-3/tornet.plot.data/simulation_info.json
2026-10-08 13:14:54 1791465294.516350 [tornettools] [INFO] Found /__w/benchmark/benchmark/results/tor/2026-10-03-T09-46-13/tornet-0.15-1/tornet.plot.data/simulation_info.json
2026-10-08 13:14:54 1791465294.516383 [tornettools] [INFO] Found 3 total files
2026-10-08 13:14:54 1791465294.516484 [tornettools] [INFO] Searching for files containing simulation_info.json in directory tree at /__w/benchmark/benchmark/results/tor/2024-01-01-T02-18-28
2026-10-08 13:14:54 1791465294.516563 [tornettools] [INFO] Found /__w/benchmark/benchmark/results/tor/2024-01-01-T02-18-28/tornet-0.15-2/tornet.plot.data/simulation_info.json
2026-10-08 13:14:54 1791465294.516623 [tornettools] [INFO] Found /__w/benchmark/benchmark/results/tor/2024-01-01-T02-18-28/tornet-0.15-3/tornet.plot.data/simulation_info.json
2026-10-08 13:14:54 1791465294.516711 [tornettools] [INFO] Found /__w/benchmark/benchmark/results/tor/2024-01-01-T02-18-28/tornet-0.15-4/tornet.plot.data/simulation_info.json
2026-10-08 13:14:54 1791465294.516769 [tornettools] [INFO] Found /__w/benchmark/benchmark/results/tor/2024-01-01-T02-18-28/tornet-0.15-1/tornet.plot.data/simulation_info.json
2026-10-08 13:14:54 1791465294.516826 [tornettools] [INFO] Found /__w/benchmark/benchmark/results/tor/2024-01-01-T02-18-28/tornet-0.15-5/tornet.plot.data/simulation_info.json
2026-10-08 13:14:54 1791465294.516857 [tornettools] [INFO] Found 5 total files
2026-10-08 13:14:54 1791465294.516995 [tornettools] [INFO] Found simulated network scale 0.15
2026-10-08 13:14:54 1791465294.517035 [tornettools] [INFO] Plotting relay goodput
