2026-10-01 12:46:03 1790858763.218587 [tornettools] [INFO] Logging system initialized! Logging events to stdout and to '/tmp/sim-results/plots/tornettools.plot.2026-10-01.12.46.03.log'
2026-10-01 12:46:03 1790858763.218753 [tornettools] [INFO] Seeded standard and numpy PRNGs with seed=696435929
2026-10-01 12:46:03 1790858763.218830 [tornettools] [INFO] The argument namespace is: Namespace(do_version=False, quiet=0, seed=696435929, command='plot', tornet_collection_path=['/tmp/sim-results', '/__w/benchmark/benchmark/results/tor/2026-09-30-T10-07-28', '/__w/benchmark/benchmark/results/tor/2026-09-26-T09-15-46', '/__w/benchmark/benchmark/results/tor/2024-01-01-T02-18-28'], tor_metrics_path=None, prefix='/tmp/sim-results/plots', labels=['2026-10-01-T10-36-14 (Nightly benchmark)', '2026-09-30-T10-07-28 (Nightly benchmark)', '2026-09-26-T09-15-46 (Weekly benchmark)', '2024-01-01-T02-18-28 (v3.1.0)'], colors=None, plot_all=False, plot_pngs=True, func=<function plot at 0x1470b124f880>, formatter_class=<class '__main__.CustomHelpFormatter'>)
2026-10-01 12:46:03 1790858763.220863 [tornettools] [INFO] The platform is: Linux-6.12.86+deb13-amd64-x86_64-with-glibc2.36
2026-10-01 12:46:03 1790858763.220967 [tornettools] [INFO] System info: uname_result(system='Linux', node='9782b3de5eb1', release='6.12.86+deb13-amd64', version='#1 SMP PREEMPT_DYNAMIC Debian 6.12.86-1 (2026-05-08)', machine='x86_64')
2026-10-01 12:46:03 1790858763.497262 [tornettools] [INFO] generated new fontManager
2026-10-01 12:46:04 1790858764.396605 [tornettools] [INFO] Plotting simulation results now
2026-10-01 12:46:04 1790858764.396977 [tornettools] [INFO] Plotting tornet comparisons
2026-10-01 12:46:04 1790858764.397048 [tornettools] [INFO] Loading tornet resource usage data
2026-10-01 12:46:04 1790858764.397090 [tornettools] [INFO] Searching for files containing resource_usage.json in directory tree at /tmp/sim-results
2026-10-01 12:46:04 1790858764.397408 [tornettools] [INFO] Found /tmp/sim-results/tornet-0.15-1/tornet.plot.data/resource_usage.json
2026-10-01 12:46:04 1790858764.575447 [tornettools] [INFO] Found 1 total files
2026-10-01 12:46:04 1790858764.576038 [tornettools] [INFO] Searching for files containing resource_usage.json in directory tree at /__w/benchmark/benchmark/results/tor/2026-09-30-T10-07-28
2026-10-01 12:46:04 1790858764.576217 [tornettools] [INFO] Found /__w/benchmark/benchmark/results/tor/2026-09-30-T10-07-28/tornet-0.15-1/tornet.plot.data/resource_usage.json
2026-10-01 12:46:04 1790858764.576262 [tornettools] [INFO] Found 1 total files
2026-10-01 12:46:04 1790858764.576717 [tornettools] [INFO] Searching for files containing resource_usage.json in directory tree at /__w/benchmark/benchmark/results/tor/2026-09-26-T09-15-46
2026-10-01 12:46:04 1790858764.576836 [tornettools] [INFO] Found /__w/benchmark/benchmark/results/tor/2026-09-26-T09-15-46/tornet-0.15-2/tornet.plot.data/resource_usage.json
2026-10-01 12:46:04 1790858764.576916 [tornettools] [INFO] Found /__w/benchmark/benchmark/results/tor/2026-09-26-T09-15-46/tornet-0.15-3/tornet.plot.data/resource_usage.json
2026-10-01 12:46:04 1790858764.577026 [tornettools] [INFO] Found /__w/benchmark/benchmark/results/tor/2026-09-26-T09-15-46/tornet-0.15-1/tornet.plot.data/resource_usage.json
2026-10-01 12:46:04 1790858764.577062 [tornettools] [INFO] Found 3 total files
2026-10-01 12:46:04 1790858764.578711 [tornettools] [INFO] Searching for files containing resource_usage.json in directory tree at /__w/benchmark/benchmark/results/tor/2024-01-01-T02-18-28
2026-10-01 12:46:04 1790858764.578873 [tornettools] [INFO] Found /__w/benchmark/benchmark/results/tor/2024-01-01-T02-18-28/tornet-0.15-2/tornet.plot.data/resource_usage.json
2026-10-01 12:46:04 1790858764.578955 [tornettools] [INFO] Found /__w/benchmark/benchmark/results/tor/2024-01-01-T02-18-28/tornet-0.15-3/tornet.plot.data/resource_usage.json
2026-10-01 12:46:04 1790858764.579074 [tornettools] [INFO] Found /__w/benchmark/benchmark/results/tor/2024-01-01-T02-18-28/tornet-0.15-4/tornet.plot.data/resource_usage.json
2026-10-01 12:46:04 1790858764.579144 [tornettools] [INFO] Found /__w/benchmark/benchmark/results/tor/2024-01-01-T02-18-28/tornet-0.15-1/tornet.plot.data/resource_usage.json
2026-10-01 12:46:04 1790858764.579229 [tornettools] [INFO] Found /__w/benchmark/benchmark/results/tor/2024-01-01-T02-18-28/tornet-0.15-5/tornet.plot.data/resource_usage.json
2026-10-01 12:46:04 1790858764.579264 [tornettools] [INFO] Found 5 total files
2026-10-01 12:46:06 1790858766.130495 [tornettools] [INFO] Loading Tor metrics data
2026-10-01 12:46:06 1790858766.130698 [tornettools] [INFO] Loading tornet relay goodput data
2026-10-01 12:46:06 1790858766.130755 [tornettools] [INFO] Searching for files containing relay_goodput.json in directory tree at /tmp/sim-results
2026-10-01 12:46:06 1790858766.131154 [tornettools] [INFO] Found /tmp/sim-results/tornet-0.15-1/tornet.plot.data/relay_goodput.json
2026-10-01 12:46:06 1790858766.292382 [tornettools] [INFO] Found 1 total files
2026-10-01 12:46:06 1790858766.292678 [tornettools] [INFO] Searching for files containing relay_goodput.json in directory tree at /__w/benchmark/benchmark/results/tor/2026-09-30-T10-07-28
2026-10-01 12:46:06 1790858766.292820 [tornettools] [INFO] Found /__w/benchmark/benchmark/results/tor/2026-09-30-T10-07-28/tornet-0.15-1/tornet.plot.data/relay_goodput.json
2026-10-01 12:46:06 1790858766.292854 [tornettools] [INFO] Found 1 total files
2026-10-01 12:46:06 1790858766.293025 [tornettools] [INFO] Searching for files containing relay_goodput.json in directory tree at /__w/benchmark/benchmark/results/tor/2026-09-26-T09-15-46
2026-10-01 12:46:06 1790858766.293117 [tornettools] [INFO] Found /__w/benchmark/benchmark/results/tor/2026-09-26-T09-15-46/tornet-0.15-2/tornet.plot.data/relay_goodput.json
2026-10-01 12:46:06 1790858766.293182 [tornettools] [INFO] Found /__w/benchmark/benchmark/results/tor/2026-09-26-T09-15-46/tornet-0.15-3/tornet.plot.data/relay_goodput.json
2026-10-01 12:46:06 1790858766.293282 [tornettools] [INFO] Found /__w/benchmark/benchmark/results/tor/2026-09-26-T09-15-46/tornet-0.15-1/tornet.plot.data/relay_goodput.json
2026-10-01 12:46:06 1790858766.293314 [tornettools] [INFO] Found 3 total files
2026-10-01 12:46:06 1790858766.293730 [tornettools] [INFO] Searching for files containing relay_goodput.json in directory tree at /__w/benchmark/benchmark/results/tor/2024-01-01-T02-18-28
2026-10-01 12:46:06 1790858766.293827 [tornettools] [INFO] Found /__w/benchmark/benchmark/results/tor/2024-01-01-T02-18-28/tornet-0.15-2/tornet.plot.data/relay_goodput.json
2026-10-01 12:46:06 1790858766.293891 [tornettools] [INFO] Found /__w/benchmark/benchmark/results/tor/2024-01-01-T02-18-28/tornet-0.15-3/tornet.plot.data/relay_goodput.json
2026-10-01 12:46:06 1790858766.293984 [tornettools] [INFO] Found /__w/benchmark/benchmark/results/tor/2024-01-01-T02-18-28/tornet-0.15-4/tornet.plot.data/relay_goodput.json
2026-10-01 12:46:06 1790858766.294041 [tornettools] [INFO] Found /__w/benchmark/benchmark/results/tor/2024-01-01-T02-18-28/tornet-0.15-1/tornet.plot.data/relay_goodput.json
2026-10-01 12:46:06 1790858766.294097 [tornettools] [INFO] Found /__w/benchmark/benchmark/results/tor/2024-01-01-T02-18-28/tornet-0.15-5/tornet.plot.data/relay_goodput.json
2026-10-01 12:46:06 1790858766.294126 [tornettools] [INFO] Found 5 total files
2026-10-01 12:46:06 1790858766.295174 [tornettools] [INFO] Searching for files containing simulation_info.json in directory tree at /tmp/sim-results
2026-10-01 12:46:06 1790858766.295421 [tornettools] [INFO] Found /tmp/sim-results/tornet-0.15-1/tornet.plot.data/simulation_info.json
2026-10-01 12:46:06 1790858766.432111 [tornettools] [INFO] Found 1 total files
2026-10-01 12:46:06 1790858766.432221 [tornettools] [INFO] Searching for files containing simulation_info.json in directory tree at /__w/benchmark/benchmark/results/tor/2026-09-30-T10-07-28
2026-10-01 12:46:06 1790858766.432335 [tornettools] [INFO] Found /__w/benchmark/benchmark/results/tor/2026-09-30-T10-07-28/tornet-0.15-1/tornet.plot.data/simulation_info.json
2026-10-01 12:46:06 1790858766.432368 [tornettools] [INFO] Found 1 total files
2026-10-01 12:46:06 1790858766.432433 [tornettools] [INFO] Searching for files containing simulation_info.json in directory tree at /__w/benchmark/benchmark/results/tor/2026-09-26-T09-15-46
2026-10-01 12:46:06 1790858766.432511 [tornettools] [INFO] Found /__w/benchmark/benchmark/results/tor/2026-09-26-T09-15-46/tornet-0.15-2/tornet.plot.data/simulation_info.json
2026-10-01 12:46:06 1790858766.432573 [tornettools] [INFO] Found /__w/benchmark/benchmark/results/tor/2026-09-26-T09-15-46/tornet-0.15-3/tornet.plot.data/simulation_info.json
2026-10-01 12:46:06 1790858766.432657 [tornettools] [INFO] Found /__w/benchmark/benchmark/results/tor/2026-09-26-T09-15-46/tornet-0.15-1/tornet.plot.data/simulation_info.json
2026-10-01 12:46:06 1790858766.432693 [tornettools] [INFO] Found 3 total files
2026-10-01 12:46:06 1790858766.432795 [tornettools] [INFO] Searching for files containing simulation_info.json in directory tree at /__w/benchmark/benchmark/results/tor/2024-01-01-T02-18-28
2026-10-01 12:46:06 1790858766.432873 [tornettools] [INFO] Found /__w/benchmark/benchmark/results/tor/2024-01-01-T02-18-28/tornet-0.15-2/tornet.plot.data/simulation_info.json
2026-10-01 12:46:06 1790858766.432932 [tornettools] [INFO] Found /__w/benchmark/benchmark/results/tor/2024-01-01-T02-18-28/tornet-0.15-3/tornet.plot.data/simulation_info.json
2026-10-01 12:46:06 1790858766.433021 [tornettools] [INFO] Found /__w/benchmark/benchmark/results/tor/2024-01-01-T02-18-28/tornet-0.15-4/tornet.plot.data/simulation_info.json
2026-10-01 12:46:06 1790858766.433077 [tornettools] [INFO] Found /__w/benchmark/benchmark/results/tor/2024-01-01-T02-18-28/tornet-0.15-1/tornet.plot.data/simulation_info.json
2026-10-01 12:46:06 1790858766.433132 [tornettools] [INFO] Found /__w/benchmark/benchmark/results/tor/2024-01-01-T02-18-28/tornet-0.15-5/tornet.plot.data/simulation_info.json
2026-10-01 12:46:06 1790858766.433162 [tornettools] [INFO] Found 5 total files
2026-10-01 12:46:06 1790858766.433307 [tornettools] [INFO] Found simulated network scale 0.15
2026-10-01 12:46:06 1790858766.433347 [tornettools] [INFO] Plotting relay goodput
