2026-08-15 02:01:04 1786759264.315827 [tornettools] [INFO] Logging system initialized! Logging events to stdout and to '/tmp/sim-results/plots/tornettools.plot.2026-08-15.02.01.04.log'
2026-08-15 02:01:04 1786759264.315997 [tornettools] [INFO] Seeded standard and numpy PRNGs with seed=1862053538
2026-08-15 02:01:04 1786759264.316075 [tornettools] [INFO] The argument namespace is: Namespace(do_version=False, quiet=0, seed=1862053538, command='plot', tornet_collection_path=['/tmp/sim-results', '/__w/benchmark/benchmark/results/tor/2026-08-13-T05-27-18', '/__w/benchmark/benchmark/results/tor/2026-08-08-T05-03-44', '/__w/benchmark/benchmark/results/tor/2024-01-01-T02-18-28'], tor_metrics_path=None, prefix='/tmp/sim-results/plots', labels=['2026-08-14-T23-51-35 (PR 3780 rm memory manager)', '2026-08-13-T05-27-18 (Nightly benchmark)', '2026-08-08-T05-03-44 (Weekly benchmark)', '2024-01-01-T02-18-28 (v3.1.0)'], colors=None, plot_all=False, plot_pngs=True, func=<function plot at 0x14f1f8ad3880>, formatter_class=<class '__main__.CustomHelpFormatter'>)
2026-08-15 02:01:04 1786759264.318201 [tornettools] [INFO] The platform is: Linux-6.12.86+deb13-amd64-x86_64-with-glibc2.36
2026-08-15 02:01:04 1786759264.318310 [tornettools] [INFO] System info: uname_result(system='Linux', node='016e5fe03d39', release='6.12.86+deb13-amd64', version='#1 SMP PREEMPT_DYNAMIC Debian 6.12.86-1 (2026-05-08)', machine='x86_64')
2026-08-15 02:01:04 1786759264.596111 [tornettools] [INFO] generated new fontManager
2026-08-15 02:01:05 1786759265.500817 [tornettools] [INFO] Plotting simulation results now
2026-08-15 02:01:05 1786759265.501201 [tornettools] [INFO] Plotting tornet comparisons
2026-08-15 02:01:05 1786759265.501277 [tornettools] [INFO] Loading tornet resource usage data
2026-08-15 02:01:05 1786759265.501321 [tornettools] [INFO] Searching for files containing resource_usage.json in directory tree at /tmp/sim-results
2026-08-15 02:01:05 1786759265.501610 [tornettools] [INFO] Found /tmp/sim-results/tornet-0.15-1/tornet.plot.data/resource_usage.json
2026-08-15 02:01:05 1786759265.679021 [tornettools] [INFO] Found 1 total files
2026-08-15 02:01:05 1786759265.679626 [tornettools] [INFO] Searching for files containing resource_usage.json in directory tree at /__w/benchmark/benchmark/results/tor/2026-08-13-T05-27-18
2026-08-15 02:01:05 1786759265.679803 [tornettools] [INFO] Found /__w/benchmark/benchmark/results/tor/2026-08-13-T05-27-18/tornet-0.15-1/tornet.plot.data/resource_usage.json
2026-08-15 02:01:05 1786759265.679851 [tornettools] [INFO] Found 1 total files
2026-08-15 02:01:05 1786759265.680301 [tornettools] [INFO] Searching for files containing resource_usage.json in directory tree at /__w/benchmark/benchmark/results/tor/2026-08-08-T05-03-44
2026-08-15 02:01:05 1786759265.680411 [tornettools] [INFO] Found /__w/benchmark/benchmark/results/tor/2026-08-08-T05-03-44/tornet-0.15-2/tornet.plot.data/resource_usage.json
2026-08-15 02:01:05 1786759265.680491 [tornettools] [INFO] Found /__w/benchmark/benchmark/results/tor/2026-08-08-T05-03-44/tornet-0.15-3/tornet.plot.data/resource_usage.json
2026-08-15 02:01:05 1786759265.680595 [tornettools] [INFO] Found /__w/benchmark/benchmark/results/tor/2026-08-08-T05-03-44/tornet-0.15-1/tornet.plot.data/resource_usage.json
2026-08-15 02:01:05 1786759265.680632 [tornettools] [INFO] Found 3 total files
2026-08-15 02:01:05 1786759265.681978 [tornettools] [INFO] Searching for files containing resource_usage.json in directory tree at /__w/benchmark/benchmark/results/tor/2024-01-01-T02-18-28
2026-08-15 02:01:05 1786759265.682132 [tornettools] [INFO] Found /__w/benchmark/benchmark/results/tor/2024-01-01-T02-18-28/tornet-0.15-2/tornet.plot.data/resource_usage.json
2026-08-15 02:01:05 1786759265.682211 [tornettools] [INFO] Found /__w/benchmark/benchmark/results/tor/2024-01-01-T02-18-28/tornet-0.15-3/tornet.plot.data/resource_usage.json
2026-08-15 02:01:05 1786759265.682326 [tornettools] [INFO] Found /__w/benchmark/benchmark/results/tor/2024-01-01-T02-18-28/tornet-0.15-4/tornet.plot.data/resource_usage.json
2026-08-15 02:01:05 1786759265.682397 [tornettools] [INFO] Found /__w/benchmark/benchmark/results/tor/2024-01-01-T02-18-28/tornet-0.15-1/tornet.plot.data/resource_usage.json
2026-08-15 02:01:05 1786759265.682478 [tornettools] [INFO] Found /__w/benchmark/benchmark/results/tor/2024-01-01-T02-18-28/tornet-0.15-5/tornet.plot.data/resource_usage.json
2026-08-15 02:01:05 1786759265.682513 [tornettools] [INFO] Found 5 total files
2026-08-15 02:01:07 1786759267.264388 [tornettools] [INFO] Loading Tor metrics data
2026-08-15 02:01:07 1786759267.264546 [tornettools] [INFO] Loading tornet relay goodput data
2026-08-15 02:01:07 1786759267.264593 [tornettools] [INFO] Searching for files containing relay_goodput.json in directory tree at /tmp/sim-results
2026-08-15 02:01:07 1786759267.264928 [tornettools] [INFO] Found /tmp/sim-results/tornet-0.15-1/tornet.plot.data/relay_goodput.json
2026-08-15 02:01:07 1786759267.403916 [tornettools] [INFO] Found 1 total files
2026-08-15 02:01:07 1786759267.404199 [tornettools] [INFO] Searching for files containing relay_goodput.json in directory tree at /__w/benchmark/benchmark/results/tor/2026-08-13-T05-27-18
2026-08-15 02:01:07 1786759267.404330 [tornettools] [INFO] Found /__w/benchmark/benchmark/results/tor/2026-08-13-T05-27-18/tornet-0.15-1/tornet.plot.data/relay_goodput.json
2026-08-15 02:01:07 1786759267.404363 [tornettools] [INFO] Found 1 total files
2026-08-15 02:01:07 1786759267.404528 [tornettools] [INFO] Searching for files containing relay_goodput.json in directory tree at /__w/benchmark/benchmark/results/tor/2026-08-08-T05-03-44
2026-08-15 02:01:07 1786759267.404616 [tornettools] [INFO] Found /__w/benchmark/benchmark/results/tor/2026-08-08-T05-03-44/tornet-0.15-2/tornet.plot.data/relay_goodput.json
2026-08-15 02:01:07 1786759267.404681 [tornettools] [INFO] Found /__w/benchmark/benchmark/results/tor/2026-08-08-T05-03-44/tornet-0.15-3/tornet.plot.data/relay_goodput.json
2026-08-15 02:01:07 1786759267.404765 [tornettools] [INFO] Found /__w/benchmark/benchmark/results/tor/2026-08-08-T05-03-44/tornet-0.15-1/tornet.plot.data/relay_goodput.json
2026-08-15 02:01:07 1786759267.404792 [tornettools] [INFO] Found 3 total files
2026-08-15 02:01:07 1786759267.405195 [tornettools] [INFO] Searching for files containing relay_goodput.json in directory tree at /__w/benchmark/benchmark/results/tor/2024-01-01-T02-18-28
2026-08-15 02:01:07 1786759267.405288 [tornettools] [INFO] Found /__w/benchmark/benchmark/results/tor/2024-01-01-T02-18-28/tornet-0.15-2/tornet.plot.data/relay_goodput.json
2026-08-15 02:01:07 1786759267.405348 [tornettools] [INFO] Found /__w/benchmark/benchmark/results/tor/2024-01-01-T02-18-28/tornet-0.15-3/tornet.plot.data/relay_goodput.json
2026-08-15 02:01:07 1786759267.405437 [tornettools] [INFO] Found /__w/benchmark/benchmark/results/tor/2024-01-01-T02-18-28/tornet-0.15-4/tornet.plot.data/relay_goodput.json
2026-08-15 02:01:07 1786759267.405493 [tornettools] [INFO] Found /__w/benchmark/benchmark/results/tor/2024-01-01-T02-18-28/tornet-0.15-1/tornet.plot.data/relay_goodput.json
2026-08-15 02:01:07 1786759267.405550 [tornettools] [INFO] Found /__w/benchmark/benchmark/results/tor/2024-01-01-T02-18-28/tornet-0.15-5/tornet.plot.data/relay_goodput.json
2026-08-15 02:01:07 1786759267.405576 [tornettools] [INFO] Found 5 total files
2026-08-15 02:01:07 1786759267.406576 [tornettools] [INFO] Searching for files containing simulation_info.json in directory tree at /tmp/sim-results
2026-08-15 02:01:07 1786759267.406810 [tornettools] [INFO] Found /tmp/sim-results/tornet-0.15-1/tornet.plot.data/simulation_info.json
2026-08-15 02:01:07 1786759267.541174 [tornettools] [INFO] Found 1 total files
2026-08-15 02:01:07 1786759267.541284 [tornettools] [INFO] Searching for files containing simulation_info.json in directory tree at /__w/benchmark/benchmark/results/tor/2026-08-13-T05-27-18
2026-08-15 02:01:07 1786759267.541396 [tornettools] [INFO] Found /__w/benchmark/benchmark/results/tor/2026-08-13-T05-27-18/tornet-0.15-1/tornet.plot.data/simulation_info.json
2026-08-15 02:01:07 1786759267.541429 [tornettools] [INFO] Found 1 total files
2026-08-15 02:01:07 1786759267.541496 [tornettools] [INFO] Searching for files containing simulation_info.json in directory tree at /__w/benchmark/benchmark/results/tor/2026-08-08-T05-03-44
2026-08-15 02:01:07 1786759267.541571 [tornettools] [INFO] Found /__w/benchmark/benchmark/results/tor/2026-08-08-T05-03-44/tornet-0.15-2/tornet.plot.data/simulation_info.json
2026-08-15 02:01:07 1786759267.541632 [tornettools] [INFO] Found /__w/benchmark/benchmark/results/tor/2026-08-08-T05-03-44/tornet-0.15-3/tornet.plot.data/simulation_info.json
2026-08-15 02:01:07 1786759267.541718 [tornettools] [INFO] Found /__w/benchmark/benchmark/results/tor/2026-08-08-T05-03-44/tornet-0.15-1/tornet.plot.data/simulation_info.json
2026-08-15 02:01:07 1786759267.541751 [tornettools] [INFO] Found 3 total files
2026-08-15 02:01:07 1786759267.541847 [tornettools] [INFO] Searching for files containing simulation_info.json in directory tree at /__w/benchmark/benchmark/results/tor/2024-01-01-T02-18-28
2026-08-15 02:01:07 1786759267.541923 [tornettools] [INFO] Found /__w/benchmark/benchmark/results/tor/2024-01-01-T02-18-28/tornet-0.15-2/tornet.plot.data/simulation_info.json
2026-08-15 02:01:07 1786759267.541982 [tornettools] [INFO] Found /__w/benchmark/benchmark/results/tor/2024-01-01-T02-18-28/tornet-0.15-3/tornet.plot.data/simulation_info.json
2026-08-15 02:01:07 1786759267.542069 [tornettools] [INFO] Found /__w/benchmark/benchmark/results/tor/2024-01-01-T02-18-28/tornet-0.15-4/tornet.plot.data/simulation_info.json
2026-08-15 02:01:07 1786759267.542124 [tornettools] [INFO] Found /__w/benchmark/benchmark/results/tor/2024-01-01-T02-18-28/tornet-0.15-1/tornet.plot.data/simulation_info.json
2026-08-15 02:01:07 1786759267.542179 [tornettools] [INFO] Found /__w/benchmark/benchmark/results/tor/2024-01-01-T02-18-28/tornet-0.15-5/tornet.plot.data/simulation_info.json
2026-08-15 02:01:07 1786759267.542209 [tornettools] [INFO] Found 5 total files
2026-08-15 02:01:07 1786759267.542348 [tornettools] [INFO] Found simulated network scale 0.15
2026-08-15 02:01:07 1786759267.542387 [tornettools] [INFO] Plotting relay goodput
