2026-09-15 11:15:37 1789470937.880769 [tornettools] [INFO] Logging system initialized! Logging events to stdout and to '/tmp/sim-results/plots/tornettools.plot.2026-09-15.11.15.37.log'
2026-09-15 11:15:37 1789470937.880939 [tornettools] [INFO] Seeded standard and numpy PRNGs with seed=15100174
2026-09-15 11:15:37 1789470937.881015 [tornettools] [INFO] The argument namespace is: Namespace(do_version=False, quiet=0, seed=15100174, command='plot', tornet_collection_path=['/tmp/sim-results', '/__w/benchmark/benchmark/results/tor/2026-09-11-T08-26-06', '/__w/benchmark/benchmark/results/tor/2026-09-12-T08-32-31', '/__w/benchmark/benchmark/results/tor/2024-01-01-T02-18-28'], tor_metrics_path=None, prefix='/tmp/sim-results/plots', labels=['2026-09-15-T09-04-52 (Nightly benchmark)', '2026-09-11-T08-26-06 (Nightly benchmark)', '2026-09-12-T08-32-31 (Weekly benchmark)', '2024-01-01-T02-18-28 (v3.1.0)'], colors=None, plot_all=False, plot_pngs=True, func=<function plot at 0x14fad23f7880>, formatter_class=<class '__main__.CustomHelpFormatter'>)
2026-09-15 11:15:37 1789470937.883069 [tornettools] [INFO] The platform is: Linux-6.12.86+deb13-amd64-x86_64-with-glibc2.36
2026-09-15 11:15:37 1789470937.883178 [tornettools] [INFO] System info: uname_result(system='Linux', node='9261a6bbd5c7', release='6.12.86+deb13-amd64', version='#1 SMP PREEMPT_DYNAMIC Debian 6.12.86-1 (2026-05-08)', machine='x86_64')
2026-09-15 11:15:38 1789470938.159074 [tornettools] [INFO] generated new fontManager
2026-09-15 11:15:39 1789470939.059977 [tornettools] [INFO] Plotting simulation results now
2026-09-15 11:15:39 1789470939.060348 [tornettools] [INFO] Plotting tornet comparisons
2026-09-15 11:15:39 1789470939.060416 [tornettools] [INFO] Loading tornet resource usage data
2026-09-15 11:15:39 1789470939.060458 [tornettools] [INFO] Searching for files containing resource_usage.json in directory tree at /tmp/sim-results
2026-09-15 11:15:39 1789470939.060763 [tornettools] [INFO] Found /tmp/sim-results/tornet-0.15-1/tornet.plot.data/resource_usage.json
2026-09-15 11:15:39 1789470939.240971 [tornettools] [INFO] Found 1 total files
2026-09-15 11:15:39 1789470939.241589 [tornettools] [INFO] Searching for files containing resource_usage.json in directory tree at /__w/benchmark/benchmark/results/tor/2026-09-11-T08-26-06
2026-09-15 11:15:39 1789470939.241777 [tornettools] [INFO] Found /__w/benchmark/benchmark/results/tor/2026-09-11-T08-26-06/tornet-0.15-1/tornet.plot.data/resource_usage.json
2026-09-15 11:15:39 1789470939.241823 [tornettools] [INFO] Found 1 total files
2026-09-15 11:15:39 1789470939.242266 [tornettools] [INFO] Searching for files containing resource_usage.json in directory tree at /__w/benchmark/benchmark/results/tor/2026-09-12-T08-32-31
2026-09-15 11:15:39 1789470939.242383 [tornettools] [INFO] Found /__w/benchmark/benchmark/results/tor/2026-09-12-T08-32-31/tornet-0.15-2/tornet.plot.data/resource_usage.json
2026-09-15 11:15:39 1789470939.242461 [tornettools] [INFO] Found /__w/benchmark/benchmark/results/tor/2026-09-12-T08-32-31/tornet-0.15-3/tornet.plot.data/resource_usage.json
2026-09-15 11:15:39 1789470939.242565 [tornettools] [INFO] Found /__w/benchmark/benchmark/results/tor/2026-09-12-T08-32-31/tornet-0.15-1/tornet.plot.data/resource_usage.json
2026-09-15 11:15:39 1789470939.242601 [tornettools] [INFO] Found 3 total files
2026-09-15 11:15:39 1789470939.243919 [tornettools] [INFO] Searching for files containing resource_usage.json in directory tree at /__w/benchmark/benchmark/results/tor/2024-01-01-T02-18-28
2026-09-15 11:15:39 1789470939.244075 [tornettools] [INFO] Found /__w/benchmark/benchmark/results/tor/2024-01-01-T02-18-28/tornet-0.15-2/tornet.plot.data/resource_usage.json
2026-09-15 11:15:39 1789470939.244153 [tornettools] [INFO] Found /__w/benchmark/benchmark/results/tor/2024-01-01-T02-18-28/tornet-0.15-3/tornet.plot.data/resource_usage.json
2026-09-15 11:15:39 1789470939.244262 [tornettools] [INFO] Found /__w/benchmark/benchmark/results/tor/2024-01-01-T02-18-28/tornet-0.15-4/tornet.plot.data/resource_usage.json
2026-09-15 11:15:39 1789470939.244328 [tornettools] [INFO] Found /__w/benchmark/benchmark/results/tor/2024-01-01-T02-18-28/tornet-0.15-1/tornet.plot.data/resource_usage.json
2026-09-15 11:15:39 1789470939.244422 [tornettools] [INFO] Found /__w/benchmark/benchmark/results/tor/2024-01-01-T02-18-28/tornet-0.15-5/tornet.plot.data/resource_usage.json
2026-09-15 11:15:39 1789470939.244457 [tornettools] [INFO] Found 5 total files
2026-09-15 11:15:40 1789470940.763876 [tornettools] [INFO] Loading Tor metrics data
2026-09-15 11:15:40 1789470940.764078 [tornettools] [INFO] Loading tornet relay goodput data
2026-09-15 11:15:40 1789470940.764132 [tornettools] [INFO] Searching for files containing relay_goodput.json in directory tree at /tmp/sim-results
2026-09-15 11:15:40 1789470940.764539 [tornettools] [INFO] Found /tmp/sim-results/tornet-0.15-1/tornet.plot.data/relay_goodput.json
2026-09-15 11:15:40 1789470940.945958 [tornettools] [INFO] Found 1 total files
2026-09-15 11:15:40 1789470940.946364 [tornettools] [INFO] Searching for files containing relay_goodput.json in directory tree at /__w/benchmark/benchmark/results/tor/2026-09-11-T08-26-06
2026-09-15 11:15:40 1789470940.946549 [tornettools] [INFO] Found /__w/benchmark/benchmark/results/tor/2026-09-11-T08-26-06/tornet-0.15-1/tornet.plot.data/relay_goodput.json
2026-09-15 11:15:40 1789470940.946590 [tornettools] [INFO] Found 1 total files
2026-09-15 11:15:40 1789470940.946799 [tornettools] [INFO] Searching for files containing relay_goodput.json in directory tree at /__w/benchmark/benchmark/results/tor/2026-09-12-T08-32-31
2026-09-15 11:15:40 1789470940.946908 [tornettools] [INFO] Found /__w/benchmark/benchmark/results/tor/2026-09-12-T08-32-31/tornet-0.15-2/tornet.plot.data/relay_goodput.json
2026-09-15 11:15:40 1789470940.946985 [tornettools] [INFO] Found /__w/benchmark/benchmark/results/tor/2026-09-12-T08-32-31/tornet-0.15-3/tornet.plot.data/relay_goodput.json
2026-09-15 11:15:40 1789470940.947089 [tornettools] [INFO] Found /__w/benchmark/benchmark/results/tor/2026-09-12-T08-32-31/tornet-0.15-1/tornet.plot.data/relay_goodput.json
2026-09-15 11:15:40 1789470940.947121 [tornettools] [INFO] Found 3 total files
2026-09-15 11:15:40 1789470940.947639 [tornettools] [INFO] Searching for files containing relay_goodput.json in directory tree at /__w/benchmark/benchmark/results/tor/2024-01-01-T02-18-28
2026-09-15 11:15:40 1789470940.947760 [tornettools] [INFO] Found /__w/benchmark/benchmark/results/tor/2024-01-01-T02-18-28/tornet-0.15-2/tornet.plot.data/relay_goodput.json
2026-09-15 11:15:40 1789470940.947835 [tornettools] [INFO] Found /__w/benchmark/benchmark/results/tor/2024-01-01-T02-18-28/tornet-0.15-3/tornet.plot.data/relay_goodput.json
2026-09-15 11:15:40 1789470940.947948 [tornettools] [INFO] Found /__w/benchmark/benchmark/results/tor/2024-01-01-T02-18-28/tornet-0.15-4/tornet.plot.data/relay_goodput.json
2026-09-15 11:15:40 1789470940.948018 [tornettools] [INFO] Found /__w/benchmark/benchmark/results/tor/2024-01-01-T02-18-28/tornet-0.15-1/tornet.plot.data/relay_goodput.json
2026-09-15 11:15:40 1789470940.948087 [tornettools] [INFO] Found /__w/benchmark/benchmark/results/tor/2024-01-01-T02-18-28/tornet-0.15-5/tornet.plot.data/relay_goodput.json
2026-09-15 11:15:40 1789470940.948119 [tornettools] [INFO] Found 5 total files
2026-09-15 11:15:40 1789470940.949472 [tornettools] [INFO] Searching for files containing simulation_info.json in directory tree at /tmp/sim-results
2026-09-15 11:15:40 1789470940.949817 [tornettools] [INFO] Found /tmp/sim-results/tornet-0.15-1/tornet.plot.data/simulation_info.json
2026-09-15 11:15:41 1789470941.109001 [tornettools] [INFO] Found 1 total files
2026-09-15 11:15:41 1789470941.109118 [tornettools] [INFO] Searching for files containing simulation_info.json in directory tree at /__w/benchmark/benchmark/results/tor/2026-09-11-T08-26-06
2026-09-15 11:15:41 1789470941.109241 [tornettools] [INFO] Found /__w/benchmark/benchmark/results/tor/2026-09-11-T08-26-06/tornet-0.15-1/tornet.plot.data/simulation_info.json
2026-09-15 11:15:41 1789470941.109281 [tornettools] [INFO] Found 1 total files
2026-09-15 11:15:41 1789470941.109341 [tornettools] [INFO] Searching for files containing simulation_info.json in directory tree at /__w/benchmark/benchmark/results/tor/2026-09-12-T08-32-31
2026-09-15 11:15:41 1789470941.109421 [tornettools] [INFO] Found /__w/benchmark/benchmark/results/tor/2026-09-12-T08-32-31/tornet-0.15-2/tornet.plot.data/simulation_info.json
2026-09-15 11:15:41 1789470941.109481 [tornettools] [INFO] Found /__w/benchmark/benchmark/results/tor/2026-09-12-T08-32-31/tornet-0.15-3/tornet.plot.data/simulation_info.json
2026-09-15 11:15:41 1789470941.109564 [tornettools] [INFO] Found /__w/benchmark/benchmark/results/tor/2026-09-12-T08-32-31/tornet-0.15-1/tornet.plot.data/simulation_info.json
2026-09-15 11:15:41 1789470941.109598 [tornettools] [INFO] Found 3 total files
2026-09-15 11:15:41 1789470941.109705 [tornettools] [INFO] Searching for files containing simulation_info.json in directory tree at /__w/benchmark/benchmark/results/tor/2024-01-01-T02-18-28
2026-09-15 11:15:41 1789470941.109784 [tornettools] [INFO] Found /__w/benchmark/benchmark/results/tor/2024-01-01-T02-18-28/tornet-0.15-2/tornet.plot.data/simulation_info.json
2026-09-15 11:15:41 1789470941.109844 [tornettools] [INFO] Found /__w/benchmark/benchmark/results/tor/2024-01-01-T02-18-28/tornet-0.15-3/tornet.plot.data/simulation_info.json
2026-09-15 11:15:41 1789470941.109934 [tornettools] [INFO] Found /__w/benchmark/benchmark/results/tor/2024-01-01-T02-18-28/tornet-0.15-4/tornet.plot.data/simulation_info.json
2026-09-15 11:15:41 1789470941.109992 [tornettools] [INFO] Found /__w/benchmark/benchmark/results/tor/2024-01-01-T02-18-28/tornet-0.15-1/tornet.plot.data/simulation_info.json
2026-09-15 11:15:41 1789470941.110050 [tornettools] [INFO] Found /__w/benchmark/benchmark/results/tor/2024-01-01-T02-18-28/tornet-0.15-5/tornet.plot.data/simulation_info.json
2026-09-15 11:15:41 1789470941.110080 [tornettools] [INFO] Found 5 total files
2026-09-15 11:15:41 1789470941.110227 [tornettools] [INFO] Found simulated network scale 0.15
2026-09-15 11:15:41 1789470941.110266 [tornettools] [INFO] Plotting relay goodput
