2026-09-19 14:57:32 1789829852.575577 [tornettools] [INFO] Logging system initialized! Logging events to stdout and to '/tmp/sim-results/plots/tornettools.plot.2026-09-19.14.57.32.log'
2026-09-19 14:57:32 1789829852.575759 [tornettools] [INFO] Seeded standard and numpy PRNGs with seed=235914065
2026-09-19 14:57:32 1789829852.575838 [tornettools] [INFO] The argument namespace is: Namespace(do_version=False, quiet=0, seed=235914065, command='plot', tornet_collection_path=['/tmp/sim-results', '/__w/benchmark/benchmark/results/tor/2026-09-18-T08-37-16', '/__w/benchmark/benchmark/results/tor/2026-09-12-T08-32-31', '/__w/benchmark/benchmark/results/tor/2024-01-01-T02-18-28'], tor_metrics_path=None, prefix='/tmp/sim-results/plots', labels=['2026-09-19-T08-42-45 (Weekly benchmark)', '2026-09-18-T08-37-16 (Nightly benchmark)', '2026-09-12-T08-32-31 (Weekly benchmark)', '2024-01-01-T02-18-28 (v3.1.0)'], colors=None, plot_all=False, plot_pngs=True, func=<function plot at 0x154862453880>, formatter_class=<class '__main__.CustomHelpFormatter'>)
2026-09-19 14:57:32 1789829852.577944 [tornettools] [INFO] The platform is: Linux-6.12.86+deb13-amd64-x86_64-with-glibc2.36
2026-09-19 14:57:32 1789829852.578052 [tornettools] [INFO] System info: uname_result(system='Linux', node='3b2061186ef5', release='6.12.86+deb13-amd64', version='#1 SMP PREEMPT_DYNAMIC Debian 6.12.86-1 (2026-05-08)', machine='x86_64')
2026-09-19 14:57:32 1789829852.855530 [tornettools] [INFO] generated new fontManager
2026-09-19 14:57:33 1789829853.775411 [tornettools] [INFO] Plotting simulation results now
2026-09-19 14:57:33 1789829853.775776 [tornettools] [INFO] Plotting tornet comparisons
2026-09-19 14:57:33 1789829853.775844 [tornettools] [INFO] Loading tornet resource usage data
2026-09-19 14:57:33 1789829853.775888 [tornettools] [INFO] Searching for files containing resource_usage.json in directory tree at /tmp/sim-results
2026-09-19 14:57:33 1789829853.776184 [tornettools] [INFO] Found /tmp/sim-results/tornet-0.15-2/tornet.plot.data/resource_usage.json
2026-09-19 14:57:33 1789829853.948684 [tornettools] [INFO] Found /tmp/sim-results/tornet-0.15-3/tornet.plot.data/resource_usage.json
2026-09-19 14:57:34 1789829854.123459 [tornettools] [INFO] Found /tmp/sim-results/tornet-0.15-1/tornet.plot.data/resource_usage.json
2026-09-19 14:57:34 1789829854.301274 [tornettools] [INFO] Found 3 total files
2026-09-19 14:57:34 1789829854.302710 [tornettools] [INFO] Searching for files containing resource_usage.json in directory tree at /__w/benchmark/benchmark/results/tor/2026-09-18-T08-37-16
2026-09-19 14:57:34 1789829854.302919 [tornettools] [INFO] Found /__w/benchmark/benchmark/results/tor/2026-09-18-T08-37-16/tornet-0.15-1/tornet.plot.data/resource_usage.json
2026-09-19 14:57:34 1789829854.302965 [tornettools] [INFO] Found 1 total files
2026-09-19 14:57:34 1789829854.303444 [tornettools] [INFO] Searching for files containing resource_usage.json in directory tree at /__w/benchmark/benchmark/results/tor/2026-09-12-T08-32-31
2026-09-19 14:57:34 1789829854.303563 [tornettools] [INFO] Found /__w/benchmark/benchmark/results/tor/2026-09-12-T08-32-31/tornet-0.15-2/tornet.plot.data/resource_usage.json
2026-09-19 14:57:34 1789829854.303641 [tornettools] [INFO] Found /__w/benchmark/benchmark/results/tor/2026-09-12-T08-32-31/tornet-0.15-3/tornet.plot.data/resource_usage.json
2026-09-19 14:57:34 1789829854.303743 [tornettools] [INFO] Found /__w/benchmark/benchmark/results/tor/2026-09-12-T08-32-31/tornet-0.15-1/tornet.plot.data/resource_usage.json
2026-09-19 14:57:34 1789829854.303779 [tornettools] [INFO] Found 3 total files
2026-09-19 14:57:34 1789829854.305113 [tornettools] [INFO] Searching for files containing resource_usage.json in directory tree at /__w/benchmark/benchmark/results/tor/2024-01-01-T02-18-28
2026-09-19 14:57:34 1789829854.305293 [tornettools] [INFO] Found /__w/benchmark/benchmark/results/tor/2024-01-01-T02-18-28/tornet-0.15-2/tornet.plot.data/resource_usage.json
2026-09-19 14:57:34 1789829854.305377 [tornettools] [INFO] Found /__w/benchmark/benchmark/results/tor/2024-01-01-T02-18-28/tornet-0.15-3/tornet.plot.data/resource_usage.json
2026-09-19 14:57:34 1789829854.305502 [tornettools] [INFO] Found /__w/benchmark/benchmark/results/tor/2024-01-01-T02-18-28/tornet-0.15-4/tornet.plot.data/resource_usage.json
2026-09-19 14:57:34 1789829854.305572 [tornettools] [INFO] Found /__w/benchmark/benchmark/results/tor/2024-01-01-T02-18-28/tornet-0.15-1/tornet.plot.data/resource_usage.json
2026-09-19 14:57:34 1789829854.305645 [tornettools] [INFO] Found /__w/benchmark/benchmark/results/tor/2024-01-01-T02-18-28/tornet-0.15-5/tornet.plot.data/resource_usage.json
2026-09-19 14:57:34 1789829854.305680 [tornettools] [INFO] Found 5 total files
2026-09-19 14:57:35 1789829855.764008 [tornettools] [INFO] Loading Tor metrics data
2026-09-19 14:57:35 1789829855.764136 [tornettools] [INFO] Loading tornet relay goodput data
2026-09-19 14:57:35 1789829855.764178 [tornettools] [INFO] Searching for files containing relay_goodput.json in directory tree at /tmp/sim-results
2026-09-19 14:57:35 1789829855.764467 [tornettools] [INFO] Found /tmp/sim-results/tornet-0.15-2/tornet.plot.data/relay_goodput.json
2026-09-19 14:57:35 1789829855.899107 [tornettools] [INFO] Found /tmp/sim-results/tornet-0.15-3/tornet.plot.data/relay_goodput.json
2026-09-19 14:57:36 1789829856.032959 [tornettools] [INFO] Found /tmp/sim-results/tornet-0.15-1/tornet.plot.data/relay_goodput.json
2026-09-19 14:57:36 1789829856.169640 [tornettools] [INFO] Found 3 total files
2026-09-19 14:57:36 1789829856.170171 [tornettools] [INFO] Searching for files containing relay_goodput.json in directory tree at /__w/benchmark/benchmark/results/tor/2026-09-18-T08-37-16
2026-09-19 14:57:36 1789829856.170309 [tornettools] [INFO] Found /__w/benchmark/benchmark/results/tor/2026-09-18-T08-37-16/tornet-0.15-1/tornet.plot.data/relay_goodput.json
2026-09-19 14:57:36 1789829856.170342 [tornettools] [INFO] Found 1 total files
2026-09-19 14:57:36 1789829856.170491 [tornettools] [INFO] Searching for files containing relay_goodput.json in directory tree at /__w/benchmark/benchmark/results/tor/2026-09-12-T08-32-31
2026-09-19 14:57:36 1789829856.170571 [tornettools] [INFO] Found /__w/benchmark/benchmark/results/tor/2026-09-12-T08-32-31/tornet-0.15-2/tornet.plot.data/relay_goodput.json
2026-09-19 14:57:36 1789829856.170632 [tornettools] [INFO] Found /__w/benchmark/benchmark/results/tor/2026-09-12-T08-32-31/tornet-0.15-3/tornet.plot.data/relay_goodput.json
2026-09-19 14:57:36 1789829856.170716 [tornettools] [INFO] Found /__w/benchmark/benchmark/results/tor/2026-09-12-T08-32-31/tornet-0.15-1/tornet.plot.data/relay_goodput.json
2026-09-19 14:57:36 1789829856.170744 [tornettools] [INFO] Found 3 total files
2026-09-19 14:57:36 1789829856.171192 [tornettools] [INFO] Searching for files containing relay_goodput.json in directory tree at /__w/benchmark/benchmark/results/tor/2024-01-01-T02-18-28
2026-09-19 14:57:36 1789829856.171284 [tornettools] [INFO] Found /__w/benchmark/benchmark/results/tor/2024-01-01-T02-18-28/tornet-0.15-2/tornet.plot.data/relay_goodput.json
2026-09-19 14:57:36 1789829856.171349 [tornettools] [INFO] Found /__w/benchmark/benchmark/results/tor/2024-01-01-T02-18-28/tornet-0.15-3/tornet.plot.data/relay_goodput.json
2026-09-19 14:57:36 1789829856.171441 [tornettools] [INFO] Found /__w/benchmark/benchmark/results/tor/2024-01-01-T02-18-28/tornet-0.15-4/tornet.plot.data/relay_goodput.json
2026-09-19 14:57:36 1789829856.171500 [tornettools] [INFO] Found /__w/benchmark/benchmark/results/tor/2024-01-01-T02-18-28/tornet-0.15-1/tornet.plot.data/relay_goodput.json
2026-09-19 14:57:36 1789829856.171558 [tornettools] [INFO] Found /__w/benchmark/benchmark/results/tor/2024-01-01-T02-18-28/tornet-0.15-5/tornet.plot.data/relay_goodput.json
2026-09-19 14:57:36 1789829856.171585 [tornettools] [INFO] Found 5 total files
2026-09-19 14:57:36 1789829856.172639 [tornettools] [INFO] Searching for files containing simulation_info.json in directory tree at /tmp/sim-results
2026-09-19 14:57:36 1789829856.172867 [tornettools] [INFO] Found /tmp/sim-results/tornet-0.15-2/tornet.plot.data/simulation_info.json
2026-09-19 14:57:36 1789829856.306945 [tornettools] [INFO] Found /tmp/sim-results/tornet-0.15-3/tornet.plot.data/simulation_info.json
2026-09-19 14:57:36 1789829856.439781 [tornettools] [INFO] Found /tmp/sim-results/tornet-0.15-1/tornet.plot.data/simulation_info.json
2026-09-19 14:57:36 1789829856.576176 [tornettools] [INFO] Found 3 total files
2026-09-19 14:57:36 1789829856.576357 [tornettools] [INFO] Searching for files containing simulation_info.json in directory tree at /__w/benchmark/benchmark/results/tor/2026-09-18-T08-37-16
2026-09-19 14:57:36 1789829856.576479 [tornettools] [INFO] Found /__w/benchmark/benchmark/results/tor/2026-09-18-T08-37-16/tornet-0.15-1/tornet.plot.data/simulation_info.json
2026-09-19 14:57:36 1789829856.576511 [tornettools] [INFO] Found 1 total files
2026-09-19 14:57:36 1789829856.576568 [tornettools] [INFO] Searching for files containing simulation_info.json in directory tree at /__w/benchmark/benchmark/results/tor/2026-09-12-T08-32-31
2026-09-19 14:57:36 1789829856.576643 [tornettools] [INFO] Found /__w/benchmark/benchmark/results/tor/2026-09-12-T08-32-31/tornet-0.15-2/tornet.plot.data/simulation_info.json
2026-09-19 14:57:36 1789829856.576705 [tornettools] [INFO] Found /__w/benchmark/benchmark/results/tor/2026-09-12-T08-32-31/tornet-0.15-3/tornet.plot.data/simulation_info.json
2026-09-19 14:57:36 1789829856.576789 [tornettools] [INFO] Found /__w/benchmark/benchmark/results/tor/2026-09-12-T08-32-31/tornet-0.15-1/tornet.plot.data/simulation_info.json
2026-09-19 14:57:36 1789829856.576819 [tornettools] [INFO] Found 3 total files
2026-09-19 14:57:36 1789829856.576920 [tornettools] [INFO] Searching for files containing simulation_info.json in directory tree at /__w/benchmark/benchmark/results/tor/2024-01-01-T02-18-28
2026-09-19 14:57:36 1789829856.576998 [tornettools] [INFO] Found /__w/benchmark/benchmark/results/tor/2024-01-01-T02-18-28/tornet-0.15-2/tornet.plot.data/simulation_info.json
2026-09-19 14:57:36 1789829856.577058 [tornettools] [INFO] Found /__w/benchmark/benchmark/results/tor/2024-01-01-T02-18-28/tornet-0.15-3/tornet.plot.data/simulation_info.json
2026-09-19 14:57:36 1789829856.577153 [tornettools] [INFO] Found /__w/benchmark/benchmark/results/tor/2024-01-01-T02-18-28/tornet-0.15-4/tornet.plot.data/simulation_info.json
2026-09-19 14:57:36 1789829856.577215 [tornettools] [INFO] Found /__w/benchmark/benchmark/results/tor/2024-01-01-T02-18-28/tornet-0.15-1/tornet.plot.data/simulation_info.json
2026-09-19 14:57:36 1789829856.577273 [tornettools] [INFO] Found /__w/benchmark/benchmark/results/tor/2024-01-01-T02-18-28/tornet-0.15-5/tornet.plot.data/simulation_info.json
2026-09-19 14:57:36 1789829856.577303 [tornettools] [INFO] Found 5 total files
2026-09-19 14:57:36 1789829856.577454 [tornettools] [INFO] Found simulated network scale 0.15
2026-09-19 14:57:36 1789829856.577496 [tornettools] [INFO] Plotting relay goodput
