2026-08-12 07:34:03 1786520043.198515 [tornettools] [INFO] Logging system initialized! Logging events to stdout and to '/tmp/sim-results/plots/tornettools.plot.2026-08-12.07.34.03.log'
2026-08-12 07:34:03 1786520043.198689 [tornettools] [INFO] Seeded standard and numpy PRNGs with seed=611290722
2026-08-12 07:34:03 1786520043.198766 [tornettools] [INFO] The argument namespace is: Namespace(do_version=False, quiet=0, seed=611290722, command='plot', tornet_collection_path=['/tmp/sim-results', '/__w/benchmark/benchmark/results/tor/2026-08-11-T04-58-46', '/__w/benchmark/benchmark/results/tor/2026-08-08-T05-03-44', '/__w/benchmark/benchmark/results/tor/2024-01-01-T02-18-28'], tor_metrics_path=None, prefix='/tmp/sim-results/plots', labels=['2026-08-12-T05-24-13 (Nightly benchmark)', '2026-08-11-T04-58-46 (Nightly benchmark)', '2026-08-08-T05-03-44 (Weekly benchmark)', '2024-01-01-T02-18-28 (v3.1.0)'], colors=None, plot_all=False, plot_pngs=True, func=<function plot at 0x14ccde353880>, formatter_class=<class '__main__.CustomHelpFormatter'>)
2026-08-12 07:34:03 1786520043.200752 [tornettools] [INFO] The platform is: Linux-6.12.86+deb13-amd64-x86_64-with-glibc2.36
2026-08-12 07:34:03 1786520043.200855 [tornettools] [INFO] System info: uname_result(system='Linux', node='916e36ecbb3d', release='6.12.86+deb13-amd64', version='#1 SMP PREEMPT_DYNAMIC Debian 6.12.86-1 (2026-05-08)', machine='x86_64')
2026-08-12 07:34:03 1786520043.473188 [tornettools] [INFO] generated new fontManager
2026-08-12 07:34:04 1786520044.372304 [tornettools] [INFO] Plotting simulation results now
2026-08-12 07:34:04 1786520044.372700 [tornettools] [INFO] Plotting tornet comparisons
2026-08-12 07:34:04 1786520044.372765 [tornettools] [INFO] Loading tornet resource usage data
2026-08-12 07:34:04 1786520044.372811 [tornettools] [INFO] Searching for files containing resource_usage.json in directory tree at /tmp/sim-results
2026-08-12 07:34:04 1786520044.373120 [tornettools] [INFO] Found /tmp/sim-results/tornet-0.15-1/tornet.plot.data/resource_usage.json
2026-08-12 07:34:04 1786520044.546477 [tornettools] [INFO] Found 1 total files
2026-08-12 07:34:04 1786520044.547104 [tornettools] [INFO] Searching for files containing resource_usage.json in directory tree at /__w/benchmark/benchmark/results/tor/2026-08-11-T04-58-46
2026-08-12 07:34:04 1786520044.547290 [tornettools] [INFO] Found /__w/benchmark/benchmark/results/tor/2026-08-11-T04-58-46/tornet-0.15-1/tornet.plot.data/resource_usage.json
2026-08-12 07:34:04 1786520044.547335 [tornettools] [INFO] Found 1 total files
2026-08-12 07:34:04 1786520044.547803 [tornettools] [INFO] Searching for files containing resource_usage.json in directory tree at /__w/benchmark/benchmark/results/tor/2026-08-08-T05-03-44
2026-08-12 07:34:04 1786520044.547922 [tornettools] [INFO] Found /__w/benchmark/benchmark/results/tor/2026-08-08-T05-03-44/tornet-0.15-2/tornet.plot.data/resource_usage.json
2026-08-12 07:34:04 1786520044.548002 [tornettools] [INFO] Found /__w/benchmark/benchmark/results/tor/2026-08-08-T05-03-44/tornet-0.15-3/tornet.plot.data/resource_usage.json
2026-08-12 07:34:04 1786520044.548106 [tornettools] [INFO] Found /__w/benchmark/benchmark/results/tor/2026-08-08-T05-03-44/tornet-0.15-1/tornet.plot.data/resource_usage.json
2026-08-12 07:34:04 1786520044.548143 [tornettools] [INFO] Found 3 total files
2026-08-12 07:34:04 1786520044.549484 [tornettools] [INFO] Searching for files containing resource_usage.json in directory tree at /__w/benchmark/benchmark/results/tor/2024-01-01-T02-18-28
2026-08-12 07:34:04 1786520044.549639 [tornettools] [INFO] Found /__w/benchmark/benchmark/results/tor/2024-01-01-T02-18-28/tornet-0.15-2/tornet.plot.data/resource_usage.json
2026-08-12 07:34:04 1786520044.549717 [tornettools] [INFO] Found /__w/benchmark/benchmark/results/tor/2024-01-01-T02-18-28/tornet-0.15-3/tornet.plot.data/resource_usage.json
2026-08-12 07:34:04 1786520044.549826 [tornettools] [INFO] Found /__w/benchmark/benchmark/results/tor/2024-01-01-T02-18-28/tornet-0.15-4/tornet.plot.data/resource_usage.json
2026-08-12 07:34:04 1786520044.549894 [tornettools] [INFO] Found /__w/benchmark/benchmark/results/tor/2024-01-01-T02-18-28/tornet-0.15-1/tornet.plot.data/resource_usage.json
2026-08-12 07:34:04 1786520044.549976 [tornettools] [INFO] Found /__w/benchmark/benchmark/results/tor/2024-01-01-T02-18-28/tornet-0.15-5/tornet.plot.data/resource_usage.json
2026-08-12 07:34:04 1786520044.550011 [tornettools] [INFO] Found 5 total files
2026-08-12 07:34:06 1786520046.137076 [tornettools] [INFO] Loading Tor metrics data
2026-08-12 07:34:06 1786520046.137289 [tornettools] [INFO] Loading tornet relay goodput data
2026-08-12 07:34:06 1786520046.137343 [tornettools] [INFO] Searching for files containing relay_goodput.json in directory tree at /tmp/sim-results
2026-08-12 07:34:06 1786520046.137754 [tornettools] [INFO] Found /tmp/sim-results/tornet-0.15-1/tornet.plot.data/relay_goodput.json
2026-08-12 07:34:06 1786520046.312625 [tornettools] [INFO] Found 1 total files
2026-08-12 07:34:06 1786520046.313048 [tornettools] [INFO] Searching for files containing relay_goodput.json in directory tree at /__w/benchmark/benchmark/results/tor/2026-08-11-T04-58-46
2026-08-12 07:34:06 1786520046.313244 [tornettools] [INFO] Found /__w/benchmark/benchmark/results/tor/2026-08-11-T04-58-46/tornet-0.15-1/tornet.plot.data/relay_goodput.json
2026-08-12 07:34:06 1786520046.313289 [tornettools] [INFO] Found 1 total files
2026-08-12 07:34:06 1786520046.313507 [tornettools] [INFO] Searching for files containing relay_goodput.json in directory tree at /__w/benchmark/benchmark/results/tor/2026-08-08-T05-03-44
2026-08-12 07:34:06 1786520046.313615 [tornettools] [INFO] Found /__w/benchmark/benchmark/results/tor/2026-08-08-T05-03-44/tornet-0.15-2/tornet.plot.data/relay_goodput.json
2026-08-12 07:34:06 1786520046.313694 [tornettools] [INFO] Found /__w/benchmark/benchmark/results/tor/2026-08-08-T05-03-44/tornet-0.15-3/tornet.plot.data/relay_goodput.json
2026-08-12 07:34:06 1786520046.313802 [tornettools] [INFO] Found /__w/benchmark/benchmark/results/tor/2026-08-08-T05-03-44/tornet-0.15-1/tornet.plot.data/relay_goodput.json
2026-08-12 07:34:06 1786520046.313835 [tornettools] [INFO] Found 3 total files
2026-08-12 07:34:06 1786520046.314355 [tornettools] [INFO] Searching for files containing relay_goodput.json in directory tree at /__w/benchmark/benchmark/results/tor/2024-01-01-T02-18-28
2026-08-12 07:34:06 1786520046.314485 [tornettools] [INFO] Found /__w/benchmark/benchmark/results/tor/2024-01-01-T02-18-28/tornet-0.15-2/tornet.plot.data/relay_goodput.json
2026-08-12 07:34:06 1786520046.314561 [tornettools] [INFO] Found /__w/benchmark/benchmark/results/tor/2024-01-01-T02-18-28/tornet-0.15-3/tornet.plot.data/relay_goodput.json
2026-08-12 07:34:06 1786520046.314672 [tornettools] [INFO] Found /__w/benchmark/benchmark/results/tor/2024-01-01-T02-18-28/tornet-0.15-4/tornet.plot.data/relay_goodput.json
2026-08-12 07:34:06 1786520046.314742 [tornettools] [INFO] Found /__w/benchmark/benchmark/results/tor/2024-01-01-T02-18-28/tornet-0.15-1/tornet.plot.data/relay_goodput.json
2026-08-12 07:34:06 1786520046.314811 [tornettools] [INFO] Found /__w/benchmark/benchmark/results/tor/2024-01-01-T02-18-28/tornet-0.15-5/tornet.plot.data/relay_goodput.json
2026-08-12 07:34:06 1786520046.314844 [tornettools] [INFO] Found 5 total files
2026-08-12 07:34:06 1786520046.316181 [tornettools] [INFO] Searching for files containing simulation_info.json in directory tree at /tmp/sim-results
2026-08-12 07:34:06 1786520046.316521 [tornettools] [INFO] Found /tmp/sim-results/tornet-0.15-1/tornet.plot.data/simulation_info.json
2026-08-12 07:34:06 1786520046.483774 [tornettools] [INFO] Found 1 total files
2026-08-12 07:34:06 1786520046.483913 [tornettools] [INFO] Searching for files containing simulation_info.json in directory tree at /__w/benchmark/benchmark/results/tor/2026-08-11-T04-58-46
2026-08-12 07:34:06 1786520046.484036 [tornettools] [INFO] Found /__w/benchmark/benchmark/results/tor/2026-08-11-T04-58-46/tornet-0.15-1/tornet.plot.data/simulation_info.json
2026-08-12 07:34:06 1786520046.484070 [tornettools] [INFO] Found 1 total files
2026-08-12 07:34:06 1786520046.484141 [tornettools] [INFO] Searching for files containing simulation_info.json in directory tree at /__w/benchmark/benchmark/results/tor/2026-08-08-T05-03-44
2026-08-12 07:34:06 1786520046.484221 [tornettools] [INFO] Found /__w/benchmark/benchmark/results/tor/2026-08-08-T05-03-44/tornet-0.15-2/tornet.plot.data/simulation_info.json
2026-08-12 07:34:06 1786520046.484283 [tornettools] [INFO] Found /__w/benchmark/benchmark/results/tor/2026-08-08-T05-03-44/tornet-0.15-3/tornet.plot.data/simulation_info.json
2026-08-12 07:34:06 1786520046.484368 [tornettools] [INFO] Found /__w/benchmark/benchmark/results/tor/2026-08-08-T05-03-44/tornet-0.15-1/tornet.plot.data/simulation_info.json
2026-08-12 07:34:06 1786520046.484400 [tornettools] [INFO] Found 3 total files
2026-08-12 07:34:06 1786520046.484503 [tornettools] [INFO] Searching for files containing simulation_info.json in directory tree at /__w/benchmark/benchmark/results/tor/2024-01-01-T02-18-28
2026-08-12 07:34:06 1786520046.484584 [tornettools] [INFO] Found /__w/benchmark/benchmark/results/tor/2024-01-01-T02-18-28/tornet-0.15-2/tornet.plot.data/simulation_info.json
2026-08-12 07:34:06 1786520046.484645 [tornettools] [INFO] Found /__w/benchmark/benchmark/results/tor/2024-01-01-T02-18-28/tornet-0.15-3/tornet.plot.data/simulation_info.json
2026-08-12 07:34:06 1786520046.484734 [tornettools] [INFO] Found /__w/benchmark/benchmark/results/tor/2024-01-01-T02-18-28/tornet-0.15-4/tornet.plot.data/simulation_info.json
2026-08-12 07:34:06 1786520046.484791 [tornettools] [INFO] Found /__w/benchmark/benchmark/results/tor/2024-01-01-T02-18-28/tornet-0.15-1/tornet.plot.data/simulation_info.json
2026-08-12 07:34:06 1786520046.484847 [tornettools] [INFO] Found /__w/benchmark/benchmark/results/tor/2024-01-01-T02-18-28/tornet-0.15-5/tornet.plot.data/simulation_info.json
2026-08-12 07:34:06 1786520046.484877 [tornettools] [INFO] Found 5 total files
2026-08-12 07:34:06 1786520046.485030 [tornettools] [INFO] Found simulated network scale 0.15
2026-08-12 07:34:06 1786520046.485070 [tornettools] [INFO] Plotting relay goodput
