2026-08-29 17:13:50 1788023630.440515 [tornettools] [INFO] Logging system initialized! Logging events to stdout and to '/tmp/sim-results/plots/tornettools.plot.2026-08-29.17.13.50.log'
2026-08-29 17:13:50 1788023630.440694 [tornettools] [INFO] Seeded standard and numpy PRNGs with seed=1767853596
2026-08-29 17:13:50 1788023630.440770 [tornettools] [INFO] The argument namespace is: Namespace(do_version=False, quiet=0, seed=1767853596, command='plot', tornet_collection_path=['/tmp/sim-results', '/__w/benchmark/benchmark/results/tor/2026-08-28-T15-48-23', '/__w/benchmark/benchmark/results/tor/2026-08-22-T04-38-59', '/__w/benchmark/benchmark/results/tor/2024-01-01-T02-18-28'], tor_metrics_path=None, prefix='/tmp/sim-results/plots', labels=['2026-08-29-T10-57-34 (Weekly benchmark)', '2026-08-28-T15-48-23 (Nightly benchmark)', '2026-08-22-T04-38-59 (Weekly benchmark)', '2024-01-01-T02-18-28 (v3.1.0)'], colors=None, plot_all=False, plot_pngs=True, func=<function plot at 0x149484c13880>, formatter_class=<class '__main__.CustomHelpFormatter'>)
2026-08-29 17:13:50 1788023630.442912 [tornettools] [INFO] The platform is: Linux-6.12.86+deb13-amd64-x86_64-with-glibc2.36
2026-08-29 17:13:50 1788023630.443025 [tornettools] [INFO] System info: uname_result(system='Linux', node='0f1cce48c91d', release='6.12.86+deb13-amd64', version='#1 SMP PREEMPT_DYNAMIC Debian 6.12.86-1 (2026-05-08)', machine='x86_64')
2026-08-29 17:13:50 1788023630.720961 [tornettools] [INFO] generated new fontManager
2026-08-29 17:13:51 1788023631.627694 [tornettools] [INFO] Plotting simulation results now
2026-08-29 17:13:51 1788023631.628057 [tornettools] [INFO] Plotting tornet comparisons
2026-08-29 17:13:51 1788023631.628125 [tornettools] [INFO] Loading tornet resource usage data
2026-08-29 17:13:51 1788023631.628167 [tornettools] [INFO] Searching for files containing resource_usage.json in directory tree at /tmp/sim-results
2026-08-29 17:13:51 1788023631.628454 [tornettools] [INFO] Found /tmp/sim-results/tornet-0.15-2/tornet.plot.data/resource_usage.json
2026-08-29 17:13:51 1788023631.805802 [tornettools] [INFO] Found /tmp/sim-results/tornet-0.15-3/tornet.plot.data/resource_usage.json
2026-08-29 17:13:51 1788023631.985209 [tornettools] [INFO] Found /tmp/sim-results/tornet-0.15-1/tornet.plot.data/resource_usage.json
2026-08-29 17:13:52 1788023632.159992 [tornettools] [INFO] Found 3 total files
2026-08-29 17:13:52 1788023632.161462 [tornettools] [INFO] Searching for files containing resource_usage.json in directory tree at /__w/benchmark/benchmark/results/tor/2026-08-28-T15-48-23
2026-08-29 17:13:52 1788023632.161669 [tornettools] [INFO] Found /__w/benchmark/benchmark/results/tor/2026-08-28-T15-48-23/tornet-0.15-1/tornet.plot.data/resource_usage.json
2026-08-29 17:13:52 1788023632.161715 [tornettools] [INFO] Found 1 total files
2026-08-29 17:13:52 1788023632.162199 [tornettools] [INFO] Searching for files containing resource_usage.json in directory tree at /__w/benchmark/benchmark/results/tor/2026-08-22-T04-38-59
2026-08-29 17:13:52 1788023632.162313 [tornettools] [INFO] Found /__w/benchmark/benchmark/results/tor/2026-08-22-T04-38-59/tornet-0.15-2/tornet.plot.data/resource_usage.json
2026-08-29 17:13:52 1788023632.162393 [tornettools] [INFO] Found /__w/benchmark/benchmark/results/tor/2026-08-22-T04-38-59/tornet-0.15-3/tornet.plot.data/resource_usage.json
2026-08-29 17:13:52 1788023632.162507 [tornettools] [INFO] Found /__w/benchmark/benchmark/results/tor/2026-08-22-T04-38-59/tornet-0.15-1/tornet.plot.data/resource_usage.json
2026-08-29 17:13:52 1788023632.162544 [tornettools] [INFO] Found 3 total files
2026-08-29 17:13:52 1788023632.163862 [tornettools] [INFO] Searching for files containing resource_usage.json in directory tree at /__w/benchmark/benchmark/results/tor/2024-01-01-T02-18-28
2026-08-29 17:13:52 1788023632.164011 [tornettools] [INFO] Found /__w/benchmark/benchmark/results/tor/2024-01-01-T02-18-28/tornet-0.15-2/tornet.plot.data/resource_usage.json
2026-08-29 17:13:52 1788023632.164091 [tornettools] [INFO] Found /__w/benchmark/benchmark/results/tor/2024-01-01-T02-18-28/tornet-0.15-3/tornet.plot.data/resource_usage.json
2026-08-29 17:13:52 1788023632.164219 [tornettools] [INFO] Found /__w/benchmark/benchmark/results/tor/2024-01-01-T02-18-28/tornet-0.15-4/tornet.plot.data/resource_usage.json
2026-08-29 17:13:52 1788023632.164291 [tornettools] [INFO] Found /__w/benchmark/benchmark/results/tor/2024-01-01-T02-18-28/tornet-0.15-1/tornet.plot.data/resource_usage.json
2026-08-29 17:13:52 1788023632.164363 [tornettools] [INFO] Found /__w/benchmark/benchmark/results/tor/2024-01-01-T02-18-28/tornet-0.15-5/tornet.plot.data/resource_usage.json
2026-08-29 17:13:52 1788023632.164399 [tornettools] [INFO] Found 5 total files
2026-08-29 17:13:53 1788023633.933903 [tornettools] [INFO] Loading Tor metrics data
2026-08-29 17:13:53 1788023633.934087 [tornettools] [INFO] Loading tornet relay goodput data
2026-08-29 17:13:53 1788023633.934141 [tornettools] [INFO] Searching for files containing relay_goodput.json in directory tree at /tmp/sim-results
2026-08-29 17:13:53 1788023633.934530 [tornettools] [INFO] Found /tmp/sim-results/tornet-0.15-2/tornet.plot.data/relay_goodput.json
2026-08-29 17:13:54 1788023634.112385 [tornettools] [INFO] Found /tmp/sim-results/tornet-0.15-3/tornet.plot.data/relay_goodput.json
2026-08-29 17:13:54 1788023634.291026 [tornettools] [INFO] Found /tmp/sim-results/tornet-0.15-1/tornet.plot.data/relay_goodput.json
2026-08-29 17:13:54 1788023634.466130 [tornettools] [INFO] Found 3 total files
2026-08-29 17:13:54 1788023634.466875 [tornettools] [INFO] Searching for files containing relay_goodput.json in directory tree at /__w/benchmark/benchmark/results/tor/2026-08-28-T15-48-23
2026-08-29 17:13:54 1788023634.467068 [tornettools] [INFO] Found /__w/benchmark/benchmark/results/tor/2026-08-28-T15-48-23/tornet-0.15-1/tornet.plot.data/relay_goodput.json
2026-08-29 17:13:54 1788023634.467111 [tornettools] [INFO] Found 1 total files
2026-08-29 17:13:54 1788023634.467307 [tornettools] [INFO] Searching for files containing relay_goodput.json in directory tree at /__w/benchmark/benchmark/results/tor/2026-08-22-T04-38-59
2026-08-29 17:13:54 1788023634.467415 [tornettools] [INFO] Found /__w/benchmark/benchmark/results/tor/2026-08-22-T04-38-59/tornet-0.15-2/tornet.plot.data/relay_goodput.json
2026-08-29 17:13:54 1788023634.467491 [tornettools] [INFO] Found /__w/benchmark/benchmark/results/tor/2026-08-22-T04-38-59/tornet-0.15-3/tornet.plot.data/relay_goodput.json
2026-08-29 17:13:54 1788023634.467595 [tornettools] [INFO] Found /__w/benchmark/benchmark/results/tor/2026-08-22-T04-38-59/tornet-0.15-1/tornet.plot.data/relay_goodput.json
2026-08-29 17:13:54 1788023634.467628 [tornettools] [INFO] Found 3 total files
2026-08-29 17:13:54 1788023634.468170 [tornettools] [INFO] Searching for files containing relay_goodput.json in directory tree at /__w/benchmark/benchmark/results/tor/2024-01-01-T02-18-28
2026-08-29 17:13:54 1788023634.468294 [tornettools] [INFO] Found /__w/benchmark/benchmark/results/tor/2024-01-01-T02-18-28/tornet-0.15-2/tornet.plot.data/relay_goodput.json
2026-08-29 17:13:54 1788023634.468369 [tornettools] [INFO] Found /__w/benchmark/benchmark/results/tor/2024-01-01-T02-18-28/tornet-0.15-3/tornet.plot.data/relay_goodput.json
2026-08-29 17:13:54 1788023634.468485 [tornettools] [INFO] Found /__w/benchmark/benchmark/results/tor/2024-01-01-T02-18-28/tornet-0.15-4/tornet.plot.data/relay_goodput.json
2026-08-29 17:13:54 1788023634.468558 [tornettools] [INFO] Found /__w/benchmark/benchmark/results/tor/2024-01-01-T02-18-28/tornet-0.15-1/tornet.plot.data/relay_goodput.json
2026-08-29 17:13:54 1788023634.468627 [tornettools] [INFO] Found /__w/benchmark/benchmark/results/tor/2024-01-01-T02-18-28/tornet-0.15-5/tornet.plot.data/relay_goodput.json
2026-08-29 17:13:54 1788023634.468666 [tornettools] [INFO] Found 5 total files
2026-08-29 17:13:54 1788023634.470139 [tornettools] [INFO] Searching for files containing simulation_info.json in directory tree at /tmp/sim-results
2026-08-29 17:13:54 1788023634.470491 [tornettools] [INFO] Found /tmp/sim-results/tornet-0.15-2/tornet.plot.data/simulation_info.json
2026-08-29 17:13:54 1788023634.649489 [tornettools] [INFO] Found /tmp/sim-results/tornet-0.15-3/tornet.plot.data/simulation_info.json
2026-08-29 17:13:54 1788023634.827221 [tornettools] [INFO] Found /tmp/sim-results/tornet-0.15-1/tornet.plot.data/simulation_info.json
2026-08-29 17:13:55 1788023635.001419 [tornettools] [INFO] Found 3 total files
2026-08-29 17:13:55 1788023635.001798 [tornettools] [INFO] Searching for files containing simulation_info.json in directory tree at /__w/benchmark/benchmark/results/tor/2026-08-28-T15-48-23
2026-08-29 17:13:55 1788023635.002000 [tornettools] [INFO] Found /__w/benchmark/benchmark/results/tor/2026-08-28-T15-48-23/tornet-0.15-1/tornet.plot.data/simulation_info.json
2026-08-29 17:13:55 1788023635.002042 [tornettools] [INFO] Found 1 total files
2026-08-29 17:13:55 1788023635.002117 [tornettools] [INFO] Searching for files containing simulation_info.json in directory tree at /__w/benchmark/benchmark/results/tor/2026-08-22-T04-38-59
2026-08-29 17:13:55 1788023635.002214 [tornettools] [INFO] Found /__w/benchmark/benchmark/results/tor/2026-08-22-T04-38-59/tornet-0.15-2/tornet.plot.data/simulation_info.json
2026-08-29 17:13:55 1788023635.002288 [tornettools] [INFO] Found /__w/benchmark/benchmark/results/tor/2026-08-22-T04-38-59/tornet-0.15-3/tornet.plot.data/simulation_info.json
2026-08-29 17:13:55 1788023635.002393 [tornettools] [INFO] Found /__w/benchmark/benchmark/results/tor/2026-08-22-T04-38-59/tornet-0.15-1/tornet.plot.data/simulation_info.json
2026-08-29 17:13:55 1788023635.002429 [tornettools] [INFO] Found 3 total files
2026-08-29 17:13:55 1788023635.002551 [tornettools] [INFO] Searching for files containing simulation_info.json in directory tree at /__w/benchmark/benchmark/results/tor/2024-01-01-T02-18-28
2026-08-29 17:13:55 1788023635.002654 [tornettools] [INFO] Found /__w/benchmark/benchmark/results/tor/2024-01-01-T02-18-28/tornet-0.15-2/tornet.plot.data/simulation_info.json
2026-08-29 17:13:55 1788023635.002727 [tornettools] [INFO] Found /__w/benchmark/benchmark/results/tor/2024-01-01-T02-18-28/tornet-0.15-3/tornet.plot.data/simulation_info.json
2026-08-29 17:13:55 1788023635.002847 [tornettools] [INFO] Found /__w/benchmark/benchmark/results/tor/2024-01-01-T02-18-28/tornet-0.15-4/tornet.plot.data/simulation_info.json
2026-08-29 17:13:55 1788023635.002921 [tornettools] [INFO] Found /__w/benchmark/benchmark/results/tor/2024-01-01-T02-18-28/tornet-0.15-1/tornet.plot.data/simulation_info.json
2026-08-29 17:13:55 1788023635.002991 [tornettools] [INFO] Found /__w/benchmark/benchmark/results/tor/2024-01-01-T02-18-28/tornet-0.15-5/tornet.plot.data/simulation_info.json
2026-08-29 17:13:55 1788023635.003026 [tornettools] [INFO] Found 5 total files
2026-08-29 17:13:55 1788023635.003223 [tornettools] [INFO] Found simulated network scale 0.15
2026-08-29 17:13:55 1788023635.003281 [tornettools] [INFO] Plotting relay goodput
