2026-09-02 10:25:32 1788344732.381341 [tornettools] [INFO] Logging system initialized! Logging events to stdout and to '/tmp/sim-results/plots/tornettools.plot.2026-09-02.10.25.32.log'
2026-09-02 10:25:32 1788344732.381519 [tornettools] [INFO] Seeded standard and numpy PRNGs with seed=331835313
2026-09-02 10:25:32 1788344732.381598 [tornettools] [INFO] The argument namespace is: Namespace(do_version=False, quiet=0, seed=331835313, command='plot', tornet_collection_path=['/tmp/sim-results', '/__w/benchmark/benchmark/results/tor/2026-09-01-T09-01-42', '/__w/benchmark/benchmark/results/tor/2026-08-29-T10-57-34', '/__w/benchmark/benchmark/results/tor/2024-01-01-T02-18-28'], tor_metrics_path=None, prefix='/tmp/sim-results/plots', labels=['2026-09-02-T08-15-28 (Nightly benchmark)', '2026-09-01-T09-01-42 (Nightly benchmark)', '2026-08-29-T10-57-34 (Weekly benchmark)', '2024-01-01-T02-18-28 (v3.1.0)'], colors=None, plot_all=False, plot_pngs=True, func=<function plot at 0x150be5453880>, formatter_class=<class '__main__.CustomHelpFormatter'>)
2026-09-02 10:25:32 1788344732.383769 [tornettools] [INFO] The platform is: Linux-6.12.86+deb13-amd64-x86_64-with-glibc2.36
2026-09-02 10:25:32 1788344732.383874 [tornettools] [INFO] System info: uname_result(system='Linux', node='f7d04371871d', release='6.12.86+deb13-amd64', version='#1 SMP PREEMPT_DYNAMIC Debian 6.12.86-1 (2026-05-08)', machine='x86_64')
2026-09-02 10:25:32 1788344732.660623 [tornettools] [INFO] generated new fontManager
2026-09-02 10:25:33 1788344733.570657 [tornettools] [INFO] Plotting simulation results now
2026-09-02 10:25:33 1788344733.571019 [tornettools] [INFO] Plotting tornet comparisons
2026-09-02 10:25:33 1788344733.571089 [tornettools] [INFO] Loading tornet resource usage data
2026-09-02 10:25:33 1788344733.571133 [tornettools] [INFO] Searching for files containing resource_usage.json in directory tree at /tmp/sim-results
2026-09-02 10:25:33 1788344733.571444 [tornettools] [INFO] Found /tmp/sim-results/tornet-0.15-1/tornet.plot.data/resource_usage.json
2026-09-02 10:25:33 1788344733.739550 [tornettools] [INFO] Found 1 total files
2026-09-02 10:25:33 1788344733.740149 [tornettools] [INFO] Searching for files containing resource_usage.json in directory tree at /__w/benchmark/benchmark/results/tor/2026-09-01-T09-01-42
2026-09-02 10:25:33 1788344733.740345 [tornettools] [INFO] Found /__w/benchmark/benchmark/results/tor/2026-09-01-T09-01-42/tornet-0.15-1/tornet.plot.data/resource_usage.json
2026-09-02 10:25:33 1788344733.740401 [tornettools] [INFO] Found 1 total files
2026-09-02 10:25:33 1788344733.741201 [tornettools] [INFO] Searching for files containing resource_usage.json in directory tree at /__w/benchmark/benchmark/results/tor/2026-08-29-T10-57-34
2026-09-02 10:25:33 1788344733.741363 [tornettools] [INFO] Found /__w/benchmark/benchmark/results/tor/2026-08-29-T10-57-34/tornet-0.15-2/tornet.plot.data/resource_usage.json
2026-09-02 10:25:33 1788344733.741443 [tornettools] [INFO] Found /__w/benchmark/benchmark/results/tor/2026-08-29-T10-57-34/tornet-0.15-3/tornet.plot.data/resource_usage.json
2026-09-02 10:25:33 1788344733.741553 [tornettools] [INFO] Found /__w/benchmark/benchmark/results/tor/2026-08-29-T10-57-34/tornet-0.15-1/tornet.plot.data/resource_usage.json
2026-09-02 10:25:33 1788344733.741589 [tornettools] [INFO] Found 3 total files
2026-09-02 10:25:33 1788344733.742955 [tornettools] [INFO] Searching for files containing resource_usage.json in directory tree at /__w/benchmark/benchmark/results/tor/2024-01-01-T02-18-28
2026-09-02 10:25:33 1788344733.743114 [tornettools] [INFO] Found /__w/benchmark/benchmark/results/tor/2024-01-01-T02-18-28/tornet-0.15-2/tornet.plot.data/resource_usage.json
2026-09-02 10:25:33 1788344733.743195 [tornettools] [INFO] Found /__w/benchmark/benchmark/results/tor/2024-01-01-T02-18-28/tornet-0.15-3/tornet.plot.data/resource_usage.json
2026-09-02 10:25:33 1788344733.743315 [tornettools] [INFO] Found /__w/benchmark/benchmark/results/tor/2024-01-01-T02-18-28/tornet-0.15-4/tornet.plot.data/resource_usage.json
2026-09-02 10:25:33 1788344733.743387 [tornettools] [INFO] Found /__w/benchmark/benchmark/results/tor/2024-01-01-T02-18-28/tornet-0.15-1/tornet.plot.data/resource_usage.json
2026-09-02 10:25:33 1788344733.743471 [tornettools] [INFO] Found /__w/benchmark/benchmark/results/tor/2024-01-01-T02-18-28/tornet-0.15-5/tornet.plot.data/resource_usage.json
2026-09-02 10:25:33 1788344733.743507 [tornettools] [INFO] Found 5 total files
2026-09-02 10:25:35 1788344735.212530 [tornettools] [INFO] Loading Tor metrics data
2026-09-02 10:25:35 1788344735.212688 [tornettools] [INFO] Loading tornet relay goodput data
2026-09-02 10:25:35 1788344735.212744 [tornettools] [INFO] Searching for files containing relay_goodput.json in directory tree at /tmp/sim-results
2026-09-02 10:25:35 1788344735.213112 [tornettools] [INFO] Found /tmp/sim-results/tornet-0.15-1/tornet.plot.data/relay_goodput.json
2026-09-02 10:25:35 1788344735.383566 [tornettools] [INFO] Found 1 total files
2026-09-02 10:25:35 1788344735.384063 [tornettools] [INFO] Searching for files containing relay_goodput.json in directory tree at /__w/benchmark/benchmark/results/tor/2026-09-01-T09-01-42
2026-09-02 10:25:35 1788344735.384260 [tornettools] [INFO] Found /__w/benchmark/benchmark/results/tor/2026-09-01-T09-01-42/tornet-0.15-1/tornet.plot.data/relay_goodput.json
2026-09-02 10:25:35 1788344735.384302 [tornettools] [INFO] Found 1 total files
2026-09-02 10:25:35 1788344735.384548 [tornettools] [INFO] Searching for files containing relay_goodput.json in directory tree at /__w/benchmark/benchmark/results/tor/2026-08-29-T10-57-34
2026-09-02 10:25:35 1788344735.384677 [tornettools] [INFO] Found /__w/benchmark/benchmark/results/tor/2026-08-29-T10-57-34/tornet-0.15-2/tornet.plot.data/relay_goodput.json
2026-09-02 10:25:35 1788344735.384755 [tornettools] [INFO] Found /__w/benchmark/benchmark/results/tor/2026-08-29-T10-57-34/tornet-0.15-3/tornet.plot.data/relay_goodput.json
2026-09-02 10:25:35 1788344735.384856 [tornettools] [INFO] Found /__w/benchmark/benchmark/results/tor/2026-08-29-T10-57-34/tornet-0.15-1/tornet.plot.data/relay_goodput.json
2026-09-02 10:25:35 1788344735.384890 [tornettools] [INFO] Found 3 total files
2026-09-02 10:25:35 1788344735.385425 [tornettools] [INFO] Searching for files containing relay_goodput.json in directory tree at /__w/benchmark/benchmark/results/tor/2024-01-01-T02-18-28
2026-09-02 10:25:35 1788344735.385567 [tornettools] [INFO] Found /__w/benchmark/benchmark/results/tor/2024-01-01-T02-18-28/tornet-0.15-2/tornet.plot.data/relay_goodput.json
2026-09-02 10:25:35 1788344735.385650 [tornettools] [INFO] Found /__w/benchmark/benchmark/results/tor/2024-01-01-T02-18-28/tornet-0.15-3/tornet.plot.data/relay_goodput.json
2026-09-02 10:25:35 1788344735.385765 [tornettools] [INFO] Found /__w/benchmark/benchmark/results/tor/2024-01-01-T02-18-28/tornet-0.15-4/tornet.plot.data/relay_goodput.json
2026-09-02 10:25:35 1788344735.385834 [tornettools] [INFO] Found /__w/benchmark/benchmark/results/tor/2024-01-01-T02-18-28/tornet-0.15-1/tornet.plot.data/relay_goodput.json
2026-09-02 10:25:35 1788344735.385906 [tornettools] [INFO] Found /__w/benchmark/benchmark/results/tor/2024-01-01-T02-18-28/tornet-0.15-5/tornet.plot.data/relay_goodput.json
2026-09-02 10:25:35 1788344735.385939 [tornettools] [INFO] Found 5 total files
2026-09-02 10:25:35 1788344735.387363 [tornettools] [INFO] Searching for files containing simulation_info.json in directory tree at /tmp/sim-results
2026-09-02 10:25:35 1788344735.387767 [tornettools] [INFO] Found /tmp/sim-results/tornet-0.15-1/tornet.plot.data/simulation_info.json
2026-09-02 10:25:35 1788344735.529291 [tornettools] [INFO] Found 1 total files
2026-09-02 10:25:35 1788344735.529403 [tornettools] [INFO] Searching for files containing simulation_info.json in directory tree at /__w/benchmark/benchmark/results/tor/2026-09-01-T09-01-42
2026-09-02 10:25:35 1788344735.529515 [tornettools] [INFO] Found /__w/benchmark/benchmark/results/tor/2026-09-01-T09-01-42/tornet-0.15-1/tornet.plot.data/simulation_info.json
2026-09-02 10:25:35 1788344735.529548 [tornettools] [INFO] Found 1 total files
2026-09-02 10:25:35 1788344735.529613 [tornettools] [INFO] Searching for files containing simulation_info.json in directory tree at /__w/benchmark/benchmark/results/tor/2026-08-29-T10-57-34
2026-09-02 10:25:35 1788344735.529692 [tornettools] [INFO] Found /__w/benchmark/benchmark/results/tor/2026-08-29-T10-57-34/tornet-0.15-2/tornet.plot.data/simulation_info.json
2026-09-02 10:25:35 1788344735.529751 [tornettools] [INFO] Found /__w/benchmark/benchmark/results/tor/2026-08-29-T10-57-34/tornet-0.15-3/tornet.plot.data/simulation_info.json
2026-09-02 10:25:35 1788344735.529831 [tornettools] [INFO] Found /__w/benchmark/benchmark/results/tor/2026-08-29-T10-57-34/tornet-0.15-1/tornet.plot.data/simulation_info.json
2026-09-02 10:25:35 1788344735.529864 [tornettools] [INFO] Found 3 total files
2026-09-02 10:25:35 1788344735.529974 [tornettools] [INFO] Searching for files containing simulation_info.json in directory tree at /__w/benchmark/benchmark/results/tor/2024-01-01-T02-18-28
2026-09-02 10:25:35 1788344735.530068 [tornettools] [INFO] Found /__w/benchmark/benchmark/results/tor/2024-01-01-T02-18-28/tornet-0.15-2/tornet.plot.data/simulation_info.json
2026-09-02 10:25:35 1788344735.530137 [tornettools] [INFO] Found /__w/benchmark/benchmark/results/tor/2024-01-01-T02-18-28/tornet-0.15-3/tornet.plot.data/simulation_info.json
2026-09-02 10:25:35 1788344735.530226 [tornettools] [INFO] Found /__w/benchmark/benchmark/results/tor/2024-01-01-T02-18-28/tornet-0.15-4/tornet.plot.data/simulation_info.json
2026-09-02 10:25:35 1788344735.530284 [tornettools] [INFO] Found /__w/benchmark/benchmark/results/tor/2024-01-01-T02-18-28/tornet-0.15-1/tornet.plot.data/simulation_info.json
2026-09-02 10:25:35 1788344735.530340 [tornettools] [INFO] Found /__w/benchmark/benchmark/results/tor/2024-01-01-T02-18-28/tornet-0.15-5/tornet.plot.data/simulation_info.json
2026-09-02 10:25:35 1788344735.530370 [tornettools] [INFO] Found 5 total files
2026-09-02 10:25:35 1788344735.530505 [tornettools] [INFO] Found simulated network scale 0.15
2026-09-02 10:25:35 1788344735.530542 [tornettools] [INFO] Plotting relay goodput
