2026-08-25 06:39:58 1787639998.882274 [tornettools] [INFO] Logging system initialized! Logging events to stdout and to '/tmp/sim-results/plots/tornettools.plot.2026-08-25.06.39.58.log'
2026-08-25 06:39:58 1787639998.882449 [tornettools] [INFO] Seeded standard and numpy PRNGs with seed=2064116258
2026-08-25 06:39:58 1787639998.882526 [tornettools] [INFO] The argument namespace is: Namespace(do_version=False, quiet=0, seed=2064116258, command='plot', tornet_collection_path=['/tmp/sim-results', '/__w/benchmark/benchmark/results/tor/2026-08-21-T04-29-20', '/__w/benchmark/benchmark/results/tor/2026-08-22-T04-38-59', '/__w/benchmark/benchmark/results/tor/2024-01-01-T02-18-28'], tor_metrics_path=None, prefix='/tmp/sim-results/plots', labels=['2026-08-25-T04-30-10 (Nightly benchmark)', '2026-08-21-T04-29-20 (Nightly benchmark)', '2026-08-22-T04-38-59 (Weekly benchmark)', '2024-01-01-T02-18-28 (v3.1.0)'], colors=None, plot_all=False, plot_pngs=True, func=<function plot at 0x14c557d4f880>, formatter_class=<class '__main__.CustomHelpFormatter'>)
2026-08-25 06:39:58 1787639998.884605 [tornettools] [INFO] The platform is: Linux-6.12.86+deb13-amd64-x86_64-with-glibc2.36
2026-08-25 06:39:58 1787639998.884709 [tornettools] [INFO] System info: uname_result(system='Linux', node='b1b7428abc14', release='6.12.86+deb13-amd64', version='#1 SMP PREEMPT_DYNAMIC Debian 6.12.86-1 (2026-05-08)', machine='x86_64')
2026-08-25 06:39:59 1787639999.159746 [tornettools] [INFO] generated new fontManager
2026-08-25 06:40:00 1787640000.057676 [tornettools] [INFO] Plotting simulation results now
2026-08-25 06:40:00 1787640000.058038 [tornettools] [INFO] Plotting tornet comparisons
2026-08-25 06:40:00 1787640000.058106 [tornettools] [INFO] Loading tornet resource usage data
2026-08-25 06:40:00 1787640000.058149 [tornettools] [INFO] Searching for files containing resource_usage.json in directory tree at /tmp/sim-results
2026-08-25 06:40:00 1787640000.058446 [tornettools] [INFO] Found /tmp/sim-results/tornet-0.15-1/tornet.plot.data/resource_usage.json
2026-08-25 06:40:00 1787640000.229325 [tornettools] [INFO] Found 1 total files
2026-08-25 06:40:00 1787640000.229943 [tornettools] [INFO] Searching for files containing resource_usage.json in directory tree at /__w/benchmark/benchmark/results/tor/2026-08-21-T04-29-20
2026-08-25 06:40:00 1787640000.230124 [tornettools] [INFO] Found /__w/benchmark/benchmark/results/tor/2026-08-21-T04-29-20/tornet-0.15-1/tornet.plot.data/resource_usage.json
2026-08-25 06:40:00 1787640000.230169 [tornettools] [INFO] Found 1 total files
2026-08-25 06:40:00 1787640000.230639 [tornettools] [INFO] Searching for files containing resource_usage.json in directory tree at /__w/benchmark/benchmark/results/tor/2026-08-22-T04-38-59
2026-08-25 06:40:00 1787640000.230759 [tornettools] [INFO] Found /__w/benchmark/benchmark/results/tor/2026-08-22-T04-38-59/tornet-0.15-2/tornet.plot.data/resource_usage.json
2026-08-25 06:40:00 1787640000.230841 [tornettools] [INFO] Found /__w/benchmark/benchmark/results/tor/2026-08-22-T04-38-59/tornet-0.15-3/tornet.plot.data/resource_usage.json
2026-08-25 06:40:00 1787640000.230947 [tornettools] [INFO] Found /__w/benchmark/benchmark/results/tor/2026-08-22-T04-38-59/tornet-0.15-1/tornet.plot.data/resource_usage.json
2026-08-25 06:40:00 1787640000.230984 [tornettools] [INFO] Found 3 total files
2026-08-25 06:40:00 1787640000.232620 [tornettools] [INFO] Searching for files containing resource_usage.json in directory tree at /__w/benchmark/benchmark/results/tor/2024-01-01-T02-18-28
2026-08-25 06:40:00 1787640000.232791 [tornettools] [INFO] Found /__w/benchmark/benchmark/results/tor/2024-01-01-T02-18-28/tornet-0.15-2/tornet.plot.data/resource_usage.json
2026-08-25 06:40:00 1787640000.232876 [tornettools] [INFO] Found /__w/benchmark/benchmark/results/tor/2024-01-01-T02-18-28/tornet-0.15-3/tornet.plot.data/resource_usage.json
2026-08-25 06:40:00 1787640000.232993 [tornettools] [INFO] Found /__w/benchmark/benchmark/results/tor/2024-01-01-T02-18-28/tornet-0.15-4/tornet.plot.data/resource_usage.json
2026-08-25 06:40:00 1787640000.233065 [tornettools] [INFO] Found /__w/benchmark/benchmark/results/tor/2024-01-01-T02-18-28/tornet-0.15-1/tornet.plot.data/resource_usage.json
2026-08-25 06:40:00 1787640000.233161 [tornettools] [INFO] Found /__w/benchmark/benchmark/results/tor/2024-01-01-T02-18-28/tornet-0.15-5/tornet.plot.data/resource_usage.json
2026-08-25 06:40:00 1787640000.233203 [tornettools] [INFO] Found 5 total files
2026-08-25 06:40:01 1787640001.737011 [tornettools] [INFO] Loading Tor metrics data
2026-08-25 06:40:01 1787640001.737176 [tornettools] [INFO] Loading tornet relay goodput data
2026-08-25 06:40:01 1787640001.737232 [tornettools] [INFO] Searching for files containing relay_goodput.json in directory tree at /tmp/sim-results
2026-08-25 06:40:01 1787640001.737589 [tornettools] [INFO] Found /tmp/sim-results/tornet-0.15-1/tornet.plot.data/relay_goodput.json
2026-08-25 06:40:01 1787640001.906100 [tornettools] [INFO] Found 1 total files
2026-08-25 06:40:01 1787640001.906579 [tornettools] [INFO] Searching for files containing relay_goodput.json in directory tree at /__w/benchmark/benchmark/results/tor/2026-08-21-T04-29-20
2026-08-25 06:40:01 1787640001.906770 [tornettools] [INFO] Found /__w/benchmark/benchmark/results/tor/2026-08-21-T04-29-20/tornet-0.15-1/tornet.plot.data/relay_goodput.json
2026-08-25 06:40:01 1787640001.906811 [tornettools] [INFO] Found 1 total files
2026-08-25 06:40:01 1787640001.907021 [tornettools] [INFO] Searching for files containing relay_goodput.json in directory tree at /__w/benchmark/benchmark/results/tor/2026-08-22-T04-38-59
2026-08-25 06:40:01 1787640001.907132 [tornettools] [INFO] Found /__w/benchmark/benchmark/results/tor/2026-08-22-T04-38-59/tornet-0.15-2/tornet.plot.data/relay_goodput.json
2026-08-25 06:40:01 1787640001.907209 [tornettools] [INFO] Found /__w/benchmark/benchmark/results/tor/2026-08-22-T04-38-59/tornet-0.15-3/tornet.plot.data/relay_goodput.json
2026-08-25 06:40:01 1787640001.907316 [tornettools] [INFO] Found /__w/benchmark/benchmark/results/tor/2026-08-22-T04-38-59/tornet-0.15-1/tornet.plot.data/relay_goodput.json
2026-08-25 06:40:01 1787640001.907349 [tornettools] [INFO] Found 3 total files
2026-08-25 06:40:01 1787640001.907843 [tornettools] [INFO] Searching for files containing relay_goodput.json in directory tree at /__w/benchmark/benchmark/results/tor/2024-01-01-T02-18-28
2026-08-25 06:40:01 1787640001.907974 [tornettools] [INFO] Found /__w/benchmark/benchmark/results/tor/2024-01-01-T02-18-28/tornet-0.15-2/tornet.plot.data/relay_goodput.json
2026-08-25 06:40:01 1787640001.908053 [tornettools] [INFO] Found /__w/benchmark/benchmark/results/tor/2024-01-01-T02-18-28/tornet-0.15-3/tornet.plot.data/relay_goodput.json
2026-08-25 06:40:01 1787640001.908169 [tornettools] [INFO] Found /__w/benchmark/benchmark/results/tor/2024-01-01-T02-18-28/tornet-0.15-4/tornet.plot.data/relay_goodput.json
2026-08-25 06:40:01 1787640001.908240 [tornettools] [INFO] Found /__w/benchmark/benchmark/results/tor/2024-01-01-T02-18-28/tornet-0.15-1/tornet.plot.data/relay_goodput.json
2026-08-25 06:40:01 1787640001.908310 [tornettools] [INFO] Found /__w/benchmark/benchmark/results/tor/2024-01-01-T02-18-28/tornet-0.15-5/tornet.plot.data/relay_goodput.json
2026-08-25 06:40:01 1787640001.908342 [tornettools] [INFO] Found 5 total files
2026-08-25 06:40:01 1787640001.909736 [tornettools] [INFO] Searching for files containing simulation_info.json in directory tree at /tmp/sim-results
2026-08-25 06:40:01 1787640001.910133 [tornettools] [INFO] Found /tmp/sim-results/tornet-0.15-1/tornet.plot.data/simulation_info.json
2026-08-25 06:40:02 1787640002.055313 [tornettools] [INFO] Found 1 total files
2026-08-25 06:40:02 1787640002.055429 [tornettools] [INFO] Searching for files containing simulation_info.json in directory tree at /__w/benchmark/benchmark/results/tor/2026-08-21-T04-29-20
2026-08-25 06:40:02 1787640002.055541 [tornettools] [INFO] Found /__w/benchmark/benchmark/results/tor/2026-08-21-T04-29-20/tornet-0.15-1/tornet.plot.data/simulation_info.json
2026-08-25 06:40:02 1787640002.055574 [tornettools] [INFO] Found 1 total files
2026-08-25 06:40:02 1787640002.055645 [tornettools] [INFO] Searching for files containing simulation_info.json in directory tree at /__w/benchmark/benchmark/results/tor/2026-08-22-T04-38-59
2026-08-25 06:40:02 1787640002.055725 [tornettools] [INFO] Found /__w/benchmark/benchmark/results/tor/2026-08-22-T04-38-59/tornet-0.15-2/tornet.plot.data/simulation_info.json
2026-08-25 06:40:02 1787640002.055787 [tornettools] [INFO] Found /__w/benchmark/benchmark/results/tor/2026-08-22-T04-38-59/tornet-0.15-3/tornet.plot.data/simulation_info.json
2026-08-25 06:40:02 1787640002.055870 [tornettools] [INFO] Found /__w/benchmark/benchmark/results/tor/2026-08-22-T04-38-59/tornet-0.15-1/tornet.plot.data/simulation_info.json
2026-08-25 06:40:02 1787640002.055902 [tornettools] [INFO] Found 3 total files
2026-08-25 06:40:02 1787640002.055997 [tornettools] [INFO] Searching for files containing simulation_info.json in directory tree at /__w/benchmark/benchmark/results/tor/2024-01-01-T02-18-28
2026-08-25 06:40:02 1787640002.056078 [tornettools] [INFO] Found /__w/benchmark/benchmark/results/tor/2024-01-01-T02-18-28/tornet-0.15-2/tornet.plot.data/simulation_info.json
2026-08-25 06:40:02 1787640002.056139 [tornettools] [INFO] Found /__w/benchmark/benchmark/results/tor/2024-01-01-T02-18-28/tornet-0.15-3/tornet.plot.data/simulation_info.json
2026-08-25 06:40:02 1787640002.056228 [tornettools] [INFO] Found /__w/benchmark/benchmark/results/tor/2024-01-01-T02-18-28/tornet-0.15-4/tornet.plot.data/simulation_info.json
2026-08-25 06:40:02 1787640002.056287 [tornettools] [INFO] Found /__w/benchmark/benchmark/results/tor/2024-01-01-T02-18-28/tornet-0.15-1/tornet.plot.data/simulation_info.json
2026-08-25 06:40:02 1787640002.056344 [tornettools] [INFO] Found /__w/benchmark/benchmark/results/tor/2024-01-01-T02-18-28/tornet-0.15-5/tornet.plot.data/simulation_info.json
2026-08-25 06:40:02 1787640002.056374 [tornettools] [INFO] Found 5 total files
2026-08-25 06:40:02 1787640002.056524 [tornettools] [INFO] Found simulated network scale 0.15
2026-08-25 06:40:02 1787640002.056563 [tornettools] [INFO] Plotting relay goodput
