2026-07-29 08:33:07 1785313987.982830 [tornettools] [INFO] Logging system initialized! Logging events to stdout and to '/tmp/sim-results/plots/tornettools.plot.2026-07-29.08.33.07.log'
2026-07-29 08:33:07 1785313987.982996 [tornettools] [INFO] Seeded standard and numpy PRNGs with seed=612420487
2026-07-29 08:33:07 1785313987.983073 [tornettools] [INFO] The argument namespace is: Namespace(do_version=False, quiet=0, seed=612420487, command='plot', tornet_collection_path=['/tmp/sim-results', '/__w/benchmark/benchmark/results/tor/2026-07-28-T06-18-44', '/__w/benchmark/benchmark/results/tor/2026-07-25-T06-23-10', '/__w/benchmark/benchmark/results/tor/2024-01-01-T02-18-28'], tor_metrics_path=None, prefix='/tmp/sim-results/plots', labels=['2026-07-29-T06-24-04 (Nightly benchmark)', '2026-07-28-T06-18-44 (Nightly benchmark)', '2026-07-25-T06-23-10 (Weekly benchmark)', '2024-01-01-T02-18-28 (v3.1.0)'], colors=None, plot_all=False, plot_pngs=True, func=<function plot at 0x150828b57880>, formatter_class=<class '__main__.CustomHelpFormatter'>)
2026-07-29 08:33:07 1785313987.985086 [tornettools] [INFO] The platform is: Linux-6.12.86+deb13-amd64-x86_64-with-glibc2.36
2026-07-29 08:33:07 1785313987.985215 [tornettools] [INFO] System info: uname_result(system='Linux', node='5fbd54ff4604', release='6.12.86+deb13-amd64', version='#1 SMP PREEMPT_DYNAMIC Debian 6.12.86-1 (2026-05-08)', machine='x86_64')
2026-07-29 08:33:08 1785313988.263144 [tornettools] [INFO] generated new fontManager
2026-07-29 08:33:09 1785313989.162438 [tornettools] [INFO] Plotting simulation results now
2026-07-29 08:33:09 1785313989.162795 [tornettools] [INFO] Plotting tornet comparisons
2026-07-29 08:33:09 1785313989.162861 [tornettools] [INFO] Loading tornet resource usage data
2026-07-29 08:33:09 1785313989.162904 [tornettools] [INFO] Searching for files containing resource_usage.json in directory tree at /tmp/sim-results
2026-07-29 08:33:09 1785313989.163206 [tornettools] [INFO] Found /tmp/sim-results/tornet-0.15-1/tornet.plot.data/resource_usage.json
2026-07-29 08:33:09 1785313989.337830 [tornettools] [INFO] Found 1 total files
2026-07-29 08:33:09 1785313989.338449 [tornettools] [INFO] Searching for files containing resource_usage.json in directory tree at /__w/benchmark/benchmark/results/tor/2026-07-28-T06-18-44
2026-07-29 08:33:09 1785313989.338633 [tornettools] [INFO] Found /__w/benchmark/benchmark/results/tor/2026-07-28-T06-18-44/tornet-0.15-1/tornet.plot.data/resource_usage.json
2026-07-29 08:33:09 1785313989.338679 [tornettools] [INFO] Found 1 total files
2026-07-29 08:33:09 1785313989.339159 [tornettools] [INFO] Searching for files containing resource_usage.json in directory tree at /__w/benchmark/benchmark/results/tor/2026-07-25-T06-23-10
2026-07-29 08:33:09 1785313989.339282 [tornettools] [INFO] Found /__w/benchmark/benchmark/results/tor/2026-07-25-T06-23-10/tornet-0.15-2/tornet.plot.data/resource_usage.json
2026-07-29 08:33:09 1785313989.339363 [tornettools] [INFO] Found /__w/benchmark/benchmark/results/tor/2026-07-25-T06-23-10/tornet-0.15-3/tornet.plot.data/resource_usage.json
2026-07-29 08:33:09 1785313989.339467 [tornettools] [INFO] Found /__w/benchmark/benchmark/results/tor/2026-07-25-T06-23-10/tornet-0.15-1/tornet.plot.data/resource_usage.json
2026-07-29 08:33:09 1785313989.339503 [tornettools] [INFO] Found 3 total files
2026-07-29 08:33:09 1785313989.340841 [tornettools] [INFO] Searching for files containing resource_usage.json in directory tree at /__w/benchmark/benchmark/results/tor/2024-01-01-T02-18-28
2026-07-29 08:33:09 1785313989.340992 [tornettools] [INFO] Found /__w/benchmark/benchmark/results/tor/2024-01-01-T02-18-28/tornet-0.15-2/tornet.plot.data/resource_usage.json
2026-07-29 08:33:09 1785313989.341070 [tornettools] [INFO] Found /__w/benchmark/benchmark/results/tor/2024-01-01-T02-18-28/tornet-0.15-3/tornet.plot.data/resource_usage.json
2026-07-29 08:33:09 1785313989.341196 [tornettools] [INFO] Found /__w/benchmark/benchmark/results/tor/2024-01-01-T02-18-28/tornet-0.15-4/tornet.plot.data/resource_usage.json
2026-07-29 08:33:09 1785313989.341272 [tornettools] [INFO] Found /__w/benchmark/benchmark/results/tor/2024-01-01-T02-18-28/tornet-0.15-1/tornet.plot.data/resource_usage.json
2026-07-29 08:33:09 1785313989.341358 [tornettools] [INFO] Found /__w/benchmark/benchmark/results/tor/2024-01-01-T02-18-28/tornet-0.15-5/tornet.plot.data/resource_usage.json
2026-07-29 08:33:09 1785313989.341395 [tornettools] [INFO] Found 5 total files
2026-07-29 08:33:10 1785313990.721479 [tornettools] [INFO] Loading Tor metrics data
2026-07-29 08:33:10 1785313990.721587 [tornettools] [INFO] Loading tornet relay goodput data
2026-07-29 08:33:10 1785313990.721631 [tornettools] [INFO] Searching for files containing relay_goodput.json in directory tree at /tmp/sim-results
2026-07-29 08:33:10 1785313990.721904 [tornettools] [INFO] Found /tmp/sim-results/tornet-0.15-1/tornet.plot.data/relay_goodput.json
2026-07-29 08:33:10 1785313990.858547 [tornettools] [INFO] Found 1 total files
2026-07-29 08:33:10 1785313990.858818 [tornettools] [INFO] Searching for files containing relay_goodput.json in directory tree at /__w/benchmark/benchmark/results/tor/2026-07-28-T06-18-44
2026-07-29 08:33:10 1785313990.858950 [tornettools] [INFO] Found /__w/benchmark/benchmark/results/tor/2026-07-28-T06-18-44/tornet-0.15-1/tornet.plot.data/relay_goodput.json
2026-07-29 08:33:10 1785313990.858983 [tornettools] [INFO] Found 1 total files
2026-07-29 08:33:10 1785313990.859146 [tornettools] [INFO] Searching for files containing relay_goodput.json in directory tree at /__w/benchmark/benchmark/results/tor/2026-07-25-T06-23-10
2026-07-29 08:33:10 1785313990.859232 [tornettools] [INFO] Found /__w/benchmark/benchmark/results/tor/2026-07-25-T06-23-10/tornet-0.15-2/tornet.plot.data/relay_goodput.json
2026-07-29 08:33:10 1785313990.859300 [tornettools] [INFO] Found /__w/benchmark/benchmark/results/tor/2026-07-25-T06-23-10/tornet-0.15-3/tornet.plot.data/relay_goodput.json
2026-07-29 08:33:10 1785313990.859385 [tornettools] [INFO] Found /__w/benchmark/benchmark/results/tor/2026-07-25-T06-23-10/tornet-0.15-1/tornet.plot.data/relay_goodput.json
2026-07-29 08:33:10 1785313990.859412 [tornettools] [INFO] Found 3 total files
2026-07-29 08:33:10 1785313990.859815 [tornettools] [INFO] Searching for files containing relay_goodput.json in directory tree at /__w/benchmark/benchmark/results/tor/2024-01-01-T02-18-28
2026-07-29 08:33:10 1785313990.859914 [tornettools] [INFO] Found /__w/benchmark/benchmark/results/tor/2024-01-01-T02-18-28/tornet-0.15-2/tornet.plot.data/relay_goodput.json
2026-07-29 08:33:10 1785313990.859978 [tornettools] [INFO] Found /__w/benchmark/benchmark/results/tor/2024-01-01-T02-18-28/tornet-0.15-3/tornet.plot.data/relay_goodput.json
2026-07-29 08:33:10 1785313990.860074 [tornettools] [INFO] Found /__w/benchmark/benchmark/results/tor/2024-01-01-T02-18-28/tornet-0.15-4/tornet.plot.data/relay_goodput.json
2026-07-29 08:33:10 1785313990.860133 [tornettools] [INFO] Found /__w/benchmark/benchmark/results/tor/2024-01-01-T02-18-28/tornet-0.15-1/tornet.plot.data/relay_goodput.json
2026-07-29 08:33:10 1785313990.860192 [tornettools] [INFO] Found /__w/benchmark/benchmark/results/tor/2024-01-01-T02-18-28/tornet-0.15-5/tornet.plot.data/relay_goodput.json
2026-07-29 08:33:10 1785313990.860220 [tornettools] [INFO] Found 5 total files
2026-07-29 08:33:10 1785313990.861269 [tornettools] [INFO] Searching for files containing simulation_info.json in directory tree at /tmp/sim-results
2026-07-29 08:33:10 1785313990.861510 [tornettools] [INFO] Found /tmp/sim-results/tornet-0.15-1/tornet.plot.data/simulation_info.json
2026-07-29 08:33:10 1785313990.996861 [tornettools] [INFO] Found 1 total files
2026-07-29 08:33:10 1785313990.997033 [tornettools] [INFO] Searching for files containing simulation_info.json in directory tree at /__w/benchmark/benchmark/results/tor/2026-07-28-T06-18-44
2026-07-29 08:33:10 1785313990.997161 [tornettools] [INFO] Found /__w/benchmark/benchmark/results/tor/2026-07-28-T06-18-44/tornet-0.15-1/tornet.plot.data/simulation_info.json
2026-07-29 08:33:10 1785313990.997197 [tornettools] [INFO] Found 1 total files
2026-07-29 08:33:10 1785313990.997267 [tornettools] [INFO] Searching for files containing simulation_info.json in directory tree at /__w/benchmark/benchmark/results/tor/2026-07-25-T06-23-10
2026-07-29 08:33:10 1785313990.997344 [tornettools] [INFO] Found /__w/benchmark/benchmark/results/tor/2026-07-25-T06-23-10/tornet-0.15-2/tornet.plot.data/simulation_info.json
2026-07-29 08:33:10 1785313990.997406 [tornettools] [INFO] Found /__w/benchmark/benchmark/results/tor/2026-07-25-T06-23-10/tornet-0.15-3/tornet.plot.data/simulation_info.json
2026-07-29 08:33:10 1785313990.997494 [tornettools] [INFO] Found /__w/benchmark/benchmark/results/tor/2026-07-25-T06-23-10/tornet-0.15-1/tornet.plot.data/simulation_info.json
2026-07-29 08:33:10 1785313990.997527 [tornettools] [INFO] Found 3 total files
2026-07-29 08:33:10 1785313990.997626 [tornettools] [INFO] Searching for files containing simulation_info.json in directory tree at /__w/benchmark/benchmark/results/tor/2024-01-01-T02-18-28
2026-07-29 08:33:10 1785313990.997709 [tornettools] [INFO] Found /__w/benchmark/benchmark/results/tor/2024-01-01-T02-18-28/tornet-0.15-2/tornet.plot.data/simulation_info.json
2026-07-29 08:33:10 1785313990.997772 [tornettools] [INFO] Found /__w/benchmark/benchmark/results/tor/2024-01-01-T02-18-28/tornet-0.15-3/tornet.plot.data/simulation_info.json
2026-07-29 08:33:10 1785313990.997864 [tornettools] [INFO] Found /__w/benchmark/benchmark/results/tor/2024-01-01-T02-18-28/tornet-0.15-4/tornet.plot.data/simulation_info.json
2026-07-29 08:33:10 1785313990.997923 [tornettools] [INFO] Found /__w/benchmark/benchmark/results/tor/2024-01-01-T02-18-28/tornet-0.15-1/tornet.plot.data/simulation_info.json
2026-07-29 08:33:10 1785313990.997982 [tornettools] [INFO] Found /__w/benchmark/benchmark/results/tor/2024-01-01-T02-18-28/tornet-0.15-5/tornet.plot.data/simulation_info.json
2026-07-29 08:33:10 1785313990.998013 [tornettools] [INFO] Found 5 total files
2026-07-29 08:33:10 1785313990.998173 [tornettools] [INFO] Found simulated network scale 0.15
2026-07-29 08:33:10 1785313990.998212 [tornettools] [INFO] Plotting relay goodput
