2026-08-06 08:32:18 1786005138.229650 [tornettools] [INFO] Logging system initialized! Logging events to stdout and to '/tmp/sim-results/plots/tornettools.plot.2026-08-06.08.32.18.log'
2026-08-06 08:32:18 1786005138.229829 [tornettools] [INFO] Seeded standard and numpy PRNGs with seed=2053770
2026-08-06 08:32:18 1786005138.229909 [tornettools] [INFO] The argument namespace is: Namespace(do_version=False, quiet=0, seed=2053770, command='plot', tornet_collection_path=['/tmp/sim-results', '/__w/benchmark/benchmark/results/tor/2026-08-05-T06-19-58', '/__w/benchmark/benchmark/results/tor/2026-08-01-T06-35-14', '/__w/benchmark/benchmark/results/tor/2024-01-01-T02-18-28'], tor_metrics_path=None, prefix='/tmp/sim-results/plots', labels=['2026-08-06-T06-22-26 (Nightly benchmark)', '2026-08-05-T06-19-58 (Nightly benchmark)', '2026-08-01-T06-35-14 (Weekly benchmark)', '2024-01-01-T02-18-28 (v3.1.0)'], colors=None, plot_all=False, plot_pngs=True, func=<function plot at 0x1494ed457880>, formatter_class=<class '__main__.CustomHelpFormatter'>)
2026-08-06 08:32:18 1786005138.231966 [tornettools] [INFO] The platform is: Linux-6.12.86+deb13-amd64-x86_64-with-glibc2.36
2026-08-06 08:32:18 1786005138.232074 [tornettools] [INFO] System info: uname_result(system='Linux', node='d0298b4500c5', release='6.12.86+deb13-amd64', version='#1 SMP PREEMPT_DYNAMIC Debian 6.12.86-1 (2026-05-08)', machine='x86_64')
2026-08-06 08:32:18 1786005138.508040 [tornettools] [INFO] generated new fontManager
2026-08-06 08:32:19 1786005139.405774 [tornettools] [INFO] Plotting simulation results now
2026-08-06 08:32:19 1786005139.406144 [tornettools] [INFO] Plotting tornet comparisons
2026-08-06 08:32:19 1786005139.406212 [tornettools] [INFO] Loading tornet resource usage data
2026-08-06 08:32:19 1786005139.406256 [tornettools] [INFO] Searching for files containing resource_usage.json in directory tree at /tmp/sim-results
2026-08-06 08:32:19 1786005139.406686 [tornettools] [INFO] Found /tmp/sim-results/tornet-0.15-1/tornet.plot.data/resource_usage.json
2026-08-06 08:32:19 1786005139.578961 [tornettools] [INFO] Found 1 total files
2026-08-06 08:32:19 1786005139.579558 [tornettools] [INFO] Searching for files containing resource_usage.json in directory tree at /__w/benchmark/benchmark/results/tor/2026-08-05-T06-19-58
2026-08-06 08:32:19 1786005139.579742 [tornettools] [INFO] Found /__w/benchmark/benchmark/results/tor/2026-08-05-T06-19-58/tornet-0.15-1/tornet.plot.data/resource_usage.json
2026-08-06 08:32:19 1786005139.579787 [tornettools] [INFO] Found 1 total files
2026-08-06 08:32:19 1786005139.580243 [tornettools] [INFO] Searching for files containing resource_usage.json in directory tree at /__w/benchmark/benchmark/results/tor/2026-08-01-T06-35-14
2026-08-06 08:32:19 1786005139.580356 [tornettools] [INFO] Found /__w/benchmark/benchmark/results/tor/2026-08-01-T06-35-14/tornet-0.15-2/tornet.plot.data/resource_usage.json
2026-08-06 08:32:19 1786005139.580434 [tornettools] [INFO] Found /__w/benchmark/benchmark/results/tor/2026-08-01-T06-35-14/tornet-0.15-3/tornet.plot.data/resource_usage.json
2026-08-06 08:32:19 1786005139.580541 [tornettools] [INFO] Found /__w/benchmark/benchmark/results/tor/2026-08-01-T06-35-14/tornet-0.15-1/tornet.plot.data/resource_usage.json
2026-08-06 08:32:19 1786005139.580578 [tornettools] [INFO] Found 3 total files
2026-08-06 08:32:19 1786005139.581914 [tornettools] [INFO] Searching for files containing resource_usage.json in directory tree at /__w/benchmark/benchmark/results/tor/2024-01-01-T02-18-28
2026-08-06 08:32:19 1786005139.582062 [tornettools] [INFO] Found /__w/benchmark/benchmark/results/tor/2024-01-01-T02-18-28/tornet-0.15-2/tornet.plot.data/resource_usage.json
2026-08-06 08:32:19 1786005139.582138 [tornettools] [INFO] Found /__w/benchmark/benchmark/results/tor/2024-01-01-T02-18-28/tornet-0.15-3/tornet.plot.data/resource_usage.json
2026-08-06 08:32:19 1786005139.582248 [tornettools] [INFO] Found /__w/benchmark/benchmark/results/tor/2024-01-01-T02-18-28/tornet-0.15-4/tornet.plot.data/resource_usage.json
2026-08-06 08:32:19 1786005139.582317 [tornettools] [INFO] Found /__w/benchmark/benchmark/results/tor/2024-01-01-T02-18-28/tornet-0.15-1/tornet.plot.data/resource_usage.json
2026-08-06 08:32:19 1786005139.582398 [tornettools] [INFO] Found /__w/benchmark/benchmark/results/tor/2024-01-01-T02-18-28/tornet-0.15-5/tornet.plot.data/resource_usage.json
2026-08-06 08:32:19 1786005139.582432 [tornettools] [INFO] Found 5 total files
2026-08-06 08:32:21 1786005141.127764 [tornettools] [INFO] Loading Tor metrics data
2026-08-06 08:32:21 1786005141.127912 [tornettools] [INFO] Loading tornet relay goodput data
2026-08-06 08:32:21 1786005141.127956 [tornettools] [INFO] Searching for files containing relay_goodput.json in directory tree at /tmp/sim-results
2026-08-06 08:32:21 1786005141.128268 [tornettools] [INFO] Found /tmp/sim-results/tornet-0.15-1/tornet.plot.data/relay_goodput.json
2026-08-06 08:32:21 1786005141.262480 [tornettools] [INFO] Found 1 total files
2026-08-06 08:32:21 1786005141.262764 [tornettools] [INFO] Searching for files containing relay_goodput.json in directory tree at /__w/benchmark/benchmark/results/tor/2026-08-05-T06-19-58
2026-08-06 08:32:21 1786005141.262900 [tornettools] [INFO] Found /__w/benchmark/benchmark/results/tor/2026-08-05-T06-19-58/tornet-0.15-1/tornet.plot.data/relay_goodput.json
2026-08-06 08:32:21 1786005141.262933 [tornettools] [INFO] Found 1 total files
2026-08-06 08:32:21 1786005141.263093 [tornettools] [INFO] Searching for files containing relay_goodput.json in directory tree at /__w/benchmark/benchmark/results/tor/2026-08-01-T06-35-14
2026-08-06 08:32:21 1786005141.263179 [tornettools] [INFO] Found /__w/benchmark/benchmark/results/tor/2026-08-01-T06-35-14/tornet-0.15-2/tornet.plot.data/relay_goodput.json
2026-08-06 08:32:21 1786005141.263243 [tornettools] [INFO] Found /__w/benchmark/benchmark/results/tor/2026-08-01-T06-35-14/tornet-0.15-3/tornet.plot.data/relay_goodput.json
2026-08-06 08:32:21 1786005141.263328 [tornettools] [INFO] Found /__w/benchmark/benchmark/results/tor/2026-08-01-T06-35-14/tornet-0.15-1/tornet.plot.data/relay_goodput.json
2026-08-06 08:32:21 1786005141.263355 [tornettools] [INFO] Found 3 total files
2026-08-06 08:32:21 1786005141.263753 [tornettools] [INFO] Searching for files containing relay_goodput.json in directory tree at /__w/benchmark/benchmark/results/tor/2024-01-01-T02-18-28
2026-08-06 08:32:21 1786005141.263848 [tornettools] [INFO] Found /__w/benchmark/benchmark/results/tor/2024-01-01-T02-18-28/tornet-0.15-2/tornet.plot.data/relay_goodput.json
2026-08-06 08:32:21 1786005141.263911 [tornettools] [INFO] Found /__w/benchmark/benchmark/results/tor/2024-01-01-T02-18-28/tornet-0.15-3/tornet.plot.data/relay_goodput.json
2026-08-06 08:32:21 1786005141.263999 [tornettools] [INFO] Found /__w/benchmark/benchmark/results/tor/2024-01-01-T02-18-28/tornet-0.15-4/tornet.plot.data/relay_goodput.json
2026-08-06 08:32:21 1786005141.264055 [tornettools] [INFO] Found /__w/benchmark/benchmark/results/tor/2024-01-01-T02-18-28/tornet-0.15-1/tornet.plot.data/relay_goodput.json
2026-08-06 08:32:21 1786005141.264110 [tornettools] [INFO] Found /__w/benchmark/benchmark/results/tor/2024-01-01-T02-18-28/tornet-0.15-5/tornet.plot.data/relay_goodput.json
2026-08-06 08:32:21 1786005141.264137 [tornettools] [INFO] Found 5 total files
2026-08-06 08:32:21 1786005141.265142 [tornettools] [INFO] Searching for files containing simulation_info.json in directory tree at /tmp/sim-results
2026-08-06 08:32:21 1786005141.265384 [tornettools] [INFO] Found /tmp/sim-results/tornet-0.15-1/tornet.plot.data/simulation_info.json
2026-08-06 08:32:21 1786005141.396853 [tornettools] [INFO] Found 1 total files
2026-08-06 08:32:21 1786005141.396964 [tornettools] [INFO] Searching for files containing simulation_info.json in directory tree at /__w/benchmark/benchmark/results/tor/2026-08-05-T06-19-58
2026-08-06 08:32:21 1786005141.397077 [tornettools] [INFO] Found /__w/benchmark/benchmark/results/tor/2026-08-05-T06-19-58/tornet-0.15-1/tornet.plot.data/simulation_info.json
2026-08-06 08:32:21 1786005141.397110 [tornettools] [INFO] Found 1 total files
2026-08-06 08:32:21 1786005141.397173 [tornettools] [INFO] Searching for files containing simulation_info.json in directory tree at /__w/benchmark/benchmark/results/tor/2026-08-01-T06-35-14
2026-08-06 08:32:21 1786005141.397258 [tornettools] [INFO] Found /__w/benchmark/benchmark/results/tor/2026-08-01-T06-35-14/tornet-0.15-2/tornet.plot.data/simulation_info.json
2026-08-06 08:32:21 1786005141.397319 [tornettools] [INFO] Found /__w/benchmark/benchmark/results/tor/2026-08-01-T06-35-14/tornet-0.15-3/tornet.plot.data/simulation_info.json
2026-08-06 08:32:21 1786005141.397405 [tornettools] [INFO] Found /__w/benchmark/benchmark/results/tor/2026-08-01-T06-35-14/tornet-0.15-1/tornet.plot.data/simulation_info.json
2026-08-06 08:32:21 1786005141.397437 [tornettools] [INFO] Found 3 total files
2026-08-06 08:32:21 1786005141.397535 [tornettools] [INFO] Searching for files containing simulation_info.json in directory tree at /__w/benchmark/benchmark/results/tor/2024-01-01-T02-18-28
2026-08-06 08:32:21 1786005141.397613 [tornettools] [INFO] Found /__w/benchmark/benchmark/results/tor/2024-01-01-T02-18-28/tornet-0.15-2/tornet.plot.data/simulation_info.json
2026-08-06 08:32:21 1786005141.397671 [tornettools] [INFO] Found /__w/benchmark/benchmark/results/tor/2024-01-01-T02-18-28/tornet-0.15-3/tornet.plot.data/simulation_info.json
2026-08-06 08:32:21 1786005141.397756 [tornettools] [INFO] Found /__w/benchmark/benchmark/results/tor/2024-01-01-T02-18-28/tornet-0.15-4/tornet.plot.data/simulation_info.json
2026-08-06 08:32:21 1786005141.397812 [tornettools] [INFO] Found /__w/benchmark/benchmark/results/tor/2024-01-01-T02-18-28/tornet-0.15-1/tornet.plot.data/simulation_info.json
2026-08-06 08:32:21 1786005141.397867 [tornettools] [INFO] Found /__w/benchmark/benchmark/results/tor/2024-01-01-T02-18-28/tornet-0.15-5/tornet.plot.data/simulation_info.json
2026-08-06 08:32:21 1786005141.397897 [tornettools] [INFO] Found 5 total files
2026-08-06 08:32:21 1786005141.398039 [tornettools] [INFO] Found simulated network scale 0.15
2026-08-06 08:32:21 1786005141.398077 [tornettools] [INFO] Plotting relay goodput
