2026-10-06 13:07:35 1791292055.807313 [tornettools] [INFO] Logging system initialized! Logging events to stdout and to '/tmp/sim-results/plots/tornettools.plot.2026-10-06.13.07.35.log'
2026-10-06 13:07:35 1791292055.807490 [tornettools] [INFO] Seeded standard and numpy PRNGs with seed=240417196
2026-10-06 13:07:35 1791292055.807566 [tornettools] [INFO] The argument namespace is: Namespace(do_version=False, quiet=0, seed=240417196, command='plot', tornet_collection_path=['/tmp/sim-results', '/__w/benchmark/benchmark/results/tor/2026-10-02-T10-11-03', '/__w/benchmark/benchmark/results/tor/2026-10-03-T09-46-13', '/__w/benchmark/benchmark/results/tor/2024-01-01-T02-18-28'], tor_metrics_path=None, prefix='/tmp/sim-results/plots', labels=['2026-10-06-T10-55-49 (Nightly benchmark)', '2026-10-02-T10-11-03 (Nightly benchmark)', '2026-10-03-T09-46-13 (Weekly benchmark)', '2024-01-01-T02-18-28 (v3.1.0)'], colors=None, plot_all=False, plot_pngs=True, func=<function plot at 0x14e7017d3880>, formatter_class=<class '__main__.CustomHelpFormatter'>)
2026-10-06 13:07:35 1791292055.809652 [tornettools] [INFO] The platform is: Linux-6.12.86+deb13-amd64-x86_64-with-glibc2.36
2026-10-06 13:07:35 1791292055.809766 [tornettools] [INFO] System info: uname_result(system='Linux', node='215a852e3b0a', release='6.12.86+deb13-amd64', version='#1 SMP PREEMPT_DYNAMIC Debian 6.12.86-1 (2026-05-08)', machine='x86_64')
2026-10-06 13:07:36 1791292056.086058 [tornettools] [INFO] generated new fontManager
2026-10-06 13:07:36 1791292056.994362 [tornettools] [INFO] Plotting simulation results now
2026-10-06 13:07:36 1791292056.994737 [tornettools] [INFO] Plotting tornet comparisons
2026-10-06 13:07:36 1791292056.994808 [tornettools] [INFO] Loading tornet resource usage data
2026-10-06 13:07:36 1791292056.994850 [tornettools] [INFO] Searching for files containing resource_usage.json in directory tree at /tmp/sim-results
2026-10-06 13:07:36 1791292056.995158 [tornettools] [INFO] Found /tmp/sim-results/tornet-0.15-1/tornet.plot.data/resource_usage.json
2026-10-06 13:07:37 1791292057.167520 [tornettools] [INFO] Found 1 total files
2026-10-06 13:07:37 1791292057.168439 [tornettools] [INFO] Searching for files containing resource_usage.json in directory tree at /__w/benchmark/benchmark/results/tor/2026-10-02-T10-11-03
2026-10-06 13:07:37 1791292057.168644 [tornettools] [INFO] Found /__w/benchmark/benchmark/results/tor/2026-10-02-T10-11-03/tornet-0.15-1/tornet.plot.data/resource_usage.json
2026-10-06 13:07:37 1791292057.168689 [tornettools] [INFO] Found 1 total files
2026-10-06 13:07:37 1791292057.169163 [tornettools] [INFO] Searching for files containing resource_usage.json in directory tree at /__w/benchmark/benchmark/results/tor/2026-10-03-T09-46-13
2026-10-06 13:07:37 1791292057.169297 [tornettools] [INFO] Found /__w/benchmark/benchmark/results/tor/2026-10-03-T09-46-13/tornet-0.15-2/tornet.plot.data/resource_usage.json
2026-10-06 13:07:37 1791292057.169383 [tornettools] [INFO] Found /__w/benchmark/benchmark/results/tor/2026-10-03-T09-46-13/tornet-0.15-3/tornet.plot.data/resource_usage.json
2026-10-06 13:07:37 1791292057.169494 [tornettools] [INFO] Found /__w/benchmark/benchmark/results/tor/2026-10-03-T09-46-13/tornet-0.15-1/tornet.plot.data/resource_usage.json
2026-10-06 13:07:37 1791292057.169531 [tornettools] [INFO] Found 3 total files
2026-10-06 13:07:37 1791292057.170858 [tornettools] [INFO] Searching for files containing resource_usage.json in directory tree at /__w/benchmark/benchmark/results/tor/2024-01-01-T02-18-28
2026-10-06 13:07:37 1791292057.171007 [tornettools] [INFO] Found /__w/benchmark/benchmark/results/tor/2024-01-01-T02-18-28/tornet-0.15-2/tornet.plot.data/resource_usage.json
2026-10-06 13:07:37 1791292057.171083 [tornettools] [INFO] Found /__w/benchmark/benchmark/results/tor/2024-01-01-T02-18-28/tornet-0.15-3/tornet.plot.data/resource_usage.json
2026-10-06 13:07:37 1791292057.171201 [tornettools] [INFO] Found /__w/benchmark/benchmark/results/tor/2024-01-01-T02-18-28/tornet-0.15-4/tornet.plot.data/resource_usage.json
2026-10-06 13:07:37 1791292057.171271 [tornettools] [INFO] Found /__w/benchmark/benchmark/results/tor/2024-01-01-T02-18-28/tornet-0.15-1/tornet.plot.data/resource_usage.json
2026-10-06 13:07:37 1791292057.171355 [tornettools] [INFO] Found /__w/benchmark/benchmark/results/tor/2024-01-01-T02-18-28/tornet-0.15-5/tornet.plot.data/resource_usage.json
2026-10-06 13:07:37 1791292057.171391 [tornettools] [INFO] Found 5 total files
2026-10-06 13:07:38 1791292058.741158 [tornettools] [INFO] Loading Tor metrics data
2026-10-06 13:07:38 1791292058.741367 [tornettools] [INFO] Loading tornet relay goodput data
2026-10-06 13:07:38 1791292058.741418 [tornettools] [INFO] Searching for files containing relay_goodput.json in directory tree at /tmp/sim-results
2026-10-06 13:07:38 1791292058.741818 [tornettools] [INFO] Found /tmp/sim-results/tornet-0.15-1/tornet.plot.data/relay_goodput.json
2026-10-06 13:07:38 1791292058.912579 [tornettools] [INFO] Found 1 total files
2026-10-06 13:07:38 1791292058.912975 [tornettools] [INFO] Searching for files containing relay_goodput.json in directory tree at /__w/benchmark/benchmark/results/tor/2026-10-02-T10-11-03
2026-10-06 13:07:38 1791292058.913154 [tornettools] [INFO] Found /__w/benchmark/benchmark/results/tor/2026-10-02-T10-11-03/tornet-0.15-1/tornet.plot.data/relay_goodput.json
2026-10-06 13:07:38 1791292058.913197 [tornettools] [INFO] Found 1 total files
2026-10-06 13:07:38 1791292058.913419 [tornettools] [INFO] Searching for files containing relay_goodput.json in directory tree at /__w/benchmark/benchmark/results/tor/2026-10-03-T09-46-13
2026-10-06 13:07:38 1791292058.913532 [tornettools] [INFO] Found /__w/benchmark/benchmark/results/tor/2026-10-03-T09-46-13/tornet-0.15-2/tornet.plot.data/relay_goodput.json
2026-10-06 13:07:38 1791292058.913613 [tornettools] [INFO] Found /__w/benchmark/benchmark/results/tor/2026-10-03-T09-46-13/tornet-0.15-3/tornet.plot.data/relay_goodput.json
2026-10-06 13:07:38 1791292058.913719 [tornettools] [INFO] Found /__w/benchmark/benchmark/results/tor/2026-10-03-T09-46-13/tornet-0.15-1/tornet.plot.data/relay_goodput.json
2026-10-06 13:07:38 1791292058.913751 [tornettools] [INFO] Found 3 total files
2026-10-06 13:07:38 1791292058.914266 [tornettools] [INFO] Searching for files containing relay_goodput.json in directory tree at /__w/benchmark/benchmark/results/tor/2024-01-01-T02-18-28
2026-10-06 13:07:38 1791292058.914390 [tornettools] [INFO] Found /__w/benchmark/benchmark/results/tor/2024-01-01-T02-18-28/tornet-0.15-2/tornet.plot.data/relay_goodput.json
2026-10-06 13:07:38 1791292058.914465 [tornettools] [INFO] Found /__w/benchmark/benchmark/results/tor/2024-01-01-T02-18-28/tornet-0.15-3/tornet.plot.data/relay_goodput.json
2026-10-06 13:07:38 1791292058.914575 [tornettools] [INFO] Found /__w/benchmark/benchmark/results/tor/2024-01-01-T02-18-28/tornet-0.15-4/tornet.plot.data/relay_goodput.json
2026-10-06 13:07:38 1791292058.914644 [tornettools] [INFO] Found /__w/benchmark/benchmark/results/tor/2024-01-01-T02-18-28/tornet-0.15-1/tornet.plot.data/relay_goodput.json
2026-10-06 13:07:38 1791292058.914713 [tornettools] [INFO] Found /__w/benchmark/benchmark/results/tor/2024-01-01-T02-18-28/tornet-0.15-5/tornet.plot.data/relay_goodput.json
2026-10-06 13:07:38 1791292058.914746 [tornettools] [INFO] Found 5 total files
2026-10-06 13:07:38 1791292058.916126 [tornettools] [INFO] Searching for files containing simulation_info.json in directory tree at /tmp/sim-results
2026-10-06 13:07:38 1791292058.916464 [tornettools] [INFO] Found /tmp/sim-results/tornet-0.15-1/tornet.plot.data/simulation_info.json
2026-10-06 13:07:39 1791292059.082278 [tornettools] [INFO] Found 1 total files
2026-10-06 13:07:39 1791292059.082428 [tornettools] [INFO] Searching for files containing simulation_info.json in directory tree at /__w/benchmark/benchmark/results/tor/2026-10-02-T10-11-03
2026-10-06 13:07:39 1791292059.082551 [tornettools] [INFO] Found /__w/benchmark/benchmark/results/tor/2026-10-02-T10-11-03/tornet-0.15-1/tornet.plot.data/simulation_info.json
2026-10-06 13:07:39 1791292059.082585 [tornettools] [INFO] Found 1 total files
2026-10-06 13:07:39 1791292059.082665 [tornettools] [INFO] Searching for files containing simulation_info.json in directory tree at /__w/benchmark/benchmark/results/tor/2026-10-03-T09-46-13
2026-10-06 13:07:39 1791292059.082747 [tornettools] [INFO] Found /__w/benchmark/benchmark/results/tor/2026-10-03-T09-46-13/tornet-0.15-2/tornet.plot.data/simulation_info.json
2026-10-06 13:07:39 1791292059.082810 [tornettools] [INFO] Found /__w/benchmark/benchmark/results/tor/2026-10-03-T09-46-13/tornet-0.15-3/tornet.plot.data/simulation_info.json
2026-10-06 13:07:39 1791292059.082897 [tornettools] [INFO] Found /__w/benchmark/benchmark/results/tor/2026-10-03-T09-46-13/tornet-0.15-1/tornet.plot.data/simulation_info.json
2026-10-06 13:07:39 1791292059.082932 [tornettools] [INFO] Found 3 total files
2026-10-06 13:07:39 1791292059.083052 [tornettools] [INFO] Searching for files containing simulation_info.json in directory tree at /__w/benchmark/benchmark/results/tor/2024-01-01-T02-18-28
2026-10-06 13:07:39 1791292059.083134 [tornettools] [INFO] Found /__w/benchmark/benchmark/results/tor/2024-01-01-T02-18-28/tornet-0.15-2/tornet.plot.data/simulation_info.json
2026-10-06 13:07:39 1791292059.083194 [tornettools] [INFO] Found /__w/benchmark/benchmark/results/tor/2024-01-01-T02-18-28/tornet-0.15-3/tornet.plot.data/simulation_info.json
2026-10-06 13:07:39 1791292059.083281 [tornettools] [INFO] Found /__w/benchmark/benchmark/results/tor/2024-01-01-T02-18-28/tornet-0.15-4/tornet.plot.data/simulation_info.json
2026-10-06 13:07:39 1791292059.083337 [tornettools] [INFO] Found /__w/benchmark/benchmark/results/tor/2024-01-01-T02-18-28/tornet-0.15-1/tornet.plot.data/simulation_info.json
2026-10-06 13:07:39 1791292059.083391 [tornettools] [INFO] Found /__w/benchmark/benchmark/results/tor/2024-01-01-T02-18-28/tornet-0.15-5/tornet.plot.data/simulation_info.json
2026-10-06 13:07:39 1791292059.083421 [tornettools] [INFO] Found 5 total files
2026-10-06 13:07:39 1791292059.083577 [tornettools] [INFO] Found simulated network scale 0.15
2026-10-06 13:07:39 1791292059.083618 [tornettools] [INFO] Plotting relay goodput
